Obtaining parameters from ./accel.in
Successfully opened ./accel.in and read 129 lines.
Warning more than 10000 entries were requested for the parameters hash table.
Consider changing the requested table size in the PARAMETERS module.
WARNING: optional parameter ioLPDMmode defaulted to 0.
WARNING: optional parameter ioLPDMfullFrq defaulted to 0.
WARNING: optional parameter lpdmOnlineSelector defaulted to 0.
WARNING: optional parameter lpdmOnlineQueue defaulted to 4.
WARNING: optional parameter lpdmOnlinePause1 defaulted to 0.
WARNING: optional parameter lpdmOnlinePause2 defaulted to 0.
WARNING: optional parameter towerIOSelector defaulted to 0.
WARNING: optional parameter gridFile defaulted to NULL.
WARNING: optional parameter pgfSelector defaulted to 1.
WARNING: optional parameter buoyancySelector defaulted to 1.
WARNING: optional parameter ceilingAdvectionBC defaulted to 0.
WARNING: optional parameter surflayer_stab defaulted to 0.
WARNING: optional parameter surflayer_z0tdyn defaulted to 1.
WARNING: optional parameter surflayer_offshore_visc defaulted to 1.
WARNING: optional parameter canopySelector defaulted to 0.
WARNING: optional parameter cellpertSelector defaulted to 0.
WARNING: optional parameter filter_6thdiff_hori defaulted to 0.
WARNING: optional parameter filter_divdamp defaulted to 0.
WARNING: optional parameter NhydroAuxScalars defaulted to 0.
WARNING: optional parameter physics_oneRKonly defaulted to 1.
Rank 0/1:  [rankXid, rankYid] = [0,0]
mpi_rank_world--0/1 inFile = (null) !!
mpi_rank_world--0/1 Obtaining devices...
Obtaining properties for 1 devices...

mpi_rank_world--0/1 assigned accelerator device 0/1...
Device Number:          0
---------------------------------------------------------------------

__General__
   Name                               : NVIDIA GeForce RTX 5090
   Compute Capability                 : 12.0
   Clock Rate                         : 2512000
   Number of multiprocessors          : 170
   Max Threads/multiprocessor         : 1536
   Concurrent Copy/Execution          : Yes
   Concurrent Kernels                 : 1
   Compute Mode                       : 0
   Kernel Timeout Enabled             : No
   Integrated                         : No
   Host Memory Mapping                : Yes

__Configuration__
   Registers/Block                    : 65536
   Warp Size                          : 32
   Max Threads/Block                  : 1024
   Max Block-extent / Dimension       :         1024         1024           64
   Max Grid-extent / Dimension        :   2147483647        65535        65535

__Memory__
   Tot. Global Memory (GB) / (B)      :   31.35834 / 3605987328
   Shared Mem/Block   (GB) / (B)      :    0.00005 / 49152
   Constant Memory    (GB) / (B)      :    0.00006 / 65536
   Max 1-D Texture                    :       131072
   Max 2-D Texture                    :       131072        65536
   Max 3-D Texture                    :        16384        16384        16384
   Texture Alignment  (B)             : 512
   Max Memory pitch                   : 2147483647

mpi_rank_world--0/1 done!
mpi_rank_world--0/1 Assigning threadPerBlock.[xyz]
mpi_rank_world--0/1 done!
Nxp = 122, Nyp = 122, Nzp = 122
****Spatial loop-index Mins & Maxs ****  (i,j,k)-min = (3,3,3) & (i,j,k)-max = (125,125,125)
Entering hydro_coreInit:------
WARNING: parameter surflayer_qskin_input was not found but was requested for printing.
WARNING: parameter surflayer_offshore_opt was not found but was requested for printing.
WARNING: parameter filter_6thdiff_hori_coeff was not found but was requested for printing.
hydro_coreInit: allocating/registering arrays/fields with IO
hydro_coreInit:hydroFlds[0] = rho stored at 0x71d2c37fb080, has been registered with IO.
hydro_coreInit:hydroFlds[1] = u stored at 0x71d2c3ffb080, has been registered with IO.
hydro_coreInit:hydroFlds[2] = v stored at 0x71d2c47fb080, has been registered with IO.
hydro_coreInit:hydroFlds[3] = w stored at 0x71d2c4ffb080, has been registered with IO.
hydro_coreInit:hydroFlds[4] = theta stored at 0x71d2c57fb080, has been registered with IO.
hydro_coreInit:Field = pressure stored at 0x71d2c2ffa080, has been registered with IO.
hydro_coreInit:sgstkeScalars[0] = TKE_0 stored at 0x71d2bfff8080, has been registered with IO.
hydro_coreInit: allocating internal arrays
hydro_coreInit:Field = tskin stored at 0x6098154af280, has been registered with IO.
hydro_coreInit:Field = fricVel stored at 0x60981548f100, has been registered with IO.
hydro_coreInit:Field = htFlux stored at 0x60981549f200, has been registered with IO.
hydro_coreInit:Field = invOblen stored at 0x6098154bf300, has been registered with IO.
hydro_coreInit:Field = z0m stored at 0x6098154cf400, has been registered with IO.
hydro_coreInit:Field = z0t stored at 0x6098154df480, has been registered with IO.
mpi_rank_world--0/1: in timeInit(), simTime_it = 0 and simTime =         0.000000 !
:Variable = time stored at 0x60980af1ff78, has been registered with IO.

## time_test
Description=seed seed_nbl-shallow_a060: flat uniform neutral spin-up, z_i target 300 m, base angle 60 deg # ## A description of this input file.
## FEMPI parameters---
numProcsX=1        # ## Number of cores to be used for horizontal domain decomposition in X
numProcsY=1        # ## Number of cores to be used for horizontal domain decomposition in Y
## IO parameters---
ioOutputMode=0     # ## 0: N-to-1 gather and write to a netCDF file, 1:N-to-N writes of FastEddy binary files
inPath=            # ## Path where initial/restart file is read in from
inFile=            # ## name of the input file for coordinate system and initial or restart conditions
outPath=./output/  # ## Path where output files are to be written
outFileBase=FE_SEED_ACC # ## Base name of the output file series as in (outFileBase).element-in-series
frqOutput=9720     # ## frequency (in timesteps) at which to produce output; should be an even multiple of NtBatch
towerIOSelector=0  # (DEFAULTED) ## Virtual Tower IO-Selector: 0=off, 1=on 
## FECUDA parameters---
tBx=1              # ## Number of threads in x-dimension.
tBy=8              # ## Number of threads in y-dimension.
tBz=16             # ## Number of threads in z-dimension.
## GRID parameters---
gridFile=          # (DEFAULTED) ## A file containing a complete grid specification
topoFile=          # ## A file containing terrain(surface elevation in meters ASL)
Nx=122             # ## Number of discretised domain elements in the x (zonal) direction.
Ny=122             # ## Number of discretised domain elements in the y (meridional) direction.
Nz=122             # ## Number of discretised domain elements in the z (vertical) direction.
Nh=3               # ## Number of halo cells to be used (dependent on largest stencil extent).
d_xi=30            # ## Computational domain fixed resolution in the 'i' direction.
d_eta=30           # ## Computational domain fixed resolution in the 'j' direction.
d_zeta=24.6914     # ## Computational domain fixed resolution in the 'k' direction.
coordHorizHalos=1  # ## switch to setup coordinate halos as periodic=1 or gradient-following=0.
verticalDeformSwitch=1 # ## switch to use vertical coordinate deformation 0=off, 1=on
verticalDeformFactor=0.346601 # ## deformation factor (0.0=max compression,  1.0=no compression)
verticalDeformQuadCoeff=0 # ## deformation factor (0.0=max compression,  1.0=no compression)
## HYDRO_CORE parameters---
## ----------: HYDRO_CORE Submodule Selectors ---
## ----------: Boundary Conditions Set ---
hydroBCs=2         # ## Selector for hydro BC set. 1= LAD, Dirichlet lateral, ceiling and surface, 2 = periodic-horizontal & ABL-vertical
hydroForcingWrite=0 # ## Switch for writing output of hydroFldsFrhs for prognostic fields. 0 = off, 1=on
hydroSubGridWrite=0 # ## Switch for writing output of Tauij fields. 0 = off, 1=on
hydroForcingLog=0  # ## Switch for logging Frhs summary metrics. 0 = off, 1=on
## ----------: PRESSURE GRADIENT FORCE ---
pgfSelector=1      # (DEFAULTED) ## Pressure Gradient Force (pgf) selector: 0=off, 1=on
## ----------: BUOYANCY ---
buoyancySelector=1 # (DEFAULTED) ## Buoyancy force  selector: 0=off, 1=on
## ----------: CORIOLIS ---
coriolisSelector=1 # ## Corilis force selector: 0= none, 1= horiz. terms, 2= horiz. & vert. terms
coriolisLatitude=42.9572 # ## Characteristic latitude in degrees from equator of the LES domain
## ----------: TURBULENCE ---
turbulenceSelector=1 # ## turbulence scheme selector: 0= none, 1= Lilly/Smagorinsky 
TKESelector=1      # ## Prognostic TKE selector: 0= none, 1= Prognostic, 2= requires canopySelector=1
TKEAdvSelector=3   # ## advection scheme for SGSTKE equation
TKEAdvSelector_b_hyb=0 # ## hybrid advection scheme parameter
c_k=0.1            # ## Lilly model constant used for turbulenceSelector = 1 and TKESelector > 0
## ----------: ADVECTION ---
advectionSelector=3 # ## advection scheme selector: 0=1st-order upwind, 1=3rd-order QUICK, 2=hybrid 3rd-4th order, 3=hybrid 5th-6th order, 4=3rd-order WENO, 5=5th-order WENO, 6=2nd-order centered
ceilingAdvectionBC=0 # (DEFAULTED) ## selector to allow advection through the domain ceiling 1=on, 0=off (w-ceiling = 0)
b_hyb=0            # ## hybrid advection scheme parameter: 0.0= lower-order upwind, 1.0=higher-order centered, 0.0 < b_hyb < 1.0 = hybrid
## ----------: DIFFUSION ---
diffusionSelector=0 # ## diffusivity selector: 0= none, 1= const.
## ----------: SURFACE LAYER ---
surflayerSelector=1 # ## surfacelayer selector: 0=off, 1=surface kinematic heat flux (surflayer_wth), 2=skin temperature rate (surflayer_tr)
surflayer_z0=0.061489 # ## roughness length (momentum) when surflayerSelector > 0
surflayer_z0t=0.01 # ## roughness length (temperature) when surflayerSelector > 0
surflayer_wth=0.05 # ## kinematic sensible heat flux at the surface when surflayerSelector = 1
surflayer_idealsine=0 # ## selector for idealized sinusoidal surface heat flux or skin temperature forcing: 0= off, 1= on
surflayer_stab=0   # (DEFAULTED) ## exchange coeffcient stability correction selector: 0= on, 1= off
surflayer_z0tdyn=1 # (DEFAULTED) ## dynamic z0t calculation following Zilitinkevich (1995) approach: 0= off, 1= constant Zilitinkevich coeff, 2= variable Zilitinkevich coeff
## ----------: OFFSHORE ROUGHNESS ---
surflayer_offshore=0 # ## offshore selector: 0=off, 1=on
## ----------: CANOPY MODEL ---
canopySelector=0   # (DEFAULTED) ## canopy selector: 0= off, 1= on
## ----------: LARGE-SCALE FORCINGS MODEL ---
lsfSelector=1      # ## large-scale forcings selector: 0= off, 1= on
lsf_w_surf=0       # ## large-scale forcing to w at the first specified level
lsf_w_lev1=0       # ## large-scale forcing w at height 1
lsf_w_lev2=0       # ## large-scale forcing w at height 2
lsf_w_zlev1=300    # ## large-scale forcing w height 1
lsf_w_zlev2=1000   # ## large-scale forcing w height 2
lsf_th_surf=0      # ## large-scale forcing to theta at the first specified level
lsf_th_lev1=0      # ## large-scale forcing theta at height 1
lsf_th_lev2=0      # ## large-scale forcing theta at height 2
lsf_th_zlev1=500   # ## large-scale forcing theta height 1
lsf_th_zlev2=2000  # ## large-scale forcing theta height 2
lsf_qv_surf=-0.0432 # ## large-scale forcing to qv at the first specified level
lsf_qv_lev1=-0.0432 # ## large-scale forcing qv at height 1
lsf_qv_lev2=0      # ## large-scale forcing qv at height 2
lsf_qv_zlev1=300   # ## large-scale forcing qv height 1
lsf_qv_zlev2=500   # ## large-scale forcing qv height 2
lsf_horMnSubTerms=1 # ## large-scale subsidence terms Switch: 0= off, 1= on
lsf_freq=1         # ## large-scale forcing frequency (seconds)
## ----------: MOISTURE ---
moistureSelector=0 # ## moisture selector: 0= off, 1= on
## ----------: EXPLICIT FILTERS ---
filterSelector=1   # ## explicit filter selector: 0=off, 1=on
filter_6thdiff_vert=1 # ## vertical 6th-order filter on w selector: 0=off, 1=on
filter_6thdiff_vert_coeff=0.03 # ## vertical 6th-order filter factor: 0.0=off, 1.0=full
filter_6thdiff_hori=0 # (DEFAULTED) ## horizontal 6th-order filter on rho,theta,qv selector: 0=off, 1=on
filter_divdamp=0   # (DEFAULTED) ## divergence damping selector: 0=off, 1=on
## ----------: CELL PERTURBATION METHOD ---
cellpertSelector=0 # (DEFAULTED) ## CP method selector: 0= off, 1= on
## ----------: RAYLEIGH DAMPING LAYER ---
dampingLayerSelector=1 # ## Rayleigh damping layer selector: 0= off, 1= on.
dampingLayerDepth=500 # ## Rayleigh damping layer depth in meters
## ----------: AUXILIARY SCALARS ---
NhydroAuxScalars=0 # (DEFAULTED) ## Number of prognostic auxiliary scalar fields
## ----------: BASE-STATE ---
stabilityScheme=2  # ## Scheme used to set hydrostatic, stability-dependent Base-State EOS fields
temp_grnd=298.012  # ## Air Temperature (K) at the ground used to set hydrostatic Base-State EOS fields
pres_grnd=97700    # ## Pressure (Pa) at the ground used to set hydrostatic Base-State EOS fields
zStableBottom=300  # ## Height (m) of the first stable upper-layer when stabilityScheme = 2
stableGradient=0.08 # ## Vertical gradient (K/m) of the first stable upper-layer when stabilityScheme = 2
zStableBottom2=400 # ## Height (m) of the second stable upper-layer when stabilityScheme = 2
zStableBottom3=20000 # ## Height (m) of the third stable upper-layer when stabilityScheme = 2
stableGradient2=0.004 # ## Vertical gradient (K/m) of the second stable upper-layer when stabilityScheme = 2
stableGradient3=0.004 # ## Vertical gradient (K/m) of the third stable upper-layer when stabilityScheme = 2
U_g=4              # ## Zonal (West-East) component of the geostrophic wind (m/s).
V_g=6.9282         # ## Meridional (South-North) component of the geostrophic wind (m/s).
z_Ug=10000         # ## Height (m) above ground for linear geostrophic wind gradient (zonal component).
z_Vg=10000         # ## Height (m) above ground for linear geostrophic wind gradient (meridional component).
Ug_grad=0          # ## U_g gradient above z_Ug (ms-1/m).
Vg_grad=0          # ## V_g gradient above z_Vg (ms-1/m).
thetaPerturbationSwitch=1 # ## Switch to include initial theta perturbations: 0=off, 1=on
thetaHeight=240    # ## Height below which to include initial theta perturbations: (meters)
thetaAmplitude=0.25 # ## Maximum amplitude for theta perturbations: thetaAmplitude*[-1,+1] K
physics_oneRKonly=1 # (DEFAULTED) ## selector to apply physics RHS forcing only at the latest RK stage: 0= off, 1= on
## TIME_INTEGRATION parameters---
timeMethod=0       # ## Selector for time integration method. [0=RK3-WS2002 (default)]
Nt=97200           # ## Number of timesteps to perform.
dt=0.0308642       # ## timestep resolution in seconds.
NtBatch=9720       # ## Number of timesteps to compute in batch launch, must have NtBatch <= Nt.

moistureMPcallTscale = 1.0   # NOT VALIDATED
c_s = 0.18   # NOT VALIDATED
nu_0 = 0.0   # NOT VALIDATED
moistureCond = 3   # NOT VALIDATED
moistureAdvSelectorQi = 2   # NOT VALIDATED
moistureAdvSelectorQv = 2   # NOT VALIDATED
surflayer_qr = 0.0   # NOT VALIDATED
surflayer_tr = -0.0   # NOT VALIDATED
surflayer_wq = 0.0   # NOT VALIDATED
moistureNvars = 2   # NOT VALIDATED
moistureCondTscale = 1.0   # NOT VALIDATED
moistureAdvSelectorQv_b = 0.0   # NOT VALIDATED
surflayer_ideal_qamp = 2.0   # NOT VALIDATED
surflayer_ideal_amp = 4.0   # NOT VALIDATED
surflayer_ideal_qte = 10.0   # NOT VALIDATED
surflayer_ideal_qts = 1.75   # NOT VALIDATED
surflayer_ideal_te = 43200   # NOT VALIDATED
surflayer_ideal_ts = 0.0   # NOT VALIDATED
moistureCondBasePres = 1   # NOT VALIDATED
moistureSGSturb = 1   # NOT VALIDATED
Input parameters passed verification.
No input file has been specified, no gridFile has been specified.
 Using default grid and initial condition schemes.
**** Coordinate generation ****  (i,j,k)-extents = (122,122,122) & (i,j,k)-deltas = (30.000000,30.000000,24.691359)
mpi_rank_world--0/1 grid-Coord-gen(), else-coordHorizHalos = 1!
mpi_rank_world--0/1 coordHalos, Western-Eastern Boundaries!
mpi_rank_world--0/1 coordHalos, Southern-Northern Boundaries!
stabilityScheme == 2: Base State setup complete.
Rank 0/1: Profile preparations complete!
cuda_gridDeviceSetup:-- (i,j,k)Min, ()Max = (3,3,3), (125,125,125)
fecuda_SetBlocksPerGrid: tBlock = {1, 8, 16}
fecuda_SetBlocksPerGrid: grid = {128, 16, 8}
lsf_horMnSubTerms = 1, setting up for 5 phi-fields.cuda_hydroCoreDeviceSetup() complete.
cuda_towersDeviceSetup: NelemsTowers = 0, NelemsTowersSurf = 359323384
0/1 cuda_hydroCoreDeviceSecondaryStageSetup(): BdyUpdateSteps = 0 
Initializations complete after  19.0832 (s).
Main Time: Advancing simulation timestep = 0... and time =    0.00000

_____________________#######_________  STATE-SUMMARY @ it = 0 _________#######____________________ 

			!!!!!	  HYDRO_CORE 	 !!!!! 
Field 	|	 max	     --(i,j,k)		 |	  min	     --(i,j,k)		 |	 mean
---------------------------------------------------------------------------------------------------------
********-----
 Model Fields -
 ********-----
rho	Rank 0/1:       1.14173782 	 (3,3,3)	 |        0.83920121 	 (3,3,124)	 |       1.02509058 
-----
u	Rank 0/1:       4.00000000 	 (3,3,3)	 |        3.99999976 	 (3,3,14)	 |       4.00000000 
-----
v	Rank 0/1:       6.92820358 	 (3,3,6)	 |        6.92820263 	 (3,3,7)	 |       6.98404694 
-----
w	Rank 0/1:       0.00000000 	 (3,3,3)	 |        0.00000000 	 (3,3,3)	 |       0.00000000 
-----
theta	Rank 0/1:     318.39883423 	 (3,3,124)	 |      299.74884033 	 (6,21,26)	 |     310.26196289 
-----
press	Rank 0/1:       0.00000000 	 (3,3,3)	 |        0.00000000 	 (3,3,3)	 |       0.00000000 
-----
TKE_0	Rank 0/1:       0.00000000 	 (3,3,3)	 |        0.00000000 	 (3,3,3)	 |       0.00000000 
Dumping state at timestep = 0...
Dumped state at timestep = 0...
Rank 0/1: Batch complete results sent via cudaMemcpyDeviceToHost.

			!!!!!	  TIMESTEP PERFORMANCE  	 !!!!! 
 Total Time (s) | Batch Steps 	| Time/step (s) | Comp./step (s) | IO Time (s)
---------------------------------------------------------------------------------------------------------
    56.9870 	|     9720 	|    0.0059 	|    0.0058 	 |   0.270145 

********************************************************************************************************
Main Time: Advancing simulation timestep = 9720... and time =  300.00003

_____________________#######_________  STATE-SUMMARY @ it = 9720 _________#######____________________ 

			!!!!!	  HYDRO_CORE 	 !!!!! 
Field 	|	 max	     --(i,j,k)		 |	  min	     --(i,j,k)		 |	 mean
---------------------------------------------------------------------------------------------------------
********-----
 Model Fields -
 ********-----
rho	Rank 0/1:       1.14018106 	 (36,58,3)	 |        0.83920640 	 (25,122,124)	 |       1.02501881 
-----
u	Rank 0/1:       4.21224499 	 (30,28,17)	 |        2.10144258 	 (28,3,3)	 |       3.95992565 
-----
v	Rank 0/1:       7.11208820 	 (95,64,24)	 |        3.78474379 	 (123,47,3)	 |       6.91583157 
-----
w	Rank 0/1:       0.31882259 	 (38,24,25)	 |       -0.31566119 	 (85,33,22)	 |       0.00005107 
-----
theta	Rank 0/1:     318.40066528 	 (124,48,124)	 |      299.91009521 	 (97,119,24)	 |     310.31451416 
-----
press	Rank 0/1:       3.89062500 	 (42,59,13)	 |        0.17968750 	 (95,31,3)	 |       2.18659854 
-----
TKE_0	Rank 0/1:       0.53139710 	 (31,3,4)	 |        0.00000000 	 (31,3,11)	 |       0.01639733 
Dumping state at timestep = 9720...
Dumped state at timestep = 9720...
Rank 0/1: Batch complete results sent via cudaMemcpyDeviceToHost.

			!!!!!	  TIMESTEP PERFORMANCE  	 !!!!! 
 Total Time (s) | Batch Steps 	| Time/step (s) | Comp./step (s) | IO Time (s)
---------------------------------------------------------------------------------------------------------
    57.1239 	|     9720 	|    0.0059 	|    0.0059 	 |   0.246389 

********************************************************************************************************
Main Time: Advancing simulation timestep = 19440... and time =  600.00006

_____________________#######_________  STATE-SUMMARY @ it = 19440 _________#######____________________ 

			!!!!!	  HYDRO_CORE 	 !!!!! 
Field 	|	 max	     --(i,j,k)		 |	  min	     --(i,j,k)		 |	 mean
---------------------------------------------------------------------------------------------------------
********-----
 Model Fields -
 ********-----
rho	Rank 0/1:       1.13996279 	 (34,110,3)	 |        0.83922768 	 (44,117,124)	 |       1.02501559 
-----
u	Rank 0/1:       4.37969542 	 (14,69,10)	 |        1.39273357 	 (11,54,3)	 |       3.93689060 
-----
v	Rank 0/1:       7.24151039 	 (19,76,8)	 |        2.86603451 	 (122,39,3)	 |       6.87590361 
-----
w	Rank 0/1:       0.54335159 	 (122,36,12)	 |       -0.50038946 	 (19,73,11)	 |       0.00006362 
-----
theta	Rank 0/1:     318.40075684 	 (66,69,124)	 |      299.93887329 	 (19,74,10)	 |     310.34158325 
-----
press	Rank 0/1:       5.37500000 	 (65,29,15)	 |        2.73437500 	 (83,8,3)	 |       4.32510853 
-----
TKE_0	Rank 0/1:       0.66108811 	 (116,33,4)	 |        0.00000000 	 (18,73,9)	 |       0.01709704 
Dumping state at timestep = 19440...
Dumped state at timestep = 19440...
Rank 0/1: Batch complete results sent via cudaMemcpyDeviceToHost.

			!!!!!	  TIMESTEP PERFORMANCE  	 !!!!! 
 Total Time (s) | Batch Steps 	| Time/step (s) | Comp./step (s) | IO Time (s)
---------------------------------------------------------------------------------------------------------
    57.1952 	|     9720 	|    0.0059 	|    0.0059 	 |   0.245077 

********************************************************************************************************
Main Time: Advancing simulation timestep = 29160... and time =  900.00006

_____________________#######_________  STATE-SUMMARY @ it = 29160 _________#######____________________ 

			!!!!!	  HYDRO_CORE 	 !!!!! 
Field 	|	 max	     --(i,j,k)		 |	  min	     --(i,j,k)		 |	 mean
---------------------------------------------------------------------------------------------------------
********-----
 Model Fields -
 ********-----
rho	Rank 0/1:       1.14126182 	 (50,24,3)	 |        0.83923978 	 (11,20,124)	 |       1.02544522 
-----
u	Rank 0/1:       5.16891813 	 (37,57,9)	 |        0.95222348 	 (11,87,3)	 |       3.91601372 
-----
v	Rank 0/1:       7.81462383 	 (38,9,9)	 |        2.25990415 	 (102,111,3)	 |       6.84185696 
-----
w	Rank 0/1:       2.18518972 	 (17,47,17)	 |       -1.67345583 	 (50,24,13)	 |       0.00005773 
-----
theta	Rank 0/1:     318.40133667 	 (73,117,124)	 |      299.90484619 	 (36,5,34)	 |     310.36831665 
-----
press	Rank 0/1:       7.99218750 	 (37,57,29)	 |        3.31250000 	 (39,40,3)	 |       5.97859573 
-----
TKE_0	Rank 0/1:       1.04722857 	 (105,81,4)	 |        0.00000000 	 (32,10,7)	 |       0.02105922 
Dumping state at timestep = 29160...
Dumped state at timestep = 29160...
Rank 0/1: Batch complete results sent via cudaMemcpyDeviceToHost.

			!!!!!	  TIMESTEP PERFORMANCE  	 !!!!! 
 Total Time (s) | Batch Steps 	| Time/step (s) | Comp./step (s) | IO Time (s)
---------------------------------------------------------------------------------------------------------
    57.4458 	|     9720 	|    0.0059 	|    0.0059 	 |   0.245193 

********************************************************************************************************
Main Time: Advancing simulation timestep = 38880... and time = 1200.00012

_____________________#######_________  STATE-SUMMARY @ it = 38880 _________#######____________________ 

			!!!!!	  HYDRO_CORE 	 !!!!! 
Field 	|	 max	     --(i,j,k)		 |	  min	     --(i,j,k)		 |	 mean
---------------------------------------------------------------------------------------------------------
********-----
 Model Fields -
 ********-----
rho	Rank 0/1:       1.14141810 	 (16,44,3)	 |        0.83925086 	 (36,9,124)	 |       1.02553260 
-----
u	Rank 0/1:       5.50106144 	 (100,117,8)	 |        0.67093796 	 (5,46,33)	 |       3.88908815 
-----
v	Rank 0/1:       8.24648285 	 (49,65,24)	 |        2.84545588 	 (88,66,3)	 |       6.79851198 
-----
w	Rank 0/1:       2.31399226 	 (103,98,30)	 |       -2.29444623 	 (94,115,19)	 |       0.00007532 
-----
theta	Rank 0/1:     318.40124512 	 (113,64,124)	 |      299.74194336 	 (87,98,37)	 |     310.36727905 
-----
press	Rank 0/1:      10.69531250 	 (14,93,35)	 |        3.01562500 	 (79,46,8)	 |       7.30737448 
-----
TKE_0	Rank 0/1:       0.92518884 	 (25,117,4)	 |        0.00000000 	 (93,5,7)	 |       0.02264974 
Dumping state at timestep = 38880...
Dumped state at timestep = 38880...
Rank 0/1: Batch complete results sent via cudaMemcpyDeviceToHost.

			!!!!!	  TIMESTEP PERFORMANCE  	 !!!!! 
 Total Time (s) | Batch Steps 	| Time/step (s) | Comp./step (s) | IO Time (s)
---------------------------------------------------------------------------------------------------------
    57.3354 	|     9720 	|    0.0059 	|    0.0059 	 |   0.236321 

********************************************************************************************************
Main Time: Advancing simulation timestep = 48600... and time = 1500.00012

_____________________#######_________  STATE-SUMMARY @ it = 48600 _________#######____________________ 

			!!!!!	  HYDRO_CORE 	 !!!!! 
Field 	|	 max	     --(i,j,k)		 |	  min	     --(i,j,k)		 |	 mean
---------------------------------------------------------------------------------------------------------
********-----
 Model Fields -
 ********-----
rho	Rank 0/1:       1.14131606 	 (26,33,3)	 |        0.83926213 	 (117,82,124)	 |       1.02549553 
-----
u	Rank 0/1:       5.54806566 	 (55,78,18)	 |        0.56663412 	 (53,55,3)	 |       3.85894299 
-----
v	Rank 0/1:       8.10983658 	 (43,100,19)	 |        2.78833938 	 (99,62,3)	 |       6.75565481 
-----
w	Rank 0/1:       2.03681302 	 (74,34,25)	 |       -1.77176654 	 (95,50,17)	 |       0.00008329 
-----
theta	Rank 0/1:     318.40127563 	 (30,11,124)	 |      299.61898804 	 (69,80,36)	 |     310.37625122 
-----
press	Rank 0/1:      11.70312500 	 (4,124,35)	 |        4.54687500 	 (101,3,8)	 |       8.83709526 
-----
TKE_0	Rank 0/1:       0.92432433 	 (17,53,4)	 |        0.00000000 	 (116,88,7)	 |       0.02104640 
Dumping state at timestep = 48600...
Dumped state at timestep = 48600...
Rank 0/1: Batch complete results sent via cudaMemcpyDeviceToHost.

			!!!!!	  TIMESTEP PERFORMANCE  	 !!!!! 
 Total Time (s) | Batch Steps 	| Time/step (s) | Comp./step (s) | IO Time (s)
---------------------------------------------------------------------------------------------------------
    56.9874 	|     9720 	|    0.0059 	|    0.0058 	 |   0.234593 

********************************************************************************************************
Main Time: Advancing simulation timestep = 58320... and time = 1800.00012

_____________________#######_________  STATE-SUMMARY @ it = 58320 _________#######____________________ 

			!!!!!	  HYDRO_CORE 	 !!!!! 
Field 	|	 max	     --(i,j,k)		 |	  min	     --(i,j,k)		 |	 mean
---------------------------------------------------------------------------------------------------------
********-----
 Model Fields -
 ********-----
rho	Rank 0/1:       1.14065552 	 (44,19,3)	 |        0.83927429 	 (107,24,124)	 |       1.02550399 
-----
u	Rank 0/1:       5.32637739 	 (94,76,9)	 |        0.78407681 	 (115,50,3)	 |       3.83013773 
-----
v	Rank 0/1:       7.87710810 	 (89,124,14)	 |        2.49887681 	 (65,105,3)	 |       6.71709013 
-----
w	Rank 0/1:       1.96535456 	 (31,56,18)	 |       -1.46866477 	 (72,60,17)	 |       0.00008528 
-----
theta	Rank 0/1:     318.40127563 	 (107,24,124)	 |      299.75393677 	 (47,15,36)	 |     310.37152100 
-----
press	Rank 0/1:      13.14843750 	 (30,57,35)	 |        6.13281250 	 (86,53,8)	 |      10.49830818 
-----
TKE_0	Rank 0/1:       0.84198588 	 (60,66,4)	 |        0.00000000 	 (93,47,7)	 |       0.01909333 
Dumping state at timestep = 58320...
Dumped state at timestep = 58320...
Rank 0/1: Batch complete results sent via cudaMemcpyDeviceToHost.

			!!!!!	  TIMESTEP PERFORMANCE  	 !!!!! 
 Total Time (s) | Batch Steps 	| Time/step (s) | Comp./step (s) | IO Time (s)
---------------------------------------------------------------------------------------------------------
    56.8259 	|     9720 	|    0.0058 	|    0.0058 	 |   0.235714 

********************************************************************************************************
Main Time: Advancing simulation timestep = 68040... and time = 2100.00024

_____________________#######_________  STATE-SUMMARY @ it = 68040 _________#######____________________ 

			!!!!!	  HYDRO_CORE 	 !!!!! 
Field 	|	 max	     --(i,j,k)		 |	  min	     --(i,j,k)		 |	 mean
---------------------------------------------------------------------------------------------------------
********-----
 Model Fields -
 ********-----
rho	Rank 0/1:       1.14045632 	 (54,24,3)	 |        0.83928555 	 (120,62,124)	 |       1.02548754 
-----
u	Rank 0/1:       5.15700293 	 (12,14,8)	 |        0.83420193 	 (70,74,3)	 |       3.80283427 
-----
v	Rank 0/1:       7.64201307 	 (14,43,36)	 |        2.39288211 	 (75,28,3)	 |       6.68586540 
-----
w	Rank 0/1:       2.03547430 	 (44,115,17)	 |       -1.52049387 	 (54,24,11)	 |       0.00008523 
-----
theta	Rank 0/1:     318.40176392 	 (120,62,124)	 |      299.82009888 	 (22,116,36)	 |     310.37039185 
-----
press	Rank 0/1:      15.22656250 	 (72,66,35)	 |        8.08593750 	 (52,24,8)	 |      12.17285728 
-----
TKE_0	Rank 0/1:       0.79863960 	 (63,102,4)	 |        0.00000000 	 (46,112,7)	 |       0.01828699 
Dumping state at timestep = 68040...
Dumped state at timestep = 68040...
Rank 0/1: Batch complete results sent via cudaMemcpyDeviceToHost.

			!!!!!	  TIMESTEP PERFORMANCE  	 !!!!! 
 Total Time (s) | Batch Steps 	| Time/step (s) | Comp./step (s) | IO Time (s)
---------------------------------------------------------------------------------------------------------
    56.8278 	|     9720 	|    0.0058 	|    0.0058 	 |   0.234978 

********************************************************************************************************
Main Time: Advancing simulation timestep = 77760... and time = 2400.00024

_____________________#######_________  STATE-SUMMARY @ it = 77760 _________#######____________________ 

			!!!!!	  HYDRO_CORE 	 !!!!! 
Field 	|	 max	     --(i,j,k)		 |	  min	     --(i,j,k)		 |	 mean
---------------------------------------------------------------------------------------------------------
********-----
 Model Fields -
 ********-----
rho	Rank 0/1:       1.14032829 	 (59,71,3)	 |        0.83929956 	 (16,17,124)	 |       1.02550519 
-----
u	Rank 0/1:       5.25981188 	 (111,84,34)	 |        0.69380546 	 (37,87,3)	 |       3.77684855 
-----
v	Rank 0/1:       7.84264040 	 (46,72,36)	 |        2.38148928 	 (40,56,3)	 |       6.65970945 
-----
w	Rank 0/1:       2.36822462 	 (109,91,25)	 |       -1.50017226 	 (86,121,13)	 |       0.00008578 
-----
theta	Rank 0/1:     318.40127563 	 (16,17,124)	 |      299.89117432 	 (54,87,37)	 |     310.37207031 
-----
press	Rank 0/1:      17.92187500 	 (84,29,36)	 |        9.05468750 	 (92,54,3)	 |      13.75205994 
-----
TKE_0	Rank 0/1:       0.76586556 	 (11,88,4)	 |        0.00000000 	 (60,71,7)	 |       0.01799272 
Dumping state at timestep = 77760...
Dumped state at timestep = 77760...
Rank 0/1: Batch complete results sent via cudaMemcpyDeviceToHost.

			!!!!!	  TIMESTEP PERFORMANCE  	 !!!!! 
 Total Time (s) | Batch Steps 	| Time/step (s) | Comp./step (s) | IO Time (s)
---------------------------------------------------------------------------------------------------------
    56.8230 	|     9720 	|    0.0058 	|    0.0058 	 |   0.237333 

********************************************************************************************************
Main Time: Advancing simulation timestep = 87480... and time = 2700.00024

_____________________#######_________  STATE-SUMMARY @ it = 87480 _________#######____________________ 

			!!!!!	  HYDRO_CORE 	 !!!!! 
Field 	|	 max	     --(i,j,k)		 |	  min	     --(i,j,k)		 |	 mean
---------------------------------------------------------------------------------------------------------
********-----
 Model Fields -
 ********-----
rho	Rank 0/1:       1.14010501 	 (113,74,3)	 |        0.83931202 	 (95,94,124)	 |       1.02552319 
-----
u	Rank 0/1:       5.10326004 	 (7,86,36)	 |        0.55928630 	 (71,28,3)	 |       3.75051880 
-----
v	Rank 0/1:       7.60908127 	 (29,65,37)	 |        2.38541079 	 (92,23,3)	 |       6.63304234 
-----
w	Rank 0/1:       2.18847442 	 (6,92,26)	 |       -1.53082645 	 (118,61,22)	 |       0.00008560 
-----
theta	Rank 0/1:     318.40124512 	 (67,64,124)	 |      299.70285034 	 (46,118,37)	 |     310.36773682 
-----
press	Rank 0/1:      19.83593750 	 (27,59,35)	 |       10.11718750 	 (21,117,3)	 |      15.39456844 
-----
TKE_0	Rank 0/1:       0.73411930 	 (107,13,4)	 |        0.00000000 	 (117,111,7)	 |       0.01757051 
Dumping state at timestep = 87480...
Dumped state at timestep = 87480...
Rank 0/1: Batch complete results sent via cudaMemcpyDeviceToHost.

			!!!!!	  TIMESTEP PERFORMANCE  	 !!!!! 
 Total Time (s) | Batch Steps 	| Time/step (s) | Comp./step (s) | IO Time (s)
---------------------------------------------------------------------------------------------------------
    56.8228 	|     9720 	|    0.0058 	|    0.0058 	 |   0.236828 

********************************************************************************************************

_____________________#######_________  STATE-SUMMARY @ it = 97200 _________#######____________________ 

			!!!!!	  HYDRO_CORE 	 !!!!! 
Field 	|	 max	     --(i,j,k)		 |	  min	     --(i,j,k)		 |	 mean
---------------------------------------------------------------------------------------------------------
********-----
 Model Fields -
 ********-----
rho	Rank 0/1:       1.14000428 	 (86,98,3)	 |        0.83932424 	 (12,40,124)	 |       1.02553797 
-----
u	Rank 0/1:       4.86964226 	 (35,31,38)	 |        0.54389054 	 (98,76,3)	 |       3.72246337 
-----
v	Rank 0/1:       7.66648531 	 (24,81,37)	 |        2.41746855 	 (108,25,3)	 |       6.60774231 
-----
w	Rank 0/1:       2.28403282 	 (107,3,16)	 |       -1.51994681 	 (25,115,18)	 |       0.00008717 
-----
theta	Rank 0/1:     318.40130615 	 (12,40,124)	 |      299.76638794 	 (46,81,37)	 |     310.36126709 
-----
press	Rank 0/1:      20.96875000 	 (93,82,35)	 |       12.03125000 	 (112,28,3)	 |      17.07510948 
-----
TKE_0	Rank 0/1:       0.78104007 	 (14,69,4)	 |        0.00000000 	 (13,66,7)	 |       0.01713593 

_____________________#######_________  TOWER-SUMMARY @ it = 97200 _________#######____________________ 
Dumping state at timestep = 97200...
Dumped state at timestep = 97200...

			!!!!!	  TIMESTEP PERFORMANCE  	 !!!!! 
 Total Time (s) | Batch Steps 	| Time/step (s) | Comp./step (s) | IO Time (s)
---------------------------------------------------------------------------------------------------------
     0.2445 	|        0 	|    0.0000 	|    0.0000 	 |   0.184299 

********************************************************************************************************
Your FastEddy simulation is complete!
Cleaning up...
Shutting down MPI...
 Goodbye!
