/home/atyagi/Flux/ml/phase2_optuna.py:76: FutureWarning: RetryFailedTrialCallback has been deprecated in v4.9.0. This feature will be removed in v6.0.0. See https://github.com/optuna/optuna/releases/tag/v4.9.0. Use `RetryHeartbeatStaleTrialCallback` instead.
  failed_trial_callback=RetryFailedTrialCallback(max_retry=1))
/home/atyagi/miniforge3/envs/LESNet/lib/python3.11/site-packages/optuna/_deprecated.py:180: ExperimentalWarning: RetryHeartbeatStaleTrialCallback is experimental (supported from v2.8.0). The interface can change in the future.
  _original_init(self, *args, **kwargs)
/home/atyagi/miniforge3/envs/LESNet/lib/python3.11/site-packages/optuna/_experimental.py:33: ExperimentalWarning: Argument ``heartbeat_interval`` is an experimental feature. The interface can change in the future.
  optuna_warn(
/home/atyagi/miniforge3/envs/LESNet/lib/python3.11/site-packages/optuna/storages/_rdb/storage.py:238: FutureWarning: `failed_trial_callback` has been deprecated in v4.9.0. This feature will be removed in v6.0.0. See https://github.com/optuna/optuna/releases/tag/v4.9.0. Use `heartbeat_stale_trial_callback` instead.
  optuna_warn(
/home/atyagi/miniforge3/envs/LESNet/lib/python3.11/site-packages/optuna/_experimental.py:33: ExperimentalWarning: Argument ``multivariate`` is an experimental feature. The interface can change in the future.
  optuna_warn(
study fno_v2: 5 trials in db (0 finished); 120 to go, K=3, timeout 14400 s
workers done in 12136 s, return codes [0, 0, 0]
# Phase 2: Optuna study `fno_v2`

objective `val_mse_ref`; trials: COMPLETE 60, PRUNED 60, FAIL 0, RUNNING 0, WAITING 0

## Best trial: #40, value 0.000116632

params: {"modes": 32, "width": 48, "depth": 3, "lr": 0.00025846648280717396, "wd": 0.019029575405491186, "batch": 8, "film_hidden": 32, "dropout": 0.21896366569377654, "local": "conv3x3"}

attrs: {"best_epoch": 81, "composite": 0.5358, "composite_north": 0.6112, "epochs_run": 107, "gap_ratio": 1.055, "n_params": 28390321, "peak_vram_gb": 3.1129, "r_array_share": 0.192, "r_centroid": 0.6366, "r_integral": 0.729, "r_overlap80": 0.9248, "r_peak_x": 0.0, "rn_array_share": 0.3314, "rn_centroid": 0.6969, "rn_integral": 0.6494, "rn_overlap80": 0.9307, "rn_peak_x": 0.0, "val_loss": 0.0001, "val_mse_ref": 0.0001, "wall_s": 623.6}

## Parameter importance (fANOVA)

| param | importance |
|---|---|
| modes | 0.291 |
| dropout | 0.194 |
| lr | 0.179 |
| width | 0.106 |
| film_hidden | 0.087 |
| batch | 0.071 |
| wd | 0.028 |
| depth | 0.024 |
| local | 0.020 |

## Top 10 by objective

| # | value | composite | north | gap | best_ep | params |
|---|---|---|---|---|---|---|
| 40 | 0.000116632 | 0.536 | 0.611 | 1.05 | 81 | {"modes": 32, "width": 48, "depth": 3, "lr": 0.00025846648280717396, "wd": 0.019029575405491186, "batch": 8, "film_hidden": 32, "dropout": 0.21896366569377654, "local": "conv3x3"} |
| 36 | 0.000116761 | 0.606 | 0.681 | 1.11 | 84 | {"modes": 32, "width": 48, "depth": 4, "lr": 0.0003218710167004055, "wd": 0.03082895776862212, "batch": 8, "film_hidden": 32, "dropout": 0.21220042508904444, "local": "conv3x3"} |
| 60 | 0.000116886 | 0.571 | 0.681 | 1.06 | 67 | {"modes": 28, "width": 48, "depth": 3, "lr": 0.0003971810165482775, "wd": 0.0768175628119019, "batch": 8, "film_hidden": 32, "dropout": 0.16756011554337458, "local": "conv3x3"} |
| 54 | 0.000116977 | 0.549 | 0.599 | 1.05 | 79 | {"modes": 32, "width": 48, "depth": 4, "lr": 0.00023363438400332489, "wd": 0.05931807946385037, "batch": 8, "film_hidden": 32, "dropout": 0.2610305747127438, "local": "conv3x3"} |
| 56 | 0.000116982 | 0.520 | 0.602 | 1.12 | 80 | {"modes": 32, "width": 48, "depth": 4, "lr": 0.0004928931386952295, "wd": 0.09993839614104223, "batch": 8, "film_hidden": 32, "dropout": 0.20439715911973474, "local": "conv3x3"} |
| 43 | 0.000117041 | 0.619 | 0.661 | 0.98 | 47 | {"modes": 32, "width": 48, "depth": 4, "lr": 0.00043069902049075985, "wd": 0.0347766331282941, "batch": 8, "film_hidden": 32, "dropout": 0.26483475626203606, "local": "conv3x3"} |
| 32 | 0.000117133 | 0.544 | 0.713 | 1.02 | 78 | {"modes": 32, "width": 48, "depth": 4, "lr": 0.00020316614622624605, "wd": 0.0527533191351112, "batch": 8, "film_hidden": 32, "dropout": 0.28687424181988896, "local": "conv3x3"} |
| 44 | 0.000117168 | 0.566 | 0.601 | 1.05 | 79 | {"modes": 28, "width": 48, "depth": 3, "lr": 0.00036344025958417667, "wd": 0.0020880564401648243, "batch": 8, "film_hidden": 32, "dropout": 0.28617876672707365, "local": "conv3x3"} |
| 90 | 0.000117304 | 0.763 | 0.853 | 1.10 | 55 | {"modes": 32, "width": 32, "depth": 3, "lr": 0.0009878809726112745, "wd": 0.09913478087753348, "batch": 8, "film_hidden": 32, "dropout": 0.07696742839671457, "local": "conv3x3"} |
| 68 | 0.000117321 | 0.544 | 0.647 | 1.12 | 78 | {"modes": 32, "width": 48, "depth": 3, "lr": 0.0004079213880651705, "wd": 0.0228504245046269, "batch": 8, "film_hidden": 32, "dropout": 0.17999300848492872, "local": "conv3x3"} |
