phase1[calibC]: 2 runs, K=2, base={'epochs': 300, 'save_ckpt': True, 'save_samples': 0}
  crps_share_ft    ok              420 s
  crps_pure_scratch ok              986 s
phase1[calibC]: 986 s wall for 2 runs at K=2
# Phase 1 summary

5 runs in `results/ml_cfm/calib/runs`; baseline `v_s0.1_seed*` n = 0.

## Baseline seed spread

| quantity | mean | sd | n |
|---|---|---|---|
| val_loss | nan | nan | 0 |
| val_mse_ref | nan | nan | 0 |
| composite | nan | nan | 0 |
| composite_north | nan | nan | 0 |

## GPU

utilisation mean 99% / p50 100% / p90 100%; memory mean 5742 MiB, max 9997 MiB; concurrent processes mean 2.3, max 4 (333 samples)

## Runs, as z-scores against the baseline seed spread (negative = better for losses and composites)

| run | val_mse_ref | z | composite | z | composite_north | z | gap x | best/epochs | r_array | rn_array | r_centroid | r_overlap | r_integral |
|---|---|---|---|---|---|---|---|---|---|---|---|---|---|
| crps_share_ft | 0.000116276 | +nan | 0.510 | +nan | 0.585 | +nan | 1.08 | 0/21 | 0.16 | 0.34 | 0.56 | 0.93 | 0.80 |
| crps_blend_ft | 0.000124762 | +nan | 0.488 | +nan | 0.551 | +nan | 1.26 | 20/51 | 0.15 | 0.33 | 0.52 | 0.90 | 0.78 |
| crps_pure_ft_S4 | 0.000127037 | +nan | 0.493 | +nan | 0.537 | +nan | 1.22 | 10/30 | 0.16 | 0.28 | 0.51 | 0.92 | 0.77 |
| crps_pure_ft | 0.000127347 | +nan | 0.501 | +nan | 0.568 | +nan | 1.26 | 20/51 | 0.17 | 0.33 | 0.52 | 0.91 | 0.80 |
| crps_pure_scratch | 0.000129945 | +nan | 0.519 | +nan | 0.580 | +nan | 1.21 | 45/76 | 0.16 | 0.32 | 0.55 | 0.95 | 0.86 |

Spearman rank correlation across runs: val_mse_ref vs composite +0.40, vs composite_north -0.10.
