phase1[calibA]: 3 runs, K=3, base={'epochs': 300, 'save_ckpt': True, 'save_samples': 0}
  crps_pure_ft     ok              635 s
  crps_blend_ft    ok              686 s
  crps_pure_ft_S4  FAILED rc=-15     89 s
phase1[calibA]: 686 s wall for 3 runs at K=3
# Phase 1 summary

2 runs in `results/ml_cfm/calib/runs`; baseline `v_s0.1_seed*` n = 0.

## Baseline seed spread

| quantity | mean | sd | n |
|---|---|---|---|
| val_loss | nan | nan | 0 |
| val_mse_ref | nan | nan | 0 |
| composite | nan | nan | 0 |
| composite_north | nan | nan | 0 |

## GPU

utilisation mean 99% / p50 100% / p90 100%; memory mean 5460 MiB, max 9997 MiB; concurrent processes mean 2.1, max 4 (137 samples)

## Runs, as z-scores against the baseline seed spread (negative = better for losses and composites)

| run | val_mse_ref | z | composite | z | composite_north | z | gap x | best/epochs | r_array | rn_array | r_centroid | r_overlap | r_integral |
|---|---|---|---|---|---|---|---|---|---|---|---|---|---|
| crps_blend_ft | 0.000124762 | +nan | 0.488 | +nan | 0.551 | +nan | 1.26 | 20/51 | 0.15 | 0.33 | 0.52 | 0.90 | 0.78 |
| crps_pure_ft | 0.000127347 | +nan | 0.501 | +nan | 0.568 | +nan | 1.26 | 20/51 | 0.17 | 0.33 | 0.52 | 0.91 | 0.80 |

Spearman rank correlation across runs: val_mse_ref vs composite +nan, vs composite_north +nan.
