
==========
== CUDA ==
==========

CUDA Version 11.8.0

Container image Copyright (c) 2016-2023, NVIDIA CORPORATION & AFFILIATES. All rights reserved.

This container image and its contents are governed by the NVIDIA Deep Learning Container License.
By pulling and using the container, you accept the terms and conditions of this license:
https://developer.nvidia.com/ngc/nvidia-deep-learning-container-license

A copy of this license is made available in this container at /NGC-DL-CONTAINER-LICENSE for your convenience.

Obtaining parameters from ./accel.in
Successfully opened ./accel.in and read 129 lines.
Warning more than 10000 entries were requested for the parameters hash table.
Consider changing the requested table size in the PARAMETERS module.
WARNING: optional parameter ioLPDMmode defaulted to 0.
WARNING: optional parameter ioLPDMfullFrq defaulted to 0.
WARNING: optional parameter lpdmOnlineSelector defaulted to 0.
WARNING: optional parameter lpdmOnlineQueue defaulted to 4.
WARNING: optional parameter lpdmOnlinePause1 defaulted to 0.
WARNING: optional parameter lpdmOnlinePause2 defaulted to 0.
WARNING: optional parameter towerIOSelector defaulted to 0.
WARNING: optional parameter gridFile defaulted to NULL.
WARNING: optional parameter pgfSelector defaulted to 1.
WARNING: optional parameter buoyancySelector defaulted to 1.
WARNING: optional parameter ceilingAdvectionBC defaulted to 0.
WARNING: optional parameter surflayer_stab defaulted to 0.
WARNING: optional parameter surflayer_z0tdyn defaulted to 1.
WARNING: optional parameter surflayer_offshore_visc defaulted to 1.
WARNING: optional parameter canopySelector defaulted to 0.
WARNING: optional parameter cellpertSelector defaulted to 0.
WARNING: optional parameter filter_6thdiff_hori defaulted to 0.
WARNING: optional parameter filter_divdamp defaulted to 0.
WARNING: optional parameter NhydroAuxScalars defaulted to 0.
WARNING: optional parameter physics_oneRKonly defaulted to 1.
Rank 0/1:  [rankXid, rankYid] = [0,0]
mpi_rank_world--0/1 inFile = (null) !!
mpi_rank_world--0/1 Obtaining devices...
Obtaining properties for 1 devices...

mpi_rank_world--0/1 assigned accelerator device 0/1...
Device Number:          0
---------------------------------------------------------------------

__General__
   Name                               : NVIDIA GeForce RTX 4080
   Compute Capability                 : 8.9
   Clock Rate                         : 2535000
   Number of multiprocessors          : 76
   Max Threads/multiprocessor         : 1536
   Concurrent Copy/Execution          : Yes
   Concurrent Kernels                 : 1
   Compute Mode                       : 0
   Kernel Timeout Enabled             : Yes
   Integrated                         : No
   Host Memory Mapping                : Yes

__Configuration__
   Registers/Block                    : 65536
   Warp Size                          : 32
   Max Threads/Block                  : 1024
   Max Block-extent / Dimension       :         1024         1024           64
   Max Grid-extent / Dimension        :   2147483647        65535        65535

__Memory__
   Tot. Global Memory (GB) / (B)      :   15.54803 / 3809673216
   Shared Mem/Block   (GB) / (B)      :    0.00005 / 49152
   Constant Memory    (GB) / (B)      :    0.00006 / 65536
   Max 1-D Texture                    :       131072
   Max 2-D Texture                    :       131072        65536
   Max 3-D Texture                    :        16384        16384        16384
   Texture Alignment  (B)             : 512
   Max Memory pitch                   : 2147483647

mpi_rank_world--0/1 done!
mpi_rank_world--0/1 Assigning threadPerBlock.[xyz]
mpi_rank_world--0/1 done!
Nxp = 122, Nyp = 122, Nzp = 122
****Spatial loop-index Mins & Maxs ****  (i,j,k)-min = (3,3,3) & (i,j,k)-max = (125,125,125)
Entering hydro_coreInit:------
WARNING: parameter surflayer_qskin_input was not found but was requested for printing.
WARNING: parameter surflayer_offshore_opt was not found but was requested for printing.
WARNING: parameter filter_6thdiff_hori_coeff was not found but was requested for printing.
hydro_coreInit: allocating/registering arrays/fields with IO
hydro_coreInit:hydroFlds[0] = rho stored at 0x7b81a87f9080, has been registered with IO.
hydro_coreInit:hydroFlds[1] = u stored at 0x7b81a8ff9080, has been registered with IO.
hydro_coreInit:hydroFlds[2] = v stored at 0x7b81a97f9080, has been registered with IO.
hydro_coreInit:hydroFlds[3] = w stored at 0x7b81a9ff9080, has been registered with IO.
hydro_coreInit:hydroFlds[4] = theta stored at 0x7b81aa7f9080, has been registered with IO.
hydro_coreInit:Field = pressure stored at 0x7b81a7ff8080, has been registered with IO.
hydro_coreInit:sgstkeScalars[0] = TKE_0 stored at 0x7b81a4ff6080, has been registered with IO.
hydro_coreInit: allocating internal arrays
hydro_coreInit:Field = tskin stored at 0x5e5794cd8e80, has been registered with IO.
hydro_coreInit:Field = fricVel stored at 0x5e5794cb8d00, has been registered with IO.
hydro_coreInit:Field = htFlux stored at 0x5e5794cc8e00, has been registered with IO.
hydro_coreInit:Field = invOblen stored at 0x5e5794ce8f80, has been registered with IO.
hydro_coreInit:Field = z0m stored at 0x5e5794cf9000, has been registered with IO.
hydro_coreInit:Field = z0t stored at 0x5e5794d09100, has been registered with IO.
mpi_rank_world--0/1: in timeInit(), simTime_it = 0 and simTime =         0.000000 !
:Variable = time stored at 0x5e577f343ad8, has been registered with IO.

## time_test
Description=seed seed_nbl-deep_a015: flat uniform neutral spin-up, z_i target 550 m, base angle 15 deg # ## A description of this input file.
## FEMPI parameters---
numProcsX=1        # ## Number of cores to be used for horizontal domain decomposition in X
numProcsY=1        # ## Number of cores to be used for horizontal domain decomposition in Y
## IO parameters---
ioOutputMode=0     # ## 0: N-to-1 gather and write to a netCDF file, 1:N-to-N writes of FastEddy binary files
inPath=            # ## Path where initial/restart file is read in from
inFile=            # ## name of the input file for coordinate system and initial or restart conditions
outPath=./output/  # ## Path where output files are to be written
outFileBase=FE_SEED_ACC # ## Base name of the output file series as in (outFileBase).element-in-series
frqOutput=9720     # ## frequency (in timesteps) at which to produce output; should be an even multiple of NtBatch
towerIOSelector=0  # (DEFAULTED) ## Virtual Tower IO-Selector: 0=off, 1=on 
## FECUDA parameters---
tBx=1              # ## Number of threads in x-dimension.
tBy=2              # ## Number of threads in y-dimension.
tBz=64             # ## Number of threads in z-dimension.
## GRID parameters---
gridFile=          # (DEFAULTED) ## A file containing a complete grid specification
topoFile=          # ## A file containing terrain(surface elevation in meters ASL)
Nx=122             # ## Number of discretised domain elements in the x (zonal) direction.
Ny=122             # ## Number of discretised domain elements in the y (meridional) direction.
Nz=122             # ## Number of discretised domain elements in the z (vertical) direction.
Nh=3               # ## Number of halo cells to be used (dependent on largest stencil extent).
d_xi=30            # ## Computational domain fixed resolution in the 'i' direction.
d_eta=30           # ## Computational domain fixed resolution in the 'j' direction.
d_zeta=24.6914     # ## Computational domain fixed resolution in the 'k' direction.
coordHorizHalos=1  # ## switch to setup coordinate halos as periodic=1 or gradient-following=0.
verticalDeformSwitch=1 # ## switch to use vertical coordinate deformation 0=off, 1=on
verticalDeformFactor=0.346601 # ## deformation factor (0.0=max compression,  1.0=no compression)
verticalDeformQuadCoeff=0 # ## deformation factor (0.0=max compression,  1.0=no compression)
## HYDRO_CORE parameters---
## ----------: HYDRO_CORE Submodule Selectors ---
## ----------: Boundary Conditions Set ---
hydroBCs=2         # ## Selector for hydro BC set. 1= LAD, Dirichlet lateral, ceiling and surface, 2 = periodic-horizontal & ABL-vertical
hydroForcingWrite=0 # ## Switch for writing output of hydroFldsFrhs for prognostic fields. 0 = off, 1=on
hydroSubGridWrite=0 # ## Switch for writing output of Tauij fields. 0 = off, 1=on
hydroForcingLog=0  # ## Switch for logging Frhs summary metrics. 0 = off, 1=on
## ----------: PRESSURE GRADIENT FORCE ---
pgfSelector=1      # (DEFAULTED) ## Pressure Gradient Force (pgf) selector: 0=off, 1=on
## ----------: BUOYANCY ---
buoyancySelector=1 # (DEFAULTED) ## Buoyancy force  selector: 0=off, 1=on
## ----------: CORIOLIS ---
coriolisSelector=1 # ## Corilis force selector: 0= none, 1= horiz. terms, 2= horiz. & vert. terms
coriolisLatitude=42.9572 # ## Characteristic latitude in degrees from equator of the LES domain
## ----------: TURBULENCE ---
turbulenceSelector=1 # ## turbulence scheme selector: 0= none, 1= Lilly/Smagorinsky 
TKESelector=1      # ## Prognostic TKE selector: 0= none, 1= Prognostic, 2= requires canopySelector=1
TKEAdvSelector=3   # ## advection scheme for SGSTKE equation
TKEAdvSelector_b_hyb=0 # ## hybrid advection scheme parameter
c_k=0.1            # ## Lilly model constant used for turbulenceSelector = 1 and TKESelector > 0
## ----------: ADVECTION ---
advectionSelector=3 # ## advection scheme selector: 0=1st-order upwind, 1=3rd-order QUICK, 2=hybrid 3rd-4th order, 3=hybrid 5th-6th order, 4=3rd-order WENO, 5=5th-order WENO, 6=2nd-order centered
ceilingAdvectionBC=0 # (DEFAULTED) ## selector to allow advection through the domain ceiling 1=on, 0=off (w-ceiling = 0)
b_hyb=0            # ## hybrid advection scheme parameter: 0.0= lower-order upwind, 1.0=higher-order centered, 0.0 < b_hyb < 1.0 = hybrid
## ----------: DIFFUSION ---
diffusionSelector=0 # ## diffusivity selector: 0= none, 1= const.
## ----------: SURFACE LAYER ---
surflayerSelector=1 # ## surfacelayer selector: 0=off, 1=surface kinematic heat flux (surflayer_wth), 2=skin temperature rate (surflayer_tr)
surflayer_z0=0.061489 # ## roughness length (momentum) when surflayerSelector > 0
surflayer_z0t=0.01 # ## roughness length (temperature) when surflayerSelector > 0
surflayer_wth=0.05 # ## kinematic sensible heat flux at the surface when surflayerSelector = 1
surflayer_idealsine=0 # ## selector for idealized sinusoidal surface heat flux or skin temperature forcing: 0= off, 1= on
surflayer_stab=0   # (DEFAULTED) ## exchange coeffcient stability correction selector: 0= on, 1= off
surflayer_z0tdyn=1 # (DEFAULTED) ## dynamic z0t calculation following Zilitinkevich (1995) approach: 0= off, 1= constant Zilitinkevich coeff, 2= variable Zilitinkevich coeff
## ----------: OFFSHORE ROUGHNESS ---
surflayer_offshore=0 # ## offshore selector: 0=off, 1=on
## ----------: CANOPY MODEL ---
canopySelector=0   # (DEFAULTED) ## canopy selector: 0= off, 1= on
## ----------: LARGE-SCALE FORCINGS MODEL ---
lsfSelector=1      # ## large-scale forcings selector: 0= off, 1= on
lsf_w_surf=0       # ## large-scale forcing to w at the first specified level
lsf_w_lev1=0       # ## large-scale forcing w at height 1
lsf_w_lev2=0       # ## large-scale forcing w at height 2
lsf_w_zlev1=550    # ## large-scale forcing w height 1
lsf_w_zlev2=1100   # ## large-scale forcing w height 2
lsf_th_surf=0      # ## large-scale forcing to theta at the first specified level
lsf_th_lev1=0      # ## large-scale forcing theta at height 1
lsf_th_lev2=0      # ## large-scale forcing theta at height 2
lsf_th_zlev1=500   # ## large-scale forcing theta height 1
lsf_th_zlev2=2000  # ## large-scale forcing theta height 2
lsf_qv_surf=-0.0432 # ## large-scale forcing to qv at the first specified level
lsf_qv_lev1=-0.0432 # ## large-scale forcing qv at height 1
lsf_qv_lev2=0      # ## large-scale forcing qv at height 2
lsf_qv_zlev1=300   # ## large-scale forcing qv height 1
lsf_qv_zlev2=500   # ## large-scale forcing qv height 2
lsf_horMnSubTerms=1 # ## large-scale subsidence terms Switch: 0= off, 1= on
lsf_freq=1         # ## large-scale forcing frequency (seconds)
## ----------: MOISTURE ---
moistureSelector=0 # ## moisture selector: 0= off, 1= on
## ----------: EXPLICIT FILTERS ---
filterSelector=1   # ## explicit filter selector: 0=off, 1=on
filter_6thdiff_vert=1 # ## vertical 6th-order filter on w selector: 0=off, 1=on
filter_6thdiff_vert_coeff=0.03 # ## vertical 6th-order filter factor: 0.0=off, 1.0=full
filter_6thdiff_hori=0 # (DEFAULTED) ## horizontal 6th-order filter on rho,theta,qv selector: 0=off, 1=on
filter_divdamp=0   # (DEFAULTED) ## divergence damping selector: 0=off, 1=on
## ----------: CELL PERTURBATION METHOD ---
cellpertSelector=0 # (DEFAULTED) ## CP method selector: 0= off, 1= on
## ----------: RAYLEIGH DAMPING LAYER ---
dampingLayerSelector=1 # ## Rayleigh damping layer selector: 0= off, 1= on.
dampingLayerDepth=500 # ## Rayleigh damping layer depth in meters
## ----------: AUXILIARY SCALARS ---
NhydroAuxScalars=0 # (DEFAULTED) ## Number of prognostic auxiliary scalar fields
## ----------: BASE-STATE ---
stabilityScheme=2  # ## Scheme used to set hydrostatic, stability-dependent Base-State EOS fields
temp_grnd=298.012  # ## Air Temperature (K) at the ground used to set hydrostatic Base-State EOS fields
pres_grnd=97700    # ## Pressure (Pa) at the ground used to set hydrostatic Base-State EOS fields
zStableBottom=550  # ## Height (m) of the first stable upper-layer when stabilityScheme = 2
stableGradient=0.08 # ## Vertical gradient (K/m) of the first stable upper-layer when stabilityScheme = 2
zStableBottom2=650 # ## Height (m) of the second stable upper-layer when stabilityScheme = 2
zStableBottom3=20000 # ## Height (m) of the third stable upper-layer when stabilityScheme = 2
stableGradient2=0.004 # ## Vertical gradient (K/m) of the second stable upper-layer when stabilityScheme = 2
stableGradient3=0.004 # ## Vertical gradient (K/m) of the third stable upper-layer when stabilityScheme = 2
U_g=11.5911        # ## Zonal (West-East) component of the geostrophic wind (m/s).
V_g=3.10583        # ## Meridional (South-North) component of the geostrophic wind (m/s).
z_Ug=10000         # ## Height (m) above ground for linear geostrophic wind gradient (zonal component).
z_Vg=10000         # ## Height (m) above ground for linear geostrophic wind gradient (meridional component).
Ug_grad=0          # ## U_g gradient above z_Ug (ms-1/m).
Vg_grad=0          # ## V_g gradient above z_Vg (ms-1/m).
thetaPerturbationSwitch=1 # ## Switch to include initial theta perturbations: 0=off, 1=on
thetaHeight=300    # ## Height below which to include initial theta perturbations: (meters)
thetaAmplitude=0.25 # ## Maximum amplitude for theta perturbations: thetaAmplitude*[-1,+1] K
physics_oneRKonly=1 # (DEFAULTED) ## selector to apply physics RHS forcing only at the latest RK stage: 0= off, 1= on
## TIME_INTEGRATION parameters---
timeMethod=0       # ## Selector for time integration method. [0=RK3-WS2002 (default)]
Nt=97200           # ## Number of timesteps to perform.
dt=0.0308642       # ## timestep resolution in seconds.
NtBatch=9720       # ## Number of timesteps to compute in batch launch, must have NtBatch <= Nt.

moistureMPcallTscale = 1.0   # NOT VALIDATED
c_s = 0.18   # NOT VALIDATED
nu_0 = 0.0   # NOT VALIDATED
moistureCond = 3   # NOT VALIDATED
moistureAdvSelectorQi = 2   # NOT VALIDATED
moistureAdvSelectorQv = 2   # NOT VALIDATED
surflayer_qr = 0.0   # NOT VALIDATED
surflayer_tr = -0.0   # NOT VALIDATED
surflayer_wq = 0.0   # NOT VALIDATED
moistureNvars = 2   # NOT VALIDATED
moistureCondTscale = 1.0   # NOT VALIDATED
moistureAdvSelectorQv_b = 0.0   # NOT VALIDATED
surflayer_ideal_qamp = 2.0   # NOT VALIDATED
surflayer_ideal_amp = 4.0   # NOT VALIDATED
surflayer_ideal_qte = 10.0   # NOT VALIDATED
surflayer_ideal_qts = 1.75   # NOT VALIDATED
surflayer_ideal_te = 43200   # NOT VALIDATED
surflayer_ideal_ts = 0.0   # NOT VALIDATED
moistureCondBasePres = 1   # NOT VALIDATED
moistureSGSturb = 1   # NOT VALIDATED
Input parameters passed verification.
No input file has been specified, no gridFile has been specified.
 Using default grid and initial condition schemes.
**** Coordinate generation ****  (i,j,k)-extents = (122,122,122) & (i,j,k)-deltas = (30.000000,30.000000,24.691359)
mpi_rank_world--0/1 grid-Coord-gen(), else-coordHorizHalos = 1!
mpi_rank_world--0/1 coordHalos, Western-Eastern Boundaries!
mpi_rank_world--0/1 coordHalos, Southern-Northern Boundaries!
stabilityScheme == 2: Base State setup complete.
Rank 0/1: Profile preparations complete!
cuda_gridDeviceSetup:-- (i,j,k)Min, ()Max = (3,3,3), (125,125,125)
fecuda_SetBlocksPerGrid: tBlock = {1, 2, 64}
fecuda_SetBlocksPerGrid: grid = {128, 64, 2}
lsf_horMnSubTerms = 1, setting up for 5 phi-fields.cuda_hydroCoreDeviceSetup() complete.
cuda_towersDeviceSetup: NelemsTowers = -637717696, NelemsTowersSurf = 0
0/1 cuda_hydroCoreDeviceSecondaryStageSetup(): BdyUpdateSteps = 0 
Initializations complete after   0.5210 (s).
Main Time: Advancing simulation timestep = 0... and time =    0.00000

_____________________#######_________  STATE-SUMMARY @ it = 0 _________#######____________________ 

			!!!!!	  HYDRO_CORE 	 !!!!! 
Field 	|	 max	     --(i,j,k)		 |	  min	     --(i,j,k)		 |	 mean
---------------------------------------------------------------------------------------------------------
********-----
 Model Fields -
 ********-----
rho	Rank 0/1:       1.14173782 	 (3,3,3)	 |        0.84077328 	 (3,3,124)	 |       1.03134072 
-----
u	Rank 0/1:      11.59111118 	 (3,3,6)	 |       11.59110928 	 (3,3,4)	 |      11.80967903 
-----
v	Rank 0/1:       3.10582924 	 (3,3,25)	 |        3.10582876 	 (3,3,4)	 |       3.04405713 
-----
w	Rank 0/1:       0.00000000 	 (3,3,3)	 |        0.00000000 	 (3,3,3)	 |       0.00000000 
-----
theta	Rank 0/1:     317.39883423 	 (3,3,124)	 |      299.74884033 	 (14,55,27)	 |     307.30587769 
-----
press	Rank 0/1:       0.00000000 	 (3,3,3)	 |        0.00000000 	 (3,3,3)	 |       0.00000000 
-----
TKE_0	Rank 0/1:       0.00000000 	 (3,3,3)	 |        0.00000000 	 (3,3,3)	 |       0.00000000 
Dumping state at timestep = 0...
Dumped state at timestep = 0...
Rank 0/1: Batch complete results sent via cudaMemcpyDeviceToHost.

			!!!!!	  TIMESTEP PERFORMANCE  	 !!!!! 
 Total Time (s) | Batch Steps 	| Time/step (s) | Comp./step (s) | IO Time (s)
---------------------------------------------------------------------------------------------------------
   148.0425 	|     9720 	|    0.0152 	|    0.0152 	 |   0.203294 

********************************************************************************************************
Main Time: Advancing simulation timestep = 9720... and time =  300.00003

_____________________#######_________  STATE-SUMMARY @ it = 9720 _________#######____________________ 

			!!!!!	  HYDRO_CORE 	 !!!!! 
Field 	|	 max	     --(i,j,k)		 |	  min	     --(i,j,k)		 |	 mean
---------------------------------------------------------------------------------------------------------
********-----
 Model Fields -
 ********-----
rho	Rank 0/1:       1.14034545 	 (6,110,3)	 |        0.84078157 	 (7,110,124)	 |       1.03127110 
-----
u	Rank 0/1:      11.78479004 	 (4,13,29)	 |        5.80165625 	 (121,114,3)	 |      11.64655876 
-----
v	Rank 0/1:       3.38555622 	 (82,44,26)	 |        1.55338895 	 (6,106,3)	 |       3.01730347 
-----
w	Rank 0/1:       0.33228460 	 (66,35,29)	 |       -0.32405245 	 (116,4,29)	 |       0.00006273 
-----
theta	Rank 0/1:     317.40036011 	 (46,84,124)	 |      299.90316772 	 (13,70,28)	 |     307.35330200 
-----
press	Rank 0/1:       4.13281250 	 (15,83,13)	 |       -0.15625000 	 (90,98,4)	 |       2.18724132 
-----
TKE_0	Rank 0/1:       0.99520135 	 (14,112,4)	 |        0.00000000 	 (82,118,13)	 |       0.03369269 
Dumping state at timestep = 9720...
Dumped state at timestep = 9720...
Rank 0/1: Batch complete results sent via cudaMemcpyDeviceToHost.

			!!!!!	  TIMESTEP PERFORMANCE  	 !!!!! 
 Total Time (s) | Batch Steps 	| Time/step (s) | Comp./step (s) | IO Time (s)
---------------------------------------------------------------------------------------------------------
   145.1939 	|     9720 	|    0.0149 	|    0.0149 	 |   0.202759 

********************************************************************************************************
Main Time: Advancing simulation timestep = 19440... and time =  600.00006

_____________________#######_________  STATE-SUMMARY @ it = 19440 _________#######____________________ 

			!!!!!	  HYDRO_CORE 	 !!!!! 
Field 	|	 max	     --(i,j,k)		 |	  min	     --(i,j,k)		 |	 mean
---------------------------------------------------------------------------------------------------------
********-----
 Model Fields -
 ********-----
rho	Rank 0/1:       1.13980842 	 (92,13,3)	 |        0.84079915 	 (95,63,124)	 |       1.03127074 
-----
u	Rank 0/1:      11.90961647 	 (18,52,10)	 |        4.39545822 	 (89,17,3)	 |      11.55968094 
-----
v	Rank 0/1:       3.50288177 	 (101,23,15)	 |        1.16166651 	 (13,84,3)	 |       3.00341749 
-----
w	Rank 0/1:       0.43978617 	 (8,45,33)	 |       -0.46507910 	 (120,91,18)	 |       0.00006917 
-----
theta	Rank 0/1:     317.40093994 	 (95,63,124)	 |      299.93688965 	 (25,82,13)	 |     307.38973999 
-----
press	Rank 0/1:       5.36718750 	 (115,45,19)	 |        2.62500000 	 (21,21,3)	 |       4.35943937 
-----
TKE_0	Rank 0/1:       1.02098989 	 (124,48,4)	 |        0.00000000 	 (24,82,12)	 |       0.03344294 
Dumping state at timestep = 19440...
Dumped state at timestep = 19440...
Rank 0/1: Batch complete results sent via cudaMemcpyDeviceToHost.

			!!!!!	  TIMESTEP PERFORMANCE  	 !!!!! 
 Total Time (s) | Batch Steps 	| Time/step (s) | Comp./step (s) | IO Time (s)
---------------------------------------------------------------------------------------------------------
   146.6534 	|     9720 	|    0.0151 	|    0.0151 	 |   0.205883 

********************************************************************************************************
Main Time: Advancing simulation timestep = 29160... and time =  900.00006

_____________________#######_________  STATE-SUMMARY @ it = 29160 _________#######____________________ 

			!!!!!	  HYDRO_CORE 	 !!!!! 
Field 	|	 max	     --(i,j,k)		 |	  min	     --(i,j,k)		 |	 mean
---------------------------------------------------------------------------------------------------------
********-----
 Model Fields -
 ********-----
rho	Rank 0/1:       1.14093852 	 (119,108,3)	 |        0.84081423 	 (89,93,124)	 |       1.03140128 
-----
u	Rank 0/1:      12.26455307 	 (46,97,9)	 |        3.56450319 	 (78,63,3)	 |      11.48836994 
-----
v	Rank 0/1:       4.28582478 	 (28,48,7)	 |        0.45514300 	 (97,76,18)	 |       2.99565816 
-----
w	Rank 0/1:       1.76833618 	 (89,51,17)	 |       -1.23756301 	 (123,109,15)	 |       0.00005974 
-----
theta	Rank 0/1:     317.40115356 	 (89,93,124)	 |      299.94433594 	 (107,49,11)	 |     307.43197632 
-----
press	Rank 0/1:       7.82031250 	 (9,87,25)	 |        3.16406250 	 (67,43,3)	 |       6.24086380 
-----
TKE_0	Rank 0/1:       1.71798706 	 (27,115,4)	 |        0.00000000 	 (121,80,7)	 |       0.04101607 
Dumping state at timestep = 29160...
Dumped state at timestep = 29160...
Rank 0/1: Batch complete results sent via cudaMemcpyDeviceToHost.

			!!!!!	  TIMESTEP PERFORMANCE  	 !!!!! 
 Total Time (s) | Batch Steps 	| Time/step (s) | Comp./step (s) | IO Time (s)
---------------------------------------------------------------------------------------------------------
   145.5044 	|     9720 	|    0.0150 	|    0.0149 	 |   0.200413 

********************************************************************************************************
Main Time: Advancing simulation timestep = 38880... and time = 1200.00012

_____________________#######_________  STATE-SUMMARY @ it = 38880 _________#######____________________ 

			!!!!!	  HYDRO_CORE 	 !!!!! 
Field 	|	 max	     --(i,j,k)		 |	  min	     --(i,j,k)		 |	 mean
---------------------------------------------------------------------------------------------------------
********-----
 Model Fields -
 ********-----
rho	Rank 0/1:       1.14145279 	 (60,4,3)	 |        0.84082603 	 (111,50,124)	 |       1.03139830 
-----
u	Rank 0/1:      13.13295555 	 (117,110,35)	 |        4.08936214 	 (93,47,3)	 |      11.37291241 
-----
v	Rank 0/1:       5.20150089 	 (31,82,23)	 |       -0.23577605 	 (32,65,10)	 |       2.98995781 
-----
w	Rank 0/1:       3.25120878 	 (10,76,45)	 |       -2.16238999 	 (101,6,13)	 |       0.00006761 
-----
theta	Rank 0/1:     317.40106201 	 (9,118,124)	 |      299.88238525 	 (25,123,52)	 |     307.49328613 
-----
press	Rank 0/1:      11.89062500 	 (117,34,39)	 |        1.71875000 	 (116,107,32)	 |       7.47206831 
-----
TKE_0	Rank 0/1:       1.81759310 	 (43,59,4)	 |        0.00000000 	 (10,37,7)	 |       0.04718163 
Dumping state at timestep = 38880...
Dumped state at timestep = 38880...
Rank 0/1: Batch complete results sent via cudaMemcpyDeviceToHost.

			!!!!!	  TIMESTEP PERFORMANCE  	 !!!!! 
 Total Time (s) | Batch Steps 	| Time/step (s) | Comp./step (s) | IO Time (s)
---------------------------------------------------------------------------------------------------------
   144.5937 	|     9720 	|    0.0149 	|    0.0149 	 |   0.220838 

********************************************************************************************************
Main Time: Advancing simulation timestep = 48600... and time = 1500.00012

_____________________#######_________  STATE-SUMMARY @ it = 48600 _________#######____________________ 

			!!!!!	  HYDRO_CORE 	 !!!!! 
Field 	|	 max	     --(i,j,k)		 |	  min	     --(i,j,k)		 |	 mean
---------------------------------------------------------------------------------------------------------
********-----
 Model Fields -
 ********-----
rho	Rank 0/1:       1.14135993 	 (32,88,3)	 |        0.84083748 	 (74,106,124)	 |       1.03119493 
-----
u	Rank 0/1:      13.27033234 	 (65,64,51)	 |        4.07020330 	 (113,35,3)	 |      11.27294540 
-----
v	Rank 0/1:       5.59203815 	 (70,106,14)	 |       -0.79358029 	 (3,86,7)	 |       2.98022079 
-----
w	Rank 0/1:       3.44007969 	 (54,78,44)	 |       -2.54670906 	 (46,77,17)	 |       0.00006880 
-----
theta	Rank 0/1:     317.40133667 	 (74,106,124)	 |      299.59884644 	 (60,68,53)	 |     307.55541992 
-----
press	Rank 0/1:      12.06250000 	 (76,99,52)	 |        1.67968750 	 (123,86,16)	 |       8.86081886 
-----
TKE_0	Rank 0/1:       1.99887311 	 (37,18,4)	 |        0.00000000 	 (38,43,7)	 |       0.04678559 
Dumping state at timestep = 48600...
Dumped state at timestep = 48600...
Rank 0/1: Batch complete results sent via cudaMemcpyDeviceToHost.

			!!!!!	  TIMESTEP PERFORMANCE  	 !!!!! 
 Total Time (s) | Batch Steps 	| Time/step (s) | Comp./step (s) | IO Time (s)
---------------------------------------------------------------------------------------------------------
   144.8374 	|     9720 	|    0.0149 	|    0.0149 	 |   0.264977 

********************************************************************************************************
Main Time: Advancing simulation timestep = 58320... and time = 1800.00012

_____________________#######_________  STATE-SUMMARY @ it = 58320 _________#######____________________ 

			!!!!!	  HYDRO_CORE 	 !!!!! 
Field 	|	 max	     --(i,j,k)		 |	  min	     --(i,j,k)		 |	 mean
---------------------------------------------------------------------------------------------------------
********-----
 Model Fields -
 ********-----
rho	Rank 0/1:       1.14121485 	 (79,59,3)	 |        0.84084880 	 (13,80,124)	 |       1.03105164 
-----
u	Rank 0/1:      12.93971443 	 (54,82,50)	 |        3.97534275 	 (106,17,3)	 |      11.19650745 
-----
v	Rank 0/1:       5.51910591 	 (28,80,16)	 |       -0.64579350 	 (48,124,8)	 |       2.96941042 
-----
w	Rank 0/1:       3.13490987 	 (35,37,27)	 |       -2.52431130 	 (81,59,14)	 |       0.00007689 
-----
theta	Rank 0/1:     317.40136719 	 (13,81,124)	 |      299.66876221 	 (86,100,53)	 |     307.57565308 
-----
press	Rank 0/1:      13.62500000 	 (61,123,52)	 |        2.92968750 	 (28,80,20)	 |      10.38322353 
-----
TKE_0	Rank 0/1:       1.77375388 	 (12,87,4)	 |        0.00000000 	 (95,94,7)	 |       0.04556786 
Dumping state at timestep = 58320...
Dumped state at timestep = 58320...
Rank 0/1: Batch complete results sent via cudaMemcpyDeviceToHost.

			!!!!!	  TIMESTEP PERFORMANCE  	 !!!!! 
 Total Time (s) | Batch Steps 	| Time/step (s) | Comp./step (s) | IO Time (s)
---------------------------------------------------------------------------------------------------------
   144.1226 	|     9720 	|    0.0148 	|    0.0148 	 |   0.177859 

********************************************************************************************************
Main Time: Advancing simulation timestep = 68040... and time = 2100.00024

_____________________#######_________  STATE-SUMMARY @ it = 68040 _________#######____________________ 

			!!!!!	  HYDRO_CORE 	 !!!!! 
Field 	|	 max	     --(i,j,k)		 |	  min	     --(i,j,k)		 |	 mean
---------------------------------------------------------------------------------------------------------
********-----
 Model Fields -
 ********-----
rho	Rank 0/1:       1.14106345 	 (124,8,3)	 |        0.84086049 	 (124,102,124)	 |       1.03105855 
-----
u	Rank 0/1:      12.71699333 	 (62,5,8)	 |        3.92988563 	 (98,52,3)	 |      11.11961460 
-----
v	Rank 0/1:       5.26287699 	 (111,88,27)	 |       -0.50348389 	 (75,18,3)	 |       2.96339703 
-----
w	Rank 0/1:       2.93300366 	 (60,46,29)	 |       -2.23606753 	 (101,82,13)	 |       0.00008337 
-----
theta	Rank 0/1:     317.40155029 	 (3,102,124)	 |      299.75692749 	 (77,5,54)	 |     307.57394409 
-----
press	Rank 0/1:      15.58593750 	 (80,6,53)	 |        5.07031250 	 (81,99,8)	 |      11.98285770 
-----
TKE_0	Rank 0/1:       1.77440810 	 (84,12,4)	 |        0.00000000 	 (101,81,6)	 |       0.04386872 
Dumping state at timestep = 68040...
Dumped state at timestep = 68040...
Rank 0/1: Batch complete results sent via cudaMemcpyDeviceToHost.

			!!!!!	  TIMESTEP PERFORMANCE  	 !!!!! 
 Total Time (s) | Batch Steps 	| Time/step (s) | Comp./step (s) | IO Time (s)
---------------------------------------------------------------------------------------------------------
   144.2441 	|     9720 	|    0.0148 	|    0.0148 	 |   0.173884 

********************************************************************************************************
Main Time: Advancing simulation timestep = 77760... and time = 2400.00024

_____________________#######_________  STATE-SUMMARY @ it = 77760 _________#######____________________ 

			!!!!!	  HYDRO_CORE 	 !!!!! 
Field 	|	 max	     --(i,j,k)		 |	  min	     --(i,j,k)		 |	 mean
---------------------------------------------------------------------------------------------------------
********-----
 Model Fields -
 ********-----
rho	Rank 0/1:       1.14088964 	 (10,32,3)	 |        0.84087336 	 (12,14,124)	 |       1.03106320 
-----
u	Rank 0/1:      12.39407063 	 (101,57,11)	 |        3.50591993 	 (71,77,3)	 |      11.04587746 
-----
v	Rank 0/1:       5.48933840 	 (22,38,24)	 |       -0.31043497 	 (87,9,13)	 |       2.95985842 
-----
w	Rank 0/1:       3.06700850 	 (64,71,34)	 |       -2.05969810 	 (92,65,29)	 |       0.00008760 
-----
theta	Rank 0/1:     317.40148926 	 (12,14,124)	 |      299.61148071 	 (45,85,53)	 |     307.57473755 
-----
press	Rank 0/1:      17.32031250 	 (26,67,53)	 |        7.12500000 	 (47,6,8)	 |      13.59558392 
-----
TKE_0	Rank 0/1:       1.66504276 	 (109,79,4)	 |        0.00000000 	 (41,96,7)	 |       0.04110569 
Dumping state at timestep = 77760...
Dumped state at timestep = 77760...
Rank 0/1: Batch complete results sent via cudaMemcpyDeviceToHost.

			!!!!!	  TIMESTEP PERFORMANCE  	 !!!!! 
 Total Time (s) | Batch Steps 	| Time/step (s) | Comp./step (s) | IO Time (s)
---------------------------------------------------------------------------------------------------------
   144.2776 	|     9720 	|    0.0148 	|    0.0148 	 |   0.175002 

********************************************************************************************************
Main Time: Advancing simulation timestep = 87480... and time = 2700.00024

_____________________#######_________  STATE-SUMMARY @ it = 87480 _________#######____________________ 

			!!!!!	  HYDRO_CORE 	 !!!!! 
Field 	|	 max	     --(i,j,k)		 |	  min	     --(i,j,k)		 |	 mean
---------------------------------------------------------------------------------------------------------
********-----
 Model Fields -
 ********-----
rho	Rank 0/1:       1.14066958 	 (107,46,3)	 |        0.84088612 	 (5,45,124)	 |       1.03106058 
-----
u	Rank 0/1:      12.58848763 	 (38,124,52)	 |        3.38864231 	 (16,98,3)	 |      10.97768116 
-----
v	Rank 0/1:       5.52333927 	 (19,106,25)	 |       -0.63631862 	 (20,111,6)	 |       2.96216488 
-----
w	Rank 0/1:       2.86567712 	 (83,69,16)	 |       -2.03104758 	 (108,46,19)	 |       0.00009299 
-----
theta	Rank 0/1:     317.40133667 	 (5,45,124)	 |      299.65145874 	 (74,113,53)	 |     307.57128906 
-----
press	Rank 0/1:      19.64843750 	 (110,89,51)	 |        6.60156250 	 (19,111,10)	 |      15.20374298 
-----
TKE_0	Rank 0/1:       1.63295507 	 (69,60,4)	 |        0.00000000 	 (58,12,8)	 |       0.04046946 
Dumping state at timestep = 87480...
Dumped state at timestep = 87480...
Rank 0/1: Batch complete results sent via cudaMemcpyDeviceToHost.

			!!!!!	  TIMESTEP PERFORMANCE  	 !!!!! 
 Total Time (s) | Batch Steps 	| Time/step (s) | Comp./step (s) | IO Time (s)
---------------------------------------------------------------------------------------------------------
   144.2764 	|     9720 	|    0.0148 	|    0.0148 	 |   0.180455 

********************************************************************************************************

_____________________#######_________  STATE-SUMMARY @ it = 97200 _________#######____________________ 

			!!!!!	  HYDRO_CORE 	 !!!!! 
Field 	|	 max	     --(i,j,k)		 |	  min	     --(i,j,k)		 |	 mean
---------------------------------------------------------------------------------------------------------
********-----
 Model Fields -
 ********-----
rho	Rank 0/1:       1.14059961 	 (31,64,3)	 |        0.84089929 	 (87,110,124)	 |       1.03103793 
-----
u	Rank 0/1:      12.37535000 	 (29,16,53)	 |        3.59807992 	 (20,123,3)	 |      10.91651630 
-----
v	Rank 0/1:       5.34643126 	 (79,109,6)	 |       -0.41670576 	 (82,111,27)	 |       2.96371174 
-----
w	Rank 0/1:       3.40658474 	 (108,85,28)	 |       -2.05781174 	 (121,91,23)	 |       0.00009367 
-----
theta	Rank 0/1:     317.40118408 	 (87,110,124)	 |      299.84918213 	 (77,79,53)	 |     307.57104492 
-----
press	Rank 0/1:      21.58593750 	 (26,18,53)	 |        8.78906250 	 (123,22,8)	 |      16.83693123 
-----
TKE_0	Rank 0/1:       1.61413157 	 (107,19,4)	 |        0.00000000 	 (46,59,7)	 |       0.03970996 

_____________________#######_________  TOWER-SUMMARY @ it = 97200 _________#######____________________ 
Dumping state at timestep = 97200...
Dumped state at timestep = 97200...

			!!!!!	  TIMESTEP PERFORMANCE  	 !!!!! 
 Total Time (s) | Batch Steps 	| Time/step (s) | Comp./step (s) | IO Time (s)
---------------------------------------------------------------------------------------------------------
     0.1776 	|        0 	|    0.0000 	|    0.0000 	 |   0.145133 

********************************************************************************************************
Your FastEddy simulation is complete!
Cleaning up...
Shutting down MPI...
 Goodbye!
