
==========
== CUDA ==
==========

CUDA Version 11.8.0

Container image Copyright (c) 2016-2023, NVIDIA CORPORATION & AFFILIATES. All rights reserved.

This container image and its contents are governed by the NVIDIA Deep Learning Container License.
By pulling and using the container, you accept the terms and conditions of this license:
https://developer.nvidia.com/ngc/nvidia-deep-learning-container-license

A copy of this license is made available in this container at /NGC-DL-CONTAINER-LICENSE for your convenience.

Obtaining parameters from ./run.in
Successfully opened ./run.in and read 129 lines.
Warning more than 10000 entries were requested for the parameters hash table.
Consider changing the requested table size in the PARAMETERS module.
WARNING: optional parameter ioLPDMmode defaulted to 0.
WARNING: optional parameter ioLPDMfullFrq defaulted to 0.
WARNING: optional parameter lpdmOnlineSelector defaulted to 0.
WARNING: optional parameter lpdmOnlineQueue defaulted to 4.
WARNING: optional parameter lpdmOnlinePause1 defaulted to 0.
WARNING: optional parameter lpdmOnlinePause2 defaulted to 0.
WARNING: optional parameter towerIOSelector defaulted to 0.
WARNING: optional parameter gridFile defaulted to NULL.
WARNING: optional parameter pgfSelector defaulted to 1.
WARNING: optional parameter buoyancySelector defaulted to 1.
WARNING: optional parameter ceilingAdvectionBC defaulted to 0.
WARNING: optional parameter surflayer_stab defaulted to 0.
WARNING: optional parameter surflayer_z0tdyn defaulted to 1.
WARNING: optional parameter surflayer_offshore_visc defaulted to 1.
WARNING: optional parameter canopySelector defaulted to 0.
WARNING: optional parameter cellpertSelector defaulted to 0.
WARNING: optional parameter filter_6thdiff_hori defaulted to 0.
WARNING: optional parameter filter_divdamp defaulted to 0.
WARNING: optional parameter NhydroAuxScalars defaulted to 0.
WARNING: optional parameter physics_oneRKonly defaulted to 1.
Rank 0/1:  [rankXid, rankYid] = [0,0]
mpi_rank_world--0/1 inFile = FE_ACC.0 !!
mpi_rank_world--0/1 Obtaining devices...
Obtaining properties for 1 devices...

mpi_rank_world--0/1 assigned accelerator device 0/1...
Device Number:          0
---------------------------------------------------------------------

__General__
   Name                               : NVIDIA GeForce RTX 4080
   Compute Capability                 : 8.9
   Clock Rate                         : 2535000
   Number of multiprocessors          : 76
   Max Threads/multiprocessor         : 1536
   Concurrent Copy/Execution          : Yes
   Concurrent Kernels                 : 1
   Compute Mode                       : 0
   Kernel Timeout Enabled             : Yes
   Integrated                         : No
   Host Memory Mapping                : Yes

__Configuration__
   Registers/Block                    : 65536
   Warp Size                          : 32
   Max Threads/Block                  : 1024
   Max Block-extent / Dimension       :         1024         1024           64
   Max Grid-extent / Dimension        :   2147483647        65535        65535

__Memory__
   Tot. Global Memory (GB) / (B)      :   15.54803 / 3809673216
   Shared Mem/Block   (GB) / (B)      :    0.00005 / 49152
   Constant Memory    (GB) / (B)      :    0.00006 / 65536
   Max 1-D Texture                    :       131072
   Max 2-D Texture                    :       131072        65536
   Max 3-D Texture                    :        16384        16384        16384
   Texture Alignment  (B)             : 512
   Max Memory pitch                   : 2147483647

mpi_rank_world--0/1 done!
mpi_rank_world--0/1 Assigning threadPerBlock.[xyz]
mpi_rank_world--0/1 done!
Nxp = 122, Nyp = 122, Nzp = 122
****Spatial loop-index Mins & Maxs ****  (i,j,k)-min = (3,3,3) & (i,j,k)-max = (125,125,125)
Entering hydro_coreInit:------
WARNING: parameter surflayer_qskin_input was not found but was requested for printing.
WARNING: parameter surflayer_offshore_opt was not found but was requested for printing.
WARNING: parameter filter_6thdiff_hori_coeff was not found but was requested for printing.
hydro_coreInit: allocating/registering arrays/fields with IO
hydro_coreInit:hydroFlds[0] = rho stored at 0x736fd7ff8080, has been registered with IO.
hydro_coreInit:hydroFlds[1] = u stored at 0x736fd87f8080, has been registered with IO.
hydro_coreInit:hydroFlds[2] = v stored at 0x736fd8ff8080, has been registered with IO.
hydro_coreInit:hydroFlds[3] = w stored at 0x736fd97f8080, has been registered with IO.
hydro_coreInit:hydroFlds[4] = theta stored at 0x736fd9ff8080, has been registered with IO.
hydro_coreInit:Field = pressure stored at 0x736fd77f7080, has been registered with IO.
hydro_coreInit:sgstkeScalars[0] = TKE_0 stored at 0x736fd47f5080, has been registered with IO.
hydro_coreInit: allocating internal arrays
hydro_coreInit:Field = tskin stored at 0x5e54f369fc80, has been registered with IO.
hydro_coreInit:Field = fricVel stored at 0x5e54f367fb00, has been registered with IO.
hydro_coreInit:Field = htFlux stored at 0x5e54f368fc00, has been registered with IO.
hydro_coreInit:Field = invOblen stored at 0x5e54f36afd00, has been registered with IO.
hydro_coreInit:Field = z0m stored at 0x5e54f36bfe00, has been registered with IO.
hydro_coreInit:Field = z0t stored at 0x5e54f36cfe80, has been registered with IO.
mpi_rank_world--0/1: in timeInit(), simTime_it = 0 and simTime =         0.000000 !
:Variable = time stored at 0x5e54e76b9ad8, has been registered with IO.

## time_test
Description=seed seed_nbl-deep_a015: flat uniform neutral spin-up, z_i target 550 m, base angle 15 deg # ## A description of this input file.
## FEMPI parameters---
numProcsX=1        # ## Number of cores to be used for horizontal domain decomposition in X
numProcsY=1        # ## Number of cores to be used for horizontal domain decomposition in Y
## IO parameters---
ioOutputMode=0     # ## 0: N-to-1 gather and write to a netCDF file, 1:N-to-N writes of FastEddy binary files
inPath=./          # ## Path where initial/restart file is read in from
inFile=FE_ACC.0    # ## name of the input file for coordinate system and initial or restart conditions
outPath=./output/  # ## Path where output files are to be written
outFileBase=FE_SEED # ## Base name of the output file series as in (outFileBase).element-in-series
frqOutput=9720     # ## frequency (in timesteps) at which to produce output; should be an even multiple of NtBatch
towerIOSelector=0  # (DEFAULTED) ## Virtual Tower IO-Selector: 0=off, 1=on 
## FECUDA parameters---
tBx=1              # ## Number of threads in x-dimension.
tBy=2              # ## Number of threads in y-dimension.
tBz=64             # ## Number of threads in z-dimension.
## GRID parameters---
gridFile=          # (DEFAULTED) ## A file containing a complete grid specification
topoFile=          # ## A file containing terrain(surface elevation in meters ASL)
Nx=122             # ## Number of discretised domain elements in the x (zonal) direction.
Ny=122             # ## Number of discretised domain elements in the y (meridional) direction.
Nz=122             # ## Number of discretised domain elements in the z (vertical) direction.
Nh=3               # ## Number of halo cells to be used (dependent on largest stencil extent).
d_xi=30            # ## Computational domain fixed resolution in the 'i' direction.
d_eta=30           # ## Computational domain fixed resolution in the 'j' direction.
d_zeta=24.6914     # ## Computational domain fixed resolution in the 'k' direction.
coordHorizHalos=1  # ## switch to setup coordinate halos as periodic=1 or gradient-following=0.
verticalDeformSwitch=1 # ## switch to use vertical coordinate deformation 0=off, 1=on
verticalDeformFactor=0.346601 # ## deformation factor (0.0=max compression,  1.0=no compression)
verticalDeformQuadCoeff=0 # ## deformation factor (0.0=max compression,  1.0=no compression)
## HYDRO_CORE parameters---
## ----------: HYDRO_CORE Submodule Selectors ---
## ----------: Boundary Conditions Set ---
hydroBCs=2         # ## Selector for hydro BC set. 1= LAD, Dirichlet lateral, ceiling and surface, 2 = periodic-horizontal & ABL-vertical
hydroForcingWrite=0 # ## Switch for writing output of hydroFldsFrhs for prognostic fields. 0 = off, 1=on
hydroSubGridWrite=0 # ## Switch for writing output of Tauij fields. 0 = off, 1=on
hydroForcingLog=0  # ## Switch for logging Frhs summary metrics. 0 = off, 1=on
## ----------: PRESSURE GRADIENT FORCE ---
pgfSelector=1      # (DEFAULTED) ## Pressure Gradient Force (pgf) selector: 0=off, 1=on
## ----------: BUOYANCY ---
buoyancySelector=1 # (DEFAULTED) ## Buoyancy force  selector: 0=off, 1=on
## ----------: CORIOLIS ---
coriolisSelector=1 # ## Corilis force selector: 0= none, 1= horiz. terms, 2= horiz. & vert. terms
coriolisLatitude=42.9572 # ## Characteristic latitude in degrees from equator of the LES domain
## ----------: TURBULENCE ---
turbulenceSelector=1 # ## turbulence scheme selector: 0= none, 1= Lilly/Smagorinsky 
TKESelector=1      # ## Prognostic TKE selector: 0= none, 1= Prognostic, 2= requires canopySelector=1
TKEAdvSelector=3   # ## advection scheme for SGSTKE equation
TKEAdvSelector_b_hyb=0 # ## hybrid advection scheme parameter
c_k=0.1            # ## Lilly model constant used for turbulenceSelector = 1 and TKESelector > 0
## ----------: ADVECTION ---
advectionSelector=3 # ## advection scheme selector: 0=1st-order upwind, 1=3rd-order QUICK, 2=hybrid 3rd-4th order, 3=hybrid 5th-6th order, 4=3rd-order WENO, 5=5th-order WENO, 6=2nd-order centered
ceilingAdvectionBC=0 # (DEFAULTED) ## selector to allow advection through the domain ceiling 1=on, 0=off (w-ceiling = 0)
b_hyb=0            # ## hybrid advection scheme parameter: 0.0= lower-order upwind, 1.0=higher-order centered, 0.0 < b_hyb < 1.0 = hybrid
## ----------: DIFFUSION ---
diffusionSelector=0 # ## diffusivity selector: 0= none, 1= const.
## ----------: SURFACE LAYER ---
surflayerSelector=1 # ## surfacelayer selector: 0=off, 1=surface kinematic heat flux (surflayer_wth), 2=skin temperature rate (surflayer_tr)
surflayer_z0=0.061489 # ## roughness length (momentum) when surflayerSelector > 0
surflayer_z0t=0.01 # ## roughness length (temperature) when surflayerSelector > 0
surflayer_wth=0    # ## kinematic sensible heat flux at the surface when surflayerSelector = 1
surflayer_idealsine=0 # ## selector for idealized sinusoidal surface heat flux or skin temperature forcing: 0= off, 1= on
surflayer_stab=0   # (DEFAULTED) ## exchange coeffcient stability correction selector: 0= on, 1= off
surflayer_z0tdyn=1 # (DEFAULTED) ## dynamic z0t calculation following Zilitinkevich (1995) approach: 0= off, 1= constant Zilitinkevich coeff, 2= variable Zilitinkevich coeff
## ----------: OFFSHORE ROUGHNESS ---
surflayer_offshore=0 # ## offshore selector: 0=off, 1=on
## ----------: CANOPY MODEL ---
canopySelector=0   # (DEFAULTED) ## canopy selector: 0= off, 1= on
## ----------: LARGE-SCALE FORCINGS MODEL ---
lsfSelector=1      # ## large-scale forcings selector: 0= off, 1= on
lsf_w_surf=0       # ## large-scale forcing to w at the first specified level
lsf_w_lev1=0       # ## large-scale forcing w at height 1
lsf_w_lev2=0       # ## large-scale forcing w at height 2
lsf_w_zlev1=550    # ## large-scale forcing w height 1
lsf_w_zlev2=1100   # ## large-scale forcing w height 2
lsf_th_surf=0      # ## large-scale forcing to theta at the first specified level
lsf_th_lev1=0      # ## large-scale forcing theta at height 1
lsf_th_lev2=0      # ## large-scale forcing theta at height 2
lsf_th_zlev1=500   # ## large-scale forcing theta height 1
lsf_th_zlev2=2000  # ## large-scale forcing theta height 2
lsf_qv_surf=-0.0432 # ## large-scale forcing to qv at the first specified level
lsf_qv_lev1=-0.0432 # ## large-scale forcing qv at height 1
lsf_qv_lev2=0      # ## large-scale forcing qv at height 2
lsf_qv_zlev1=300   # ## large-scale forcing qv height 1
lsf_qv_zlev2=500   # ## large-scale forcing qv height 2
lsf_horMnSubTerms=1 # ## large-scale subsidence terms Switch: 0= off, 1= on
lsf_freq=1         # ## large-scale forcing frequency (seconds)
## ----------: MOISTURE ---
moistureSelector=0 # ## moisture selector: 0= off, 1= on
## ----------: EXPLICIT FILTERS ---
filterSelector=1   # ## explicit filter selector: 0=off, 1=on
filter_6thdiff_vert=1 # ## vertical 6th-order filter on w selector: 0=off, 1=on
filter_6thdiff_vert_coeff=0.03 # ## vertical 6th-order filter factor: 0.0=off, 1.0=full
filter_6thdiff_hori=0 # (DEFAULTED) ## horizontal 6th-order filter on rho,theta,qv selector: 0=off, 1=on
filter_divdamp=0   # (DEFAULTED) ## divergence damping selector: 0=off, 1=on
## ----------: CELL PERTURBATION METHOD ---
cellpertSelector=0 # (DEFAULTED) ## CP method selector: 0= off, 1= on
## ----------: RAYLEIGH DAMPING LAYER ---
dampingLayerSelector=1 # ## Rayleigh damping layer selector: 0= off, 1= on.
dampingLayerDepth=500 # ## Rayleigh damping layer depth in meters
## ----------: AUXILIARY SCALARS ---
NhydroAuxScalars=0 # (DEFAULTED) ## Number of prognostic auxiliary scalar fields
## ----------: BASE-STATE ---
stabilityScheme=2  # ## Scheme used to set hydrostatic, stability-dependent Base-State EOS fields
temp_grnd=298.012  # ## Air Temperature (K) at the ground used to set hydrostatic Base-State EOS fields
pres_grnd=97700    # ## Pressure (Pa) at the ground used to set hydrostatic Base-State EOS fields
zStableBottom=550  # ## Height (m) of the first stable upper-layer when stabilityScheme = 2
stableGradient=0.08 # ## Vertical gradient (K/m) of the first stable upper-layer when stabilityScheme = 2
zStableBottom2=650 # ## Height (m) of the second stable upper-layer when stabilityScheme = 2
zStableBottom3=20000 # ## Height (m) of the third stable upper-layer when stabilityScheme = 2
stableGradient2=0.004 # ## Vertical gradient (K/m) of the second stable upper-layer when stabilityScheme = 2
stableGradient3=0.004 # ## Vertical gradient (K/m) of the third stable upper-layer when stabilityScheme = 2
U_g=11.5911        # ## Zonal (West-East) component of the geostrophic wind (m/s).
V_g=3.10583        # ## Meridional (South-North) component of the geostrophic wind (m/s).
z_Ug=10000         # ## Height (m) above ground for linear geostrophic wind gradient (zonal component).
z_Vg=10000         # ## Height (m) above ground for linear geostrophic wind gradient (meridional component).
Ug_grad=0          # ## U_g gradient above z_Ug (ms-1/m).
Vg_grad=0          # ## V_g gradient above z_Vg (ms-1/m).
thetaPerturbationSwitch=1 # ## Switch to include initial theta perturbations: 0=off, 1=on
thetaHeight=300    # ## Height below which to include initial theta perturbations: (meters)
thetaAmplitude=0.25 # ## Maximum amplitude for theta perturbations: thetaAmplitude*[-1,+1] K
physics_oneRKonly=1 # (DEFAULTED) ## selector to apply physics RHS forcing only at the latest RK stage: 0= off, 1= on
## TIME_INTEGRATION parameters---
timeMethod=0       # ## Selector for time integration method. [0=RK3-WS2002 (default)]
Nt=340200          # ## Number of timesteps to perform.
dt=0.0308642       # ## timestep resolution in seconds.
NtBatch=9720       # ## Number of timesteps to compute in batch launch, must have NtBatch <= Nt.

moistureMPcallTscale = 1.0   # NOT VALIDATED
c_s = 0.18   # NOT VALIDATED
nu_0 = 0.0   # NOT VALIDATED
moistureCond = 3   # NOT VALIDATED
moistureAdvSelectorQi = 2   # NOT VALIDATED
moistureAdvSelectorQv = 2   # NOT VALIDATED
surflayer_qr = 0.0   # NOT VALIDATED
surflayer_tr = -0.0   # NOT VALIDATED
surflayer_wq = 0.0   # NOT VALIDATED
moistureNvars = 2   # NOT VALIDATED
moistureCondTscale = 1.0   # NOT VALIDATED
moistureAdvSelectorQv_b = 0.0   # NOT VALIDATED
surflayer_ideal_qamp = 2.0   # NOT VALIDATED
surflayer_ideal_amp = 4.0   # NOT VALIDATED
surflayer_ideal_qte = 10.0   # NOT VALIDATED
surflayer_ideal_qts = 1.75   # NOT VALIDATED
surflayer_ideal_te = 43200   # NOT VALIDATED
surflayer_ideal_ts = 0.0   # NOT VALIDATED
moistureCondBasePres = 1   # NOT VALIDATED
moistureSGSturb = 1   # NOT VALIDATED
Input parameters passed verification.
Reading coordinates and input conditions from FE_ACC.0
Attempting to open inFileName = ./FE_ACC.0
inFileName = ./FE_ACC.0 as 4 dimensions
Opened inFileName = ./FE_ACC.0 with ncid = 65536
Established dimension ids of xIndex,yIndex,zIndex = 3, 2, 1
Reading IO-registered variable fields from inFileName = ./FE_ACC.0
Checking for xPos...
Next registered var in list to get is ptr->name = xPos, from ptr->ncvarid = 3
nc_get_vara() for  ptr->name = xPos, from ptr-ncvarid = 3,
 into ioBuffField = 0x0x7370000d5010, for transpose into field = 0x0x736ff57ff080 
Variable field = xPos has nDims = 4
Variable field = xPos has dimid(0) = 0: start, count => 0, 1
Variable field = xPos has dimid(1) = 1: start, count => 0, 122
Variable field = xPos has dimid(2) = 2: start, count => 0, 122
Variable field = xPos has dimid(3) = 3: start, count => 0, 122
Attempting for field = xPos with start = 0,0,0,0 and count = 1,122,122,122
Checking for yPos...
Next registered var in list to get is ptr->name = yPos, from ptr->ncvarid = 4
nc_get_vara() for  ptr->name = yPos, from ptr-ncvarid = 4,
 into ioBuffField = 0x0x7370000d5010, for transpose into field = 0x0x736ff4ffe080 
Variable field = yPos has nDims = 4
Variable field = yPos has dimid(0) = 0: start, count => 0, 1
Variable field = yPos has dimid(1) = 1: start, count => 0, 122
Variable field = yPos has dimid(2) = 2: start, count => 0, 122
Variable field = yPos has dimid(3) = 3: start, count => 0, 122
Attempting for field = yPos with start = 0,0,0,0 and count = 1,122,122,122
Checking for zPos...
Next registered var in list to get is ptr->name = zPos, from ptr->ncvarid = 5
nc_get_vara() for  ptr->name = zPos, from ptr-ncvarid = 5,
 into ioBuffField = 0x0x7370000d5010, for transpose into field = 0x0x736ff47fd080 
Variable field = zPos has nDims = 4
Variable field = zPos has dimid(0) = 0: start, count => 0, 1
Variable field = zPos has dimid(1) = 1: start, count => 0, 122
Variable field = zPos has dimid(2) = 2: start, count => 0, 122
Variable field = zPos has dimid(3) = 3: start, count => 0, 122
Attempting for field = zPos with start = 0,0,0,0 and count = 1,122,122,122
Checking for topoPos...
Next registered var in list to get is ptr->name = topoPos, from ptr->ncvarid = 6
nc_get_vara() for  ptr->name = topoPos, from ptr-ncvarid = 6,
 into ioBuffField = 0x0x7370000d5010, for transpose into field = 0x0x5e54f3603580 
Variable field = topoPos has nDims = 3
Variable field = topoPos has dimid(0) = 0: start, count => 0, 1
Variable field = topoPos has dimid(1) = 2: start, count => 0, 122
Variable field = topoPos has dimid(2) = 3: start, count => 0, 0
Attempting for field = topoPos with start = 0,0,0,0 and count = 1,122,122,0
Checking for lat...
Next registered var in list to get is ptr->name = lat, from ptr->ncvarid = 7
nc_get_vara() for  ptr->name = lat, from ptr-ncvarid = 7,
 into ioBuffField = 0x0x7370000d5010, for transpose into field = 0x0x5e54f3626200 
Variable field = lat has nDims = 3
Variable field = lat has dimid(0) = 0: start, count => 0, 1
Variable field = lat has dimid(1) = 2: start, count => 0, 122
Variable field = lat has dimid(2) = 3: start, count => 0, 0
Attempting for field = lat with start = 0,0,0,0 and count = 1,122,122,0
Checking for lon...
Next registered var in list to get is ptr->name = lon, from ptr->ncvarid = 8
nc_get_vara() for  ptr->name = lon, from ptr-ncvarid = 8,
 into ioBuffField = 0x0x7370000d5010, for transpose into field = 0x0x5e54f3636280 
Variable field = lon has nDims = 3
Variable field = lon has dimid(0) = 0: start, count => 0, 1
Variable field = lon has dimid(1) = 2: start, count => 0, 122
Variable field = lon has dimid(2) = 3: start, count => 0, 0
Attempting for field = lon with start = 0,0,0,0 and count = 1,122,122,0
Checking for rho...
Next registered var in list to get is ptr->name = rho, from ptr->ncvarid = 9
nc_get_vara() for  ptr->name = rho, from ptr-ncvarid = 9,
 into ioBuffField = 0x0x7370000d5010, for transpose into field = 0x0x736fd7ff8080 
Variable field = rho has nDims = 4
Variable field = rho has dimid(0) = 0: start, count => 0, 1
Variable field = rho has dimid(1) = 1: start, count => 0, 122
Variable field = rho has dimid(2) = 2: start, count => 0, 122
Variable field = rho has dimid(3) = 3: start, count => 0, 122
Attempting for field = rho with start = 0,0,0,0 and count = 1,122,122,122
Checking for u...
Next registered var in list to get is ptr->name = u, from ptr->ncvarid = 10
nc_get_vara() for  ptr->name = u, from ptr-ncvarid = 10,
 into ioBuffField = 0x0x7370000d5010, for transpose into field = 0x0x736fd87f8080 
Variable field = u has nDims = 4
Variable field = u has dimid(0) = 0: start, count => 0, 1
Variable field = u has dimid(1) = 1: start, count => 0, 122
Variable field = u has dimid(2) = 2: start, count => 0, 122
Variable field = u has dimid(3) = 3: start, count => 0, 122
Attempting for field = u with start = 0,0,0,0 and count = 1,122,122,122
Checking for v...
Next registered var in list to get is ptr->name = v, from ptr->ncvarid = 11
nc_get_vara() for  ptr->name = v, from ptr-ncvarid = 11,
 into ioBuffField = 0x0x7370000d5010, for transpose into field = 0x0x736fd8ff8080 
Variable field = v has nDims = 4
Variable field = v has dimid(0) = 0: start, count => 0, 1
Variable field = v has dimid(1) = 1: start, count => 0, 122
Variable field = v has dimid(2) = 2: start, count => 0, 122
Variable field = v has dimid(3) = 3: start, count => 0, 122
Attempting for field = v with start = 0,0,0,0 and count = 1,122,122,122
Checking for w...
Next registered var in list to get is ptr->name = w, from ptr->ncvarid = 12
nc_get_vara() for  ptr->name = w, from ptr-ncvarid = 12,
 into ioBuffField = 0x0x7370000d5010, for transpose into field = 0x0x736fd97f8080 
Variable field = w has nDims = 4
Variable field = w has dimid(0) = 0: start, count => 0, 1
Variable field = w has dimid(1) = 1: start, count => 0, 122
Variable field = w has dimid(2) = 2: start, count => 0, 122
Variable field = w has dimid(3) = 3: start, count => 0, 122
Attempting for field = w with start = 0,0,0,0 and count = 1,122,122,122
Checking for theta...
Next registered var in list to get is ptr->name = theta, from ptr->ncvarid = 13
nc_get_vara() for  ptr->name = theta, from ptr-ncvarid = 13,
 into ioBuffField = 0x0x7370000d5010, for transpose into field = 0x0x736fd9ff8080 
Variable field = theta has nDims = 4
Variable field = theta has dimid(0) = 0: start, count => 0, 1
Variable field = theta has dimid(1) = 1: start, count => 0, 122
Variable field = theta has dimid(2) = 2: start, count => 0, 122
Variable field = theta has dimid(3) = 3: start, count => 0, 122
Attempting for field = theta with start = 0,0,0,0 and count = 1,122,122,122
Checking for pressure...
Next registered var in list to get is ptr->name = pressure, from ptr->ncvarid = 14
nc_get_vara() for  ptr->name = pressure, from ptr-ncvarid = 14,
 into ioBuffField = 0x0x7370000d5010, for transpose into field = 0x0x736fd77f7080 
Variable field = pressure has nDims = 4
Variable field = pressure has dimid(0) = 0: start, count => 0, 1
Variable field = pressure has dimid(1) = 1: start, count => 0, 122
Variable field = pressure has dimid(2) = 2: start, count => 0, 122
Variable field = pressure has dimid(3) = 3: start, count => 0, 122
Attempting for field = pressure with start = 0,0,0,0 and count = 1,122,122,122
Checking for TKE_0...
Next registered var in list to get is ptr->name = TKE_0, from ptr->ncvarid = 15
nc_get_vara() for  ptr->name = TKE_0, from ptr-ncvarid = 15,
 into ioBuffField = 0x0x7370000d5010, for transpose into field = 0x0x736fd47f5080 
Variable field = TKE_0 has nDims = 4
Variable field = TKE_0 has dimid(0) = 0: start, count => 0, 1
Variable field = TKE_0 has dimid(1) = 1: start, count => 0, 122
Variable field = TKE_0 has dimid(2) = 2: start, count => 0, 122
Variable field = TKE_0 has dimid(3) = 3: start, count => 0, 122
Attempting for field = TKE_0 with start = 0,0,0,0 and count = 1,122,122,122
Checking for tskin...
Next registered var in list to get is ptr->name = tskin, from ptr->ncvarid = 16
nc_get_vara() for  ptr->name = tskin, from ptr-ncvarid = 16,
 into ioBuffField = 0x0x7370000d5010, for transpose into field = 0x0x5e54f369fc80 
Variable field = tskin has nDims = 3
Variable field = tskin has dimid(0) = 0: start, count => 0, 1
Variable field = tskin has dimid(1) = 2: start, count => 0, 122
Variable field = tskin has dimid(2) = 3: start, count => 0, 0
Attempting for field = tskin with start = 0,0,0,0 and count = 1,122,122,0
Checking for fricVel...
Next registered var in list to get is ptr->name = fricVel, from ptr->ncvarid = 17
nc_get_vara() for  ptr->name = fricVel, from ptr-ncvarid = 17,
 into ioBuffField = 0x0x7370000d5010, for transpose into field = 0x0x5e54f367fb00 
Variable field = fricVel has nDims = 3
Variable field = fricVel has dimid(0) = 0: start, count => 0, 1
Variable field = fricVel has dimid(1) = 2: start, count => 0, 122
Variable field = fricVel has dimid(2) = 3: start, count => 0, 0
Attempting for field = fricVel with start = 0,0,0,0 and count = 1,122,122,0
Checking for htFlux...
Next registered var in list to get is ptr->name = htFlux, from ptr->ncvarid = 18
nc_get_vara() for  ptr->name = htFlux, from ptr-ncvarid = 18,
 into ioBuffField = 0x0x7370000d5010, for transpose into field = 0x0x5e54f368fc00 
Variable field = htFlux has nDims = 3
Variable field = htFlux has dimid(0) = 0: start, count => 0, 1
Variable field = htFlux has dimid(1) = 2: start, count => 0, 122
Variable field = htFlux has dimid(2) = 3: start, count => 0, 0
Attempting for field = htFlux with start = 0,0,0,0 and count = 1,122,122,0
Checking for invOblen...
Next registered var in list to get is ptr->name = invOblen, from ptr->ncvarid = 19
nc_get_vara() for  ptr->name = invOblen, from ptr-ncvarid = 19,
 into ioBuffField = 0x0x7370000d5010, for transpose into field = 0x0x5e54f36afd00 
Variable field = invOblen has nDims = 3
Variable field = invOblen has dimid(0) = 0: start, count => 0, 1
Variable field = invOblen has dimid(1) = 2: start, count => 0, 122
Variable field = invOblen has dimid(2) = 3: start, count => 0, 0
Attempting for field = invOblen with start = 0,0,0,0 and count = 1,122,122,0
Checking for z0m...
Next registered var in list to get is ptr->name = z0m, from ptr->ncvarid = 20
nc_get_vara() for  ptr->name = z0m, from ptr-ncvarid = 20,
 into ioBuffField = 0x0x7370000d5010, for transpose into field = 0x0x5e54f36bfe00 
Variable field = z0m has nDims = 3
Variable field = z0m has dimid(0) = 0: start, count => 0, 1
Variable field = z0m has dimid(1) = 2: start, count => 0, 122
Variable field = z0m has dimid(2) = 3: start, count => 0, 0
Attempting for field = z0m with start = 0,0,0,0 and count = 1,122,122,0
Checking for z0t...
Next registered var in list to get is ptr->name = z0t, from ptr->ncvarid = 21
nc_get_vara() for  ptr->name = z0t, from ptr-ncvarid = 21,
 into ioBuffField = 0x0x7370000d5010, for transpose into field = 0x0x5e54f36cfe80 
Variable field = z0t has nDims = 3
Variable field = z0t has dimid(0) = 0: start, count => 0, 1
Variable field = z0t has dimid(1) = 2: start, count => 0, 122
Variable field = z0t has dimid(2) = 3: start, count => 0, 0
Attempting for field = z0t with start = 0,0,0,0 and count = 1,122,122,0
Checking for time...
Next registered var in list to get is ptr->name = time, from ptr->ncvarid = 22
nc_get_vara() for  ptr->name = time, from ptr-ncvarid = 22,
 into ioBuffField = 0x0x7370000d5010, for transpose into field = 0x0x5e54e76b9ad8 
Variable field = time has nDims = 1
Variable field = time has dimid(0) = 0: start, count => 0, 1
Attempting for field = time with start = 0,0,0,0 and count = 1,122,122,0
Done Reading IO-registered variable fields from inFileName = ./FE_ACC.0
Success in reading from inFileName = ./FE_ACC.0
mpi_rank_world--0/1 grid-Coord-gen(), else-coordHorizHalos = 1!
mpi_rank_world--0/1 coordHalos, Western-Eastern Boundaries!
mpi_rank_world--0/1 coordHalos, Southern-Northern Boundaries!
stabilityScheme == 2: Base State setup complete.
Rank 0/1: Profile preparations complete!
cuda_gridDeviceSetup:-- (i,j,k)Min, ()Max = (3,3,3), (125,125,125)
fecuda_SetBlocksPerGrid: tBlock = {1, 2, 64}
fecuda_SetBlocksPerGrid: grid = {128, 64, 2}
lsf_horMnSubTerms = 1, setting up for 5 phi-fields.cuda_hydroCoreDeviceSetup() complete.
cuda_towersDeviceSetup: NelemsTowers = -452147392, NelemsTowersSurf = 0
0/1 cuda_hydroCoreDeviceSecondaryStageSetup(): BdyUpdateSteps = 0 
Initializations complete after   0.5573 (s).
Main Time: Advancing simulation timestep = 0... and time =    0.00000

_____________________#######_________  STATE-SUMMARY @ it = 0 _________#######____________________ 

			!!!!!	  HYDRO_CORE 	 !!!!! 
Field 	|	 max	     --(i,j,k)		 |	  min	     --(i,j,k)		 |	 mean
---------------------------------------------------------------------------------------------------------
********-----
 Model Fields -
 ********-----
rho	Rank 0/1:       1.14059961 	 (31,64,3)	 |        0.84089929 	 (87,110,124)	 |       1.03103793 
-----
u	Rank 0/1:      12.37535000 	 (29,16,53)	 |        3.59807992 	 (20,123,3)	 |      10.91651630 
-----
v	Rank 0/1:       5.34643126 	 (79,109,6)	 |       -0.41670576 	 (82,111,27)	 |       2.96371174 
-----
w	Rank 0/1:       3.40658450 	 (108,85,28)	 |       -2.05781174 	 (121,91,23)	 |       0.00009367 
-----
theta	Rank 0/1:     317.40118408 	 (87,110,124)	 |      299.84918213 	 (77,79,53)	 |     307.57104492 
-----
press	Rank 0/1:      21.58593750 	 (26,18,53)	 |        8.78906250 	 (123,22,8)	 |      16.83693123 
-----
TKE_0	Rank 0/1:       1.61413157 	 (107,19,4)	 |        0.00000000 	 (46,59,7)	 |       0.03970997 
Dumping state at timestep = 0...
Dumped state at timestep = 0...
Rank 0/1: Batch complete results sent via cudaMemcpyDeviceToHost.

			!!!!!	  TIMESTEP PERFORMANCE  	 !!!!! 
 Total Time (s) | Batch Steps 	| Time/step (s) | Comp./step (s) | IO Time (s)
---------------------------------------------------------------------------------------------------------
   144.2124 	|     9720 	|    0.0148 	|    0.0148 	 |   0.200838 

********************************************************************************************************
Main Time: Advancing simulation timestep = 9720... and time =  300.00003

_____________________#######_________  STATE-SUMMARY @ it = 9720 _________#######____________________ 

			!!!!!	  HYDRO_CORE 	 !!!!! 
Field 	|	 max	     --(i,j,k)		 |	  min	     --(i,j,k)		 |	 mean
---------------------------------------------------------------------------------------------------------
********-----
 Model Fields -
 ********-----
rho	Rank 0/1:       1.14111769 	 (51,109,3)	 |        0.84089625 	 (113,107,124)	 |       1.03102636 
-----
u	Rank 0/1:      12.28548717 	 (90,117,53)	 |        3.34057379 	 (62,56,3)	 |      10.86227512 
-----
v	Rank 0/1:       5.36908245 	 (86,123,52)	 |        0.05001805 	 (74,26,41)	 |       2.96766829 
-----
w	Rank 0/1:       2.87591982 	 (123,34,43)	 |       -1.96637547 	 (102,124,29)	 |       0.00002923 
-----
theta	Rank 0/1:     317.40093994 	 (87,93,124)	 |      299.72793579 	 (61,25,54)	 |     307.55984497 
-----
press	Rank 0/1:      21.12500000 	 (68,28,53)	 |       10.23437500 	 (94,115,22)	 |      16.31864738 
-----
TKE_0	Rank 0/1:       1.52454197 	 (54,113,4)	 |        0.00000000 	 (22,10,7)	 |       0.03653519 
Dumping state at timestep = 9720...
Dumped state at timestep = 9720...
Rank 0/1: Batch complete results sent via cudaMemcpyDeviceToHost.

			!!!!!	  TIMESTEP PERFORMANCE  	 !!!!! 
 Total Time (s) | Batch Steps 	| Time/step (s) | Comp./step (s) | IO Time (s)
---------------------------------------------------------------------------------------------------------
   144.1597 	|     9720 	|    0.0148 	|    0.0148 	 |   0.156259 

********************************************************************************************************
Main Time: Advancing simulation timestep = 19440... and time =  600.00006

_____________________#######_________  STATE-SUMMARY @ it = 19440 _________#######____________________ 

			!!!!!	  HYDRO_CORE 	 !!!!! 
Field 	|	 max	     --(i,j,k)		 |	  min	     --(i,j,k)		 |	 mean
---------------------------------------------------------------------------------------------------------
********-----
 Model Fields -
 ********-----
rho	Rank 0/1:       1.14105046 	 (113,82,3)	 |        0.84089226 	 (107,16,124)	 |       1.03104317 
-----
u	Rank 0/1:      12.12510681 	 (61,13,55)	 |        3.45573282 	 (51,55,3)	 |      10.81054401 
-----
v	Rank 0/1:       5.15951729 	 (123,45,25)	 |        0.23837368 	 (93,107,14)	 |       2.97387815 
-----
w	Rank 0/1:       2.57235861 	 (22,80,43)	 |       -1.76801884 	 (55,42,38)	 |       0.00001736 
-----
theta	Rank 0/1:     317.40148926 	 (107,16,124)	 |      299.78347778 	 (89,16,54)	 |     307.55828857 
-----
press	Rank 0/1:      20.06250000 	 (43,26,53)	 |        9.56250000 	 (95,36,8)	 |      15.91626263 
-----
TKE_0	Rank 0/1:       1.30970049 	 (109,3,4)	 |        0.00000000 	 (57,7,7)	 |       0.03437069 
Dumping state at timestep = 19440...
Dumped state at timestep = 19440...
Rank 0/1: Batch complete results sent via cudaMemcpyDeviceToHost.

			!!!!!	  TIMESTEP PERFORMANCE  	 !!!!! 
 Total Time (s) | Batch Steps 	| Time/step (s) | Comp./step (s) | IO Time (s)
---------------------------------------------------------------------------------------------------------
   144.1062 	|     9720 	|    0.0148 	|    0.0148 	 |   0.152476 

********************************************************************************************************
Main Time: Advancing simulation timestep = 29160... and time =  900.00006

_____________________#######_________  STATE-SUMMARY @ it = 29160 _________#######____________________ 

			!!!!!	  HYDRO_CORE 	 !!!!! 
Field 	|	 max	     --(i,j,k)		 |	  min	     --(i,j,k)		 |	 mean
---------------------------------------------------------------------------------------------------------
********-----
 Model Fields -
 ********-----
rho	Rank 0/1:       1.14098024 	 (87,84,3)	 |        0.84088993 	 (75,32,124)	 |       1.03104556 
-----
u	Rank 0/1:      12.00442600 	 (24,119,58)	 |        3.18812513 	 (72,19,3)	 |      10.76119995 
-----
v	Rank 0/1:       5.05527496 	 (88,73,23)	 |        0.17322716 	 (47,7,10)	 |       2.98166251 
-----
w	Rank 0/1:       2.05251384 	 (97,29,38)	 |       -1.68634796 	 (12,16,19)	 |       0.00000592 
-----
theta	Rank 0/1:     317.40136719 	 (75,32,124)	 |      299.86657715 	 (110,37,53)	 |     307.55789185 
-----
press	Rank 0/1:      19.54687500 	 (72,121,53)	 |       10.48437500 	 (88,98,14)	 |      15.62232494 
-----
TKE_0	Rank 0/1:       1.29660010 	 (18,14,4)	 |        0.00000000 	 (45,3,9)	 |       0.03159695 
Dumping state at timestep = 29160...
Dumped state at timestep = 29160...
Rank 0/1: Batch complete results sent via cudaMemcpyDeviceToHost.

			!!!!!	  TIMESTEP PERFORMANCE  	 !!!!! 
 Total Time (s) | Batch Steps 	| Time/step (s) | Comp./step (s) | IO Time (s)
---------------------------------------------------------------------------------------------------------
   144.1572 	|     9720 	|    0.0148 	|    0.0148 	 |   0.155937 

********************************************************************************************************
Main Time: Advancing simulation timestep = 38880... and time = 1200.00012

_____________________#######_________  STATE-SUMMARY @ it = 38880 _________#######____________________ 

			!!!!!	  HYDRO_CORE 	 !!!!! 
Field 	|	 max	     --(i,j,k)		 |	  min	     --(i,j,k)		 |	 mean
---------------------------------------------------------------------------------------------------------
********-----
 Model Fields -
 ********-----
rho	Rank 0/1:       1.14094234 	 (44,109,3)	 |        0.84088665 	 (68,63,124)	 |       1.03107655 
-----
u	Rank 0/1:      11.91929913 	 (24,88,58)	 |        2.78080106 	 (67,57,3)	 |      10.71274090 
-----
v	Rank 0/1:       4.83707762 	 (74,13,17)	 |       -0.02986932 	 (11,80,12)	 |       2.99195480 
-----
w	Rank 0/1:       1.80895782 	 (87,106,36)	 |       -1.57486975 	 (49,23,28)	 |       0.00000227 
-----
theta	Rank 0/1:     317.40185547 	 (68,63,124)	 |      299.81866455 	 (88,68,53)	 |     307.55148315 
-----
press	Rank 0/1:      19.10937500 	 (4,54,53)	 |        9.86718750 	 (22,88,7)	 |      15.38883972 
-----
TKE_0	Rank 0/1:       1.10628307 	 (20,119,6)	 |        0.00000000 	 (20,103,9)	 |       0.02970177 
Dumping state at timestep = 38880...
Dumped state at timestep = 38880...
Rank 0/1: Batch complete results sent via cudaMemcpyDeviceToHost.

			!!!!!	  TIMESTEP PERFORMANCE  	 !!!!! 
 Total Time (s) | Batch Steps 	| Time/step (s) | Comp./step (s) | IO Time (s)
---------------------------------------------------------------------------------------------------------
   143.7223 	|     9720 	|    0.0148 	|    0.0148 	 |   0.158328 

********************************************************************************************************
Main Time: Advancing simulation timestep = 48600... and time = 1500.00012

_____________________#######_________  STATE-SUMMARY @ it = 48600 _________#######____________________ 

			!!!!!	  HYDRO_CORE 	 !!!!! 
Field 	|	 max	     --(i,j,k)		 |	  min	     --(i,j,k)		 |	 mean
---------------------------------------------------------------------------------------------------------
********-----
 Model Fields -
 ********-----
rho	Rank 0/1:       1.14090109 	 (105,16,3)	 |        0.84088689 	 (68,104,124)	 |       1.03110778 
-----
u	Rank 0/1:      11.92151928 	 (43,10,54)	 |        2.47726512 	 (124,119,3)	 |      10.66404533 
-----
v	Rank 0/1:       5.00675631 	 (39,44,21)	 |        0.08704957 	 (91,104,11)	 |       3.00155520 
-----
w	Rank 0/1:       1.98956919 	 (89,52,25)	 |       -1.61947584 	 (12,6,15)	 |      -0.00000282 
-----
theta	Rank 0/1:     317.40130615 	 (55,118,124)	 |      300.04910278 	 (7,113,52)	 |     307.55285645 
-----
press	Rank 0/1:      18.81250000 	 (99,84,53)	 |        9.25000000 	 (124,123,18)	 |      15.18195248 
-----
TKE_0	Rank 0/1:       1.33180487 	 (103,122,4)	 |        0.00000000 	 (100,58,8)	 |       0.02851000 
Dumping state at timestep = 48600...
Dumped state at timestep = 48600...
Rank 0/1: Batch complete results sent via cudaMemcpyDeviceToHost.

			!!!!!	  TIMESTEP PERFORMANCE  	 !!!!! 
 Total Time (s) | Batch Steps 	| Time/step (s) | Comp./step (s) | IO Time (s)
---------------------------------------------------------------------------------------------------------
   144.1612 	|     9720 	|    0.0148 	|    0.0148 	 |   0.159780 

********************************************************************************************************
Main Time: Advancing simulation timestep = 58320... and time = 1800.00012

_____________________#######_________  STATE-SUMMARY @ it = 58320 _________#######____________________ 

			!!!!!	  HYDRO_CORE 	 !!!!! 
Field 	|	 max	     --(i,j,k)		 |	  min	     --(i,j,k)		 |	 mean
---------------------------------------------------------------------------------------------------------
********-----
 Model Fields -
 ********-----
rho	Rank 0/1:       1.14086819 	 (47,41,3)	 |        0.84088415 	 (48,53,124)	 |       1.03108108 
-----
u	Rank 0/1:      11.88925934 	 (28,39,59)	 |        2.63909411 	 (89,101,3)	 |      10.62247467 
-----
v	Rank 0/1:       4.80385542 	 (117,67,12)	 |       -0.33658314 	 (76,17,19)	 |       3.01397753 
-----
w	Rank 0/1:       2.00068474 	 (85,28,25)	 |       -1.56503332 	 (71,15,14)	 |      -0.00000583 
-----
theta	Rank 0/1:     317.40164185 	 (48,53,124)	 |      300.15539551 	 (14,51,52)	 |     307.55877686 
-----
press	Rank 0/1:      18.66406250 	 (49,116,53)	 |        8.35937500 	 (58,16,10)	 |      14.98552227 
-----
TKE_0	Rank 0/1:       1.18570328 	 (78,28,4)	 |        0.00000000 	 (33,111,9)	 |       0.02698222 
Dumping state at timestep = 58320...
Dumped state at timestep = 58320...
Rank 0/1: Batch complete results sent via cudaMemcpyDeviceToHost.

			!!!!!	  TIMESTEP PERFORMANCE  	 !!!!! 
 Total Time (s) | Batch Steps 	| Time/step (s) | Comp./step (s) | IO Time (s)
---------------------------------------------------------------------------------------------------------
   144.1489 	|     9720 	|    0.0148 	|    0.0148 	 |   0.152744 

********************************************************************************************************
Main Time: Advancing simulation timestep = 68040... and time = 2100.00024

_____________________#######_________  STATE-SUMMARY @ it = 68040 _________#######____________________ 

			!!!!!	  HYDRO_CORE 	 !!!!! 
Field 	|	 max	     --(i,j,k)		 |	  min	     --(i,j,k)		 |	 mean
---------------------------------------------------------------------------------------------------------
********-----
 Model Fields -
 ********-----
rho	Rank 0/1:       1.14084327 	 (13,65,3)	 |        0.84088290 	 (43,84,124)	 |       1.03108191 
-----
u	Rank 0/1:      11.89816380 	 (23,42,59)	 |        2.69954681 	 (7,37,3)	 |      10.57649803 
-----
v	Rank 0/1:       4.54563046 	 (94,105,15)	 |        0.43350422 	 (32,118,14)	 |       3.02779961 
-----
w	Rank 0/1:       1.66491926 	 (117,21,27)	 |       -1.34818304 	 (32,85,15)	 |      -0.00000739 
-----
theta	Rank 0/1:     317.40155029 	 (43,84,124)	 |      300.18258667 	 (17,77,52)	 |     307.55303955 
-----
press	Rank 0/1:      18.38281250 	 (22,39,53)	 |        9.83593750 	 (40,47,10)	 |      14.79893017 
-----
TKE_0	Rank 0/1:       1.04479432 	 (15,79,4)	 |        0.00000000 	 (46,94,10)	 |       0.02559892 
Dumping state at timestep = 68040...
Dumped state at timestep = 68040...
Rank 0/1: Batch complete results sent via cudaMemcpyDeviceToHost.

			!!!!!	  TIMESTEP PERFORMANCE  	 !!!!! 
 Total Time (s) | Batch Steps 	| Time/step (s) | Comp./step (s) | IO Time (s)
---------------------------------------------------------------------------------------------------------
   144.1277 	|     9720 	|    0.0148 	|    0.0148 	 |   0.154751 

********************************************************************************************************
Main Time: Advancing simulation timestep = 77760... and time = 2400.00024

_____________________#######_________  STATE-SUMMARY @ it = 77760 _________#######____________________ 

			!!!!!	  HYDRO_CORE 	 !!!!! 
Field 	|	 max	     --(i,j,k)		 |	  min	     --(i,j,k)		 |	 mean
---------------------------------------------------------------------------------------------------------
********-----
 Model Fields -
 ********-----
rho	Rank 0/1:       1.14083767 	 (38,82,3)	 |        0.84088141 	 (49,74,124)	 |       1.03111875 
-----
u	Rank 0/1:      11.81887531 	 (71,107,59)	 |        2.80566263 	 (37,118,3)	 |      10.53439713 
-----
v	Rank 0/1:       4.52606773 	 (54,120,11)	 |        0.44892955 	 (77,58,3)	 |       3.04292798 
-----
w	Rank 0/1:       1.44919729 	 (74,47,39)	 |       -1.45516145 	 (123,75,12)	 |      -0.00000774 
-----
theta	Rank 0/1:     317.40164185 	 (49,74,124)	 |      300.17498779 	 (109,111,51)	 |     307.55557251 
-----
press	Rank 0/1:      18.10937500 	 (114,73,53)	 |        9.74218750 	 (121,76,8)	 |      14.61873913 
-----
TKE_0	Rank 0/1:       0.97675246 	 (85,66,4)	 |        0.00000000 	 (42,117,11)	 |       0.02418688 
Dumping state at timestep = 77760...
Dumped state at timestep = 77760...
Rank 0/1: Batch complete results sent via cudaMemcpyDeviceToHost.

			!!!!!	  TIMESTEP PERFORMANCE  	 !!!!! 
 Total Time (s) | Batch Steps 	| Time/step (s) | Comp./step (s) | IO Time (s)
---------------------------------------------------------------------------------------------------------
   144.1281 	|     9720 	|    0.0148 	|    0.0148 	 |   0.160608 

********************************************************************************************************
Main Time: Advancing simulation timestep = 87480... and time = 2700.00024

_____________________#######_________  STATE-SUMMARY @ it = 87480 _________#######____________________ 

			!!!!!	  HYDRO_CORE 	 !!!!! 
Field 	|	 max	     --(i,j,k)		 |	  min	     --(i,j,k)		 |	 mean
---------------------------------------------------------------------------------------------------------
********-----
 Model Fields -
 ********-----
rho	Rank 0/1:       1.14082754 	 (94,99,3)	 |        0.84087944 	 (65,124,124)	 |       1.03114748 
-----
u	Rank 0/1:      11.80923843 	 (47,124,58)	 |        2.71985221 	 (88,96,3)	 |      10.49952412 
-----
v	Rank 0/1:       4.71230888 	 (106,25,10)	 |       -0.11236378 	 (111,23,3)	 |       3.05981278 
-----
w	Rank 0/1:       1.32387042 	 (39,28,25)	 |       -1.47366118 	 (110,25,9)	 |      -0.00000865 
-----
theta	Rank 0/1:     317.40167236 	 (66,124,124)	 |      300.14007568 	 (50,16,52)	 |     307.56173706 
-----
press	Rank 0/1:      17.96093750 	 (84,105,53)	 |        7.49218750 	 (111,23,8)	 |      14.43223476 
-----
TKE_0	Rank 0/1:       0.92603397 	 (58,22,4)	 |        0.00000000 	 (102,38,9)	 |       0.02349856 
Dumping state at timestep = 87480...
Dumped state at timestep = 87480...
Rank 0/1: Batch complete results sent via cudaMemcpyDeviceToHost.

			!!!!!	  TIMESTEP PERFORMANCE  	 !!!!! 
 Total Time (s) | Batch Steps 	| Time/step (s) | Comp./step (s) | IO Time (s)
---------------------------------------------------------------------------------------------------------
   144.1282 	|     9720 	|    0.0148 	|    0.0148 	 |   0.152926 

********************************************************************************************************
Main Time: Advancing simulation timestep = 97200... and time = 3000.00024

_____________________#######_________  STATE-SUMMARY @ it = 97200 _________#######____________________ 

			!!!!!	  HYDRO_CORE 	 !!!!! 
Field 	|	 max	     --(i,j,k)		 |	  min	     --(i,j,k)		 |	 mean
---------------------------------------------------------------------------------------------------------
********-----
 Model Fields -
 ********-----
rho	Rank 0/1:       1.14081371 	 (18,116,3)	 |        0.84087747 	 (87,110,124)	 |       1.03117776 
-----
u	Rank 0/1:      11.82300854 	 (17,111,58)	 |        2.57585454 	 (33,87,3)	 |      10.46155453 
-----
v	Rank 0/1:       4.72128344 	 (12,24,8)	 |        0.68977684 	 (7,4,3)	 |       3.07821894 
-----
w	Rank 0/1:       1.68446875 	 (10,33,27)	 |       -1.27875066 	 (11,22,14)	 |      -0.00000919 
-----
theta	Rank 0/1:     317.40185547 	 (88,110,124)	 |      300.22732544 	 (5,114,52)	 |     307.55874634 
-----
press	Rank 0/1:      17.47656250 	 (52,8,53)	 |        9.55468750 	 (27,68,12)	 |      14.21131611 
-----
TKE_0	Rank 0/1:       1.06880581 	 (111,23,5)	 |        0.00000000 	 (64,19,9)	 |       0.02319514 
Dumping state at timestep = 97200...
Dumped state at timestep = 97200...
Rank 0/1: Batch complete results sent via cudaMemcpyDeviceToHost.

			!!!!!	  TIMESTEP PERFORMANCE  	 !!!!! 
 Total Time (s) | Batch Steps 	| Time/step (s) | Comp./step (s) | IO Time (s)
---------------------------------------------------------------------------------------------------------
   144.1456 	|     9720 	|    0.0148 	|    0.0148 	 |   0.157626 

********************************************************************************************************
Main Time: Advancing simulation timestep = 106920... and time = 3300.00024

_____________________#######_________  STATE-SUMMARY @ it = 106920 _________#######____________________ 

			!!!!!	  HYDRO_CORE 	 !!!!! 
Field 	|	 max	     --(i,j,k)		 |	  min	     --(i,j,k)		 |	 mean
---------------------------------------------------------------------------------------------------------
********-----
 Model Fields -
 ********-----
rho	Rank 0/1:       1.14080501 	 (7,28,3)	 |        0.84087670 	 (122,68,124)	 |       1.03111076 
-----
u	Rank 0/1:      11.81723022 	 (115,26,58)	 |        2.46661711 	 (104,16,3)	 |      10.42565823 
-----
v	Rank 0/1:       4.89610291 	 (78,107,16)	 |        0.47234768 	 (103,48,17)	 |       3.09751916 
-----
w	Rank 0/1:       1.99503767 	 (108,57,21)	 |       -1.33281338 	 (107,50,14)	 |      -0.00001022 
-----
theta	Rank 0/1:     317.40161133 	 (122,68,124)	 |      300.18011475 	 (101,25,52)	 |     307.56222534 
-----
press	Rank 0/1:      17.42187500 	 (26,50,53)	 |        8.70312500 	 (106,51,12)	 |      13.97350407 
-----
TKE_0	Rank 0/1:       0.92356497 	 (88,97,4)	 |        0.00000000 	 (9,79,9)	 |       0.02315344 
Dumping state at timestep = 106920...
Dumped state at timestep = 106920...
Rank 0/1: Batch complete results sent via cudaMemcpyDeviceToHost.

			!!!!!	  TIMESTEP PERFORMANCE  	 !!!!! 
 Total Time (s) | Batch Steps 	| Time/step (s) | Comp./step (s) | IO Time (s)
---------------------------------------------------------------------------------------------------------
   144.1260 	|     9720 	|    0.0148 	|    0.0148 	 |   0.172854 

********************************************************************************************************
Main Time: Advancing simulation timestep = 116640... and time = 3600.00024

_____________________#######_________  STATE-SUMMARY @ it = 116640 _________#######____________________ 

			!!!!!	  HYDRO_CORE 	 !!!!! 
Field 	|	 max	     --(i,j,k)		 |	  min	     --(i,j,k)		 |	 mean
---------------------------------------------------------------------------------------------------------
********-----
 Model Fields -
 ********-----
rho	Rank 0/1:       1.14079583 	 (58,50,3)	 |        0.84087455 	 (117,98,124)	 |       1.03111768 
-----
u	Rank 0/1:      11.79969692 	 (83,51,59)	 |        2.39134336 	 (100,28,3)	 |      10.39795971 
-----
v	Rank 0/1:       5.08006239 	 (31,16,17)	 |        0.63836735 	 (29,119,3)	 |       3.11692739 
-----
w	Rank 0/1:       1.60361838 	 (86,84,28)	 |       -1.29865718 	 (53,17,16)	 |      -0.00001185 
-----
theta	Rank 0/1:     317.40182495 	 (118,98,124)	 |      300.15567017 	 (91,5,53)	 |     307.56228638 
-----
press	Rank 0/1:      17.14062500 	 (122,91,53)	 |        9.08593750 	 (72,56,4)	 |      13.70462608 
-----
TKE_0	Rank 0/1:       0.96332282 	 (78,81,4)	 |        0.00000000 	 (88,121,9)	 |       0.02354297 
Dumping state at timestep = 116640...
Dumped state at timestep = 116640...
Rank 0/1: Batch complete results sent via cudaMemcpyDeviceToHost.

			!!!!!	  TIMESTEP PERFORMANCE  	 !!!!! 
 Total Time (s) | Batch Steps 	| Time/step (s) | Comp./step (s) | IO Time (s)
---------------------------------------------------------------------------------------------------------
   143.5583 	|     9720 	|    0.0148 	|    0.0148 	 |   0.165755 

********************************************************************************************************
Main Time: Advancing simulation timestep = 126360... and time = 3900.00024

_____________________#######_________  STATE-SUMMARY @ it = 126360 _________#######____________________ 

			!!!!!	  HYDRO_CORE 	 !!!!! 
Field 	|	 max	     --(i,j,k)		 |	  min	     --(i,j,k)		 |	 mean
---------------------------------------------------------------------------------------------------------
********-----
 Model Fields -
 ********-----
rho	Rank 0/1:       1.14078605 	 (17,79,3)	 |        0.84087342 	 (70,82,124)	 |       1.03113818 
-----
u	Rank 0/1:      11.79929924 	 (40,38,57)	 |        2.29001784 	 (30,50,3)	 |      10.36966133 
-----
v	Rank 0/1:       4.95086432 	 (19,113,24)	 |        0.75458825 	 (91,24,3)	 |       3.13606834 
-----
w	Rank 0/1:       1.99673653 	 (118,44,26)	 |       -1.32659912 	 (119,48,25)	 |      -0.00001131 
-----
theta	Rank 0/1:     317.40133667 	 (56,27,124)	 |      300.18618774 	 (65,40,52)	 |     307.56335449 
-----
press	Rank 0/1:      16.82812500 	 (99,25,53)	 |        8.28125000 	 (92,46,4)	 |      13.41024494 
-----
TKE_0	Rank 0/1:       1.13940501 	 (18,106,4)	 |        0.00000000 	 (41,65,9)	 |       0.02350273 
Dumping state at timestep = 126360...
Dumped state at timestep = 126360...
Rank 0/1: Batch complete results sent via cudaMemcpyDeviceToHost.

			!!!!!	  TIMESTEP PERFORMANCE  	 !!!!! 
 Total Time (s) | Batch Steps 	| Time/step (s) | Comp./step (s) | IO Time (s)
---------------------------------------------------------------------------------------------------------
   143.9701 	|     9720 	|    0.0148 	|    0.0148 	 |   0.151356 

********************************************************************************************************
Main Time: Advancing simulation timestep = 136080... and time = 4200.00049

_____________________#######_________  STATE-SUMMARY @ it = 136080 _________#######____________________ 

			!!!!!	  HYDRO_CORE 	 !!!!! 
Field 	|	 max	     --(i,j,k)		 |	  min	     --(i,j,k)		 |	 mean
---------------------------------------------------------------------------------------------------------
********-----
 Model Fields -
 ********-----
rho	Rank 0/1:       1.14077890 	 (44,93,3)	 |        0.84087116 	 (105,38,124)	 |       1.03111923 
-----
u	Rank 0/1:      11.96962547 	 (60,37,59)	 |        2.40108180 	 (71,86,3)	 |      10.33617115 
-----
v	Rank 0/1:       5.43118811 	 (44,54,17)	 |        0.85441434 	 (78,72,3)	 |       3.15633035 
-----
w	Rank 0/1:       1.83742714 	 (86,72,37)	 |       -1.25866711 	 (13,10,15)	 |      -0.00001161 
-----
theta	Rank 0/1:     317.40158081 	 (105,38,124)	 |      300.17721558 	 (32,74,52)	 |     307.55889893 
-----
press	Rank 0/1:      16.81250000 	 (67,59,53)	 |        8.20312500 	 (122,7,4)	 |      13.11785603 
-----
TKE_0	Rank 0/1:       1.07467508 	 (13,72,4)	 |        0.00000000 	 (8,69,9)	 |       0.02341050 
Dumping state at timestep = 136080...
Dumped state at timestep = 136080...
Rank 0/1: Batch complete results sent via cudaMemcpyDeviceToHost.

			!!!!!	  TIMESTEP PERFORMANCE  	 !!!!! 
 Total Time (s) | Batch Steps 	| Time/step (s) | Comp./step (s) | IO Time (s)
---------------------------------------------------------------------------------------------------------
   144.0220 	|     9720 	|    0.0148 	|    0.0148 	 |   0.155566 

********************************************************************************************************
Main Time: Advancing simulation timestep = 145800... and time = 4500.00049

_____________________#######_________  STATE-SUMMARY @ it = 145800 _________#######____________________ 

			!!!!!	  HYDRO_CORE 	 !!!!! 
Field 	|	 max	     --(i,j,k)		 |	  min	     --(i,j,k)		 |	 mean
---------------------------------------------------------------------------------------------------------
********-----
 Model Fields -
 ********-----
rho	Rank 0/1:       1.14077449 	 (39,94,3)	 |        0.84086818 	 (33,43,124)	 |       1.03111899 
-----
u	Rank 0/1:      11.91439724 	 (32,76,59)	 |        2.33001399 	 (31,88,3)	 |      10.30928326 
-----
v	Rank 0/1:       5.19841528 	 (55,123,16)	 |        0.54301691 	 (32,102,3)	 |       3.17534804 
-----
w	Rank 0/1:       1.79793334 	 (123,34,27)	 |       -1.28034854 	 (79,111,13)	 |      -0.00001154 
-----
theta	Rank 0/1:     317.40173340 	 (34,43,124)	 |      300.22241211 	 (23,67,50)	 |     307.56851196 
-----
press	Rank 0/1:      16.64062500 	 (32,80,53)	 |        7.59375000 	 (11,113,4)	 |      12.86029911 
-----
TKE_0	Rank 0/1:       0.99539429 	 (111,78,4)	 |        0.00000000 	 (98,60,9)	 |       0.02316824 
Dumping state at timestep = 145800...
Dumped state at timestep = 145800...
Rank 0/1: Batch complete results sent via cudaMemcpyDeviceToHost.

			!!!!!	  TIMESTEP PERFORMANCE  	 !!!!! 
 Total Time (s) | Batch Steps 	| Time/step (s) | Comp./step (s) | IO Time (s)
---------------------------------------------------------------------------------------------------------
   144.1013 	|     9720 	|    0.0148 	|    0.0148 	 |   0.146246 

********************************************************************************************************
Main Time: Advancing simulation timestep = 155520... and time = 4800.00049

_____________________#######_________  STATE-SUMMARY @ it = 155520 _________#######____________________ 

			!!!!!	  HYDRO_CORE 	 !!!!! 
Field 	|	 max	     --(i,j,k)		 |	  min	     --(i,j,k)		 |	 mean
---------------------------------------------------------------------------------------------------------
********-----
 Model Fields -
 ********-----
rho	Rank 0/1:       1.14076960 	 (106,123,3)	 |        0.84086645 	 (4,76,124)	 |       1.03112638 
-----
u	Rank 0/1:      11.88820076 	 (32,59,59)	 |        2.36212301 	 (7,19,3)	 |      10.28163052 
-----
v	Rank 0/1:       5.47659540 	 (11,12,21)	 |        0.71485823 	 (102,119,3)	 |       3.19722152 
-----
w	Rank 0/1:       1.55937910 	 (84,66,41)	 |       -1.61548162 	 (4,8,17)	 |      -0.00001100 
-----
theta	Rank 0/1:     317.40158081 	 (4,109,124)	 |      300.15823364 	 (26,25,52)	 |     307.55761719 
-----
press	Rank 0/1:      16.34375000 	 (123,119,53)	 |        6.61718750 	 (80,79,10)	 |      12.58959961 
-----
TKE_0	Rank 0/1:       0.98460358 	 (38,25,4)	 |        0.00000000 	 (93,119,8)	 |       0.02340945 
Dumping state at timestep = 155520...
Dumped state at timestep = 155520...
Rank 0/1: Batch complete results sent via cudaMemcpyDeviceToHost.

			!!!!!	  TIMESTEP PERFORMANCE  	 !!!!! 
 Total Time (s) | Batch Steps 	| Time/step (s) | Comp./step (s) | IO Time (s)
---------------------------------------------------------------------------------------------------------
   143.7345 	|     9720 	|    0.0148 	|    0.0148 	 |   0.158265 

********************************************************************************************************
Main Time: Advancing simulation timestep = 165240... and time = 5100.00049

_____________________#######_________  STATE-SUMMARY @ it = 165240 _________#######____________________ 

			!!!!!	  HYDRO_CORE 	 !!!!! 
Field 	|	 max	     --(i,j,k)		 |	  min	     --(i,j,k)		 |	 mean
---------------------------------------------------------------------------------------------------------
********-----
 Model Fields -
 ********-----
rho	Rank 0/1:       1.14076316 	 (113,61,3)	 |        0.84086406 	 (99,84,124)	 |       1.03113544 
-----
u	Rank 0/1:      11.89025402 	 (90,16,59)	 |        2.48371339 	 (79,70,3)	 |      10.25512695 
-----
v	Rank 0/1:       5.21079111 	 (97,49,20)	 |        0.64953047 	 (32,81,3)	 |       3.21738434 
-----
w	Rank 0/1:       1.81874704 	 (43,17,34)	 |       -1.41530120 	 (90,43,19)	 |      -0.00001199 
-----
theta	Rank 0/1:     317.40173340 	 (99,84,124)	 |      300.14645386 	 (54,22,52)	 |     307.55096436 
-----
press	Rank 0/1:      15.91406250 	 (92,24,53)	 |        7.35156250 	 (52,29,3)	 |      12.30006695 
-----
TKE_0	Rank 0/1:       0.99923474 	 (48,93,4)	 |        0.00000000 	 (22,61,9)	 |       0.02335455 
Dumping state at timestep = 165240...
Dumped state at timestep = 165240...
Rank 0/1: Batch complete results sent via cudaMemcpyDeviceToHost.

			!!!!!	  TIMESTEP PERFORMANCE  	 !!!!! 
 Total Time (s) | Batch Steps 	| Time/step (s) | Comp./step (s) | IO Time (s)
---------------------------------------------------------------------------------------------------------
   144.1420 	|     9720 	|    0.0148 	|    0.0148 	 |   0.161918 

********************************************************************************************************
Main Time: Advancing simulation timestep = 174960... and time = 5400.00049

_____________________#######_________  STATE-SUMMARY @ it = 174960 _________#######____________________ 

			!!!!!	  HYDRO_CORE 	 !!!!! 
Field 	|	 max	     --(i,j,k)		 |	  min	     --(i,j,k)		 |	 mean
---------------------------------------------------------------------------------------------------------
********-----
 Model Fields -
 ********-----
rho	Rank 0/1:       1.14075482 	 (44,29,3)	 |        0.84086043 	 (114,48,124)	 |       1.03108990 
-----
u	Rank 0/1:      11.87598801 	 (59,52,59)	 |        2.42501521 	 (108,84,3)	 |      10.23169994 
-----
v	Rank 0/1:       5.51320219 	 (78,104,15)	 |        0.92886174 	 (99,62,3)	 |       3.23816156 
-----
w	Rank 0/1:       1.66854417 	 (62,98,16)	 |       -1.26425576 	 (8,64,15)	 |      -0.00001080 
-----
theta	Rank 0/1:     317.40231323 	 (114,48,124)	 |      300.11273193 	 (89,88,52)	 |     307.55477905 
-----
press	Rank 0/1:      15.82812500 	 (58,56,53)	 |        6.74218750 	 (56,92,3)	 |      12.00819016 
-----
TKE_0	Rank 0/1:       0.90314573 	 (9,7,4)	 |        0.00000000 	 (38,94,9)	 |       0.02331036 
Dumping state at timestep = 174960...
Dumped state at timestep = 174960...
Rank 0/1: Batch complete results sent via cudaMemcpyDeviceToHost.

			!!!!!	  TIMESTEP PERFORMANCE  	 !!!!! 
 Total Time (s) | Batch Steps 	| Time/step (s) | Comp./step (s) | IO Time (s)
---------------------------------------------------------------------------------------------------------
   144.0510 	|     9720 	|    0.0148 	|    0.0148 	 |   0.164277 

********************************************************************************************************
Main Time: Advancing simulation timestep = 184680... and time = 5700.00049

_____________________#######_________  STATE-SUMMARY @ it = 184680 _________#######____________________ 

			!!!!!	  HYDRO_CORE 	 !!!!! 
Field 	|	 max	     --(i,j,k)		 |	  min	     --(i,j,k)		 |	 mean
---------------------------------------------------------------------------------------------------------
********-----
 Model Fields -
 ********-----
rho	Rank 0/1:       1.14074588 	 (97,112,3)	 |        0.84085828 	 (106,49,124)	 |       1.03109169 
-----
u	Rank 0/1:      11.96752453 	 (35,71,59)	 |        2.19079399 	 (55,114,3)	 |      10.21042919 
-----
v	Rank 0/1:       5.54998064 	 (7,122,18)	 |        0.88783538 	 (78,99,3)	 |       3.26114464 
-----
w	Rank 0/1:       1.78734803 	 (16,15,35)	 |       -1.57606113 	 (16,116,15)	 |      -0.00001079 
-----
theta	Rank 0/1:     317.40240479 	 (106,49,124)	 |      300.06790161 	 (57,11,52)	 |     307.55145264 
-----
press	Rank 0/1:      15.46875000 	 (34,73,53)	 |        6.71093750 	 (37,83,4)	 |      11.71589565 
-----
TKE_0	Rank 0/1:       0.93334156 	 (26,84,4)	 |        0.00000000 	 (87,31,9)	 |       0.02330648 
Dumping state at timestep = 184680...
Dumped state at timestep = 184680...
Rank 0/1: Batch complete results sent via cudaMemcpyDeviceToHost.

			!!!!!	  TIMESTEP PERFORMANCE  	 !!!!! 
 Total Time (s) | Batch Steps 	| Time/step (s) | Comp./step (s) | IO Time (s)
---------------------------------------------------------------------------------------------------------
   144.1110 	|     9720 	|    0.0148 	|    0.0148 	 |   0.169999 

********************************************************************************************************
Main Time: Advancing simulation timestep = 194400... and time = 6000.00049

_____________________#######_________  STATE-SUMMARY @ it = 194400 _________#######____________________ 

			!!!!!	  HYDRO_CORE 	 !!!!! 
Field 	|	 max	     --(i,j,k)		 |	  min	     --(i,j,k)		 |	 mean
---------------------------------------------------------------------------------------------------------
********-----
 Model Fields -
 ********-----
rho	Rank 0/1:       1.14073980 	 (115,116,3)	 |        0.84085602 	 (100,79,124)	 |       1.03110218 
-----
u	Rank 0/1:      12.03890228 	 (18,7,58)	 |        2.12455010 	 (101,17,3)	 |      10.18789482 
-----
v	Rank 0/1:       5.42728758 	 (20,12,33)	 |        1.02956498 	 (79,102,3)	 |       3.28443623 
-----
w	Rank 0/1:       1.59171057 	 (110,19,23)	 |       -1.54338217 	 (95,37,22)	 |      -0.00000979 
-----
theta	Rank 0/1:     317.40264893 	 (100,79,124)	 |      299.86718750 	 (71,7,53)	 |     307.55297852 
-----
press	Rank 0/1:      15.16406250 	 (5,97,53)	 |        5.28125000 	 (14,12,6)	 |      11.45625305 
-----
TKE_0	Rank 0/1:       0.98787338 	 (66,124,4)	 |        0.00000000 	 (52,116,9)	 |       0.02311586 
Dumping state at timestep = 194400...
Dumped state at timestep = 194400...
Rank 0/1: Batch complete results sent via cudaMemcpyDeviceToHost.

			!!!!!	  TIMESTEP PERFORMANCE  	 !!!!! 
 Total Time (s) | Batch Steps 	| Time/step (s) | Comp./step (s) | IO Time (s)
---------------------------------------------------------------------------------------------------------
   144.1014 	|     9720 	|    0.0148 	|    0.0148 	 |   0.163647 

********************************************************************************************************
Main Time: Advancing simulation timestep = 204120... and time = 6300.00049

_____________________#######_________  STATE-SUMMARY @ it = 204120 _________#######____________________ 

			!!!!!	  HYDRO_CORE 	 !!!!! 
Field 	|	 max	     --(i,j,k)		 |	  min	     --(i,j,k)		 |	 mean
---------------------------------------------------------------------------------------------------------
********-----
 Model Fields -
 ********-----
rho	Rank 0/1:       1.14073646 	 (90,70,3)	 |        0.84085381 	 (95,110,124)	 |       1.03114688 
-----
u	Rank 0/1:      11.93711281 	 (114,42,58)	 |        2.24396324 	 (12,60,3)	 |      10.16799641 
-----
v	Rank 0/1:       5.44874382 	 (32,49,25)	 |        1.00344718 	 (15,37,3)	 |       3.30730987 
-----
w	Rank 0/1:       1.91642654 	 (105,75,35)	 |       -1.34229803 	 (73,55,33)	 |      -0.00000939 
-----
theta	Rank 0/1:     317.40261841 	 (93,110,124)	 |      299.99630737 	 (73,84,53)	 |     307.54306030 
-----
press	Rank 0/1:      14.67187500 	 (56,13,53)	 |        6.10937500 	 (94,64,10)	 |      11.19216919 
-----
TKE_0	Rank 0/1:       1.09922600 	 (70,33,4)	 |        0.00000000 	 (55,88,9)	 |       0.02321110 
Dumping state at timestep = 204120...
Dumped state at timestep = 204120...
Rank 0/1: Batch complete results sent via cudaMemcpyDeviceToHost.

			!!!!!	  TIMESTEP PERFORMANCE  	 !!!!! 
 Total Time (s) | Batch Steps 	| Time/step (s) | Comp./step (s) | IO Time (s)
---------------------------------------------------------------------------------------------------------
   144.1359 	|     9720 	|    0.0148 	|    0.0148 	 |   0.166511 

********************************************************************************************************
Main Time: Advancing simulation timestep = 213840... and time = 6600.00049

_____________________#######_________  STATE-SUMMARY @ it = 213840 _________#######____________________ 

			!!!!!	  HYDRO_CORE 	 !!!!! 
Field 	|	 max	     --(i,j,k)		 |	  min	     --(i,j,k)		 |	 mean
---------------------------------------------------------------------------------------------------------
********-----
 Model Fields -
 ********-----
rho	Rank 0/1:       1.14072847 	 (115,12,3)	 |        0.84085345 	 (85,20,124)	 |       1.03112805 
-----
u	Rank 0/1:      12.06684875 	 (92,73,57)	 |        2.32436776 	 (7,87,3)	 |      10.14562893 
-----
v	Rank 0/1:       5.59153938 	 (91,73,8)	 |        1.10125685 	 (21,59,3)	 |       3.32999158 
-----
w	Rank 0/1:       2.17468953 	 (116,81,31)	 |       -1.38657916 	 (14,97,20)	 |      -0.00000856 
-----
theta	Rank 0/1:     317.40203857 	 (68,117,124)	 |      300.03710938 	 (26,27,52)	 |     307.54306030 
-----
press	Rank 0/1:      14.64062500 	 (72,64,53)	 |        5.58593750 	 (75,95,3)	 |      10.95456600 
-----
TKE_0	Rank 0/1:       1.07820249 	 (89,71,4)	 |        0.00000000 	 (74,116,9)	 |       0.02328141 
Dumping state at timestep = 213840...
Dumped state at timestep = 213840...
Rank 0/1: Batch complete results sent via cudaMemcpyDeviceToHost.

			!!!!!	  TIMESTEP PERFORMANCE  	 !!!!! 
 Total Time (s) | Batch Steps 	| Time/step (s) | Comp./step (s) | IO Time (s)
---------------------------------------------------------------------------------------------------------
   144.1442 	|     9720 	|    0.0148 	|    0.0148 	 |   0.166908 

********************************************************************************************************
Main Time: Advancing simulation timestep = 223560... and time = 6900.00049

_____________________#######_________  STATE-SUMMARY @ it = 223560 _________#######____________________ 

			!!!!!	  HYDRO_CORE 	 !!!!! 
Field 	|	 max	     --(i,j,k)		 |	  min	     --(i,j,k)		 |	 mean
---------------------------------------------------------------------------------------------------------
********-----
 Model Fields -
 ********-----
rho	Rank 0/1:       1.14072776 	 (120,25,3)	 |        0.84085077 	 (99,68,124)	 |       1.03108668 
-----
u	Rank 0/1:      12.01274109 	 (109,96,57)	 |        2.14985371 	 (63,117,3)	 |      10.12582397 
-----
v	Rank 0/1:       5.70609570 	 (4,39,16)	 |        0.80741543 	 (117,22,3)	 |       3.35400486 
-----
w	Rank 0/1:       1.61297965 	 (45,45,30)	 |       -1.25321698 	 (84,29,25)	 |      -0.00000994 
-----
theta	Rank 0/1:     317.40231323 	 (99,68,124)	 |      300.07232666 	 (68,110,53)	 |     307.54357910 
-----
press	Rank 0/1:      14.41406250 	 (38,93,53)	 |        5.33593750 	 (15,14,12)	 |      10.70627308 
-----
TKE_0	Rank 0/1:       0.92538154 	 (20,11,4)	 |        0.00000000 	 (99,57,9)	 |       0.02307668 
Dumping state at timestep = 223560...
Dumped state at timestep = 223560...
Rank 0/1: Batch complete results sent via cudaMemcpyDeviceToHost.

			!!!!!	  TIMESTEP PERFORMANCE  	 !!!!! 
 Total Time (s) | Batch Steps 	| Time/step (s) | Comp./step (s) | IO Time (s)
---------------------------------------------------------------------------------------------------------
   144.0898 	|     9720 	|    0.0148 	|    0.0148 	 |   0.157452 

********************************************************************************************************
Main Time: Advancing simulation timestep = 233280... and time = 7200.00049

_____________________#######_________  STATE-SUMMARY @ it = 233280 _________#######____________________ 

			!!!!!	  HYDRO_CORE 	 !!!!! 
Field 	|	 max	     --(i,j,k)		 |	  min	     --(i,j,k)		 |	 mean
---------------------------------------------------------------------------------------------------------
********-----
 Model Fields -
 ********-----
rho	Rank 0/1:       1.14072061 	 (113,110,3)	 |        0.84084791 	 (92,100,124)	 |       1.03109622 
-----
u	Rank 0/1:      11.97738743 	 (45,20,58)	 |        1.96989954 	 (116,25,3)	 |      10.10934353 
-----
v	Rank 0/1:       5.66326141 	 (99,58,18)	 |        0.88421136 	 (56,53,3)	 |       3.37615848 
-----
w	Rank 0/1:       1.63129354 	 (58,23,37)	 |       -1.41687405 	 (117,56,39)	 |      -0.00001131 
-----
theta	Rank 0/1:     317.40264893 	 (91,100,124)	 |      300.11386108 	 (81,56,52)	 |     307.54489136 
-----
press	Rank 0/1:      14.18750000 	 (24,76,53)	 |        5.45312500 	 (115,47,3)	 |      10.42934132 
-----
TKE_0	Rank 0/1:       0.93432063 	 (4,54,4)	 |        0.00000000 	 (30,75,9)	 |       0.02294360 
Dumping state at timestep = 233280...
Dumped state at timestep = 233280...
Rank 0/1: Batch complete results sent via cudaMemcpyDeviceToHost.

			!!!!!	  TIMESTEP PERFORMANCE  	 !!!!! 
 Total Time (s) | Batch Steps 	| Time/step (s) | Comp./step (s) | IO Time (s)
---------------------------------------------------------------------------------------------------------
   144.1210 	|     9720 	|    0.0148 	|    0.0148 	 |   0.161876 

********************************************************************************************************
Main Time: Advancing simulation timestep = 243000... and time = 7500.00049

_____________________#######_________  STATE-SUMMARY @ it = 243000 _________#######____________________ 

			!!!!!	  HYDRO_CORE 	 !!!!! 
Field 	|	 max	     --(i,j,k)		 |	  min	     --(i,j,k)		 |	 mean
---------------------------------------------------------------------------------------------------------
********-----
 Model Fields -
 ********-----
rho	Rank 0/1:       1.14071262 	 (14,122,3)	 |        0.84084564 	 (87,8,124)	 |       1.03113866 
-----
u	Rank 0/1:      11.98553085 	 (73,81,58)	 |        2.26121283 	 (8,119,3)	 |      10.09213448 
-----
v	Rank 0/1:       5.77424669 	 (5,121,14)	 |        0.95672792 	 (114,84,3)	 |       3.39904737 
-----
w	Rank 0/1:       1.89352894 	 (110,109,28)	 |       -1.45409298 	 (24,4,19)	 |      -0.00001100 
-----
theta	Rank 0/1:     317.40286255 	 (87,8,124)	 |      300.15429688 	 (93,74,53)	 |     307.53848267 
-----
press	Rank 0/1:      13.93750000 	 (19,45,53)	 |        4.89062500 	 (11,45,12)	 |      10.15771103 
-----
TKE_0	Rank 0/1:       0.93940979 	 (50,86,4)	 |        0.00000000 	 (6,104,8)	 |       0.02312016 
Dumping state at timestep = 243000...
Dumped state at timestep = 243000...
Rank 0/1: Batch complete results sent via cudaMemcpyDeviceToHost.

			!!!!!	  TIMESTEP PERFORMANCE  	 !!!!! 
 Total Time (s) | Batch Steps 	| Time/step (s) | Comp./step (s) | IO Time (s)
---------------------------------------------------------------------------------------------------------
   144.1497 	|     9720 	|    0.0148 	|    0.0148 	 |   0.165059 

********************************************************************************************************
Main Time: Advancing simulation timestep = 252720... and time = 7800.00049

_____________________#######_________  STATE-SUMMARY @ it = 252720 _________#######____________________ 

			!!!!!	  HYDRO_CORE 	 !!!!! 
Field 	|	 max	     --(i,j,k)		 |	  min	     --(i,j,k)		 |	 mean
---------------------------------------------------------------------------------------------------------
********-----
 Model Fields -
 ********-----
rho	Rank 0/1:       1.14070821 	 (77,114,3)	 |        0.84084457 	 (28,90,124)	 |       1.03110766 
-----
u	Rank 0/1:      11.95367622 	 (121,102,59)	 |        2.05860853 	 (57,121,3)	 |      10.07200813 
-----
v	Rank 0/1:       5.75926590 	 (42,66,9)	 |        0.93469036 	 (73,109,3)	 |       3.42237258 
-----
w	Rank 0/1:       1.65896237 	 (54,16,42)	 |       -1.40257955 	 (81,27,15)	 |      -0.00001059 
-----
theta	Rank 0/1:     317.40240479 	 (28,90,124)	 |      300.07812500 	 (80,73,52)	 |     307.54397583 
-----
press	Rank 0/1:      13.31250000 	 (107,84,53)	 |        3.35156250 	 (54,118,6)	 |       9.88077641 
-----
TKE_0	Rank 0/1:       0.94380963 	 (57,118,4)	 |        0.00000000 	 (107,102,9)	 |       0.02275161 
Dumping state at timestep = 252720...
Dumped state at timestep = 252720...
Rank 0/1: Batch complete results sent via cudaMemcpyDeviceToHost.

			!!!!!	  TIMESTEP PERFORMANCE  	 !!!!! 
 Total Time (s) | Batch Steps 	| Time/step (s) | Comp./step (s) | IO Time (s)
---------------------------------------------------------------------------------------------------------
   144.0752 	|     9720 	|    0.0148 	|    0.0148 	 |   0.153798 

********************************************************************************************************
Main Time: Advancing simulation timestep = 262440... and time = 8100.00049

_____________________#######_________  STATE-SUMMARY @ it = 262440 _________#######____________________ 

			!!!!!	  HYDRO_CORE 	 !!!!! 
Field 	|	 max	     --(i,j,k)		 |	  min	     --(i,j,k)		 |	 mean
---------------------------------------------------------------------------------------------------------
********-----
 Model Fields -
 ********-----
rho	Rank 0/1:       1.14070630 	 (26,34,3)	 |        0.84084159 	 (58,53,124)	 |       1.03111875 
-----
u	Rank 0/1:      11.95883369 	 (25,31,58)	 |        2.19631577 	 (117,34,3)	 |      10.05480289 
-----
v	Rank 0/1:       5.91488743 	 (22,20,13)	 |        0.99846834 	 (10,59,3)	 |       3.44638538 
-----
w	Rank 0/1:       1.48022425 	 (30,71,15)	 |       -1.46925414 	 (86,30,14)	 |      -0.00001108 
-----
theta	Rank 0/1:     317.40261841 	 (58,53,124)	 |      299.95266724 	 (31,118,52)	 |     307.53884888 
-----
press	Rank 0/1:      13.10156250 	 (14,68,53)	 |        3.65625000 	 (70,40,10)	 |       9.61883068 
-----
TKE_0	Rank 0/1:       0.94419438 	 (106,18,4)	 |        0.00000000 	 (72,22,7)	 |       0.02262647 
Dumping state at timestep = 262440...
Dumped state at timestep = 262440...
Rank 0/1: Batch complete results sent via cudaMemcpyDeviceToHost.

			!!!!!	  TIMESTEP PERFORMANCE  	 !!!!! 
 Total Time (s) | Batch Steps 	| Time/step (s) | Comp./step (s) | IO Time (s)
---------------------------------------------------------------------------------------------------------
   144.0611 	|     9720 	|    0.0148 	|    0.0148 	 |   0.155792 

********************************************************************************************************
Main Time: Advancing simulation timestep = 272160... and time = 8400.00098

_____________________#######_________  STATE-SUMMARY @ it = 272160 _________#######____________________ 

			!!!!!	  HYDRO_CORE 	 !!!!! 
Field 	|	 max	     --(i,j,k)		 |	  min	     --(i,j,k)		 |	 mean
---------------------------------------------------------------------------------------------------------
********-----
 Model Fields -
 ********-----
rho	Rank 0/1:       1.14069951 	 (98,90,3)	 |        0.84084022 	 (15,31,124)	 |       1.03111076 
-----
u	Rank 0/1:      11.98713112 	 (44,68,58)	 |        2.03149891 	 (80,104,3)	 |      10.03842926 
-----
v	Rank 0/1:       5.67739058 	 (29,15,27)	 |        0.98971021 	 (93,85,3)	 |       3.47119236 
-----
w	Rank 0/1:       1.43217969 	 (9,16,16)	 |       -1.43615830 	 (63,102,17)	 |      -0.00001058 
-----
theta	Rank 0/1:     317.40249634 	 (15,30,124)	 |      300.11569214 	 (119,50,52)	 |     307.53533936 
-----
press	Rank 0/1:      12.75781250 	 (48,50,53)	 |        3.71093750 	 (80,105,12)	 |       9.35255814 
-----
TKE_0	Rank 0/1:       0.86121434 	 (26,14,4)	 |        0.00000000 	 (64,14,9)	 |       0.02211463 
Dumping state at timestep = 272160...
Dumped state at timestep = 272160...
Rank 0/1: Batch complete results sent via cudaMemcpyDeviceToHost.

			!!!!!	  TIMESTEP PERFORMANCE  	 !!!!! 
 Total Time (s) | Batch Steps 	| Time/step (s) | Comp./step (s) | IO Time (s)
---------------------------------------------------------------------------------------------------------
   144.0639 	|     9720 	|    0.0148 	|    0.0148 	 |   0.154296 

********************************************************************************************************
Main Time: Advancing simulation timestep = 281880... and time = 8700.00098

_____________________#######_________  STATE-SUMMARY @ it = 281880 _________#######____________________ 

			!!!!!	  HYDRO_CORE 	 !!!!! 
Field 	|	 max	     --(i,j,k)		 |	  min	     --(i,j,k)		 |	 mean
---------------------------------------------------------------------------------------------------------
********-----
 Model Fields -
 ********-----
rho	Rank 0/1:       1.14069736 	 (75,6,3)	 |        0.84083807 	 (59,111,124)	 |       1.03111255 
-----
u	Rank 0/1:      11.94518566 	 (14,117,58)	 |        2.23845768 	 (11,58,3)	 |      10.02832699 
-----
v	Rank 0/1:       5.89397621 	 (111,53,40)	 |        0.98697901 	 (73,3,3)	 |       3.49345016 
-----
w	Rank 0/1:       1.62565470 	 (22,18,16)	 |       -1.24339175 	 (64,109,12)	 |      -0.00000977 
-----
theta	Rank 0/1:     317.40249634 	 (59,111,124)	 |      299.96936035 	 (122,26,52)	 |     307.53604126 
-----
press	Rank 0/1:      12.50781250 	 (39,30,53)	 |        3.64843750 	 (22,19,16)	 |       9.09956074 
-----
TKE_0	Rank 0/1:       0.95605844 	 (52,110,4)	 |        0.00000000 	 (117,22,8)	 |       0.02211378 
Dumping state at timestep = 281880...
Dumped state at timestep = 281880...
Rank 0/1: Batch complete results sent via cudaMemcpyDeviceToHost.

			!!!!!	  TIMESTEP PERFORMANCE  	 !!!!! 
 Total Time (s) | Batch Steps 	| Time/step (s) | Comp./step (s) | IO Time (s)
---------------------------------------------------------------------------------------------------------
   144.1586 	|     9720 	|    0.0148 	|    0.0148 	 |   0.161176 

********************************************************************************************************
Main Time: Advancing simulation timestep = 291600... and time = 9000.00098

_____________________#######_________  STATE-SUMMARY @ it = 291600 _________#######____________________ 

			!!!!!	  HYDRO_CORE 	 !!!!! 
Field 	|	 max	     --(i,j,k)		 |	  min	     --(i,j,k)		 |	 mean
---------------------------------------------------------------------------------------------------------
********-----
 Model Fields -
 ********-----
rho	Rank 0/1:       1.14069080 	 (3,33,3)	 |        0.84083629 	 (53,21,124)	 |       1.03112721 
-----
u	Rank 0/1:      12.05140781 	 (114,35,57)	 |        2.10416698 	 (81,78,3)	 |      10.01174641 
-----
v	Rank 0/1:       5.99285555 	 (90,60,31)	 |        1.14835012 	 (35,53,3)	 |       3.52081513 
-----
w	Rank 0/1:       1.85041094 	 (92,58,22)	 |       -1.44717026 	 (37,56,16)	 |      -0.00000950 
-----
theta	Rank 0/1:     317.40261841 	 (53,21,124)	 |      300.08541870 	 (4,5,52)	 |     307.53826904 
-----
press	Rank 0/1:      12.75000000 	 (22,39,53)	 |        2.27343750 	 (115,80,10)	 |       8.84805965 
-----
TKE_0	Rank 0/1:       1.06776023 	 (122,32,5)	 |        0.00000000 	 (63,108,9)	 |       0.02239154 
Dumping state at timestep = 291600...
Dumped state at timestep = 291600...
Rank 0/1: Batch complete results sent via cudaMemcpyDeviceToHost.

			!!!!!	  TIMESTEP PERFORMANCE  	 !!!!! 
 Total Time (s) | Batch Steps 	| Time/step (s) | Comp./step (s) | IO Time (s)
---------------------------------------------------------------------------------------------------------
   144.2159 	|     9720 	|    0.0148 	|    0.0148 	 |   0.158619 

********************************************************************************************************
Main Time: Advancing simulation timestep = 301320... and time = 9300.00098

_____________________#######_________  STATE-SUMMARY @ it = 301320 _________#######____________________ 

			!!!!!	  HYDRO_CORE 	 !!!!! 
Field 	|	 max	     --(i,j,k)		 |	  min	     --(i,j,k)		 |	 mean
---------------------------------------------------------------------------------------------------------
********-----
 Model Fields -
 ********-----
rho	Rank 0/1:       1.14068353 	 (66,120,3)	 |        0.84083438 	 (11,69,124)	 |       1.03111148 
-----
u	Rank 0/1:      12.00864315 	 (47,110,58)	 |        1.95147812 	 (109,99,3)	 |       9.99931908 
-----
v	Rank 0/1:       6.55499554 	 (69,84,9)	 |        0.83845532 	 (63,69,3)	 |       3.54484439 
-----
w	Rank 0/1:       2.18389130 	 (46,100,37)	 |       -1.40809917 	 (29,104,21)	 |      -0.00000963 
-----
theta	Rank 0/1:     317.40255737 	 (11,69,124)	 |      300.04757690 	 (115,110,53)	 |     307.53302002 
-----
press	Rank 0/1:      12.15625000 	 (109,82,53)	 |        3.02343750 	 (78,84,4)	 |       8.58210850 
-----
TKE_0	Rank 0/1:       1.03990090 	 (100,117,6)	 |        0.00000000 	 (88,77,9)	 |       0.02291167 
Dumping state at timestep = 301320...
Dumped state at timestep = 301320...
Rank 0/1: Batch complete results sent via cudaMemcpyDeviceToHost.

			!!!!!	  TIMESTEP PERFORMANCE  	 !!!!! 
 Total Time (s) | Batch Steps 	| Time/step (s) | Comp./step (s) | IO Time (s)
---------------------------------------------------------------------------------------------------------
   144.0473 	|     9720 	|    0.0148 	|    0.0148 	 |   0.165492 

********************************************************************************************************
Main Time: Advancing simulation timestep = 311040... and time = 9600.00098

_____________________#######_________  STATE-SUMMARY @ it = 311040 _________#######____________________ 

			!!!!!	  HYDRO_CORE 	 !!!!! 
Field 	|	 max	     --(i,j,k)		 |	  min	     --(i,j,k)		 |	 mean
---------------------------------------------------------------------------------------------------------
********-----
 Model Fields -
 ********-----
rho	Rank 0/1:       1.14067566 	 (74,53,3)	 |        0.84083140 	 (5,100,124)	 |       1.03110492 
-----
u	Rank 0/1:      12.02459431 	 (25,62,59)	 |        2.03673983 	 (18,121,3)	 |       9.98983479 
-----
v	Rank 0/1:       6.41386127 	 (22,8,23)	 |        1.26783371 	 (58,41,3)	 |       3.57009912 
-----
w	Rank 0/1:       1.63586164 	 (88,60,35)	 |       -1.45179284 	 (99,50,16)	 |      -0.00001001 
-----
theta	Rank 0/1:     317.40304565 	 (5,100,124)	 |      300.02548218 	 (20,57,52)	 |     307.53500366 
-----
press	Rank 0/1:      12.17187500 	 (99,84,53)	 |        2.74218750 	 (16,116,10)	 |       8.31807137 
-----
TKE_0	Rank 0/1:       0.92431015 	 (14,77,4)	 |        0.00000000 	 (114,118,9)	 |       0.02335219 
Dumping state at timestep = 311040...
Dumped state at timestep = 311040...
Rank 0/1: Batch complete results sent via cudaMemcpyDeviceToHost.

			!!!!!	  TIMESTEP PERFORMANCE  	 !!!!! 
 Total Time (s) | Batch Steps 	| Time/step (s) | Comp./step (s) | IO Time (s)
---------------------------------------------------------------------------------------------------------
   144.0880 	|     9720 	|    0.0148 	|    0.0148 	 |   0.155338 

********************************************************************************************************
Main Time: Advancing simulation timestep = 320760... and time = 9900.00098

_____________________#######_________  STATE-SUMMARY @ it = 320760 _________#######____________________ 

			!!!!!	  HYDRO_CORE 	 !!!!! 
Field 	|	 max	     --(i,j,k)		 |	  min	     --(i,j,k)		 |	 mean
---------------------------------------------------------------------------------------------------------
********-----
 Model Fields -
 ********-----
rho	Rank 0/1:       1.14067471 	 (55,40,3)	 |        0.84082961 	 (51,12,124)	 |       1.03107369 
-----
u	Rank 0/1:      11.99601173 	 (85,77,57)	 |        2.11029768 	 (36,73,3)	 |       9.98015594 
-----
v	Rank 0/1:       6.56673288 	 (124,107,24)	 |        1.18067646 	 (51,36,3)	 |       3.59572792 
-----
w	Rank 0/1:       1.75339639 	 (68,75,15)	 |       -1.45418251 	 (119,102,19)	 |      -0.00000832 
-----
theta	Rank 0/1:     317.40307617 	 (51,12,124)	 |      299.97604370 	 (82,108,53)	 |     307.53417969 
-----
press	Rank 0/1:      12.12500000 	 (61,3,53)	 |        0.92187500 	 (69,77,18)	 |       8.06836319 
-----
TKE_0	Rank 0/1:       0.94952267 	 (86,19,4)	 |        0.00000000 	 (66,42,9)	 |       0.02302427 
Dumping state at timestep = 320760...
Dumped state at timestep = 320760...
Rank 0/1: Batch complete results sent via cudaMemcpyDeviceToHost.

			!!!!!	  TIMESTEP PERFORMANCE  	 !!!!! 
 Total Time (s) | Batch Steps 	| Time/step (s) | Comp./step (s) | IO Time (s)
---------------------------------------------------------------------------------------------------------
   144.0942 	|     9720 	|    0.0148 	|    0.0148 	 |   0.159766 

********************************************************************************************************
Main Time: Advancing simulation timestep = 330480... and time = 10200.00098

_____________________#######_________  STATE-SUMMARY @ it = 330480 _________#######____________________ 

			!!!!!	  HYDRO_CORE 	 !!!!! 
Field 	|	 max	     --(i,j,k)		 |	  min	     --(i,j,k)		 |	 mean
---------------------------------------------------------------------------------------------------------
********-----
 Model Fields -
 ********-----
rho	Rank 0/1:       1.14066756 	 (122,108,3)	 |        0.84082830 	 (52,14,124)	 |       1.03110266 
-----
u	Rank 0/1:      12.10416031 	 (121,123,59)	 |        1.96357489 	 (86,105,3)	 |       9.96848488 
-----
v	Rank 0/1:       6.31698561 	 (26,18,52)	 |        1.32310259 	 (106,70,3)	 |       3.62012458 
-----
w	Rank 0/1:       1.50262630 	 (36,4,33)	 |       -1.21487761 	 (13,87,18)	 |      -0.00000950 
-----
theta	Rank 0/1:     317.40261841 	 (52,14,124)	 |      299.95913696 	 (104,105,52)	 |     307.53524780 
-----
press	Rank 0/1:      11.82031250 	 (100,106,55)	 |        1.92187500 	 (12,74,8)	 |       7.82321167 
-----
TKE_0	Rank 0/1:       0.95719236 	 (5,107,4)	 |        0.00000000 	 (113,61,9)	 |       0.02276919 
Dumping state at timestep = 330480...
Dumped state at timestep = 330480...
Rank 0/1: Batch complete results sent via cudaMemcpyDeviceToHost.

			!!!!!	  TIMESTEP PERFORMANCE  	 !!!!! 
 Total Time (s) | Batch Steps 	| Time/step (s) | Comp./step (s) | IO Time (s)
---------------------------------------------------------------------------------------------------------
   144.1091 	|     9720 	|    0.0148 	|    0.0148 	 |   0.159785 

********************************************************************************************************

_____________________#######_________  STATE-SUMMARY @ it = 340200 _________#######____________________ 

			!!!!!	  HYDRO_CORE 	 !!!!! 
Field 	|	 max	     --(i,j,k)		 |	  min	     --(i,j,k)		 |	 mean
---------------------------------------------------------------------------------------------------------
********-----
 Model Fields -
 ********-----
rho	Rank 0/1:       1.14066637 	 (56,23,3)	 |        0.84082592 	 (37,73,124)	 |       1.03110301 
-----
u	Rank 0/1:      12.07202148 	 (39,123,57)	 |        2.04107904 	 (52,36,3)	 |       9.95726109 
-----
v	Rank 0/1:       6.72895527 	 (107,6,15)	 |        1.25250864 	 (89,19,3)	 |       3.64576650 
-----
w	Rank 0/1:       1.63826609 	 (79,120,23)	 |       -1.28395140 	 (57,48,13)	 |      -0.00000991 
-----
theta	Rank 0/1:     317.40292358 	 (37,73,124)	 |      299.95156860 	 (120,60,53)	 |     307.52874756 
-----
press	Rank 0/1:      11.53125000 	 (104,65,53)	 |        1.89062500 	 (61,24,16)	 |       7.55643129 
-----
TKE_0	Rank 0/1:       0.85684252 	 (78,123,4)	 |        0.00000000 	 (86,8,9)	 |       0.02264258 

_____________________#######_________  TOWER-SUMMARY @ it = 340200 _________#######____________________ 
Dumping state at timestep = 340200...
Dumped state at timestep = 340200...

			!!!!!	  TIMESTEP PERFORMANCE  	 !!!!! 
 Total Time (s) | Batch Steps 	| Time/step (s) | Comp./step (s) | IO Time (s)
---------------------------------------------------------------------------------------------------------
     0.1585 	|        0 	|    0.0000 	|    0.0000 	 |   0.125908 

********************************************************************************************************
Your FastEddy simulation is complete!
Cleaning up...
Shutting down MPI...
 Goodbye!
