Obtaining parameters from ./run.in
Successfully opened ./run.in and read 129 lines.
Warning more than 10000 entries were requested for the parameters hash table.
Consider changing the requested table size in the PARAMETERS module.
WARNING: optional parameter ioLPDMmode defaulted to 0.
WARNING: optional parameter ioLPDMfullFrq defaulted to 0.
WARNING: optional parameter lpdmOnlineSelector defaulted to 0.
WARNING: optional parameter lpdmOnlineQueue defaulted to 4.
WARNING: optional parameter lpdmOnlinePause1 defaulted to 0.
WARNING: optional parameter lpdmOnlinePause2 defaulted to 0.
WARNING: optional parameter towerIOSelector defaulted to 0.
WARNING: optional parameter gridFile defaulted to NULL.
WARNING: optional parameter pgfSelector defaulted to 1.
WARNING: optional parameter buoyancySelector defaulted to 1.
WARNING: optional parameter ceilingAdvectionBC defaulted to 0.
WARNING: optional parameter surflayer_stab defaulted to 0.
WARNING: optional parameter surflayer_z0tdyn defaulted to 1.
WARNING: optional parameter surflayer_offshore_visc defaulted to 1.
WARNING: optional parameter canopySelector defaulted to 0.
WARNING: optional parameter cellpertSelector defaulted to 0.
WARNING: optional parameter filter_6thdiff_hori defaulted to 0.
WARNING: optional parameter filter_divdamp defaulted to 0.
WARNING: optional parameter NhydroAuxScalars defaulted to 0.
WARNING: optional parameter physics_oneRKonly defaulted to 1.
Rank 0/1:  [rankXid, rankYid] = [0,0]
mpi_rank_world--0/1 inFile = FE_ACC.0 !!
mpi_rank_world--0/1 Obtaining devices...
Obtaining properties for 1 devices...

mpi_rank_world--0/1 assigned accelerator device 0/1...
Device Number:          0
---------------------------------------------------------------------

__General__
   Name                               : NVIDIA GeForce RTX 5090
   Compute Capability                 : 12.0
   Clock Rate                         : 2407000
   Number of multiprocessors          : 170
   Max Threads/multiprocessor         : 1536
   Concurrent Copy/Execution          : Yes
   Concurrent Kernels                 : 1
   Compute Mode                       : 0
   Kernel Timeout Enabled             : No
   Integrated                         : No
   Host Memory Mapping                : Yes

__Configuration__
   Registers/Block                    : 65536
   Warp Size                          : 32
   Max Threads/Block                  : 1024
   Max Block-extent / Dimension       :         1024         1024           64
   Max Grid-extent / Dimension        :   2147483647        65535        65535

__Memory__
   Tot. Global Memory (GB) / (B)      :   31.35834 / 3605987328
   Shared Mem/Block   (GB) / (B)      :    0.00005 / 49152
   Constant Memory    (GB) / (B)      :    0.00006 / 65536
   Max 1-D Texture                    :       131072
   Max 2-D Texture                    :       131072        65536
   Max 3-D Texture                    :        16384        16384        16384
   Texture Alignment  (B)             : 512
   Max Memory pitch                   : 2147483647

mpi_rank_world--0/1 done!
mpi_rank_world--0/1 Assigning threadPerBlock.[xyz]
mpi_rank_world--0/1 done!
Nxp = 122, Nyp = 122, Nzp = 122
****Spatial loop-index Mins & Maxs ****  (i,j,k)-min = (3,3,3) & (i,j,k)-max = (125,125,125)
Entering hydro_coreInit:------
WARNING: parameter surflayer_qskin_input was not found but was requested for printing.
WARNING: parameter surflayer_offshore_opt was not found but was requested for printing.
WARNING: parameter filter_6thdiff_hori_coeff was not found but was requested for printing.
hydro_coreInit: allocating/registering arrays/fields with IO
hydro_coreInit:hydroFlds[0] = rho stored at 0x7079677fb080, has been registered with IO.
hydro_coreInit:hydroFlds[1] = u stored at 0x707967ffb080, has been registered with IO.
hydro_coreInit:hydroFlds[2] = v stored at 0x7079687fb080, has been registered with IO.
hydro_coreInit:hydroFlds[3] = w stored at 0x707968ffb080, has been registered with IO.
hydro_coreInit:hydroFlds[4] = theta stored at 0x7079697fb080, has been registered with IO.
hydro_coreInit:Field = pressure stored at 0x707966ffa080, has been registered with IO.
hydro_coreInit:sgstkeScalars[0] = TKE_0 stored at 0x707963ff8080, has been registered with IO.
hydro_coreInit: allocating internal arrays
hydro_coreInit:Field = tskin stored at 0x574685ec8480, has been registered with IO.
hydro_coreInit:Field = fricVel stored at 0x574685ea8300, has been registered with IO.
hydro_coreInit:Field = htFlux stored at 0x574685eb8380, has been registered with IO.
hydro_coreInit:Field = invOblen stored at 0x574685ed8500, has been registered with IO.
hydro_coreInit:Field = z0m stored at 0x574685ee8600, has been registered with IO.
hydro_coreInit:Field = z0t stored at 0x574685ef8680, has been registered with IO.
mpi_rank_world--0/1: in timeInit(), simTime_it = 0 and simTime =         0.000000 !
:Variable = time stored at 0x5746758b4f78, has been registered with IO.

## time_test
Description=seed seed_nbl-deep_a075: flat uniform neutral spin-up, z_i target 550 m, base angle 75 deg # ## A description of this input file.
## FEMPI parameters---
numProcsX=1        # ## Number of cores to be used for horizontal domain decomposition in X
numProcsY=1        # ## Number of cores to be used for horizontal domain decomposition in Y
## IO parameters---
ioOutputMode=0     # ## 0: N-to-1 gather and write to a netCDF file, 1:N-to-N writes of FastEddy binary files
inPath=./          # ## Path where initial/restart file is read in from
inFile=FE_ACC.0    # ## name of the input file for coordinate system and initial or restart conditions
outPath=./output/  # ## Path where output files are to be written
outFileBase=FE_SEED # ## Base name of the output file series as in (outFileBase).element-in-series
frqOutput=9720     # ## frequency (in timesteps) at which to produce output; should be an even multiple of NtBatch
towerIOSelector=0  # (DEFAULTED) ## Virtual Tower IO-Selector: 0=off, 1=on 
## FECUDA parameters---
tBx=1              # ## Number of threads in x-dimension.
tBy=8              # ## Number of threads in y-dimension.
tBz=16             # ## Number of threads in z-dimension.
## GRID parameters---
gridFile=          # (DEFAULTED) ## A file containing a complete grid specification
topoFile=          # ## A file containing terrain(surface elevation in meters ASL)
Nx=122             # ## Number of discretised domain elements in the x (zonal) direction.
Ny=122             # ## Number of discretised domain elements in the y (meridional) direction.
Nz=122             # ## Number of discretised domain elements in the z (vertical) direction.
Nh=3               # ## Number of halo cells to be used (dependent on largest stencil extent).
d_xi=30            # ## Computational domain fixed resolution in the 'i' direction.
d_eta=30           # ## Computational domain fixed resolution in the 'j' direction.
d_zeta=24.6914     # ## Computational domain fixed resolution in the 'k' direction.
coordHorizHalos=1  # ## switch to setup coordinate halos as periodic=1 or gradient-following=0.
verticalDeformSwitch=1 # ## switch to use vertical coordinate deformation 0=off, 1=on
verticalDeformFactor=0.346601 # ## deformation factor (0.0=max compression,  1.0=no compression)
verticalDeformQuadCoeff=0 # ## deformation factor (0.0=max compression,  1.0=no compression)
## HYDRO_CORE parameters---
## ----------: HYDRO_CORE Submodule Selectors ---
## ----------: Boundary Conditions Set ---
hydroBCs=2         # ## Selector for hydro BC set. 1= LAD, Dirichlet lateral, ceiling and surface, 2 = periodic-horizontal & ABL-vertical
hydroForcingWrite=0 # ## Switch for writing output of hydroFldsFrhs for prognostic fields. 0 = off, 1=on
hydroSubGridWrite=0 # ## Switch for writing output of Tauij fields. 0 = off, 1=on
hydroForcingLog=0  # ## Switch for logging Frhs summary metrics. 0 = off, 1=on
## ----------: PRESSURE GRADIENT FORCE ---
pgfSelector=1      # (DEFAULTED) ## Pressure Gradient Force (pgf) selector: 0=off, 1=on
## ----------: BUOYANCY ---
buoyancySelector=1 # (DEFAULTED) ## Buoyancy force  selector: 0=off, 1=on
## ----------: CORIOLIS ---
coriolisSelector=1 # ## Corilis force selector: 0= none, 1= horiz. terms, 2= horiz. & vert. terms
coriolisLatitude=42.9572 # ## Characteristic latitude in degrees from equator of the LES domain
## ----------: TURBULENCE ---
turbulenceSelector=1 # ## turbulence scheme selector: 0= none, 1= Lilly/Smagorinsky 
TKESelector=1      # ## Prognostic TKE selector: 0= none, 1= Prognostic, 2= requires canopySelector=1
TKEAdvSelector=3   # ## advection scheme for SGSTKE equation
TKEAdvSelector_b_hyb=0 # ## hybrid advection scheme parameter
c_k=0.1            # ## Lilly model constant used for turbulenceSelector = 1 and TKESelector > 0
## ----------: ADVECTION ---
advectionSelector=3 # ## advection scheme selector: 0=1st-order upwind, 1=3rd-order QUICK, 2=hybrid 3rd-4th order, 3=hybrid 5th-6th order, 4=3rd-order WENO, 5=5th-order WENO, 6=2nd-order centered
ceilingAdvectionBC=0 # (DEFAULTED) ## selector to allow advection through the domain ceiling 1=on, 0=off (w-ceiling = 0)
b_hyb=0            # ## hybrid advection scheme parameter: 0.0= lower-order upwind, 1.0=higher-order centered, 0.0 < b_hyb < 1.0 = hybrid
## ----------: DIFFUSION ---
diffusionSelector=0 # ## diffusivity selector: 0= none, 1= const.
## ----------: SURFACE LAYER ---
surflayerSelector=1 # ## surfacelayer selector: 0=off, 1=surface kinematic heat flux (surflayer_wth), 2=skin temperature rate (surflayer_tr)
surflayer_z0=0.061489 # ## roughness length (momentum) when surflayerSelector > 0
surflayer_z0t=0.01 # ## roughness length (temperature) when surflayerSelector > 0
surflayer_wth=0    # ## kinematic sensible heat flux at the surface when surflayerSelector = 1
surflayer_idealsine=0 # ## selector for idealized sinusoidal surface heat flux or skin temperature forcing: 0= off, 1= on
surflayer_stab=0   # (DEFAULTED) ## exchange coeffcient stability correction selector: 0= on, 1= off
surflayer_z0tdyn=1 # (DEFAULTED) ## dynamic z0t calculation following Zilitinkevich (1995) approach: 0= off, 1= constant Zilitinkevich coeff, 2= variable Zilitinkevich coeff
## ----------: OFFSHORE ROUGHNESS ---
surflayer_offshore=0 # ## offshore selector: 0=off, 1=on
## ----------: CANOPY MODEL ---
canopySelector=0   # (DEFAULTED) ## canopy selector: 0= off, 1= on
## ----------: LARGE-SCALE FORCINGS MODEL ---
lsfSelector=1      # ## large-scale forcings selector: 0= off, 1= on
lsf_w_surf=0       # ## large-scale forcing to w at the first specified level
lsf_w_lev1=0       # ## large-scale forcing w at height 1
lsf_w_lev2=0       # ## large-scale forcing w at height 2
lsf_w_zlev1=550    # ## large-scale forcing w height 1
lsf_w_zlev2=1100   # ## large-scale forcing w height 2
lsf_th_surf=0      # ## large-scale forcing to theta at the first specified level
lsf_th_lev1=0      # ## large-scale forcing theta at height 1
lsf_th_lev2=0      # ## large-scale forcing theta at height 2
lsf_th_zlev1=500   # ## large-scale forcing theta height 1
lsf_th_zlev2=2000  # ## large-scale forcing theta height 2
lsf_qv_surf=-0.0432 # ## large-scale forcing to qv at the first specified level
lsf_qv_lev1=-0.0432 # ## large-scale forcing qv at height 1
lsf_qv_lev2=0      # ## large-scale forcing qv at height 2
lsf_qv_zlev1=300   # ## large-scale forcing qv height 1
lsf_qv_zlev2=500   # ## large-scale forcing qv height 2
lsf_horMnSubTerms=1 # ## large-scale subsidence terms Switch: 0= off, 1= on
lsf_freq=1         # ## large-scale forcing frequency (seconds)
## ----------: MOISTURE ---
moistureSelector=0 # ## moisture selector: 0= off, 1= on
## ----------: EXPLICIT FILTERS ---
filterSelector=1   # ## explicit filter selector: 0=off, 1=on
filter_6thdiff_vert=1 # ## vertical 6th-order filter on w selector: 0=off, 1=on
filter_6thdiff_vert_coeff=0.03 # ## vertical 6th-order filter factor: 0.0=off, 1.0=full
filter_6thdiff_hori=0 # (DEFAULTED) ## horizontal 6th-order filter on rho,theta,qv selector: 0=off, 1=on
filter_divdamp=0   # (DEFAULTED) ## divergence damping selector: 0=off, 1=on
## ----------: CELL PERTURBATION METHOD ---
cellpertSelector=0 # (DEFAULTED) ## CP method selector: 0= off, 1= on
## ----------: RAYLEIGH DAMPING LAYER ---
dampingLayerSelector=1 # ## Rayleigh damping layer selector: 0= off, 1= on.
dampingLayerDepth=500 # ## Rayleigh damping layer depth in meters
## ----------: AUXILIARY SCALARS ---
NhydroAuxScalars=0 # (DEFAULTED) ## Number of prognostic auxiliary scalar fields
## ----------: BASE-STATE ---
stabilityScheme=2  # ## Scheme used to set hydrostatic, stability-dependent Base-State EOS fields
temp_grnd=298.012  # ## Air Temperature (K) at the ground used to set hydrostatic Base-State EOS fields
pres_grnd=97700    # ## Pressure (Pa) at the ground used to set hydrostatic Base-State EOS fields
zStableBottom=550  # ## Height (m) of the first stable upper-layer when stabilityScheme = 2
stableGradient=0.08 # ## Vertical gradient (K/m) of the first stable upper-layer when stabilityScheme = 2
zStableBottom2=650 # ## Height (m) of the second stable upper-layer when stabilityScheme = 2
zStableBottom3=20000 # ## Height (m) of the third stable upper-layer when stabilityScheme = 2
stableGradient2=0.004 # ## Vertical gradient (K/m) of the second stable upper-layer when stabilityScheme = 2
stableGradient3=0.004 # ## Vertical gradient (K/m) of the third stable upper-layer when stabilityScheme = 2
U_g=3.10583        # ## Zonal (West-East) component of the geostrophic wind (m/s).
V_g=11.5911        # ## Meridional (South-North) component of the geostrophic wind (m/s).
z_Ug=10000         # ## Height (m) above ground for linear geostrophic wind gradient (zonal component).
z_Vg=10000         # ## Height (m) above ground for linear geostrophic wind gradient (meridional component).
Ug_grad=0          # ## U_g gradient above z_Ug (ms-1/m).
Vg_grad=0          # ## V_g gradient above z_Vg (ms-1/m).
thetaPerturbationSwitch=1 # ## Switch to include initial theta perturbations: 0=off, 1=on
thetaHeight=300    # ## Height below which to include initial theta perturbations: (meters)
thetaAmplitude=0.25 # ## Maximum amplitude for theta perturbations: thetaAmplitude*[-1,+1] K
physics_oneRKonly=1 # (DEFAULTED) ## selector to apply physics RHS forcing only at the latest RK stage: 0= off, 1= on
## TIME_INTEGRATION parameters---
timeMethod=0       # ## Selector for time integration method. [0=RK3-WS2002 (default)]
Nt=233280          # ## Number of timesteps to perform.
dt=0.0308642       # ## timestep resolution in seconds.
NtBatch=9720       # ## Number of timesteps to compute in batch launch, must have NtBatch <= Nt.

moistureMPcallTscale = 1.0   # NOT VALIDATED
c_s = 0.18   # NOT VALIDATED
nu_0 = 0.0   # NOT VALIDATED
moistureCond = 3   # NOT VALIDATED
moistureAdvSelectorQi = 2   # NOT VALIDATED
moistureAdvSelectorQv = 2   # NOT VALIDATED
surflayer_qr = 0.0   # NOT VALIDATED
surflayer_tr = -0.0   # NOT VALIDATED
surflayer_wq = 0.0   # NOT VALIDATED
moistureNvars = 2   # NOT VALIDATED
moistureCondTscale = 1.0   # NOT VALIDATED
moistureAdvSelectorQv_b = 0.0   # NOT VALIDATED
surflayer_ideal_qamp = 2.0   # NOT VALIDATED
surflayer_ideal_amp = 4.0   # NOT VALIDATED
surflayer_ideal_qte = 10.0   # NOT VALIDATED
surflayer_ideal_qts = 1.75   # NOT VALIDATED
surflayer_ideal_te = 43200   # NOT VALIDATED
surflayer_ideal_ts = 0.0   # NOT VALIDATED
moistureCondBasePres = 1   # NOT VALIDATED
moistureSGSturb = 1   # NOT VALIDATED
Input parameters passed verification.
Reading coordinates and input conditions from FE_ACC.0
Attempting to open inFileName = ./FE_ACC.0
inFileName = ./FE_ACC.0 as 4 dimensions
Opened inFileName = ./FE_ACC.0 with ncid = 65536
Established dimension ids of xIndex,yIndex,zIndex = 3, 2, 1
Reading IO-registered variable fields from inFileName = ./FE_ACC.0
Checking for xPos...
Next registered var in list to get is ptr->name = xPos, from ptr->ncvarid = 3
nc_get_vara() for  ptr->name = xPos, from ptr-ncvarid = 3,
 into ioBuffField = 0x0x70799810f010, for transpose into field = 0x0x707ba4d75080 
Variable field = xPos has nDims = 4
Variable field = xPos has dimid(0) = 0: start, count => 0, 1
Variable field = xPos has dimid(1) = 1: start, count => 0, 122
Variable field = xPos has dimid(2) = 2: start, count => 0, 122
Variable field = xPos has dimid(3) = 3: start, count => 0, 122
Attempting for field = xPos with start = 0,0,0,0 and count = 1,122,122,122
Checking for yPos...
Next registered var in list to get is ptr->name = yPos, from ptr->ncvarid = 4
nc_get_vara() for  ptr->name = yPos, from ptr-ncvarid = 4,
 into ioBuffField = 0x0x70799810f010, for transpose into field = 0x0x707ba4574080 
Variable field = yPos has nDims = 4
Variable field = yPos has dimid(0) = 0: start, count => 0, 1
Variable field = yPos has dimid(1) = 1: start, count => 0, 122
Variable field = yPos has dimid(2) = 2: start, count => 0, 122
Variable field = yPos has dimid(3) = 3: start, count => 0, 122
Attempting for field = yPos with start = 0,0,0,0 and count = 1,122,122,122
Checking for zPos...
Next registered var in list to get is ptr->name = zPos, from ptr->ncvarid = 5
nc_get_vara() for  ptr->name = zPos, from ptr-ncvarid = 5,
 into ioBuffField = 0x0x70799810f010, for transpose into field = 0x0x7079997ff080 
Variable field = zPos has nDims = 4
Variable field = zPos has dimid(0) = 0: start, count => 0, 1
Variable field = zPos has dimid(1) = 1: start, count => 0, 122
Variable field = zPos has dimid(2) = 2: start, count => 0, 122
Variable field = zPos has dimid(3) = 3: start, count => 0, 122
Attempting for field = zPos with start = 0,0,0,0 and count = 1,122,122,122
Checking for topoPos...
Next registered var in list to get is ptr->name = topoPos, from ptr->ncvarid = 6
nc_get_vara() for  ptr->name = topoPos, from ptr-ncvarid = 6,
 into ioBuffField = 0x0x70799810f010, for transpose into field = 0x0x574685e2bd00 
Variable field = topoPos has nDims = 3
Variable field = topoPos has dimid(0) = 0: start, count => 0, 1
Variable field = topoPos has dimid(1) = 2: start, count => 0, 122
Variable field = topoPos has dimid(2) = 3: start, count => 0, 0
Attempting for field = topoPos with start = 0,0,0,0 and count = 1,122,122,0
Checking for lat...
Next registered var in list to get is ptr->name = lat, from ptr->ncvarid = 7
nc_get_vara() for  ptr->name = lat, from ptr-ncvarid = 7,
 into ioBuffField = 0x0x70799810f010, for transpose into field = 0x0x574685e4e980 
Variable field = lat has nDims = 3
Variable field = lat has dimid(0) = 0: start, count => 0, 1
Variable field = lat has dimid(1) = 2: start, count => 0, 122
Variable field = lat has dimid(2) = 3: start, count => 0, 0
Attempting for field = lat with start = 0,0,0,0 and count = 1,122,122,0
Checking for lon...
Next registered var in list to get is ptr->name = lon, from ptr->ncvarid = 8
nc_get_vara() for  ptr->name = lon, from ptr-ncvarid = 8,
 into ioBuffField = 0x0x70799810f010, for transpose into field = 0x0x574685e5ea00 
Variable field = lon has nDims = 3
Variable field = lon has dimid(0) = 0: start, count => 0, 1
Variable field = lon has dimid(1) = 2: start, count => 0, 122
Variable field = lon has dimid(2) = 3: start, count => 0, 0
Attempting for field = lon with start = 0,0,0,0 and count = 1,122,122,0
Checking for rho...
Next registered var in list to get is ptr->name = rho, from ptr->ncvarid = 9
nc_get_vara() for  ptr->name = rho, from ptr-ncvarid = 9,
 into ioBuffField = 0x0x70799810f010, for transpose into field = 0x0x7079677fb080 
Variable field = rho has nDims = 4
Variable field = rho has dimid(0) = 0: start, count => 0, 1
Variable field = rho has dimid(1) = 1: start, count => 0, 122
Variable field = rho has dimid(2) = 2: start, count => 0, 122
Variable field = rho has dimid(3) = 3: start, count => 0, 122
Attempting for field = rho with start = 0,0,0,0 and count = 1,122,122,122
Checking for u...
Next registered var in list to get is ptr->name = u, from ptr->ncvarid = 10
nc_get_vara() for  ptr->name = u, from ptr-ncvarid = 10,
 into ioBuffField = 0x0x70799810f010, for transpose into field = 0x0x707967ffb080 
Variable field = u has nDims = 4
Variable field = u has dimid(0) = 0: start, count => 0, 1
Variable field = u has dimid(1) = 1: start, count => 0, 122
Variable field = u has dimid(2) = 2: start, count => 0, 122
Variable field = u has dimid(3) = 3: start, count => 0, 122
Attempting for field = u with start = 0,0,0,0 and count = 1,122,122,122
Checking for v...
Next registered var in list to get is ptr->name = v, from ptr->ncvarid = 11
nc_get_vara() for  ptr->name = v, from ptr-ncvarid = 11,
 into ioBuffField = 0x0x70799810f010, for transpose into field = 0x0x7079687fb080 
Variable field = v has nDims = 4
Variable field = v has dimid(0) = 0: start, count => 0, 1
Variable field = v has dimid(1) = 1: start, count => 0, 122
Variable field = v has dimid(2) = 2: start, count => 0, 122
Variable field = v has dimid(3) = 3: start, count => 0, 122
Attempting for field = v with start = 0,0,0,0 and count = 1,122,122,122
Checking for w...
Next registered var in list to get is ptr->name = w, from ptr->ncvarid = 12
nc_get_vara() for  ptr->name = w, from ptr-ncvarid = 12,
 into ioBuffField = 0x0x70799810f010, for transpose into field = 0x0x707968ffb080 
Variable field = w has nDims = 4
Variable field = w has dimid(0) = 0: start, count => 0, 1
Variable field = w has dimid(1) = 1: start, count => 0, 122
Variable field = w has dimid(2) = 2: start, count => 0, 122
Variable field = w has dimid(3) = 3: start, count => 0, 122
Attempting for field = w with start = 0,0,0,0 and count = 1,122,122,122
Checking for theta...
Next registered var in list to get is ptr->name = theta, from ptr->ncvarid = 13
nc_get_vara() for  ptr->name = theta, from ptr-ncvarid = 13,
 into ioBuffField = 0x0x70799810f010, for transpose into field = 0x0x7079697fb080 
Variable field = theta has nDims = 4
Variable field = theta has dimid(0) = 0: start, count => 0, 1
Variable field = theta has dimid(1) = 1: start, count => 0, 122
Variable field = theta has dimid(2) = 2: start, count => 0, 122
Variable field = theta has dimid(3) = 3: start, count => 0, 122
Attempting for field = theta with start = 0,0,0,0 and count = 1,122,122,122
Checking for pressure...
Next registered var in list to get is ptr->name = pressure, from ptr->ncvarid = 14
nc_get_vara() for  ptr->name = pressure, from ptr-ncvarid = 14,
 into ioBuffField = 0x0x70799810f010, for transpose into field = 0x0x707966ffa080 
Variable field = pressure has nDims = 4
Variable field = pressure has dimid(0) = 0: start, count => 0, 1
Variable field = pressure has dimid(1) = 1: start, count => 0, 122
Variable field = pressure has dimid(2) = 2: start, count => 0, 122
Variable field = pressure has dimid(3) = 3: start, count => 0, 122
Attempting for field = pressure with start = 0,0,0,0 and count = 1,122,122,122
Checking for TKE_0...
Next registered var in list to get is ptr->name = TKE_0, from ptr->ncvarid = 15
nc_get_vara() for  ptr->name = TKE_0, from ptr-ncvarid = 15,
 into ioBuffField = 0x0x70799810f010, for transpose into field = 0x0x707963ff8080 
Variable field = TKE_0 has nDims = 4
Variable field = TKE_0 has dimid(0) = 0: start, count => 0, 1
Variable field = TKE_0 has dimid(1) = 1: start, count => 0, 122
Variable field = TKE_0 has dimid(2) = 2: start, count => 0, 122
Variable field = TKE_0 has dimid(3) = 3: start, count => 0, 122
Attempting for field = TKE_0 with start = 0,0,0,0 and count = 1,122,122,122
Checking for tskin...
Next registered var in list to get is ptr->name = tskin, from ptr->ncvarid = 16
nc_get_vara() for  ptr->name = tskin, from ptr-ncvarid = 16,
 into ioBuffField = 0x0x70799810f010, for transpose into field = 0x0x574685ec8480 
Variable field = tskin has nDims = 3
Variable field = tskin has dimid(0) = 0: start, count => 0, 1
Variable field = tskin has dimid(1) = 2: start, count => 0, 122
Variable field = tskin has dimid(2) = 3: start, count => 0, 0
Attempting for field = tskin with start = 0,0,0,0 and count = 1,122,122,0
Checking for fricVel...
Next registered var in list to get is ptr->name = fricVel, from ptr->ncvarid = 17
nc_get_vara() for  ptr->name = fricVel, from ptr-ncvarid = 17,
 into ioBuffField = 0x0x70799810f010, for transpose into field = 0x0x574685ea8300 
Variable field = fricVel has nDims = 3
Variable field = fricVel has dimid(0) = 0: start, count => 0, 1
Variable field = fricVel has dimid(1) = 2: start, count => 0, 122
Variable field = fricVel has dimid(2) = 3: start, count => 0, 0
Attempting for field = fricVel with start = 0,0,0,0 and count = 1,122,122,0
Checking for htFlux...
Next registered var in list to get is ptr->name = htFlux, from ptr->ncvarid = 18
nc_get_vara() for  ptr->name = htFlux, from ptr-ncvarid = 18,
 into ioBuffField = 0x0x70799810f010, for transpose into field = 0x0x574685eb8380 
Variable field = htFlux has nDims = 3
Variable field = htFlux has dimid(0) = 0: start, count => 0, 1
Variable field = htFlux has dimid(1) = 2: start, count => 0, 122
Variable field = htFlux has dimid(2) = 3: start, count => 0, 0
Attempting for field = htFlux with start = 0,0,0,0 and count = 1,122,122,0
Checking for invOblen...
Next registered var in list to get is ptr->name = invOblen, from ptr->ncvarid = 19
nc_get_vara() for  ptr->name = invOblen, from ptr-ncvarid = 19,
 into ioBuffField = 0x0x70799810f010, for transpose into field = 0x0x574685ed8500 
Variable field = invOblen has nDims = 3
Variable field = invOblen has dimid(0) = 0: start, count => 0, 1
Variable field = invOblen has dimid(1) = 2: start, count => 0, 122
Variable field = invOblen has dimid(2) = 3: start, count => 0, 0
Attempting for field = invOblen with start = 0,0,0,0 and count = 1,122,122,0
Checking for z0m...
Next registered var in list to get is ptr->name = z0m, from ptr->ncvarid = 20
nc_get_vara() for  ptr->name = z0m, from ptr-ncvarid = 20,
 into ioBuffField = 0x0x70799810f010, for transpose into field = 0x0x574685ee8600 
Variable field = z0m has nDims = 3
Variable field = z0m has dimid(0) = 0: start, count => 0, 1
Variable field = z0m has dimid(1) = 2: start, count => 0, 122
Variable field = z0m has dimid(2) = 3: start, count => 0, 0
Attempting for field = z0m with start = 0,0,0,0 and count = 1,122,122,0
Checking for z0t...
Next registered var in list to get is ptr->name = z0t, from ptr->ncvarid = 21
nc_get_vara() for  ptr->name = z0t, from ptr-ncvarid = 21,
 into ioBuffField = 0x0x70799810f010, for transpose into field = 0x0x574685ef8680 
Variable field = z0t has nDims = 3
Variable field = z0t has dimid(0) = 0: start, count => 0, 1
Variable field = z0t has dimid(1) = 2: start, count => 0, 122
Variable field = z0t has dimid(2) = 3: start, count => 0, 0
Attempting for field = z0t with start = 0,0,0,0 and count = 1,122,122,0
Checking for time...
Next registered var in list to get is ptr->name = time, from ptr->ncvarid = 22
nc_get_vara() for  ptr->name = time, from ptr-ncvarid = 22,
 into ioBuffField = 0x0x70799810f010, for transpose into field = 0x0x5746758b4f78 
Variable field = time has nDims = 1
Variable field = time has dimid(0) = 0: start, count => 0, 1
Attempting for field = time with start = 0,0,0,0 and count = 1,122,122,0
Done Reading IO-registered variable fields from inFileName = ./FE_ACC.0
Success in reading from inFileName = ./FE_ACC.0
mpi_rank_world--0/1 grid-Coord-gen(), else-coordHorizHalos = 1!
mpi_rank_world--0/1 coordHalos, Western-Eastern Boundaries!
mpi_rank_world--0/1 coordHalos, Southern-Northern Boundaries!
stabilityScheme == 2: Base State setup complete.
Rank 0/1: Profile preparations complete!
cuda_gridDeviceSetup:-- (i,j,k)Min, ()Max = (3,3,3), (125,125,125)
fecuda_SetBlocksPerGrid: tBlock = {1, 8, 16}
fecuda_SetBlocksPerGrid: grid = {128, 16, 8}
lsf_horMnSubTerms = 1, setting up for 5 phi-fields.cuda_hydroCoreDeviceSetup() complete.
cuda_towersDeviceSetup: NelemsTowers = 0, NelemsTowersSurf = 1506279832
0/1 cuda_hydroCoreDeviceSecondaryStageSetup(): BdyUpdateSteps = 0 
Initializations complete after   1.2726 (s).
Main Time: Advancing simulation timestep = 0... and time =    0.00000

_____________________#######_________  STATE-SUMMARY @ it = 0 _________#######____________________ 

			!!!!!	  HYDRO_CORE 	 !!!!! 
Field 	|	 max	     --(i,j,k)		 |	  min	     --(i,j,k)		 |	 mean
---------------------------------------------------------------------------------------------------------
********-----
 Model Fields -
 ********-----
rho	Rank 0/1:       1.14060080 	 (8,94,3)	 |        0.84089863 	 (95,80,124)	 |       1.03100181 
-----
u	Rank 0/1:       4.91980171 	 (11,4,16)	 |       -0.69363260 	 (69,109,3)	 |       2.79020071 
-----
v	Rank 0/1:      12.26809502 	 (56,31,54)	 |        3.58517122 	 (43,78,3)	 |      10.97846222 
-----
w	Rank 0/1:       3.23289847 	 (46,93,29)	 |       -1.96380091 	 (68,118,14)	 |       0.00008687 
-----
theta	Rank 0/1:     317.40188599 	 (95,80,124)	 |      299.61276245 	 (56,24,54)	 |     307.55923462 
-----
press	Rank 0/1:      21.49218750 	 (53,16,53)	 |        7.81250000 	 (40,79,8)	 |      16.99488449 
-----
TKE_0	Rank 0/1:       1.70481753 	 (5,117,4)	 |        0.00000000 	 (37,78,7)	 |       0.03991599 
Dumping state at timestep = 0...
Dumped state at timestep = 0...
Rank 0/1: Batch complete results sent via cudaMemcpyDeviceToHost.

			!!!!!	  TIMESTEP PERFORMANCE  	 !!!!! 
 Total Time (s) | Batch Steps 	| Time/step (s) | Comp./step (s) | IO Time (s)
---------------------------------------------------------------------------------------------------------
    57.0943 	|     9720 	|    0.0059 	|    0.0058 	 |   0.255972 

********************************************************************************************************
Main Time: Advancing simulation timestep = 9720... and time =  300.00003

_____________________#######_________  STATE-SUMMARY @ it = 9720 _________#######____________________ 

			!!!!!	  HYDRO_CORE 	 !!!!! 
Field 	|	 max	     --(i,j,k)		 |	  min	     --(i,j,k)		 |	 mean
---------------------------------------------------------------------------------------------------------
********-----
 Model Fields -
 ********-----
rho	Rank 0/1:       1.14110827 	 (38,57,3)	 |        0.84089661 	 (37,9,124)	 |       1.03101563 
-----
u	Rank 0/1:       5.15894032 	 (79,75,52)	 |       -0.84203416 	 (90,104,22)	 |       2.76257849 
-----
v	Rank 0/1:      12.19178104 	 (76,80,56)	 |        3.55440331 	 (98,124,3)	 |      10.92873764 
-----
w	Rank 0/1:       3.19290257 	 (97,114,29)	 |       -1.88977456 	 (29,123,22)	 |       0.00003003 
-----
theta	Rank 0/1:     317.40148926 	 (37,9,124)	 |      299.33935547 	 (76,79,54)	 |     307.55239868 
-----
press	Rank 0/1:      22.58593750 	 (96,8,53)	 |        8.74218750 	 (99,114,28)	 |      16.49766731 
-----
TKE_0	Rank 0/1:       1.37085772 	 (78,31,4)	 |        0.00000000 	 (28,42,8)	 |       0.03683809 
Dumping state at timestep = 9720...
Dumped state at timestep = 9720...
Rank 0/1: Batch complete results sent via cudaMemcpyDeviceToHost.

			!!!!!	  TIMESTEP PERFORMANCE  	 !!!!! 
 Total Time (s) | Batch Steps 	| Time/step (s) | Comp./step (s) | IO Time (s)
---------------------------------------------------------------------------------------------------------
    57.0802 	|     9720 	|    0.0059 	|    0.0058 	 |   0.317612 

********************************************************************************************************
Main Time: Advancing simulation timestep = 19440... and time =  600.00006

_____________________#######_________  STATE-SUMMARY @ it = 19440 _________#######____________________ 

			!!!!!	  HYDRO_CORE 	 !!!!! 
Field 	|	 max	     --(i,j,k)		 |	  min	     --(i,j,k)		 |	 mean
---------------------------------------------------------------------------------------------------------
********-----
 Model Fields -
 ********-----
rho	Rank 0/1:       1.14105928 	 (44,124,3)	 |        0.84089452 	 (35,66,124)	 |       1.03109324 
-----
u	Rank 0/1:       4.75997925 	 (113,25,16)	 |       -0.49983528 	 (50,92,23)	 |       2.73124766 
-----
v	Rank 0/1:      12.21755028 	 (108,70,56)	 |        3.58068204 	 (118,78,3)	 |      10.88534832 
-----
w	Rank 0/1:       2.27727008 	 (100,59,36)	 |       -1.70935071 	 (85,74,26)	 |       0.00001612 
-----
theta	Rank 0/1:     317.40121460 	 (35,66,124)	 |      299.65039062 	 (103,69,53)	 |     307.54818726 
-----
press	Rank 0/1:      20.21093750 	 (85,17,53)	 |       10.11718750 	 (19,29,22)	 |      16.12845993 
-----
TKE_0	Rank 0/1:       1.38683176 	 (12,101,4)	 |        0.00000000 	 (120,106,9)	 |       0.03443034 
Dumping state at timestep = 19440...
Dumped state at timestep = 19440...
Rank 0/1: Batch complete results sent via cudaMemcpyDeviceToHost.

			!!!!!	  TIMESTEP PERFORMANCE  	 !!!!! 
 Total Time (s) | Batch Steps 	| Time/step (s) | Comp./step (s) | IO Time (s)
---------------------------------------------------------------------------------------------------------
    56.9877 	|     9720 	|    0.0059 	|    0.0058 	 |   0.236397 

********************************************************************************************************
Main Time: Advancing simulation timestep = 29160... and time =  900.00006

_____________________#######_________  STATE-SUMMARY @ it = 29160 _________#######____________________ 

			!!!!!	  HYDRO_CORE 	 !!!!! 
Field 	|	 max	     --(i,j,k)		 |	  min	     --(i,j,k)		 |	 mean
---------------------------------------------------------------------------------------------------------
********-----
 Model Fields -
 ********-----
rho	Rank 0/1:       1.14102376 	 (96,54,3)	 |        0.84089178 	 (95,53,124)	 |       1.03108799 
-----
u	Rank 0/1:       4.47232866 	 (63,124,51)	 |       -0.91150254 	 (5,18,10)	 |       2.69901371 
-----
v	Rank 0/1:      12.18231678 	 (62,43,55)	 |        3.17284417 	 (40,100,3)	 |      10.83625412 
-----
w	Rank 0/1:       2.01291513 	 (119,10,42)	 |       -1.73922217 	 (65,27,14)	 |       0.00000751 
-----
theta	Rank 0/1:     317.40124512 	 (95,53,124)	 |      299.84664917 	 (15,99,53)	 |     307.54940796 
-----
press	Rank 0/1:      19.65625000 	 (53,76,53)	 |        9.97656250 	 (67,27,14)	 |      15.82127476 
-----
TKE_0	Rank 0/1:       1.11779594 	 (104,6,4)	 |        0.00000000 	 (76,120,9)	 |       0.03173602 
Dumping state at timestep = 29160...
Dumped state at timestep = 29160...
Rank 0/1: Batch complete results sent via cudaMemcpyDeviceToHost.

			!!!!!	  TIMESTEP PERFORMANCE  	 !!!!! 
 Total Time (s) | Batch Steps 	| Time/step (s) | Comp./step (s) | IO Time (s)
---------------------------------------------------------------------------------------------------------
    56.9792 	|     9720 	|    0.0059 	|    0.0058 	 |   0.241421 

********************************************************************************************************
Main Time: Advancing simulation timestep = 38880... and time = 1200.00012

_____________________#######_________  STATE-SUMMARY @ it = 38880 _________#######____________________ 

			!!!!!	  HYDRO_CORE 	 !!!!! 
Field 	|	 max	     --(i,j,k)		 |	  min	     --(i,j,k)		 |	 mean
---------------------------------------------------------------------------------------------------------
********-----
 Model Fields -
 ********-----
rho	Rank 0/1:       1.14097023 	 (73,25,3)	 |        0.84088963 	 (95,105,124)	 |       1.03109694 
-----
u	Rank 0/1:       4.01240826 	 (21,35,12)	 |       -0.52098358 	 (75,84,3)	 |       2.66601729 
-----
v	Rank 0/1:      11.98002338 	 (50,56,56)	 |        3.10812998 	 (55,50,3)	 |      10.79852390 
-----
w	Rank 0/1:       1.80501127 	 (64,98,37)	 |       -1.59982109 	 (81,112,10)	 |       0.00000141 
-----
theta	Rank 0/1:     317.40127563 	 (95,105,124)	 |      299.88330078 	 (22,107,53)	 |     307.55422974 
-----
press	Rank 0/1:      19.53906250 	 (101,56,53)	 |       10.10156250 	 (81,110,8)	 |      15.56377602 
-----
TKE_0	Rank 0/1:       1.20195222 	 (56,23,4)	 |        0.00000000 	 (21,9,10)	 |       0.02968610 
Dumping state at timestep = 38880...
Dumped state at timestep = 38880...
Rank 0/1: Batch complete results sent via cudaMemcpyDeviceToHost.

			!!!!!	  TIMESTEP PERFORMANCE  	 !!!!! 
 Total Time (s) | Batch Steps 	| Time/step (s) | Comp./step (s) | IO Time (s)
---------------------------------------------------------------------------------------------------------
    56.9741 	|     9720 	|    0.0059 	|    0.0058 	 |   0.241118 

********************************************************************************************************
Main Time: Advancing simulation timestep = 48600... and time = 1500.00012

_____________________#######_________  STATE-SUMMARY @ it = 48600 _________#######____________________ 

			!!!!!	  HYDRO_CORE 	 !!!!! 
Field 	|	 max	     --(i,j,k)		 |	  min	     --(i,j,k)		 |	 mean
---------------------------------------------------------------------------------------------------------
********-----
 Model Fields -
 ********-----
rho	Rank 0/1:       1.14093745 	 (82,75,3)	 |        0.84088808 	 (111,10,124)	 |       1.03111970 
-----
u	Rank 0/1:       4.23896408 	 (35,24,12)	 |       -0.91313398 	 (61,113,4)	 |       2.63011074 
-----
v	Rank 0/1:      11.91355515 	 (92,85,57)	 |        2.95041537 	 (50,77,3)	 |      10.76994038 
-----
w	Rank 0/1:       1.80955410 	 (35,29,15)	 |       -1.49840975 	 (39,37,12)	 |      -0.00000273 
-----
theta	Rank 0/1:     317.40124512 	 (111,10,124)	 |      299.94830322 	 (42,83,53)	 |     307.56411743 
-----
press	Rank 0/1:      19.25781250 	 (7,25,53)	 |        8.71093750 	 (35,30,16)	 |      15.34422970 
-----
TKE_0	Rank 0/1:       1.13068950 	 (113,85,4)	 |        0.00000000 	 (92,60,9)	 |       0.02782248 
Dumping state at timestep = 48600...
Dumped state at timestep = 48600...
Rank 0/1: Batch complete results sent via cudaMemcpyDeviceToHost.

			!!!!!	  TIMESTEP PERFORMANCE  	 !!!!! 
 Total Time (s) | Batch Steps 	| Time/step (s) | Comp./step (s) | IO Time (s)
---------------------------------------------------------------------------------------------------------
    56.9646 	|     9720 	|    0.0059 	|    0.0058 	 |   0.241252 

********************************************************************************************************
Main Time: Advancing simulation timestep = 58320... and time = 1800.00012

_____________________#######_________  STATE-SUMMARY @ it = 58320 _________#######____________________ 

			!!!!!	  HYDRO_CORE 	 !!!!! 
Field 	|	 max	     --(i,j,k)		 |	  min	     --(i,j,k)		 |	 mean
---------------------------------------------------------------------------------------------------------
********-----
 Model Fields -
 ********-----
rho	Rank 0/1:       1.14090896 	 (89,119,3)	 |        0.84088552 	 (79,76,124)	 |       1.03109527 
-----
u	Rank 0/1:       3.68147612 	 (53,104,8)	 |       -0.38684726 	 (74,61,7)	 |       2.59817338 
-----
v	Rank 0/1:      11.98314857 	 (4,99,57)	 |        2.69334006 	 (80,67,3)	 |      10.73895741 
-----
w	Rank 0/1:       1.84027231 	 (50,112,30)	 |       -1.54163110 	 (51,122,14)	 |      -0.00000564 
-----
theta	Rank 0/1:     317.40164185 	 (78,75,124)	 |      300.16815186 	 (72,86,51)	 |     307.55422974 
-----
press	Rank 0/1:      19.01562500 	 (26,31,53)	 |        9.63281250 	 (53,107,6)	 |      15.13393784 
-----
TKE_0	Rank 0/1:       1.26995587 	 (77,58,6)	 |        0.00000000 	 (83,31,10)	 |       0.02676348 
Dumping state at timestep = 58320...
Dumped state at timestep = 58320...
Rank 0/1: Batch complete results sent via cudaMemcpyDeviceToHost.

			!!!!!	  TIMESTEP PERFORMANCE  	 !!!!! 
 Total Time (s) | Batch Steps 	| Time/step (s) | Comp./step (s) | IO Time (s)
---------------------------------------------------------------------------------------------------------
    56.9531 	|     9720 	|    0.0059 	|    0.0058 	 |   0.242856 

********************************************************************************************************
Main Time: Advancing simulation timestep = 68040... and time = 2100.00024

_____________________#######_________  STATE-SUMMARY @ it = 68040 _________#######____________________ 

			!!!!!	  HYDRO_CORE 	 !!!!! 
Field 	|	 max	     --(i,j,k)		 |	  min	     --(i,j,k)		 |	 mean
---------------------------------------------------------------------------------------------------------
********-----
 Model Fields -
 ********-----
rho	Rank 0/1:       1.14088666 	 (106,82,3)	 |        0.84088391 	 (108,24,124)	 |       1.03106439 
-----
u	Rank 0/1:       3.64354181 	 (66,77,26)	 |       -0.71523887 	 (53,66,9)	 |       2.56420827 
-----
v	Rank 0/1:      11.92586327 	 (104,76,56)	 |        2.86442256 	 (90,8,3)	 |      10.70705795 
-----
w	Rank 0/1:       1.83648014 	 (65,74,27)	 |       -1.45662582 	 (68,79,17)	 |      -0.00000797 
-----
theta	Rank 0/1:     317.40164185 	 (108,24,124)	 |      300.19699097 	 (113,109,50)	 |     307.55731201 
-----
press	Rank 0/1:      18.64062500 	 (42,101,53)	 |        9.03906250 	 (77,80,4)	 |      14.92248726 
-----
TKE_0	Rank 0/1:       1.07138455 	 (74,68,4)	 |        0.00000000 	 (31,53,9)	 |       0.02558849 
Dumping state at timestep = 68040...
Dumped state at timestep = 68040...
Rank 0/1: Batch complete results sent via cudaMemcpyDeviceToHost.

			!!!!!	  TIMESTEP PERFORMANCE  	 !!!!! 
 Total Time (s) | Batch Steps 	| Time/step (s) | Comp./step (s) | IO Time (s)
---------------------------------------------------------------------------------------------------------
    56.9554 	|     9720 	|    0.0059 	|    0.0058 	 |   0.232902 

********************************************************************************************************
Main Time: Advancing simulation timestep = 77760... and time = 2400.00024

_____________________#######_________  STATE-SUMMARY @ it = 77760 _________#######____________________ 

			!!!!!	  HYDRO_CORE 	 !!!!! 
Field 	|	 max	     --(i,j,k)		 |	  min	     --(i,j,k)		 |	 mean
---------------------------------------------------------------------------------------------------------
********-----
 Model Fields -
 ********-----
rho	Rank 0/1:       1.14087212 	 (115,15,3)	 |        0.84088212 	 (20,63,124)	 |       1.03104687 
-----
u	Rank 0/1:       3.45319510 	 (79,61,55)	 |       -0.70648581 	 (88,35,8)	 |       2.53314209 
-----
v	Rank 0/1:      11.92706490 	 (27,59,56)	 |        2.96645832 	 (109,110,3)	 |      10.68430042 
-----
w	Rank 0/1:       1.65719962 	 (96,22,23)	 |       -1.46577132 	 (105,88,17)	 |      -0.00000942 
-----
theta	Rank 0/1:     317.40155029 	 (20,63,124)	 |      300.16049194 	 (112,74,52)	 |     307.55197144 
-----
press	Rank 0/1:      18.16406250 	 (62,109,53)	 |        8.03125000 	 (92,45,10)	 |      14.71576786 
-----
TKE_0	Rank 0/1:       1.12463152 	 (68,33,4)	 |        0.00000000 	 (52,36,9)	 |       0.02498188 
Dumping state at timestep = 77760...
Dumped state at timestep = 77760...
Rank 0/1: Batch complete results sent via cudaMemcpyDeviceToHost.

			!!!!!	  TIMESTEP PERFORMANCE  	 !!!!! 
 Total Time (s) | Batch Steps 	| Time/step (s) | Comp./step (s) | IO Time (s)
---------------------------------------------------------------------------------------------------------
    56.9543 	|     9720 	|    0.0059 	|    0.0058 	 |   0.232353 

********************************************************************************************************
Main Time: Advancing simulation timestep = 87480... and time = 2700.00024

_____________________#######_________  STATE-SUMMARY @ it = 87480 _________#######____________________ 

			!!!!!	  HYDRO_CORE 	 !!!!! 
Field 	|	 max	     --(i,j,k)		 |	  min	     --(i,j,k)		 |	 mean
---------------------------------------------------------------------------------------------------------
********-----
 Model Fields -
 ********-----
rho	Rank 0/1:       1.14084840 	 (3,75,3)	 |        0.84087861 	 (51,57,124)	 |       1.03108776 
-----
u	Rank 0/1:       3.39318490 	 (108,9,13)	 |       -0.91811657 	 (100,37,20)	 |       2.49972653 
-----
v	Rank 0/1:      11.87225342 	 (14,103,57)	 |        2.78483009 	 (17,8,3)	 |      10.65279675 
-----
w	Rank 0/1:       1.85784900 	 (53,50,28)	 |       -1.25699031 	 (6,61,13)	 |      -0.00001126 
-----
theta	Rank 0/1:     317.40209961 	 (51,57,124)	 |      300.19927979 	 (124,48,52)	 |     307.56060791 
-----
press	Rank 0/1:      17.93750000 	 (102,50,53)	 |        9.14062500 	 (113,18,10)	 |      14.47711658 
-----
TKE_0	Rank 0/1:       1.02446318 	 (123,36,4)	 |        0.00000000 	 (52,64,7)	 |       0.02449874 
Dumping state at timestep = 87480...
Dumped state at timestep = 87480...
Rank 0/1: Batch complete results sent via cudaMemcpyDeviceToHost.

			!!!!!	  TIMESTEP PERFORMANCE  	 !!!!! 
 Total Time (s) | Batch Steps 	| Time/step (s) | Comp./step (s) | IO Time (s)
---------------------------------------------------------------------------------------------------------
    56.9548 	|     9720 	|    0.0059 	|    0.0058 	 |   0.233861 

********************************************************************************************************
Main Time: Advancing simulation timestep = 97200... and time = 3000.00024

_____________________#######_________  STATE-SUMMARY @ it = 97200 _________#######____________________ 

			!!!!!	  HYDRO_CORE 	 !!!!! 
Field 	|	 max	     --(i,j,k)		 |	  min	     --(i,j,k)		 |	 mean
---------------------------------------------------------------------------------------------------------
********-----
 Model Fields -
 ********-----
rho	Rank 0/1:       1.14083612 	 (29,80,3)	 |        0.84087729 	 (80,29,124)	 |       1.03113961 
-----
u	Rank 0/1:       3.50182724 	 (114,93,15)	 |       -1.00727952 	 (116,123,13)	 |       2.46780658 
-----
v	Rank 0/1:      11.82364178 	 (6,34,58)	 |        2.79792380 	 (28,72,3)	 |      10.62979984 
-----
w	Rank 0/1:       1.80717969 	 (111,85,15)	 |       -1.41110587 	 (109,87,17)	 |      -0.00001173 
-----
theta	Rank 0/1:     317.40203857 	 (80,29,124)	 |      300.18536377 	 (44,74,52)	 |     307.55529785 
-----
press	Rank 0/1:      17.82812500 	 (52,97,53)	 |        8.54687500 	 (33,58,12)	 |      14.20543671 
-----
TKE_0	Rank 0/1:       0.93629622 	 (102,102,4)	 |        0.00000000 	 (24,106,9)	 |       0.02421259 
Dumping state at timestep = 97200...
Dumped state at timestep = 97200...
Rank 0/1: Batch complete results sent via cudaMemcpyDeviceToHost.

			!!!!!	  TIMESTEP PERFORMANCE  	 !!!!! 
 Total Time (s) | Batch Steps 	| Time/step (s) | Comp./step (s) | IO Time (s)
---------------------------------------------------------------------------------------------------------
    56.9515 	|     9720 	|    0.0059 	|    0.0058 	 |   0.232044 

********************************************************************************************************
Main Time: Advancing simulation timestep = 106920... and time = 3300.00024

_____________________#######_________  STATE-SUMMARY @ it = 106920 _________#######____________________ 

			!!!!!	  HYDRO_CORE 	 !!!!! 
Field 	|	 max	     --(i,j,k)		 |	  min	     --(i,j,k)		 |	 mean
---------------------------------------------------------------------------------------------------------
********-----
 Model Fields -
 ********-----
rho	Rank 0/1:       1.14082289 	 (39,36,3)	 |        0.84087700 	 (26,116,124)	 |       1.03118992 
-----
u	Rank 0/1:       3.43454671 	 (31,28,56)	 |       -0.91992712 	 (58,64,6)	 |       2.43453121 
-----
v	Rank 0/1:      11.81234837 	 (40,15,57)	 |        2.69572759 	 (45,55,3)	 |      10.60737419 
-----
w	Rank 0/1:       2.21144700 	 (48,33,26)	 |       -1.57956469 	 (4,54,11)	 |      -0.00001195 
-----
theta	Rank 0/1:     317.40155029 	 (26,116,124)	 |      300.21997070 	 (5,116,50)	 |     307.55706787 
-----
press	Rank 0/1:      17.35156250 	 (78,72,53)	 |        8.49218750 	 (24,122,10)	 |      13.92382145 
-----
TKE_0	Rank 0/1:       0.97774208 	 (7,10,4)	 |        0.00000000 	 (61,79,9)	 |       0.02353504 
Dumping state at timestep = 106920...
Dumped state at timestep = 106920...
Rank 0/1: Batch complete results sent via cudaMemcpyDeviceToHost.

			!!!!!	  TIMESTEP PERFORMANCE  	 !!!!! 
 Total Time (s) | Batch Steps 	| Time/step (s) | Comp./step (s) | IO Time (s)
---------------------------------------------------------------------------------------------------------
    56.9446 	|     9720 	|    0.0059 	|    0.0058 	 |   0.228572 

********************************************************************************************************
Main Time: Advancing simulation timestep = 116640... and time = 3600.00024

_____________________#######_________  STATE-SUMMARY @ it = 116640 _________#######____________________ 

			!!!!!	  HYDRO_CORE 	 !!!!! 
Field 	|	 max	     --(i,j,k)		 |	  min	     --(i,j,k)		 |	 mean
---------------------------------------------------------------------------------------------------------
********-----
 Model Fields -
 ********-----
rho	Rank 0/1:       1.14081860 	 (52,119,3)	 |        0.84087431 	 (97,54,124)	 |       1.03121042 
-----
u	Rank 0/1:       3.87935448 	 (40,38,32)	 |       -0.99994701 	 (89,53,11)	 |       2.40451670 
-----
v	Rank 0/1:      11.82847595 	 (77,122,57)	 |        2.59489584 	 (52,3,3)	 |      10.59549332 
-----
w	Rank 0/1:       1.69771659 	 (10,3,29)	 |       -1.49559581 	 (41,40,31)	 |      -0.00001184 
-----
theta	Rank 0/1:     317.40167236 	 (97,54,124)	 |      300.22793579 	 (55,26,53)	 |     307.55938721 
-----
press	Rank 0/1:      17.39062500 	 (34,98,53)	 |        8.69531250 	 (90,58,3)	 |      13.60681534 
-----
TKE_0	Rank 0/1:       0.95917475 	 (20,115,4)	 |        0.00000000 	 (90,12,9)	 |       0.02344763 
Dumping state at timestep = 116640...
Dumped state at timestep = 116640...
Rank 0/1: Batch complete results sent via cudaMemcpyDeviceToHost.

			!!!!!	  TIMESTEP PERFORMANCE  	 !!!!! 
 Total Time (s) | Batch Steps 	| Time/step (s) | Comp./step (s) | IO Time (s)
---------------------------------------------------------------------------------------------------------
    56.9274 	|     9720 	|    0.0059 	|    0.0058 	 |   0.228651 

********************************************************************************************************
Main Time: Advancing simulation timestep = 126360... and time = 3900.00024

_____________________#######_________  STATE-SUMMARY @ it = 126360 _________#######____________________ 

			!!!!!	  HYDRO_CORE 	 !!!!! 
Field 	|	 max	     --(i,j,k)		 |	  min	     --(i,j,k)		 |	 mean
---------------------------------------------------------------------------------------------------------
********-----
 Model Fields -
 ********-----
rho	Rank 0/1:       1.14080596 	 (107,44,3)	 |        0.84087151 	 (6,48,124)	 |       1.03115869 
-----
u	Rank 0/1:       3.37826228 	 (34,32,56)	 |       -0.95249414 	 (48,10,11)	 |       2.37198615 
-----
v	Rank 0/1:      11.85415077 	 (60,70,58)	 |        2.50564528 	 (57,58,3)	 |      10.57970333 
-----
w	Rank 0/1:       1.66841996 	 (25,93,32)	 |       -1.51729620 	 (52,31,27)	 |      -0.00001237 
-----
theta	Rank 0/1:     317.40182495 	 (6,48,124)	 |      300.20635986 	 (83,103,52)	 |     307.56097412 
-----
press	Rank 0/1:      17.08593750 	 (67,69,53)	 |        7.78906250 	 (42,95,20)	 |      13.31433201 
-----
TKE_0	Rank 0/1:       0.98613584 	 (35,3,4)	 |        0.00000000 	 (43,107,9)	 |       0.02359557 
Dumping state at timestep = 126360...
Dumped state at timestep = 126360...
Rank 0/1: Batch complete results sent via cudaMemcpyDeviceToHost.

			!!!!!	  TIMESTEP PERFORMANCE  	 !!!!! 
 Total Time (s) | Batch Steps 	| Time/step (s) | Comp./step (s) | IO Time (s)
---------------------------------------------------------------------------------------------------------
    56.9012 	|     9720 	|    0.0059 	|    0.0058 	 |   0.202068 

********************************************************************************************************
Main Time: Advancing simulation timestep = 136080... and time = 4200.00049

_____________________#######_________  STATE-SUMMARY @ it = 136080 _________#######____________________ 

			!!!!!	  HYDRO_CORE 	 !!!!! 
Field 	|	 max	     --(i,j,k)		 |	  min	     --(i,j,k)		 |	 mean
---------------------------------------------------------------------------------------------------------
********-----
 Model Fields -
 ********-----
rho	Rank 0/1:       1.14079785 	 (117,119,3)	 |        0.84086937 	 (37,41,124)	 |       1.03113127 
-----
u	Rank 0/1:       3.33075213 	 (76,122,56)	 |       -1.44843185 	 (108,77,8)	 |       2.34174442 
-----
v	Rank 0/1:      11.91054726 	 (92,60,56)	 |        2.72772384 	 (73,31,3)	 |      10.56311512 
-----
w	Rank 0/1:       1.94506359 	 (43,100,26)	 |       -1.33757865 	 (110,93,12)	 |      -0.00001336 
-----
theta	Rank 0/1:     317.40185547 	 (37,43,124)	 |      300.22055054 	 (91,50,51)	 |     307.55987549 
-----
press	Rank 0/1:      16.68750000 	 (86,42,53)	 |        7.40625000 	 (13,23,8)	 |      13.01500320 
-----
TKE_0	Rank 0/1:       1.00598359 	 (47,92,4)	 |        0.00000000 	 (26,113,9)	 |       0.02398447 
Dumping state at timestep = 136080...
Dumped state at timestep = 136080...
Rank 0/1: Batch complete results sent via cudaMemcpyDeviceToHost.

			!!!!!	  TIMESTEP PERFORMANCE  	 !!!!! 
 Total Time (s) | Batch Steps 	| Time/step (s) | Comp./step (s) | IO Time (s)
---------------------------------------------------------------------------------------------------------
    56.9021 	|     9720 	|    0.0059 	|    0.0058 	 |   0.206223 

********************************************************************************************************
Main Time: Advancing simulation timestep = 145800... and time = 4500.00049

_____________________#######_________  STATE-SUMMARY @ it = 145800 _________#######____________________ 

			!!!!!	  HYDRO_CORE 	 !!!!! 
Field 	|	 max	     --(i,j,k)		 |	  min	     --(i,j,k)		 |	 mean
---------------------------------------------------------------------------------------------------------
********-----
 Model Fields -
 ********-----
rho	Rank 0/1:       1.14078784 	 (122,71,3)	 |        0.84086698 	 (68,37,124)	 |       1.03109515 
-----
u	Rank 0/1:       3.35240340 	 (88,72,56)	 |       -1.11094058 	 (38,16,3)	 |       2.30936933 
-----
v	Rank 0/1:      11.89614391 	 (17,72,55)	 |        2.63709950 	 (91,5,3)	 |      10.54897976 
-----
w	Rank 0/1:       1.70127928 	 (54,59,27)	 |       -1.44142592 	 (58,27,14)	 |      -0.00001345 
-----
theta	Rank 0/1:     317.40203857 	 (68,37,124)	 |      300.20935059 	 (108,79,52)	 |     307.56030273 
-----
press	Rank 0/1:      16.29687500 	 (28,34,53)	 |        6.92968750 	 (65,56,6)	 |      12.73689842 
-----
TKE_0	Rank 0/1:       0.99494231 	 (76,9,4)	 |        0.00000000 	 (43,39,8)	 |       0.02397450 
Dumping state at timestep = 145800...
Dumped state at timestep = 145800...
Rank 0/1: Batch complete results sent via cudaMemcpyDeviceToHost.

			!!!!!	  TIMESTEP PERFORMANCE  	 !!!!! 
 Total Time (s) | Batch Steps 	| Time/step (s) | Comp./step (s) | IO Time (s)
---------------------------------------------------------------------------------------------------------
    56.8910 	|     9720 	|    0.0059 	|    0.0058 	 |   0.202791 

********************************************************************************************************
Main Time: Advancing simulation timestep = 155520... and time = 4800.00049

_____________________#######_________  STATE-SUMMARY @ it = 155520 _________#######____________________ 

			!!!!!	  HYDRO_CORE 	 !!!!! 
Field 	|	 max	     --(i,j,k)		 |	  min	     --(i,j,k)		 |	 mean
---------------------------------------------------------------------------------------------------------
********-----
 Model Fields -
 ********-----
rho	Rank 0/1:       1.14077854 	 (6,4,3)	 |        0.84086442 	 (99,31,124)	 |       1.03106356 
-----
u	Rank 0/1:       3.34256697 	 (13,3,58)	 |       -1.25715125 	 (50,100,12)	 |       2.27709508 
-----
v	Rank 0/1:      11.89084148 	 (37,51,55)	 |        2.66428256 	 (81,17,3)	 |      10.53374004 
-----
w	Rank 0/1:       1.86480010 	 (32,55,19)	 |       -1.44022775 	 (72,6,15)	 |      -0.00001383 
-----
theta	Rank 0/1:     317.40179443 	 (99,30,124)	 |      300.14819336 	 (99,41,52)	 |     307.55950928 
-----
press	Rank 0/1:      16.09375000 	 (12,24,53)	 |        7.03906250 	 (28,46,6)	 |      12.43622780 
-----
TKE_0	Rank 0/1:       1.08009076 	 (73,100,4)	 |        0.00000000 	 (41,38,8)	 |       0.02443289 
Dumping state at timestep = 155520...
Dumped state at timestep = 155520...
Rank 0/1: Batch complete results sent via cudaMemcpyDeviceToHost.

			!!!!!	  TIMESTEP PERFORMANCE  	 !!!!! 
 Total Time (s) | Batch Steps 	| Time/step (s) | Comp./step (s) | IO Time (s)
---------------------------------------------------------------------------------------------------------
    56.9010 	|     9720 	|    0.0059 	|    0.0058 	 |   0.207646 

********************************************************************************************************
Main Time: Advancing simulation timestep = 165240... and time = 5100.00049

_____________________#######_________  STATE-SUMMARY @ it = 165240 _________#######____________________ 

			!!!!!	  HYDRO_CORE 	 !!!!! 
Field 	|	 max	     --(i,j,k)		 |	  min	     --(i,j,k)		 |	 mean
---------------------------------------------------------------------------------------------------------
********-----
 Model Fields -
 ********-----
rho	Rank 0/1:       1.14077008 	 (6,53,3)	 |        0.84086174 	 (39,54,124)	 |       1.03104365 
-----
u	Rank 0/1:       3.41281796 	 (106,4,58)	 |       -1.33631527 	 (10,91,8)	 |       2.24569798 
-----
v	Rank 0/1:      11.94506931 	 (113,12,58)	 |        2.75472522 	 (89,84,3)	 |      10.51890755 
-----
w	Rank 0/1:       1.54320621 	 (68,69,25)	 |       -1.35921431 	 (101,124,29)	 |      -0.00001292 
-----
theta	Rank 0/1:     317.40209961 	 (39,54,124)	 |      300.05569458 	 (73,108,52)	 |     307.54776001 
-----
press	Rank 0/1:      15.84375000 	 (8,94,53)	 |        7.28906250 	 (37,102,12)	 |      12.09771633 
-----
TKE_0	Rank 0/1:       1.01522815 	 (65,45,4)	 |        0.00000000 	 (55,49,9)	 |       0.02394731 
Dumping state at timestep = 165240...
Dumped state at timestep = 165240...
Rank 0/1: Batch complete results sent via cudaMemcpyDeviceToHost.

			!!!!!	  TIMESTEP PERFORMANCE  	 !!!!! 
 Total Time (s) | Batch Steps 	| Time/step (s) | Comp./step (s) | IO Time (s)
---------------------------------------------------------------------------------------------------------
    56.9005 	|     9720 	|    0.0059 	|    0.0058 	 |   0.202871 

********************************************************************************************************
Main Time: Advancing simulation timestep = 174960... and time = 5400.00049

_____________________#######_________  STATE-SUMMARY @ it = 174960 _________#######____________________ 

			!!!!!	  HYDRO_CORE 	 !!!!! 
Field 	|	 max	     --(i,j,k)		 |	  min	     --(i,j,k)		 |	 mean
---------------------------------------------------------------------------------------------------------
********-----
 Model Fields -
 ********-----
rho	Rank 0/1:       1.14076352 	 (13,66,3)	 |        0.84086019 	 (69,48,124)	 |       1.03108227 
-----
u	Rank 0/1:       3.41805553 	 (112,70,57)	 |       -1.57117975 	 (98,79,16)	 |       2.21346521 
-----
v	Rank 0/1:      11.89013767 	 (18,123,58)	 |        2.59645367 	 (77,31,3)	 |      10.51008797 
-----
w	Rank 0/1:       1.85430825 	 (91,105,33)	 |       -1.40591002 	 (97,65,27)	 |      -0.00001308 
-----
theta	Rank 0/1:     317.40182495 	 (69,48,124)	 |      300.19265747 	 (5,79,52)	 |     307.53643799 
-----
press	Rank 0/1:      15.38281250 	 (19,67,53)	 |        5.88281250 	 (67,32,10)	 |      11.77497673 
-----
TKE_0	Rank 0/1:       0.94445288 	 (93,22,5)	 |        0.00000000 	 (116,85,8)	 |       0.02421138 
Dumping state at timestep = 174960...
Dumped state at timestep = 174960...
Rank 0/1: Batch complete results sent via cudaMemcpyDeviceToHost.

			!!!!!	  TIMESTEP PERFORMANCE  	 !!!!! 
 Total Time (s) | Batch Steps 	| Time/step (s) | Comp./step (s) | IO Time (s)
---------------------------------------------------------------------------------------------------------
    56.8947 	|     9720 	|    0.0059 	|    0.0058 	 |   0.203791 

********************************************************************************************************
Main Time: Advancing simulation timestep = 184680... and time = 5700.00049

_____________________#######_________  STATE-SUMMARY @ it = 184680 _________#######____________________ 

			!!!!!	  HYDRO_CORE 	 !!!!! 
Field 	|	 max	     --(i,j,k)		 |	  min	     --(i,j,k)		 |	 mean
---------------------------------------------------------------------------------------------------------
********-----
 Model Fields -
 ********-----
rho	Rank 0/1:       1.14075530 	 (24,20,3)	 |        0.84085745 	 (69,13,124)	 |       1.03108847 
-----
u	Rank 0/1:       3.47806978 	 (122,40,56)	 |       -1.77117682 	 (82,102,17)	 |       2.18311524 
-----
v	Rank 0/1:      11.93177605 	 (7,107,57)	 |        2.73328209 	 (87,42,3)	 |      10.50000191 
-----
w	Rank 0/1:       1.80909729 	 (64,10,25)	 |       -1.59684157 	 (33,119,19)	 |      -0.00001277 
-----
theta	Rank 0/1:     317.40203857 	 (70,11,124)	 |      300.12756348 	 (122,41,53)	 |     307.54705811 
-----
press	Rank 0/1:      15.10156250 	 (28,59,53)	 |        5.78906250 	 (85,41,6)	 |      11.42696381 
-----
TKE_0	Rank 0/1:       1.11900330 	 (84,55,4)	 |        0.00000000 	 (48,34,9)	 |       0.02453373 
Dumping state at timestep = 184680...
Dumped state at timestep = 184680...
Rank 0/1: Batch complete results sent via cudaMemcpyDeviceToHost.

			!!!!!	  TIMESTEP PERFORMANCE  	 !!!!! 
 Total Time (s) | Batch Steps 	| Time/step (s) | Comp./step (s) | IO Time (s)
---------------------------------------------------------------------------------------------------------
    56.8911 	|     9720 	|    0.0059 	|    0.0058 	 |   0.202934 

********************************************************************************************************
Main Time: Advancing simulation timestep = 194400... and time = 6000.00049

_____________________#######_________  STATE-SUMMARY @ it = 194400 _________#######____________________ 

			!!!!!	  HYDRO_CORE 	 !!!!! 
Field 	|	 max	     --(i,j,k)		 |	  min	     --(i,j,k)		 |	 mean
---------------------------------------------------------------------------------------------------------
********-----
 Model Fields -
 ********-----
rho	Rank 0/1:       1.14074314 	 (8,40,3)	 |        0.84085518 	 (23,89,124)	 |       1.03112328 
-----
u	Rank 0/1:       3.45621228 	 (17,24,56)	 |       -1.70685565 	 (32,17,11)	 |       2.15495634 
-----
v	Rank 0/1:      11.97988892 	 (24,74,56)	 |        2.93865919 	 (6,101,3)	 |      10.49327564 
-----
w	Rank 0/1:       1.93468881 	 (94,10,35)	 |       -1.47608888 	 (99,45,18)	 |      -0.00001275 
-----
theta	Rank 0/1:     317.40188599 	 (23,89,124)	 |      299.90246582 	 (103,16,53)	 |     307.54254150 
-----
press	Rank 0/1:      14.82031250 	 (45,13,53)	 |        5.43750000 	 (112,77,12)	 |      11.09171867 
-----
TKE_0	Rank 0/1:       0.92665309 	 (105,106,4)	 |        0.00000000 	 (73,72,8)	 |       0.02454278 
Dumping state at timestep = 194400...
Dumped state at timestep = 194400...
Rank 0/1: Batch complete results sent via cudaMemcpyDeviceToHost.

			!!!!!	  TIMESTEP PERFORMANCE  	 !!!!! 
 Total Time (s) | Batch Steps 	| Time/step (s) | Comp./step (s) | IO Time (s)
---------------------------------------------------------------------------------------------------------
    56.8901 	|     9720 	|    0.0059 	|    0.0058 	 |   0.202654 

********************************************************************************************************
Main Time: Advancing simulation timestep = 204120... and time = 6300.00049

_____________________#######_________  STATE-SUMMARY @ it = 204120 _________#######____________________ 

			!!!!!	  HYDRO_CORE 	 !!!!! 
Field 	|	 max	     --(i,j,k)		 |	  min	     --(i,j,k)		 |	 mean
---------------------------------------------------------------------------------------------------------
********-----
 Model Fields -
 ********-----
rho	Rank 0/1:       1.14074171 	 (21,4,3)	 |        0.84085214 	 (119,86,124)	 |       1.03114271 
-----
u	Rank 0/1:       3.52081776 	 (18,50,58)	 |       -1.50092864 	 (86,54,16)	 |       2.12488985 
-----
v	Rank 0/1:      12.02002430 	 (45,53,57)	 |        2.81046748 	 (91,4,3)	 |      10.48637676 
-----
w	Rank 0/1:       1.75125372 	 (99,7,44)	 |       -1.44342685 	 (121,33,16)	 |      -0.00001253 
-----
theta	Rank 0/1:     317.40222168 	 (119,86,124)	 |      299.97540283 	 (17,30,53)	 |     307.54760742 
-----
press	Rank 0/1:      14.58593750 	 (55,115,53)	 |        4.87500000 	 (11,115,8)	 |      10.80796719 
-----
TKE_0	Rank 0/1:       0.95725644 	 (37,122,4)	 |        0.00000000 	 (38,114,9)	 |       0.02432913 
Dumping state at timestep = 204120...
Dumped state at timestep = 204120...
Rank 0/1: Batch complete results sent via cudaMemcpyDeviceToHost.

			!!!!!	  TIMESTEP PERFORMANCE  	 !!!!! 
 Total Time (s) | Batch Steps 	| Time/step (s) | Comp./step (s) | IO Time (s)
---------------------------------------------------------------------------------------------------------
    56.8937 	|     9720 	|    0.0059 	|    0.0058 	 |   0.207184 

********************************************************************************************************
Main Time: Advancing simulation timestep = 213840... and time = 6600.00049

_____________________#######_________  STATE-SUMMARY @ it = 213840 _________#######____________________ 

			!!!!!	  HYDRO_CORE 	 !!!!! 
Field 	|	 max	     --(i,j,k)		 |	  min	     --(i,j,k)		 |	 mean
---------------------------------------------------------------------------------------------------------
********-----
 Model Fields -
 ********-----
rho	Rank 0/1:       1.14073682 	 (51,25,3)	 |        0.84084940 	 (29,26,124)	 |       1.03114951 
-----
u	Rank 0/1:       3.47805524 	 (38,27,57)	 |       -1.58597672 	 (17,65,16)	 |       2.09708285 
-----
v	Rank 0/1:      12.00775433 	 (51,48,56)	 |        2.88263369 	 (99,6,3)	 |      10.48299503 
-----
w	Rank 0/1:       1.59142232 	 (98,74,17)	 |       -1.51488996 	 (34,112,26)	 |      -0.00001199 
-----
theta	Rank 0/1:     317.40246582 	 (29,26,124)	 |      300.02691650 	 (46,45,53)	 |     307.54095459 
-----
press	Rank 0/1:      14.30468750 	 (57,111,53)	 |        4.77343750 	 (105,110,4)	 |      10.49901676 
-----
TKE_0	Rank 0/1:       0.90078139 	 (31,13,4)	 |        0.00000000 	 (60,100,8)	 |       0.02410708 
Dumping state at timestep = 213840...
Dumped state at timestep = 213840...
Rank 0/1: Batch complete results sent via cudaMemcpyDeviceToHost.

			!!!!!	  TIMESTEP PERFORMANCE  	 !!!!! 
 Total Time (s) | Batch Steps 	| Time/step (s) | Comp./step (s) | IO Time (s)
---------------------------------------------------------------------------------------------------------
    56.8929 	|     9720 	|    0.0059 	|    0.0058 	 |   0.207304 

********************************************************************************************************
Main Time: Advancing simulation timestep = 223560... and time = 6900.00049

_____________________#######_________  STATE-SUMMARY @ it = 223560 _________#######____________________ 

			!!!!!	  HYDRO_CORE 	 !!!!! 
Field 	|	 max	     --(i,j,k)		 |	  min	     --(i,j,k)		 |	 mean
---------------------------------------------------------------------------------------------------------
********-----
 Model Fields -
 ********-----
rho	Rank 0/1:       1.14072764 	 (42,74,3)	 |        0.84084755 	 (59,19,124)	 |       1.03115368 
-----
u	Rank 0/1:       3.45324445 	 (57,31,56)	 |       -1.71791029 	 (31,122,8)	 |       2.06728315 
-----
v	Rank 0/1:      11.99858665 	 (66,25,56)	 |        2.82567477 	 (117,43,3)	 |      10.47938061 
-----
w	Rank 0/1:       1.87294722 	 (100,34,26)	 |       -1.46293557 	 (44,73,20)	 |      -0.00001414 
-----
theta	Rank 0/1:     317.40209961 	 (59,19,124)	 |      299.91989136 	 (118,83,53)	 |     307.53958130 
-----
press	Rank 0/1:      13.89843750 	 (111,73,53)	 |        3.95312500 	 (101,94,16)	 |      10.19553471 
-----
TKE_0	Rank 0/1:       1.11631262 	 (96,74,4)	 |        0.00000000 	 (13,79,8)	 |       0.02413686 
Dumping state at timestep = 223560...
Dumped state at timestep = 223560...
Rank 0/1: Batch complete results sent via cudaMemcpyDeviceToHost.

			!!!!!	  TIMESTEP PERFORMANCE  	 !!!!! 
 Total Time (s) | Batch Steps 	| Time/step (s) | Comp./step (s) | IO Time (s)
---------------------------------------------------------------------------------------------------------
    56.8932 	|     9720 	|    0.0059 	|    0.0058 	 |   0.206873 

********************************************************************************************************

_____________________#######_________  STATE-SUMMARY @ it = 233280 _________#######____________________ 

			!!!!!	  HYDRO_CORE 	 !!!!! 
Field 	|	 max	     --(i,j,k)		 |	  min	     --(i,j,k)		 |	 mean
---------------------------------------------------------------------------------------------------------
********-----
 Model Fields -
 ********-----
rho	Rank 0/1:       1.14072144 	 (70,4,3)	 |        0.84084463 	 (41,102,124)	 |       1.03115070 
-----
u	Rank 0/1:       3.49285722 	 (11,9,58)	 |       -1.57383609 	 (29,69,10)	 |       2.03731179 
-----
v	Rank 0/1:      11.97717285 	 (10,9,56)	 |        2.80820465 	 (116,96,3)	 |      10.47192669 
-----
w	Rank 0/1:       1.60599315 	 (68,25,23)	 |       -1.36432314 	 (112,48,21)	 |      -0.00001335 
-----
theta	Rank 0/1:     317.40237427 	 (42,101,124)	 |      299.98724365 	 (3,13,53)	 |     307.53732300 
-----
press	Rank 0/1:      13.57812500 	 (123,47,53)	 |        4.36718750 	 (18,86,3)	 |       9.86908913 
-----
TKE_0	Rank 0/1:       0.96208817 	 (104,89,4)	 |        0.00000000 	 (79,108,9)	 |       0.02386285 

_____________________#######_________  TOWER-SUMMARY @ it = 233280 _________#######____________________ 
Dumping state at timestep = 233280...
Dumped state at timestep = 233280...

			!!!!!	  TIMESTEP PERFORMANCE  	 !!!!! 
 Total Time (s) | Batch Steps 	| Time/step (s) | Comp./step (s) | IO Time (s)
---------------------------------------------------------------------------------------------------------
     0.2050 	|        0 	|    0.0000 	|    0.0000 	 |   0.145513 

********************************************************************************************************
Your FastEddy simulation is complete!
Cleaning up...
Shutting down MPI...
 Goodbye!
