Obtaining parameters from ./accel.in
Successfully opened ./accel.in and read 129 lines.
Warning more than 10000 entries were requested for the parameters hash table.
Consider changing the requested table size in the PARAMETERS module.
WARNING: optional parameter ioLPDMmode defaulted to 0.
WARNING: optional parameter ioLPDMfullFrq defaulted to 0.
WARNING: optional parameter lpdmOnlineSelector defaulted to 0.
WARNING: optional parameter lpdmOnlineQueue defaulted to 4.
WARNING: optional parameter lpdmOnlinePause1 defaulted to 0.
WARNING: optional parameter lpdmOnlinePause2 defaulted to 0.
WARNING: optional parameter towerIOSelector defaulted to 0.
WARNING: optional parameter gridFile defaulted to NULL.
WARNING: optional parameter pgfSelector defaulted to 1.
WARNING: optional parameter buoyancySelector defaulted to 1.
WARNING: optional parameter ceilingAdvectionBC defaulted to 0.
WARNING: optional parameter surflayer_stab defaulted to 0.
WARNING: optional parameter surflayer_z0tdyn defaulted to 1.
WARNING: optional parameter surflayer_offshore_visc defaulted to 1.
WARNING: optional parameter canopySelector defaulted to 0.
WARNING: optional parameter cellpertSelector defaulted to 0.
WARNING: optional parameter filter_6thdiff_hori defaulted to 0.
WARNING: optional parameter filter_divdamp defaulted to 0.
WARNING: optional parameter NhydroAuxScalars defaulted to 0.
WARNING: optional parameter physics_oneRKonly defaulted to 1.
Rank 0/1:  [rankXid, rankYid] = [0,0]
mpi_rank_world--0/1 inFile = (null) !!
mpi_rank_world--0/1 Obtaining devices...
Obtaining properties for 1 devices...

mpi_rank_world--0/1 assigned accelerator device 0/1...
Device Number:          0
---------------------------------------------------------------------

__General__
   Name                               : NVIDIA GeForce RTX 5090
   Compute Capability                 : 12.0
   Clock Rate                         : 2512000
   Number of multiprocessors          : 170
   Max Threads/multiprocessor         : 1536
   Concurrent Copy/Execution          : Yes
   Concurrent Kernels                 : 1
   Compute Mode                       : 0
   Kernel Timeout Enabled             : No
   Integrated                         : No
   Host Memory Mapping                : Yes

__Configuration__
   Registers/Block                    : 65536
   Warp Size                          : 32
   Max Threads/Block                  : 1024
   Max Block-extent / Dimension       :         1024         1024           64
   Max Grid-extent / Dimension        :   2147483647        65535        65535

__Memory__
   Tot. Global Memory (GB) / (B)      :   31.35834 / 3605987328
   Shared Mem/Block   (GB) / (B)      :    0.00005 / 49152
   Constant Memory    (GB) / (B)      :    0.00006 / 65536
   Max 1-D Texture                    :       131072
   Max 2-D Texture                    :       131072        65536
   Max 3-D Texture                    :        16384        16384        16384
   Texture Alignment  (B)             : 512
   Max Memory pitch                   : 2147483647

mpi_rank_world--0/1 done!
mpi_rank_world--0/1 Assigning threadPerBlock.[xyz]
mpi_rank_world--0/1 done!
Nxp = 122, Nyp = 122, Nzp = 122
****Spatial loop-index Mins & Maxs ****  (i,j,k)-min = (3,3,3) & (i,j,k)-max = (125,125,125)
Entering hydro_coreInit:------
WARNING: parameter surflayer_qskin_input was not found but was requested for printing.
WARNING: parameter surflayer_offshore_opt was not found but was requested for printing.
WARNING: parameter filter_6thdiff_hori_coeff was not found but was requested for printing.
hydro_coreInit: allocating/registering arrays/fields with IO
hydro_coreInit:hydroFlds[0] = rho stored at 0x784dd0ffe080, has been registered with IO.
hydro_coreInit:hydroFlds[1] = u stored at 0x784dd17fe080, has been registered with IO.
hydro_coreInit:hydroFlds[2] = v stored at 0x784dd1ffe080, has been registered with IO.
hydro_coreInit:hydroFlds[3] = w stored at 0x784dd27fe080, has been registered with IO.
hydro_coreInit:hydroFlds[4] = theta stored at 0x784dd2ffe080, has been registered with IO.
hydro_coreInit:Field = pressure stored at 0x784dd07fd080, has been registered with IO.
hydro_coreInit:sgstkeScalars[0] = TKE_0 stored at 0x784dcd7fb080, has been registered with IO.
hydro_coreInit: allocating internal arrays
hydro_coreInit:Field = tskin stored at 0x596e39521d80, has been registered with IO.
hydro_coreInit:Field = fricVel stored at 0x596e39501c00, has been registered with IO.
hydro_coreInit:Field = htFlux stored at 0x596e39511d00, has been registered with IO.
hydro_coreInit:Field = invOblen stored at 0x596e39531e80, has been registered with IO.
hydro_coreInit:Field = z0m stored at 0x596e39541f00, has been registered with IO.
hydro_coreInit:Field = z0t stored at 0x596e39552000, has been registered with IO.
mpi_rank_world--0/1: in timeInit(), simTime_it = 0 and simTime =         0.000000 !
:Variable = time stored at 0x596e2f292f78, has been registered with IO.

## time_test
Description=seed seed_nbl-shallow_a045: flat uniform neutral spin-up, z_i target 300 m, base angle 45 deg # ## A description of this input file.
## FEMPI parameters---
numProcsX=1        # ## Number of cores to be used for horizontal domain decomposition in X
numProcsY=1        # ## Number of cores to be used for horizontal domain decomposition in Y
## IO parameters---
ioOutputMode=0     # ## 0: N-to-1 gather and write to a netCDF file, 1:N-to-N writes of FastEddy binary files
inPath=            # ## Path where initial/restart file is read in from
inFile=            # ## name of the input file for coordinate system and initial or restart conditions
outPath=./output/  # ## Path where output files are to be written
outFileBase=FE_SEED_ACC # ## Base name of the output file series as in (outFileBase).element-in-series
frqOutput=9720     # ## frequency (in timesteps) at which to produce output; should be an even multiple of NtBatch
towerIOSelector=0  # (DEFAULTED) ## Virtual Tower IO-Selector: 0=off, 1=on 
## FECUDA parameters---
tBx=1              # ## Number of threads in x-dimension.
tBy=8              # ## Number of threads in y-dimension.
tBz=16             # ## Number of threads in z-dimension.
## GRID parameters---
gridFile=          # (DEFAULTED) ## A file containing a complete grid specification
topoFile=          # ## A file containing terrain(surface elevation in meters ASL)
Nx=122             # ## Number of discretised domain elements in the x (zonal) direction.
Ny=122             # ## Number of discretised domain elements in the y (meridional) direction.
Nz=122             # ## Number of discretised domain elements in the z (vertical) direction.
Nh=3               # ## Number of halo cells to be used (dependent on largest stencil extent).
d_xi=30            # ## Computational domain fixed resolution in the 'i' direction.
d_eta=30           # ## Computational domain fixed resolution in the 'j' direction.
d_zeta=24.6914     # ## Computational domain fixed resolution in the 'k' direction.
coordHorizHalos=1  # ## switch to setup coordinate halos as periodic=1 or gradient-following=0.
verticalDeformSwitch=1 # ## switch to use vertical coordinate deformation 0=off, 1=on
verticalDeformFactor=0.346601 # ## deformation factor (0.0=max compression,  1.0=no compression)
verticalDeformQuadCoeff=0 # ## deformation factor (0.0=max compression,  1.0=no compression)
## HYDRO_CORE parameters---
## ----------: HYDRO_CORE Submodule Selectors ---
## ----------: Boundary Conditions Set ---
hydroBCs=2         # ## Selector for hydro BC set. 1= LAD, Dirichlet lateral, ceiling and surface, 2 = periodic-horizontal & ABL-vertical
hydroForcingWrite=0 # ## Switch for writing output of hydroFldsFrhs for prognostic fields. 0 = off, 1=on
hydroSubGridWrite=0 # ## Switch for writing output of Tauij fields. 0 = off, 1=on
hydroForcingLog=0  # ## Switch for logging Frhs summary metrics. 0 = off, 1=on
## ----------: PRESSURE GRADIENT FORCE ---
pgfSelector=1      # (DEFAULTED) ## Pressure Gradient Force (pgf) selector: 0=off, 1=on
## ----------: BUOYANCY ---
buoyancySelector=1 # (DEFAULTED) ## Buoyancy force  selector: 0=off, 1=on
## ----------: CORIOLIS ---
coriolisSelector=1 # ## Corilis force selector: 0= none, 1= horiz. terms, 2= horiz. & vert. terms
coriolisLatitude=42.9572 # ## Characteristic latitude in degrees from equator of the LES domain
## ----------: TURBULENCE ---
turbulenceSelector=1 # ## turbulence scheme selector: 0= none, 1= Lilly/Smagorinsky 
TKESelector=1      # ## Prognostic TKE selector: 0= none, 1= Prognostic, 2= requires canopySelector=1
TKEAdvSelector=3   # ## advection scheme for SGSTKE equation
TKEAdvSelector_b_hyb=0 # ## hybrid advection scheme parameter
c_k=0.1            # ## Lilly model constant used for turbulenceSelector = 1 and TKESelector > 0
## ----------: ADVECTION ---
advectionSelector=3 # ## advection scheme selector: 0=1st-order upwind, 1=3rd-order QUICK, 2=hybrid 3rd-4th order, 3=hybrid 5th-6th order, 4=3rd-order WENO, 5=5th-order WENO, 6=2nd-order centered
ceilingAdvectionBC=0 # (DEFAULTED) ## selector to allow advection through the domain ceiling 1=on, 0=off (w-ceiling = 0)
b_hyb=0            # ## hybrid advection scheme parameter: 0.0= lower-order upwind, 1.0=higher-order centered, 0.0 < b_hyb < 1.0 = hybrid
## ----------: DIFFUSION ---
diffusionSelector=0 # ## diffusivity selector: 0= none, 1= const.
## ----------: SURFACE LAYER ---
surflayerSelector=1 # ## surfacelayer selector: 0=off, 1=surface kinematic heat flux (surflayer_wth), 2=skin temperature rate (surflayer_tr)
surflayer_z0=0.061489 # ## roughness length (momentum) when surflayerSelector > 0
surflayer_z0t=0.01 # ## roughness length (temperature) when surflayerSelector > 0
surflayer_wth=0.05 # ## kinematic sensible heat flux at the surface when surflayerSelector = 1
surflayer_idealsine=0 # ## selector for idealized sinusoidal surface heat flux or skin temperature forcing: 0= off, 1= on
surflayer_stab=0   # (DEFAULTED) ## exchange coeffcient stability correction selector: 0= on, 1= off
surflayer_z0tdyn=1 # (DEFAULTED) ## dynamic z0t calculation following Zilitinkevich (1995) approach: 0= off, 1= constant Zilitinkevich coeff, 2= variable Zilitinkevich coeff
## ----------: OFFSHORE ROUGHNESS ---
surflayer_offshore=0 # ## offshore selector: 0=off, 1=on
## ----------: CANOPY MODEL ---
canopySelector=0   # (DEFAULTED) ## canopy selector: 0= off, 1= on
## ----------: LARGE-SCALE FORCINGS MODEL ---
lsfSelector=1      # ## large-scale forcings selector: 0= off, 1= on
lsf_w_surf=0       # ## large-scale forcing to w at the first specified level
lsf_w_lev1=0       # ## large-scale forcing w at height 1
lsf_w_lev2=0       # ## large-scale forcing w at height 2
lsf_w_zlev1=300    # ## large-scale forcing w height 1
lsf_w_zlev2=1000   # ## large-scale forcing w height 2
lsf_th_surf=0      # ## large-scale forcing to theta at the first specified level
lsf_th_lev1=0      # ## large-scale forcing theta at height 1
lsf_th_lev2=0      # ## large-scale forcing theta at height 2
lsf_th_zlev1=500   # ## large-scale forcing theta height 1
lsf_th_zlev2=2000  # ## large-scale forcing theta height 2
lsf_qv_surf=-0.0432 # ## large-scale forcing to qv at the first specified level
lsf_qv_lev1=-0.0432 # ## large-scale forcing qv at height 1
lsf_qv_lev2=0      # ## large-scale forcing qv at height 2
lsf_qv_zlev1=300   # ## large-scale forcing qv height 1
lsf_qv_zlev2=500   # ## large-scale forcing qv height 2
lsf_horMnSubTerms=1 # ## large-scale subsidence terms Switch: 0= off, 1= on
lsf_freq=1         # ## large-scale forcing frequency (seconds)
## ----------: MOISTURE ---
moistureSelector=0 # ## moisture selector: 0= off, 1= on
## ----------: EXPLICIT FILTERS ---
filterSelector=1   # ## explicit filter selector: 0=off, 1=on
filter_6thdiff_vert=1 # ## vertical 6th-order filter on w selector: 0=off, 1=on
filter_6thdiff_vert_coeff=0.03 # ## vertical 6th-order filter factor: 0.0=off, 1.0=full
filter_6thdiff_hori=0 # (DEFAULTED) ## horizontal 6th-order filter on rho,theta,qv selector: 0=off, 1=on
filter_divdamp=0   # (DEFAULTED) ## divergence damping selector: 0=off, 1=on
## ----------: CELL PERTURBATION METHOD ---
cellpertSelector=0 # (DEFAULTED) ## CP method selector: 0= off, 1= on
## ----------: RAYLEIGH DAMPING LAYER ---
dampingLayerSelector=1 # ## Rayleigh damping layer selector: 0= off, 1= on.
dampingLayerDepth=500 # ## Rayleigh damping layer depth in meters
## ----------: AUXILIARY SCALARS ---
NhydroAuxScalars=0 # (DEFAULTED) ## Number of prognostic auxiliary scalar fields
## ----------: BASE-STATE ---
stabilityScheme=2  # ## Scheme used to set hydrostatic, stability-dependent Base-State EOS fields
temp_grnd=298.012  # ## Air Temperature (K) at the ground used to set hydrostatic Base-State EOS fields
pres_grnd=97700    # ## Pressure (Pa) at the ground used to set hydrostatic Base-State EOS fields
zStableBottom=300  # ## Height (m) of the first stable upper-layer when stabilityScheme = 2
stableGradient=0.08 # ## Vertical gradient (K/m) of the first stable upper-layer when stabilityScheme = 2
zStableBottom2=400 # ## Height (m) of the second stable upper-layer when stabilityScheme = 2
zStableBottom3=20000 # ## Height (m) of the third stable upper-layer when stabilityScheme = 2
stableGradient2=0.004 # ## Vertical gradient (K/m) of the second stable upper-layer when stabilityScheme = 2
stableGradient3=0.004 # ## Vertical gradient (K/m) of the third stable upper-layer when stabilityScheme = 2
U_g=5.65685        # ## Zonal (West-East) component of the geostrophic wind (m/s).
V_g=5.65685        # ## Meridional (South-North) component of the geostrophic wind (m/s).
z_Ug=10000         # ## Height (m) above ground for linear geostrophic wind gradient (zonal component).
z_Vg=10000         # ## Height (m) above ground for linear geostrophic wind gradient (meridional component).
Ug_grad=0          # ## U_g gradient above z_Ug (ms-1/m).
Vg_grad=0          # ## V_g gradient above z_Vg (ms-1/m).
thetaPerturbationSwitch=1 # ## Switch to include initial theta perturbations: 0=off, 1=on
thetaHeight=240    # ## Height below which to include initial theta perturbations: (meters)
thetaAmplitude=0.25 # ## Maximum amplitude for theta perturbations: thetaAmplitude*[-1,+1] K
physics_oneRKonly=1 # (DEFAULTED) ## selector to apply physics RHS forcing only at the latest RK stage: 0= off, 1= on
## TIME_INTEGRATION parameters---
timeMethod=0       # ## Selector for time integration method. [0=RK3-WS2002 (default)]
Nt=97200           # ## Number of timesteps to perform.
dt=0.0308642       # ## timestep resolution in seconds.
NtBatch=9720       # ## Number of timesteps to compute in batch launch, must have NtBatch <= Nt.

moistureMPcallTscale = 1.0   # NOT VALIDATED
c_s = 0.18   # NOT VALIDATED
nu_0 = 0.0   # NOT VALIDATED
moistureCond = 3   # NOT VALIDATED
moistureAdvSelectorQi = 2   # NOT VALIDATED
moistureAdvSelectorQv = 2   # NOT VALIDATED
surflayer_qr = 0.0   # NOT VALIDATED
surflayer_tr = -0.0   # NOT VALIDATED
surflayer_wq = 0.0   # NOT VALIDATED
moistureNvars = 2   # NOT VALIDATED
moistureCondTscale = 1.0   # NOT VALIDATED
moistureAdvSelectorQv_b = 0.0   # NOT VALIDATED
surflayer_ideal_qamp = 2.0   # NOT VALIDATED
surflayer_ideal_amp = 4.0   # NOT VALIDATED
surflayer_ideal_qte = 10.0   # NOT VALIDATED
surflayer_ideal_qts = 1.75   # NOT VALIDATED
surflayer_ideal_te = 43200   # NOT VALIDATED
surflayer_ideal_ts = 0.0   # NOT VALIDATED
moistureCondBasePres = 1   # NOT VALIDATED
moistureSGSturb = 1   # NOT VALIDATED
Input parameters passed verification.
No input file has been specified, no gridFile has been specified.
 Using default grid and initial condition schemes.
**** Coordinate generation ****  (i,j,k)-extents = (122,122,122) & (i,j,k)-deltas = (30.000000,30.000000,24.691359)
mpi_rank_world--0/1 grid-Coord-gen(), else-coordHorizHalos = 1!
mpi_rank_world--0/1 coordHalos, Western-Eastern Boundaries!
mpi_rank_world--0/1 coordHalos, Southern-Northern Boundaries!
stabilityScheme == 2: Base State setup complete.
Rank 0/1: Profile preparations complete!
cuda_gridDeviceSetup:-- (i,j,k)Min, ()Max = (3,3,3), (125,125,125)
fecuda_SetBlocksPerGrid: tBlock = {1, 8, 16}
fecuda_SetBlocksPerGrid: grid = {128, 16, 8}
lsf_horMnSubTerms = 1, setting up for 5 phi-fields.cuda_hydroCoreDeviceSetup() complete.
cuda_towersDeviceSetup: NelemsTowers = 0, NelemsTowersSurf = 1538895832
0/1 cuda_hydroCoreDeviceSecondaryStageSetup(): BdyUpdateSteps = 0 
Initializations complete after  19.0519 (s).
Main Time: Advancing simulation timestep = 0... and time =    0.00000

_____________________#######_________  STATE-SUMMARY @ it = 0 _________#######____________________ 

			!!!!!	  HYDRO_CORE 	 !!!!! 
Field 	|	 max	     --(i,j,k)		 |	  min	     --(i,j,k)		 |	 mean
---------------------------------------------------------------------------------------------------------
********-----
 Model Fields -
 ********-----
rho	Rank 0/1:       1.14173782 	 (3,3,3)	 |        0.83920121 	 (3,3,124)	 |       1.02509058 
-----
u	Rank 0/1:       5.65685463 	 (3,3,6)	 |        5.65685368 	 (3,3,7)	 |       5.66789389 
-----
v	Rank 0/1:       5.65685463 	 (3,3,6)	 |        5.65685368 	 (3,3,7)	 |       5.66789389 
-----
w	Rank 0/1:       0.00000000 	 (3,3,3)	 |        0.00000000 	 (3,3,3)	 |       0.00000000 
-----
theta	Rank 0/1:     318.39883423 	 (3,3,124)	 |      299.74884033 	 (6,21,26)	 |     310.26196289 
-----
press	Rank 0/1:       0.00000000 	 (3,3,3)	 |        0.00000000 	 (3,3,3)	 |       0.00000000 
-----
TKE_0	Rank 0/1:       0.00000000 	 (3,3,3)	 |        0.00000000 	 (3,3,3)	 |       0.00000000 
Dumping state at timestep = 0...
Dumped state at timestep = 0...
Rank 0/1: Batch complete results sent via cudaMemcpyDeviceToHost.

			!!!!!	  TIMESTEP PERFORMANCE  	 !!!!! 
 Total Time (s) | Batch Steps 	| Time/step (s) | Comp./step (s) | IO Time (s)
---------------------------------------------------------------------------------------------------------
    56.1869 	|     9720 	|    0.0058 	|    0.0058 	 |   0.248591 

********************************************************************************************************
Main Time: Advancing simulation timestep = 9720... and time =  300.00003

_____________________#######_________  STATE-SUMMARY @ it = 9720 _________#######____________________ 

			!!!!!	  HYDRO_CORE 	 !!!!! 
Field 	|	 max	     --(i,j,k)		 |	  min	     --(i,j,k)		 |	 mean
---------------------------------------------------------------------------------------------------------
********-----
 Model Fields -
 ********-----
rho	Rank 0/1:       1.14015567 	 (55,123,3)	 |        0.83920878 	 (42,108,124)	 |       1.02501917 
-----
u	Rank 0/1:       5.85553265 	 (47,15,17)	 |        3.03626895 	 (55,5,3)	 |       5.60708475 
-----
v	Rank 0/1:       5.84876108 	 (112,52,24)	 |        3.07758760 	 (97,35,3)	 |       5.60827208 
-----
w	Rank 0/1:       0.31123686 	 (55,11,25)	 |       -0.32766995 	 (101,21,22)	 |       0.00005115 
-----
theta	Rank 0/1:     318.40048218 	 (23,31,124)	 |      299.91113281 	 (114,106,24)	 |     310.31497192 
-----
press	Rank 0/1:       3.89062500 	 (58,47,13)	 |        0.24218750 	 (112,18,3)	 |       2.18802381 
-----
TKE_0	Rank 0/1:       0.53087020 	 (94,79,4)	 |        0.00000000 	 (76,101,11)	 |       0.01639244 
Dumping state at timestep = 9720...
Dumped state at timestep = 9720...
Rank 0/1: Batch complete results sent via cudaMemcpyDeviceToHost.

			!!!!!	  TIMESTEP PERFORMANCE  	 !!!!! 
 Total Time (s) | Batch Steps 	| Time/step (s) | Comp./step (s) | IO Time (s)
---------------------------------------------------------------------------------------------------------
    56.3761 	|     9720 	|    0.0058 	|    0.0058 	 |   0.291916 

********************************************************************************************************
Main Time: Advancing simulation timestep = 19440... and time =  600.00006

_____________________#######_________  STATE-SUMMARY @ it = 19440 _________#######____________________ 

			!!!!!	  HYDRO_CORE 	 !!!!! 
Field 	|	 max	     --(i,j,k)		 |	  min	     --(i,j,k)		 |	 mean
---------------------------------------------------------------------------------------------------------
********-----
 Model Fields -
 ********-----
rho	Rank 0/1:       1.14008307 	 (92,36,3)	 |        0.83922702 	 (99,13,124)	 |       1.02501535 
-----
u	Rank 0/1:       5.96835279 	 (113,46,17)	 |        2.17376065 	 (92,29,3)	 |       5.57410192 
-----
v	Rank 0/1:       6.05797577 	 (41,75,10)	 |        2.24425340 	 (84,22,3)	 |       5.57897043 
-----
w	Rank 0/1:       0.62167066 	 (103,40,12)	 |       -0.47538853 	 (93,38,9)	 |       0.00006246 
-----
theta	Rank 0/1:     318.40081787 	 (24,115,124)	 |      299.94189453 	 (77,18,10)	 |     310.33953857 
-----
press	Rank 0/1:       5.42968750 	 (97,4,13)	 |        2.73437500 	 (121,105,3)	 |       4.31386614 
-----
TKE_0	Rank 0/1:       0.64278716 	 (106,37,4)	 |        0.00000000 	 (114,60,9)	 |       0.01708709 
Dumping state at timestep = 19440...
Dumped state at timestep = 19440...
Rank 0/1: Batch complete results sent via cudaMemcpyDeviceToHost.

			!!!!!	  TIMESTEP PERFORMANCE  	 !!!!! 
 Total Time (s) | Batch Steps 	| Time/step (s) | Comp./step (s) | IO Time (s)
---------------------------------------------------------------------------------------------------------
    56.4218 	|     9720 	|    0.0058 	|    0.0058 	 |   0.250441 

********************************************************************************************************
Main Time: Advancing simulation timestep = 29160... and time =  900.00006

_____________________#######_________  STATE-SUMMARY @ it = 29160 _________#######____________________ 

			!!!!!	  HYDRO_CORE 	 !!!!! 
Field 	|	 max	     --(i,j,k)		 |	  min	     --(i,j,k)		 |	 mean
---------------------------------------------------------------------------------------------------------
********-----
 Model Fields -
 ********-----
rho	Rank 0/1:       1.14134550 	 (6,59,3)	 |        0.83923894 	 (116,36,124)	 |       1.02537751 
-----
u	Rank 0/1:       6.54716492 	 (72,115,8)	 |        1.52027500 	 (76,123,3)	 |       5.54635096 
-----
v	Rank 0/1:       6.75406122 	 (89,116,7)	 |        1.91669822 	 (31,46,3)	 |       5.55503798 
-----
w	Rank 0/1:       2.28959632 	 (31,90,20)	 |       -1.61069238 	 (66,53,15)	 |       0.00005609 
-----
theta	Rank 0/1:     318.40136719 	 (116,36,124)	 |      299.89785767 	 (93,109,34)	 |     310.37207031 
-----
press	Rank 0/1:       7.96875000 	 (31,90,33)	 |        3.14843750 	 (72,46,10)	 |       5.84532595 
-----
TKE_0	Rank 0/1:       0.88318980 	 (75,120,4)	 |        0.00000000 	 (74,58,7)	 |       0.02151838 
Dumping state at timestep = 29160...
Dumped state at timestep = 29160...
Rank 0/1: Batch complete results sent via cudaMemcpyDeviceToHost.

			!!!!!	  TIMESTEP PERFORMANCE  	 !!!!! 
 Total Time (s) | Batch Steps 	| Time/step (s) | Comp./step (s) | IO Time (s)
---------------------------------------------------------------------------------------------------------
    56.4073 	|     9720 	|    0.0058 	|    0.0058 	 |   0.251572 

********************************************************************************************************
Main Time: Advancing simulation timestep = 38880... and time = 1200.00012

_____________________#######_________  STATE-SUMMARY @ it = 38880 _________#######____________________ 

			!!!!!	  HYDRO_CORE 	 !!!!! 
Field 	|	 max	     --(i,j,k)		 |	  min	     --(i,j,k)		 |	 mean
---------------------------------------------------------------------------------------------------------
********-----
 Model Fields -
 ********-----
rho	Rank 0/1:       1.14134145 	 (72,104,3)	 |        0.83925045 	 (12,101,124)	 |       1.02545559 
-----
u	Rank 0/1:       7.01456022 	 (13,78,21)	 |        2.16490650 	 (16,99,3)	 |       5.50367069 
-----
v	Rank 0/1:       7.06678057 	 (59,71,6)	 |        2.00635648 	 (35,55,3)	 |       5.51946545 
-----
w	Rank 0/1:       2.31576085 	 (27,72,20)	 |       -2.03428268 	 (64,8,17)	 |       0.00007581 
-----
theta	Rank 0/1:     318.40109253 	 (68,88,124)	 |      299.49868774 	 (16,75,37)	 |     310.36563110 
-----
press	Rank 0/1:      10.24218750 	 (118,70,36)	 |        2.33593750 	 (99,6,12)	 |       7.16306162 
-----
TKE_0	Rank 0/1:       0.86150330 	 (118,41,4)	 |        0.00000000 	 (113,12,7)	 |       0.02220764 
Dumping state at timestep = 38880...
Dumped state at timestep = 38880...
Rank 0/1: Batch complete results sent via cudaMemcpyDeviceToHost.

			!!!!!	  TIMESTEP PERFORMANCE  	 !!!!! 
 Total Time (s) | Batch Steps 	| Time/step (s) | Comp./step (s) | IO Time (s)
---------------------------------------------------------------------------------------------------------
    56.3988 	|     9720 	|    0.0058 	|    0.0058 	 |   0.241042 

********************************************************************************************************
Main Time: Advancing simulation timestep = 48600... and time = 1500.00012

_____________________#######_________  STATE-SUMMARY @ it = 48600 _________#######____________________ 

			!!!!!	  HYDRO_CORE 	 !!!!! 
Field 	|	 max	     --(i,j,k)		 |	  min	     --(i,j,k)		 |	 mean
---------------------------------------------------------------------------------------------------------
********-----
 Model Fields -
 ********-----
rho	Rank 0/1:       1.14118016 	 (48,55,3)	 |        0.83925968 	 (124,23,124)	 |       1.02551103 
-----
u	Rank 0/1:       6.92132282 	 (43,10,22)	 |        1.85306013 	 (88,59,3)	 |       5.46014500 
-----
v	Rank 0/1:       7.15151024 	 (70,35,9)	 |        1.91188323 	 (67,91,3)	 |       5.48476982 
-----
w	Rank 0/1:       2.05580354 	 (89,104,16)	 |       -1.72875583 	 (70,31,20)	 |       0.00008716 
-----
theta	Rank 0/1:     318.40179443 	 (124,23,124)	 |      299.74487305 	 (16,48,36)	 |     310.37472534 
-----
press	Rank 0/1:      11.55468750 	 (85,12,35)	 |        4.50781250 	 (87,105,16)	 |       8.68794060 
-----
TKE_0	Rank 0/1:       0.82698423 	 (62,21,4)	 |        0.00000000 	 (80,48,7)	 |       0.02037139 
Dumping state at timestep = 48600...
Dumped state at timestep = 48600...
Rank 0/1: Batch complete results sent via cudaMemcpyDeviceToHost.

			!!!!!	  TIMESTEP PERFORMANCE  	 !!!!! 
 Total Time (s) | Batch Steps 	| Time/step (s) | Comp./step (s) | IO Time (s)
---------------------------------------------------------------------------------------------------------
    56.4382 	|     9720 	|    0.0058 	|    0.0058 	 |   0.244118 

********************************************************************************************************
Main Time: Advancing simulation timestep = 58320... and time = 1800.00012

_____________________#######_________  STATE-SUMMARY @ it = 58320 _________#######____________________ 

			!!!!!	  HYDRO_CORE 	 !!!!! 
Field 	|	 max	     --(i,j,k)		 |	  min	     --(i,j,k)		 |	 mean
---------------------------------------------------------------------------------------------------------
********-----
 Model Fields -
 ********-----
rho	Rank 0/1:       1.14066935 	 (27,110,3)	 |        0.83927310 	 (121,4,124)	 |       1.02548194 
-----
u	Rank 0/1:       6.42149782 	 (24,65,34)	 |        1.70967078 	 (102,70,3)	 |       5.41942406 
-----
v	Rank 0/1:       6.65888929 	 (58,21,26)	 |        1.80338359 	 (19,74,3)	 |       5.45335579 
-----
w	Rank 0/1:       1.98747265 	 (96,69,19)	 |       -1.37561917 	 (76,4,11)	 |       0.00009497 
-----
theta	Rank 0/1:     318.40139771 	 (124,66,124)	 |      299.76245117 	 (118,14,36)	 |     310.37118530 
-----
press	Rank 0/1:      13.38281250 	 (94,66,35)	 |        5.90625000 	 (24,22,8)	 |      10.36335659 
-----
TKE_0	Rank 0/1:       0.71283865 	 (73,20,4)	 |        0.00000000 	 (54,31,7)	 |       0.01871807 
Dumping state at timestep = 58320...
Dumped state at timestep = 58320...
Rank 0/1: Batch complete results sent via cudaMemcpyDeviceToHost.

			!!!!!	  TIMESTEP PERFORMANCE  	 !!!!! 
 Total Time (s) | Batch Steps 	| Time/step (s) | Comp./step (s) | IO Time (s)
---------------------------------------------------------------------------------------------------------
    56.4334 	|     9720 	|    0.0058 	|    0.0058 	 |   0.245598 

********************************************************************************************************
Main Time: Advancing simulation timestep = 68040... and time = 2100.00024

_____________________#######_________  STATE-SUMMARY @ it = 68040 _________#######____________________ 

			!!!!!	  HYDRO_CORE 	 !!!!! 
Field 	|	 max	     --(i,j,k)		 |	  min	     --(i,j,k)		 |	 mean
---------------------------------------------------------------------------------------------------------
********-----
 Model Fields -
 ********-----
rho	Rank 0/1:       1.14041734 	 (56,9,3)	 |        0.83928591 	 (109,69,124)	 |       1.02548611 
-----
u	Rank 0/1:       6.46537304 	 (11,87,18)	 |        1.54576540 	 (13,91,3)	 |       5.38521671 
-----
v	Rank 0/1:       6.52320147 	 (101,18,11)	 |        1.74124014 	 (42,56,3)	 |       5.42836714 
-----
w	Rank 0/1:       2.04062152 	 (33,17,21)	 |       -1.55676615 	 (86,109,17)	 |       0.00009130 
-----
theta	Rank 0/1:     318.40155029 	 (109,68,124)	 |      299.97763062 	 (66,48,36)	 |     310.37377930 
-----
press	Rank 0/1:      15.10937500 	 (26,49,35)	 |        8.14062500 	 (13,104,3)	 |      12.04673767 
-----
TKE_0	Rank 0/1:       0.75730652 	 (27,51,4)	 |        0.00000000 	 (59,12,7)	 |       0.01813280 
Dumping state at timestep = 68040...
Dumped state at timestep = 68040...
Rank 0/1: Batch complete results sent via cudaMemcpyDeviceToHost.

			!!!!!	  TIMESTEP PERFORMANCE  	 !!!!! 
 Total Time (s) | Batch Steps 	| Time/step (s) | Comp./step (s) | IO Time (s)
---------------------------------------------------------------------------------------------------------
    56.4405 	|     9720 	|    0.0058 	|    0.0058 	 |   0.232366 

********************************************************************************************************
Main Time: Advancing simulation timestep = 77760... and time = 2400.00024

_____________________#######_________  STATE-SUMMARY @ it = 77760 _________#######____________________ 

			!!!!!	  HYDRO_CORE 	 !!!!! 
Field 	|	 max	     --(i,j,k)		 |	  min	     --(i,j,k)		 |	 mean
---------------------------------------------------------------------------------------------------------
********-----
 Model Fields -
 ********-----
rho	Rank 0/1:       1.14031827 	 (55,115,3)	 |        0.83929902 	 (90,34,124)	 |       1.02553439 
-----
u	Rank 0/1:       6.52317286 	 (35,90,36)	 |        1.50295436 	 (69,33,3)	 |       5.35257006 
-----
v	Rank 0/1:       6.95442438 	 (63,36,6)	 |        1.59626675 	 (87,105,3)	 |       5.40658569 
-----
w	Rank 0/1:       2.42385340 	 (70,94,18)	 |       -1.59869885 	 (49,62,13)	 |       0.00008938 
-----
theta	Rank 0/1:     318.40121460 	 (45,38,124)	 |      299.88354492 	 (102,39,36)	 |     310.36767578 
-----
press	Rank 0/1:      17.42968750 	 (98,105,35)	 |        8.77343750 	 (61,35,8)	 |      13.66972351 
-----
TKE_0	Rank 0/1:       0.70656693 	 (65,38,4)	 |        0.00000000 	 (49,48,7)	 |       0.01799674 
Dumping state at timestep = 77760...
Dumped state at timestep = 77760...
Rank 0/1: Batch complete results sent via cudaMemcpyDeviceToHost.

			!!!!!	  TIMESTEP PERFORMANCE  	 !!!!! 
 Total Time (s) | Batch Steps 	| Time/step (s) | Comp./step (s) | IO Time (s)
---------------------------------------------------------------------------------------------------------
    56.4267 	|     9720 	|    0.0058 	|    0.0058 	 |   0.237876 

********************************************************************************************************
Main Time: Advancing simulation timestep = 87480... and time = 2700.00024

_____________________#######_________  STATE-SUMMARY @ it = 87480 _________#######____________________ 

			!!!!!	  HYDRO_CORE 	 !!!!! 
Field 	|	 max	     --(i,j,k)		 |	  min	     --(i,j,k)		 |	 mean
---------------------------------------------------------------------------------------------------------
********-----
 Model Fields -
 ********-----
rho	Rank 0/1:       1.14000595 	 (4,103,3)	 |        0.83931208 	 (84,32,124)	 |       1.02554560 
-----
u	Rank 0/1:       6.42774010 	 (106,71,35)	 |        1.45249140 	 (123,14,3)	 |       5.31971073 
-----
v	Rank 0/1:       6.55646467 	 (48,17,35)	 |        1.61313844 	 (86,105,3)	 |       5.38703203 
-----
w	Rank 0/1:       2.18146372 	 (106,81,17)	 |       -1.61438143 	 (105,76,10)	 |       0.00009022 
-----
theta	Rank 0/1:     318.40118408 	 (84,32,124)	 |      299.90328979 	 (41,49,36)	 |     310.35830688 
-----
press	Rank 0/1:      19.19531250 	 (65,44,35)	 |        8.33593750 	 (105,78,10)	 |      15.37391853 
-----
TKE_0	Rank 0/1:       0.73898685 	 (120,4,4)	 |        0.00000000 	 (5,104,7)	 |       0.01748133 
Dumping state at timestep = 87480...
Dumped state at timestep = 87480...
Rank 0/1: Batch complete results sent via cudaMemcpyDeviceToHost.

			!!!!!	  TIMESTEP PERFORMANCE  	 !!!!! 
 Total Time (s) | Batch Steps 	| Time/step (s) | Comp./step (s) | IO Time (s)
---------------------------------------------------------------------------------------------------------
    56.4195 	|     9720 	|    0.0058 	|    0.0058 	 |   0.232177 

********************************************************************************************************

_____________________#######_________  STATE-SUMMARY @ it = 97200 _________#######____________________ 

			!!!!!	  HYDRO_CORE 	 !!!!! 
Field 	|	 max	     --(i,j,k)		 |	  min	     --(i,j,k)		 |	 mean
---------------------------------------------------------------------------------------------------------
********-----
 Model Fields -
 ********-----
rho	Rank 0/1:       1.13991833 	 (20,70,3)	 |        0.83932555 	 (22,44,124)	 |       1.02554119 
-----
u	Rank 0/1:       6.44501877 	 (61,115,37)	 |        1.59457421 	 (40,24,3)	 |       5.28498983 
-----
v	Rank 0/1:       6.59943819 	 (113,51,7)	 |        1.59709275 	 (28,21,3)	 |       5.36806297 
-----
w	Rank 0/1:       2.50360870 	 (60,78,22)	 |       -1.65279746 	 (20,71,12)	 |       0.00008929 
-----
theta	Rank 0/1:     318.40093994 	 (111,79,124)	 |      299.94934082 	 (39,60,37)	 |     310.36096191 
-----
press	Rank 0/1:      21.37500000 	 (34,54,35)	 |       11.76562500 	 (70,9,3)	 |      17.08484268 
-----
TKE_0	Rank 0/1:       0.67530674 	 (58,22,4)	 |        0.00000000 	 (21,69,7)	 |       0.01707163 

_____________________#######_________  TOWER-SUMMARY @ it = 97200 _________#######____________________ 
Dumping state at timestep = 97200...
Dumped state at timestep = 97200...

			!!!!!	  TIMESTEP PERFORMANCE  	 !!!!! 
 Total Time (s) | Batch Steps 	| Time/step (s) | Comp./step (s) | IO Time (s)
---------------------------------------------------------------------------------------------------------
     0.2325 	|        0 	|    0.0000 	|    0.0000 	 |   0.173116 

********************************************************************************************************
Your FastEddy simulation is complete!
Cleaning up...
Shutting down MPI...
 Goodbye!
