
==========
== CUDA ==
==========

CUDA Version 11.8.0

Container image Copyright (c) 2016-2023, NVIDIA CORPORATION & AFFILIATES. All rights reserved.

This container image and its contents are governed by the NVIDIA Deep Learning Container License.
By pulling and using the container, you accept the terms and conditions of this license:
https://developer.nvidia.com/ngc/nvidia-deep-learning-container-license

A copy of this license is made available in this container at /NGC-DL-CONTAINER-LICENSE for your convenience.

Obtaining parameters from ./accel.in
Successfully opened ./accel.in and read 129 lines.
Warning more than 10000 entries were requested for the parameters hash table.
Consider changing the requested table size in the PARAMETERS module.
WARNING: optional parameter ioLPDMmode defaulted to 0.
WARNING: optional parameter ioLPDMfullFrq defaulted to 0.
WARNING: optional parameter towerIOSelector defaulted to 0.
WARNING: optional parameter gridFile defaulted to NULL.
WARNING: optional parameter pgfSelector defaulted to 1.
WARNING: optional parameter buoyancySelector defaulted to 1.
WARNING: optional parameter ceilingAdvectionBC defaulted to 0.
WARNING: optional parameter surflayer_stab defaulted to 0.
WARNING: optional parameter surflayer_z0tdyn defaulted to 1.
WARNING: optional parameter surflayer_offshore_visc defaulted to 1.
WARNING: optional parameter canopySelector defaulted to 0.
WARNING: optional parameter cellpertSelector defaulted to 0.
WARNING: optional parameter filter_6thdiff_hori defaulted to 0.
WARNING: optional parameter filter_divdamp defaulted to 0.
WARNING: optional parameter NhydroAuxScalars defaulted to 0.
WARNING: optional parameter physics_oneRKonly defaulted to 1.
Rank 0/1:  [rankXid, rankYid] = [0,0]
mpi_rank_world--0/1 inFile = (null) !!
mpi_rank_world--0/1 Obtaining devices...
Obtaining properties for 1 devices...

mpi_rank_world--0/1 assigned accelerator device 0/1...
Device Number:          0
---------------------------------------------------------------------

__General__
   Name                               : NVIDIA GeForce RTX 4080
   Compute Capability                 : 8.9
   Clock Rate                         : 2535000
   Number of multiprocessors          : 76
   Max Threads/multiprocessor         : 1536
   Concurrent Copy/Execution          : Yes
   Concurrent Kernels                 : 1
   Compute Mode                       : 0
   Kernel Timeout Enabled             : Yes
   Integrated                         : No
   Host Memory Mapping                : Yes

__Configuration__
   Registers/Block                    : 65536
   Warp Size                          : 32
   Max Threads/Block                  : 1024
   Max Block-extent / Dimension       :         1024         1024           64
   Max Grid-extent / Dimension        :   2147483647        65535        65535

__Memory__
   Tot. Global Memory (GB) / (B)      :   15.54803 / 3809673216
   Shared Mem/Block   (GB) / (B)      :    0.00005 / 49152
   Constant Memory    (GB) / (B)      :    0.00006 / 65536
   Max 1-D Texture                    :       131072
   Max 2-D Texture                    :       131072        65536
   Max 3-D Texture                    :        16384        16384        16384
   Texture Alignment  (B)             : 512
   Max Memory pitch                   : 2147483647

mpi_rank_world--0/1 done!
mpi_rank_world--0/1 Assigning threadPerBlock.[xyz]
mpi_rank_world--0/1 done!
Nxp = 122, Nyp = 122, Nzp = 122
****Spatial loop-index Mins & Maxs ****  (i,j,k)-min = (3,3,3) & (i,j,k)-max = (125,125,125)
Entering hydro_coreInit:------
WARNING: parameter surflayer_qskin_input was not found but was requested for printing.
WARNING: parameter surflayer_offshore_opt was not found but was requested for printing.
WARNING: parameter filter_6thdiff_hori_coeff was not found but was requested for printing.
hydro_coreInit: allocating/registering arrays/fields with IO
hydro_coreInit:hydroFlds[0] = rho stored at 0x7e52157fb080, has been registered with IO.
hydro_coreInit:hydroFlds[1] = u stored at 0x7e5215ffb080, has been registered with IO.
hydro_coreInit:hydroFlds[2] = v stored at 0x7e52167fb080, has been registered with IO.
hydro_coreInit:hydroFlds[3] = w stored at 0x7e5216ffb080, has been registered with IO.
hydro_coreInit:hydroFlds[4] = theta stored at 0x7e52177fb080, has been registered with IO.
hydro_coreInit:Field = pressure stored at 0x7e5214ffa080, has been registered with IO.
hydro_coreInit:sgstkeScalars[0] = TKE_0 stored at 0x7e5211ff8080, has been registered with IO.
hydro_coreInit: allocating internal arrays
hydro_coreInit:Field = tskin stored at 0x55eb392a8b00, has been registered with IO.
hydro_coreInit:Field = fricVel stored at 0x55eb39288980, has been registered with IO.
hydro_coreInit:Field = htFlux stored at 0x55eb39298a00, has been registered with IO.
hydro_coreInit:Field = invOblen stored at 0x55eb392b8b80, has been registered with IO.
hydro_coreInit:Field = z0m stored at 0x55eb392c8c80, has been registered with IO.
hydro_coreInit:Field = z0t stored at 0x55eb392d8d00, has been registered with IO.
mpi_rank_world--0/1: in timeInit(), simTime_it = 0 and simTime =         0.000000 !
:Variable = time stored at 0x55eb16123a58, has been registered with IO.

## time_test
Description=seed seed_nbl-deep_a000: flat uniform neutral spin-up, z_i target 550 m, base angle 0 deg # ## A description of this input file.
## FEMPI parameters---
numProcsX=1        # ## Number of cores to be used for horizontal domain decomposition in X
numProcsY=1        # ## Number of cores to be used for horizontal domain decomposition in Y
## IO parameters---
ioOutputMode=0     # ## 0: N-to-1 gather and write to a netCDF file, 1:N-to-N writes of FastEddy binary files
inPath=            # ## Path where initial/restart file is read in from
inFile=            # ## name of the input file for coordinate system and initial or restart conditions
outPath=./output/  # ## Path where output files are to be written
outFileBase=FE_SEED_ACC # ## Base name of the output file series as in (outFileBase).element-in-series
frqOutput=10140    # ## frequency (in timesteps) at which to produce output; should be an even multiple of NtBatch
towerIOSelector=0  # (DEFAULTED) ## Virtual Tower IO-Selector: 0=off, 1=on 
## FECUDA parameters---
tBx=1              # ## Number of threads in x-dimension.
tBy=2              # ## Number of threads in y-dimension.
tBz=64             # ## Number of threads in z-dimension.
## GRID parameters---
gridFile=          # (DEFAULTED) ## A file containing a complete grid specification
topoFile=          # ## A file containing terrain(surface elevation in meters ASL)
Nx=122             # ## Number of discretised domain elements in the x (zonal) direction.
Ny=122             # ## Number of discretised domain elements in the y (meridional) direction.
Nz=122             # ## Number of discretised domain elements in the z (vertical) direction.
Nh=3               # ## Number of halo cells to be used (dependent on largest stencil extent).
d_xi=24            # ## Computational domain fixed resolution in the 'i' direction.
d_eta=24           # ## Computational domain fixed resolution in the 'j' direction.
d_zeta=24.6914     # ## Computational domain fixed resolution in the 'k' direction.
coordHorizHalos=1  # ## switch to setup coordinate halos as periodic=1 or gradient-following=0.
verticalDeformSwitch=1 # ## switch to use vertical coordinate deformation 0=off, 1=on
verticalDeformFactor=0.346601 # ## deformation factor (0.0=max compression,  1.0=no compression)
verticalDeformQuadCoeff=0 # ## deformation factor (0.0=max compression,  1.0=no compression)
## HYDRO_CORE parameters---
## ----------: HYDRO_CORE Submodule Selectors ---
## ----------: Boundary Conditions Set ---
hydroBCs=2         # ## Selector for hydro BC set. 1= LAD, Dirichlet lateral, ceiling and surface, 2 = periodic-horizontal & ABL-vertical
hydroForcingWrite=0 # ## Switch for writing output of hydroFldsFrhs for prognostic fields. 0 = off, 1=on
hydroSubGridWrite=0 # ## Switch for writing output of Tauij fields. 0 = off, 1=on
hydroForcingLog=0  # ## Switch for logging Frhs summary metrics. 0 = off, 1=on
## ----------: PRESSURE GRADIENT FORCE ---
pgfSelector=1      # (DEFAULTED) ## Pressure Gradient Force (pgf) selector: 0=off, 1=on
## ----------: BUOYANCY ---
buoyancySelector=1 # (DEFAULTED) ## Buoyancy force  selector: 0=off, 1=on
## ----------: CORIOLIS ---
coriolisSelector=1 # ## Corilis force selector: 0= none, 1= horiz. terms, 2= horiz. & vert. terms
coriolisLatitude=42.9572 # ## Characteristic latitude in degrees from equator of the LES domain
## ----------: TURBULENCE ---
turbulenceSelector=1 # ## turbulence scheme selector: 0= none, 1= Lilly/Smagorinsky 
TKESelector=1      # ## Prognostic TKE selector: 0= none, 1= Prognostic, 2= requires canopySelector=1
TKEAdvSelector=3   # ## advection scheme for SGSTKE equation
TKEAdvSelector_b_hyb=0 # ## hybrid advection scheme parameter
c_k=0.1            # ## Lilly model constant used for turbulenceSelector = 1 and TKESelector > 0
## ----------: ADVECTION ---
advectionSelector=3 # ## advection scheme selector: 0=1st-order upwind, 1=3rd-order QUICK, 2=hybrid 3rd-4th order, 3=hybrid 5th-6th order, 4=3rd-order WENO, 5=5th-order WENO, 6=2nd-order centered
ceilingAdvectionBC=0 # (DEFAULTED) ## selector to allow advection through the domain ceiling 1=on, 0=off (w-ceiling = 0)
b_hyb=0            # ## hybrid advection scheme parameter: 0.0= lower-order upwind, 1.0=higher-order centered, 0.0 < b_hyb < 1.0 = hybrid
## ----------: DIFFUSION ---
diffusionSelector=0 # ## diffusivity selector: 0= none, 1= const.
## ----------: SURFACE LAYER ---
surflayerSelector=1 # ## surfacelayer selector: 0=off, 1=surface kinematic heat flux (surflayer_wth), 2=skin temperature rate (surflayer_tr)
surflayer_z0=0.083229 # ## roughness length (momentum) when surflayerSelector > 0
surflayer_z0t=0.01 # ## roughness length (temperature) when surflayerSelector > 0
surflayer_wth=0.05 # ## kinematic sensible heat flux at the surface when surflayerSelector = 1
surflayer_idealsine=0 # ## selector for idealized sinusoidal surface heat flux or skin temperature forcing: 0= off, 1= on
surflayer_stab=0   # (DEFAULTED) ## exchange coeffcient stability correction selector: 0= on, 1= off
surflayer_z0tdyn=1 # (DEFAULTED) ## dynamic z0t calculation following Zilitinkevich (1995) approach: 0= off, 1= constant Zilitinkevich coeff, 2= variable Zilitinkevich coeff
## ----------: OFFSHORE ROUGHNESS ---
surflayer_offshore=0 # ## offshore selector: 0=off, 1=on
## ----------: CANOPY MODEL ---
canopySelector=0   # (DEFAULTED) ## canopy selector: 0= off, 1= on
## ----------: LARGE-SCALE FORCINGS MODEL ---
lsfSelector=1      # ## large-scale forcings selector: 0= off, 1= on
lsf_w_surf=0       # ## large-scale forcing to w at the first specified level
lsf_w_lev1=0       # ## large-scale forcing w at height 1
lsf_w_lev2=0       # ## large-scale forcing w at height 2
lsf_w_zlev1=550    # ## large-scale forcing w height 1
lsf_w_zlev2=1100   # ## large-scale forcing w height 2
lsf_th_surf=0      # ## large-scale forcing to theta at the first specified level
lsf_th_lev1=0      # ## large-scale forcing theta at height 1
lsf_th_lev2=0      # ## large-scale forcing theta at height 2
lsf_th_zlev1=500   # ## large-scale forcing theta height 1
lsf_th_zlev2=2000  # ## large-scale forcing theta height 2
lsf_qv_surf=-0.0432 # ## large-scale forcing to qv at the first specified level
lsf_qv_lev1=-0.0432 # ## large-scale forcing qv at height 1
lsf_qv_lev2=0      # ## large-scale forcing qv at height 2
lsf_qv_zlev1=300   # ## large-scale forcing qv height 1
lsf_qv_zlev2=500   # ## large-scale forcing qv height 2
lsf_horMnSubTerms=1 # ## large-scale subsidence terms Switch: 0= off, 1= on
lsf_freq=1         # ## large-scale forcing frequency (seconds)
## ----------: MOISTURE ---
moistureSelector=0 # ## moisture selector: 0= off, 1= on
## ----------: EXPLICIT FILTERS ---
filterSelector=1   # ## explicit filter selector: 0=off, 1=on
filter_6thdiff_vert=1 # ## vertical 6th-order filter on w selector: 0=off, 1=on
filter_6thdiff_vert_coeff=0.03 # ## vertical 6th-order filter factor: 0.0=off, 1.0=full
filter_6thdiff_hori=0 # (DEFAULTED) ## horizontal 6th-order filter on rho,theta,qv selector: 0=off, 1=on
filter_divdamp=0   # (DEFAULTED) ## divergence damping selector: 0=off, 1=on
## ----------: CELL PERTURBATION METHOD ---
cellpertSelector=0 # (DEFAULTED) ## CP method selector: 0= off, 1= on
## ----------: RAYLEIGH DAMPING LAYER ---
dampingLayerSelector=1 # ## Rayleigh damping layer selector: 0= off, 1= on.
dampingLayerDepth=500 # ## Rayleigh damping layer depth in meters
## ----------: AUXILIARY SCALARS ---
NhydroAuxScalars=0 # (DEFAULTED) ## Number of prognostic auxiliary scalar fields
## ----------: BASE-STATE ---
stabilityScheme=2  # ## Scheme used to set hydrostatic, stability-dependent Base-State EOS fields
temp_grnd=298.012  # ## Air Temperature (K) at the ground used to set hydrostatic Base-State EOS fields
pres_grnd=97700    # ## Pressure (Pa) at the ground used to set hydrostatic Base-State EOS fields
zStableBottom=550  # ## Height (m) of the first stable upper-layer when stabilityScheme = 2
stableGradient=0.08 # ## Vertical gradient (K/m) of the first stable upper-layer when stabilityScheme = 2
zStableBottom2=650 # ## Height (m) of the second stable upper-layer when stabilityScheme = 2
zStableBottom3=20000 # ## Height (m) of the third stable upper-layer when stabilityScheme = 2
stableGradient2=0.004 # ## Vertical gradient (K/m) of the second stable upper-layer when stabilityScheme = 2
stableGradient3=0.004 # ## Vertical gradient (K/m) of the third stable upper-layer when stabilityScheme = 2
U_g=12             # ## Zonal (West-East) component of the geostrophic wind (m/s).
V_g=0              # ## Meridional (South-North) component of the geostrophic wind (m/s).
z_Ug=10000         # ## Height (m) above ground for linear geostrophic wind gradient (zonal component).
z_Vg=10000         # ## Height (m) above ground for linear geostrophic wind gradient (meridional component).
Ug_grad=0          # ## U_g gradient above z_Ug (ms-1/m).
Vg_grad=0          # ## V_g gradient above z_Vg (ms-1/m).
thetaPerturbationSwitch=1 # ## Switch to include initial theta perturbations: 0=off, 1=on
thetaHeight=300    # ## Height below which to include initial theta perturbations: (meters)
thetaAmplitude=0.25 # ## Maximum amplitude for theta perturbations: thetaAmplitude*[-1,+1] K
physics_oneRKonly=1 # (DEFAULTED) ## selector to apply physics RHS forcing only at the latest RK stage: 0= off, 1= on
## TIME_INTEGRATION parameters---
timeMethod=0       # ## Selector for time integration method. [0=RK3-WS2002 (default)]
Nt=101400          # ## Number of timesteps to perform.
dt=0.0295858       # ## timestep resolution in seconds.
NtBatch=10140      # ## Number of timesteps to compute in batch launch, must have NtBatch <= Nt.

moistureMPcallTscale = 1.0   # NOT VALIDATED
c_s = 0.18   # NOT VALIDATED
nu_0 = 0.0   # NOT VALIDATED
moistureCond = 3   # NOT VALIDATED
moistureAdvSelectorQi = 2   # NOT VALIDATED
moistureAdvSelectorQv = 2   # NOT VALIDATED
surflayer_qr = 0.0   # NOT VALIDATED
surflayer_tr = -0.0   # NOT VALIDATED
surflayer_wq = 0.0   # NOT VALIDATED
moistureNvars = 2   # NOT VALIDATED
moistureCondTscale = 1.0   # NOT VALIDATED
moistureAdvSelectorQv_b = 0.0   # NOT VALIDATED
surflayer_ideal_qamp = 2.0   # NOT VALIDATED
surflayer_ideal_amp = 4.0   # NOT VALIDATED
surflayer_ideal_qte = 10.0   # NOT VALIDATED
surflayer_ideal_qts = 1.75   # NOT VALIDATED
surflayer_ideal_te = 43200   # NOT VALIDATED
surflayer_ideal_ts = 0.0   # NOT VALIDATED
moistureCondBasePres = 1   # NOT VALIDATED
moistureSGSturb = 1   # NOT VALIDATED
Input parameters passed verification.
No input file has been specified, no gridFile has been specified.
 Using default grid and initial condition schemes.
**** Coordinate generation ****  (i,j,k)-extents = (122,122,122) & (i,j,k)-deltas = (24.000000,24.000000,24.691359)
mpi_rank_world--0/1 grid-Coord-gen(), else-coordHorizHalos = 1!
mpi_rank_world--0/1 coordHalos, Western-Eastern Boundaries!
mpi_rank_world--0/1 coordHalos, Southern-Northern Boundaries!
stabilityScheme == 2: Base State setup complete.
Rank 0/1: Profile preparations complete!
cuda_gridDeviceSetup:-- (i,j,k)Min, ()Max = (3,3,3), (125,125,125)
fecuda_SetBlocksPerGrid: tBlock = {1, 2, 64}
fecuda_SetBlocksPerGrid: grid = {128, 64, 2}
lsf_horMnSubTerms = 1, setting up for 5 phi-fields.cuda_hydroCoreDeviceSetup() complete.
cuda_towersDeviceSetup: NelemsTowers = -1453982448, NelemsTowersSurf = 0
0/1 cuda_hydroCoreDeviceSecondaryStageSetup(): BdyUpdateSteps = 0 
Initializations complete after   0.5021 (s).
Main Time: Advancing simulation timestep = 0... and time =    0.00000

_____________________#######_________  STATE-SUMMARY @ it = 0 _________#######____________________ 

			!!!!!	  HYDRO_CORE 	 !!!!! 
Field 	|	 max	     --(i,j,k)		 |	  min	     --(i,j,k)		 |	 mean
---------------------------------------------------------------------------------------------------------
********-----
 Model Fields -
 ********-----
rho	Rank 0/1:       1.14173782 	 (3,3,3)	 |        0.84077328 	 (3,3,124)	 |       1.03134072 
-----
u	Rank 0/1:      12.00000095 	 (3,3,15)	 |       11.99999905 	 (3,3,5)	 |      12.00000000 
-----
v	Rank 0/1:       0.00000000 	 (3,3,3)	 |        0.00000000 	 (3,3,3)	 |       0.00000000 
-----
w	Rank 0/1:       0.00000000 	 (3,3,3)	 |        0.00000000 	 (3,3,3)	 |       0.00000000 
-----
theta	Rank 0/1:     317.39883423 	 (3,3,124)	 |      299.74884033 	 (14,55,27)	 |     307.30587769 
-----
press	Rank 0/1:       0.00000000 	 (3,3,3)	 |        0.00000000 	 (3,3,3)	 |       0.00000000 
-----
TKE_0	Rank 0/1:       0.00000000 	 (3,3,3)	 |        0.00000000 	 (3,3,3)	 |       0.00000000 
Dumping state at timestep = 0...
Dumped state at timestep = 0...
Rank 0/1: Batch complete results sent via cudaMemcpyDeviceToHost.

			!!!!!	  TIMESTEP PERFORMANCE  	 !!!!! 
 Total Time (s) | Batch Steps 	| Time/step (s) | Comp./step (s) | IO Time (s)
---------------------------------------------------------------------------------------------------------
   144.1449 	|    10140 	|    0.0142 	|    0.0142 	 |   0.169819 

********************************************************************************************************
Main Time: Advancing simulation timestep = 10140... and time =  300.00000

_____________________#######_________  STATE-SUMMARY @ it = 10140 _________#######____________________ 

			!!!!!	  HYDRO_CORE 	 !!!!! 
Field 	|	 max	     --(i,j,k)		 |	  min	     --(i,j,k)		 |	 mean
---------------------------------------------------------------------------------------------------------
********-----
 Model Fields -
 ********-----
rho	Rank 0/1:       1.14028299 	 (119,36,3)	 |        0.84077793 	 (123,115,124)	 |       1.03127253 
-----
u	Rank 0/1:      12.31093121 	 (122,52,20)	 |        5.44254732 	 (50,12,3)	 |      11.84887600 
-----
v	Rank 0/1:       0.36287999 	 (121,8,9)	 |       -0.34030083 	 (64,112,9)	 |       0.00195257 
-----
w	Rank 0/1:       0.57712400 	 (55,39,29)	 |       -0.54046452 	 (67,20,20)	 |       0.00006173 
-----
theta	Rank 0/1:     317.40142822 	 (13,32,124)	 |      299.88308716 	 (66,19,16)	 |     307.36367798 
-----
press	Rank 0/1:       4.35156250 	 (89,43,11)	 |       -0.62500000 	 (42,64,4)	 |       2.16820788 
-----
TKE_0	Rank 0/1:       1.06963789 	 (35,83,4)	 |        0.00000000 	 (93,23,11)	 |       0.03158399 
Dumping state at timestep = 10140...
Dumped state at timestep = 10140...
Rank 0/1: Batch complete results sent via cudaMemcpyDeviceToHost.

			!!!!!	  TIMESTEP PERFORMANCE  	 !!!!! 
 Total Time (s) | Batch Steps 	| Time/step (s) | Comp./step (s) | IO Time (s)
---------------------------------------------------------------------------------------------------------
   144.2873 	|    10140 	|    0.0142 	|    0.0142 	 |   0.166214 

********************************************************************************************************
Main Time: Advancing simulation timestep = 20280... and time =  600.00000

_____________________#######_________  STATE-SUMMARY @ it = 20280 _________#######____________________ 

			!!!!!	  HYDRO_CORE 	 !!!!! 
Field 	|	 max	     --(i,j,k)		 |	  min	     --(i,j,k)		 |	 mean
---------------------------------------------------------------------------------------------------------
********-----
 Model Fields -
 ********-----
rho	Rank 0/1:       1.14014995 	 (17,57,3)	 |        0.84079581 	 (89,120,124)	 |       1.03127110 
-----
u	Rank 0/1:      12.32480335 	 (69,88,17)	 |        4.17931747 	 (15,74,3)	 |      11.76985931 
-----
v	Rank 0/1:       0.88672167 	 (33,59,6)	 |       -0.82006061 	 (77,27,12)	 |       0.00571903 
-----
w	Rank 0/1:       0.71225333 	 (50,81,13)	 |       -0.65373248 	 (107,113,9)	 |       0.00006443 
-----
theta	Rank 0/1:     317.40228271 	 (89,120,124)	 |      299.93072510 	 (77,29,14)	 |     307.41134644 
-----
press	Rank 0/1:       5.43750000 	 (14,4,13)	 |        2.08593750 	 (48,76,4)	 |       4.28910923 
-----
TKE_0	Rank 0/1:       1.44630730 	 (30,58,4)	 |        0.00000000 	 (52,79,10)	 |       0.03214839 
Dumping state at timestep = 20280...
Dumped state at timestep = 20280...
Rank 0/1: Batch complete results sent via cudaMemcpyDeviceToHost.

			!!!!!	  TIMESTEP PERFORMANCE  	 !!!!! 
 Total Time (s) | Batch Steps 	| Time/step (s) | Comp./step (s) | IO Time (s)
---------------------------------------------------------------------------------------------------------
   143.9339 	|    10140 	|    0.0142 	|    0.0142 	 |   0.164802 

********************************************************************************************************
Main Time: Advancing simulation timestep = 30420... and time =  900.00000

_____________________#######_________  STATE-SUMMARY @ it = 30420 _________#######____________________ 

			!!!!!	  HYDRO_CORE 	 !!!!! 
Field 	|	 max	     --(i,j,k)		 |	  min	     --(i,j,k)		 |	 mean
---------------------------------------------------------------------------------------------------------
********-----
 Model Fields -
 ********-----
rho	Rank 0/1:       1.14111173 	 (118,38,3)	 |        0.84080857 	 (104,60,124)	 |       1.03140354 
-----
u	Rank 0/1:      13.01895618 	 (16,26,8)	 |        3.37911582 	 (50,18,3)	 |      11.69906044 
-----
v	Rank 0/1:       2.07257915 	 (87,120,18)	 |       -2.05352950 	 (20,21,12)	 |       0.01074131 
-----
w	Rank 0/1:       2.49664736 	 (14,94,26)	 |       -1.69877672 	 (13,26,11)	 |       0.00004979 
-----
theta	Rank 0/1:     317.40267944 	 (117,120,124)	 |      299.92382812 	 (106,53,7)	 |     307.48342896 
-----
press	Rank 0/1:       9.07812500 	 (9,74,21)	 |        2.04687500 	 (30,67,3)	 |       5.88130999 
-----
TKE_0	Rank 0/1:       2.11533022 	 (6,119,5)	 |        0.00000000 	 (106,53,7)	 |       0.04359289 
Dumping state at timestep = 30420...
Dumped state at timestep = 30420...
Rank 0/1: Batch complete results sent via cudaMemcpyDeviceToHost.

			!!!!!	  TIMESTEP PERFORMANCE  	 !!!!! 
 Total Time (s) | Batch Steps 	| Time/step (s) | Comp./step (s) | IO Time (s)
---------------------------------------------------------------------------------------------------------
   144.4138 	|    10140 	|    0.0142 	|    0.0142 	 |   0.165502 

********************************************************************************************************
Main Time: Advancing simulation timestep = 40560... and time = 1200.00000

_____________________#######_________  STATE-SUMMARY @ it = 40560 _________#######____________________ 

			!!!!!	  HYDRO_CORE 	 !!!!! 
Field 	|	 max	     --(i,j,k)		 |	  min	     --(i,j,k)		 |	 mean
---------------------------------------------------------------------------------------------------------
********-----
 Model Fields -
 ********-----
rho	Rank 0/1:       1.14119518 	 (33,38,3)	 |        0.84081769 	 (67,62,124)	 |       1.03137827 
-----
u	Rank 0/1:      13.15753269 	 (42,72,19)	 |        3.99620962 	 (77,15,3)	 |      11.61258316 
-----
v	Rank 0/1:       3.08996391 	 (58,81,7)	 |       -2.79481554 	 (99,105,19)	 |       0.01744924 
-----
w	Rank 0/1:       3.39806366 	 (106,47,49)	 |       -2.43904281 	 (97,124,11)	 |       0.00006411 
-----
theta	Rank 0/1:     317.40286255 	 (67,62,124)	 |      299.89920044 	 (56,67,52)	 |     307.53121948 
-----
press	Rank 0/1:      10.66406250 	 (59,76,13)	 |        0.39062500 	 (93,3,6)	 |       7.15693474 
-----
TKE_0	Rank 0/1:       2.00678277 	 (118,123,4)	 |        0.00000000 	 (121,34,7)	 |       0.04352178 
Dumping state at timestep = 40560...
Dumped state at timestep = 40560...
Rank 0/1: Batch complete results sent via cudaMemcpyDeviceToHost.

			!!!!!	  TIMESTEP PERFORMANCE  	 !!!!! 
 Total Time (s) | Batch Steps 	| Time/step (s) | Comp./step (s) | IO Time (s)
---------------------------------------------------------------------------------------------------------
   144.3438 	|    10140 	|    0.0142 	|    0.0142 	 |   0.162887 

********************************************************************************************************
Main Time: Advancing simulation timestep = 50700... and time = 1500.00000

_____________________#######_________  STATE-SUMMARY @ it = 50700 _________#######____________________ 

			!!!!!	  HYDRO_CORE 	 !!!!! 
Field 	|	 max	     --(i,j,k)		 |	  min	     --(i,j,k)		 |	 mean
---------------------------------------------------------------------------------------------------------
********-----
 Model Fields -
 ********-----
rho	Rank 0/1:       1.14118099 	 (6,119,3)	 |        0.84082979 	 (27,95,124)	 |       1.03125501 
-----
u	Rank 0/1:      13.58675861 	 (118,75,52)	 |        3.83983564 	 (97,51,3)	 |      11.53669071 
-----
v	Rank 0/1:       2.97140002 	 (75,94,24)	 |       -2.81921721 	 (72,119,24)	 |       0.02620701 
-----
w	Rank 0/1:       2.97821832 	 (102,63,34)	 |       -2.49817395 	 (69,5,16)	 |       0.00007070 
-----
theta	Rank 0/1:     317.40292358 	 (40,75,124)	 |      299.63931274 	 (23,65,53)	 |     307.54647827 
-----
press	Rank 0/1:      11.72656250 	 (58,93,53)	 |        2.11718750 	 (119,3,16)	 |       8.54876328 
-----
TKE_0	Rank 0/1:       1.89175749 	 (88,116,4)	 |        0.00000000 	 (115,91,7)	 |       0.04363795 
Dumping state at timestep = 50700...
Dumped state at timestep = 50700...
Rank 0/1: Batch complete results sent via cudaMemcpyDeviceToHost.

			!!!!!	  TIMESTEP PERFORMANCE  	 !!!!! 
 Total Time (s) | Batch Steps 	| Time/step (s) | Comp./step (s) | IO Time (s)
---------------------------------------------------------------------------------------------------------
   144.0147 	|    10140 	|    0.0142 	|    0.0142 	 |   0.164094 

********************************************************************************************************
Main Time: Advancing simulation timestep = 60840... and time = 1800.00000

_____________________#######_________  STATE-SUMMARY @ it = 60840 _________#######____________________ 

			!!!!!	  HYDRO_CORE 	 !!!!! 
Field 	|	 max	     --(i,j,k)		 |	  min	     --(i,j,k)		 |	 mean
---------------------------------------------------------------------------------------------------------
********-----
 Model Fields -
 ********-----
rho	Rank 0/1:       1.14112675 	 (106,117,3)	 |        0.84084016 	 (90,114,124)	 |       1.03113639 
-----
u	Rank 0/1:      13.47104263 	 (23,79,43)	 |        3.78253460 	 (88,54,3)	 |      11.46403313 
-----
v	Rank 0/1:       3.62740636 	 (67,76,12)	 |       -3.10722136 	 (82,113,12)	 |       0.03605674 
-----
w	Rank 0/1:       3.13667774 	 (23,62,38)	 |       -2.54473519 	 (5,114,18)	 |       0.00007451 
-----
theta	Rank 0/1:     317.40335083 	 (90,114,124)	 |      299.53018188 	 (9,10,53)	 |     307.57623291 
-----
press	Rank 0/1:      13.43750000 	 (117,116,9)	 |       -0.35156250 	 (108,78,14)	 |       9.94088650 
-----
TKE_0	Rank 0/1:       1.89698279 	 (51,68,4)	 |        0.00000000 	 (110,118,7)	 |       0.04315444 
Dumping state at timestep = 60840...
Dumped state at timestep = 60840...
Rank 0/1: Batch complete results sent via cudaMemcpyDeviceToHost.

			!!!!!	  TIMESTEP PERFORMANCE  	 !!!!! 
 Total Time (s) | Batch Steps 	| Time/step (s) | Comp./step (s) | IO Time (s)
---------------------------------------------------------------------------------------------------------
   143.9912 	|    10140 	|    0.0142 	|    0.0142 	 |   0.195182 

********************************************************************************************************
Main Time: Advancing simulation timestep = 70980... and time = 2100.00000

_____________________#######_________  STATE-SUMMARY @ it = 70980 _________#######____________________ 

			!!!!!	  HYDRO_CORE 	 !!!!! 
Field 	|	 max	     --(i,j,k)		 |	  min	     --(i,j,k)		 |	 mean
---------------------------------------------------------------------------------------------------------
********-----
 Model Fields -
 ********-----
rho	Rank 0/1:       1.14093912 	 (102,85,3)	 |        0.84084892 	 (84,95,124)	 |       1.03104925 
-----
u	Rank 0/1:      13.03459549 	 (42,33,51)	 |        3.78515863 	 (85,109,3)	 |      11.39673138 
-----
v	Rank 0/1:       3.70213318 	 (78,81,16)	 |       -2.76452398 	 (48,48,5)	 |       0.04665221 
-----
w	Rank 0/1:       3.09394264 	 (76,44,33)	 |       -2.42599702 	 (76,78,16)	 |       0.00007917 
-----
theta	Rank 0/1:     317.40423584 	 (84,95,124)	 |      299.51577759 	 (103,100,53)	 |     307.58004761 
-----
press	Rank 0/1:      15.65625000 	 (122,6,51)	 |        1.39843750 	 (74,78,15)	 |      11.34571266 
-----
TKE_0	Rank 0/1:       1.98285031 	 (112,84,4)	 |        0.00000000 	 (59,89,7)	 |       0.04276721 
Dumping state at timestep = 70980...
Dumped state at timestep = 70980...
Rank 0/1: Batch complete results sent via cudaMemcpyDeviceToHost.

			!!!!!	  TIMESTEP PERFORMANCE  	 !!!!! 
 Total Time (s) | Batch Steps 	| Time/step (s) | Comp./step (s) | IO Time (s)
---------------------------------------------------------------------------------------------------------
   144.3275 	|    10140 	|    0.0142 	|    0.0142 	 |   0.169757 

********************************************************************************************************
Main Time: Advancing simulation timestep = 81120... and time = 2400.00000

_____________________#######_________  STATE-SUMMARY @ it = 81120 _________#######____________________ 

			!!!!!	  HYDRO_CORE 	 !!!!! 
Field 	|	 max	     --(i,j,k)		 |	  min	     --(i,j,k)		 |	 mean
---------------------------------------------------------------------------------------------------------
********-----
 Model Fields -
 ********-----
rho	Rank 0/1:       1.14100528 	 (29,26,3)	 |        0.84086215 	 (113,95,124)	 |       1.03106523 
-----
u	Rank 0/1:      12.92399788 	 (12,57,52)	 |        3.65246296 	 (65,53,3)	 |      11.33047485 
-----
v	Rank 0/1:       3.12589812 	 (79,105,30)	 |       -3.08833575 	 (79,49,16)	 |       0.05815873 
-----
w	Rank 0/1:       3.28830504 	 (3,59,35)	 |       -2.05868602 	 (109,52,26)	 |       0.00008103 
-----
theta	Rank 0/1:     317.40359497 	 (113,95,124)	 |      299.40170288 	 (54,40,53)	 |     307.57186890 
-----
press	Rank 0/1:      17.04687500 	 (79,18,53)	 |        4.74218750 	 (23,55,10)	 |      12.85036755 
-----
TKE_0	Rank 0/1:       1.65328765 	 (45,34,4)	 |        0.00000000 	 (27,77,7)	 |       0.04126630 
Dumping state at timestep = 81120...
Dumped state at timestep = 81120...
Rank 0/1: Batch complete results sent via cudaMemcpyDeviceToHost.

			!!!!!	  TIMESTEP PERFORMANCE  	 !!!!! 
 Total Time (s) | Batch Steps 	| Time/step (s) | Comp./step (s) | IO Time (s)
---------------------------------------------------------------------------------------------------------
   144.3244 	|    10140 	|    0.0142 	|    0.0142 	 |   0.163377 

********************************************************************************************************
Main Time: Advancing simulation timestep = 91260... and time = 2700.00000

_____________________#######_________  STATE-SUMMARY @ it = 91260 _________#######____________________ 

			!!!!!	  HYDRO_CORE 	 !!!!! 
Field 	|	 max	     --(i,j,k)		 |	  min	     --(i,j,k)		 |	 mean
---------------------------------------------------------------------------------------------------------
********-----
 Model Fields -
 ********-----
rho	Rank 0/1:       1.14059746 	 (61,115,3)	 |        0.84087372 	 (71,55,124)	 |       1.03103781 
-----
u	Rank 0/1:      12.77500343 	 (57,44,24)	 |        3.39207816 	 (15,15,3)	 |      11.26154900 
-----
v	Rank 0/1:       3.49060225 	 (38,59,14)	 |       -2.65095377 	 (33,104,22)	 |       0.07602286 
-----
w	Rank 0/1:       3.26725221 	 (68,48,43)	 |       -2.19086623 	 (62,114,11)	 |       0.00008328 
-----
theta	Rank 0/1:     317.40386963 	 (29,75,124)	 |      299.78817749 	 (114,111,53)	 |     307.56555176 
-----
press	Rank 0/1:      18.35156250 	 (9,66,53)	 |        6.96875000 	 (61,48,14)	 |      14.43192196 
-----
TKE_0	Rank 0/1:       1.82046640 	 (55,42,4)	 |        0.00000000 	 (105,62,7)	 |       0.04002343 
Dumping state at timestep = 91260...
Dumped state at timestep = 91260...
Rank 0/1: Batch complete results sent via cudaMemcpyDeviceToHost.

			!!!!!	  TIMESTEP PERFORMANCE  	 !!!!! 
 Total Time (s) | Batch Steps 	| Time/step (s) | Comp./step (s) | IO Time (s)
---------------------------------------------------------------------------------------------------------
   145.3296 	|    10140 	|    0.0143 	|    0.0143 	 |   0.166263 

********************************************************************************************************

_____________________#######_________  STATE-SUMMARY @ it = 101400 _________#######____________________ 

			!!!!!	  HYDRO_CORE 	 !!!!! 
Field 	|	 max	     --(i,j,k)		 |	  min	     --(i,j,k)		 |	 mean
---------------------------------------------------------------------------------------------------------
********-----
 Model Fields -
 ********-----
rho	Rank 0/1:       1.14049470 	 (26,49,3)	 |        0.84088683 	 (58,75,124)	 |       1.03104484 
-----
u	Rank 0/1:      12.68878460 	 (99,105,54)	 |        3.32890534 	 (102,17,3)	 |      11.19887638 
-----
v	Rank 0/1:       3.14610863 	 (69,57,23)	 |       -2.60557127 	 (8,99,26)	 |       0.09435371 
-----
w	Rank 0/1:       3.49132085 	 (40,52,20)	 |       -2.25594401 	 (124,24,30)	 |       0.00008765 
-----
theta	Rank 0/1:     317.40353394 	 (58,75,124)	 |      299.68719482 	 (112,16,52)	 |     307.56610107 
-----
press	Rank 0/1:      20.92968750 	 (95,102,53)	 |        7.63281250 	 (72,57,20)	 |      15.97760010 
-----
TKE_0	Rank 0/1:       1.65002429 	 (16,24,4)	 |        0.00000000 	 (8,24,7)	 |       0.03943358 

_____________________#######_________  TOWER-SUMMARY @ it = 101400 _________#######____________________ 
Dumping state at timestep = 101400...
Dumped state at timestep = 101400...

			!!!!!	  TIMESTEP PERFORMANCE  	 !!!!! 
 Total Time (s) | Batch Steps 	| Time/step (s) | Comp./step (s) | IO Time (s)
---------------------------------------------------------------------------------------------------------
     0.1633 	|        0 	|    0.0000 	|    0.0000 	 |   0.131024 

********************************************************************************************************
Your FastEddy simulation is complete!
Cleaning up...
Shutting down MPI...
 Goodbye!
