Obtaining parameters from ./accel.in
Successfully opened ./accel.in and read 129 lines.
Warning more than 10000 entries were requested for the parameters hash table.
Consider changing the requested table size in the PARAMETERS module.
WARNING: optional parameter ioLPDMmode defaulted to 0.
WARNING: optional parameter ioLPDMfullFrq defaulted to 0.
WARNING: optional parameter lpdmOnlineSelector defaulted to 0.
WARNING: optional parameter lpdmOnlineQueue defaulted to 4.
WARNING: optional parameter lpdmOnlinePause1 defaulted to 0.
WARNING: optional parameter lpdmOnlinePause2 defaulted to 0.
WARNING: optional parameter towerIOSelector defaulted to 0.
WARNING: optional parameter gridFile defaulted to NULL.
WARNING: optional parameter pgfSelector defaulted to 1.
WARNING: optional parameter buoyancySelector defaulted to 1.
WARNING: optional parameter ceilingAdvectionBC defaulted to 0.
WARNING: optional parameter surflayer_stab defaulted to 0.
WARNING: optional parameter surflayer_z0tdyn defaulted to 1.
WARNING: optional parameter surflayer_offshore_visc defaulted to 1.
WARNING: optional parameter canopySelector defaulted to 0.
WARNING: optional parameter cellpertSelector defaulted to 0.
WARNING: optional parameter filter_6thdiff_hori defaulted to 0.
WARNING: optional parameter filter_divdamp defaulted to 0.
WARNING: optional parameter NhydroAuxScalars defaulted to 0.
WARNING: optional parameter physics_oneRKonly defaulted to 1.
Rank 0/1:  [rankXid, rankYid] = [0,0]
mpi_rank_world--0/1 inFile = (null) !!
mpi_rank_world--0/1 Obtaining devices...
Obtaining properties for 1 devices...

mpi_rank_world--0/1 assigned accelerator device 0/1...
Device Number:          0
---------------------------------------------------------------------

__General__
   Name                               : NVIDIA GeForce RTX 5090
   Compute Capability                 : 12.0
   Clock Rate                         : 2512000
   Number of multiprocessors          : 170
   Max Threads/multiprocessor         : 1536
   Concurrent Copy/Execution          : Yes
   Concurrent Kernels                 : 1
   Compute Mode                       : 0
   Kernel Timeout Enabled             : No
   Integrated                         : No
   Host Memory Mapping                : Yes

__Configuration__
   Registers/Block                    : 65536
   Warp Size                          : 32
   Max Threads/Block                  : 1024
   Max Block-extent / Dimension       :         1024         1024           64
   Max Grid-extent / Dimension        :   2147483647        65535        65535

__Memory__
   Tot. Global Memory (GB) / (B)      :   31.35834 / 3605987328
   Shared Mem/Block   (GB) / (B)      :    0.00005 / 49152
   Constant Memory    (GB) / (B)      :    0.00006 / 65536
   Max 1-D Texture                    :       131072
   Max 2-D Texture                    :       131072        65536
   Max 3-D Texture                    :        16384        16384        16384
   Texture Alignment  (B)             : 512
   Max Memory pitch                   : 2147483647

mpi_rank_world--0/1 done!
mpi_rank_world--0/1 Assigning threadPerBlock.[xyz]
mpi_rank_world--0/1 done!
Nxp = 122, Nyp = 122, Nzp = 122
****Spatial loop-index Mins & Maxs ****  (i,j,k)-min = (3,3,3) & (i,j,k)-max = (125,125,125)
Entering hydro_coreInit:------
WARNING: parameter surflayer_qskin_input was not found but was requested for printing.
WARNING: parameter surflayer_offshore_opt was not found but was requested for printing.
WARNING: parameter filter_6thdiff_hori_coeff was not found but was requested for printing.
hydro_coreInit: allocating/registering arrays/fields with IO
hydro_coreInit:hydroFlds[0] = rho stored at 0x7832a9ff8080, has been registered with IO.
hydro_coreInit:hydroFlds[1] = u stored at 0x7832aa7f8080, has been registered with IO.
hydro_coreInit:hydroFlds[2] = v stored at 0x7832aaff8080, has been registered with IO.
hydro_coreInit:hydroFlds[3] = w stored at 0x7832ab7f8080, has been registered with IO.
hydro_coreInit:hydroFlds[4] = theta stored at 0x7832abff8080, has been registered with IO.
hydro_coreInit:Field = pressure stored at 0x7832a97f7080, has been registered with IO.
hydro_coreInit:sgstkeScalars[0] = TKE_0 stored at 0x7832a67f5080, has been registered with IO.
hydro_coreInit: allocating internal arrays
hydro_coreInit:Field = tskin stored at 0x64a5a2361300, has been registered with IO.
hydro_coreInit:Field = fricVel stored at 0x64a5a2341180, has been registered with IO.
hydro_coreInit:Field = htFlux stored at 0x64a5a2351200, has been registered with IO.
hydro_coreInit:Field = invOblen stored at 0x64a5a2371380, has been registered with IO.
hydro_coreInit:Field = z0m stored at 0x64a5a2381480, has been registered with IO.
hydro_coreInit:Field = z0t stored at 0x64a5a2391500, has been registered with IO.
mpi_rank_world--0/1: in timeInit(), simTime_it = 0 and simTime =         0.000000 !
:Variable = time stored at 0x64a57fc94f78, has been registered with IO.

## time_test
Description=seed seed_nbl-deep_a015: flat uniform neutral spin-up, z_i target 550 m, base angle 15 deg # ## A description of this input file.
## FEMPI parameters---
numProcsX=1        # ## Number of cores to be used for horizontal domain decomposition in X
numProcsY=1        # ## Number of cores to be used for horizontal domain decomposition in Y
## IO parameters---
ioOutputMode=0     # ## 0: N-to-1 gather and write to a netCDF file, 1:N-to-N writes of FastEddy binary files
inPath=            # ## Path where initial/restart file is read in from
inFile=            # ## name of the input file for coordinate system and initial or restart conditions
outPath=./output/  # ## Path where output files are to be written
outFileBase=FE_SEED_ACC # ## Base name of the output file series as in (outFileBase).element-in-series
frqOutput=9720     # ## frequency (in timesteps) at which to produce output; should be an even multiple of NtBatch
towerIOSelector=0  # (DEFAULTED) ## Virtual Tower IO-Selector: 0=off, 1=on 
## FECUDA parameters---
tBx=1              # ## Number of threads in x-dimension.
tBy=8              # ## Number of threads in y-dimension.
tBz=16             # ## Number of threads in z-dimension.
## GRID parameters---
gridFile=          # (DEFAULTED) ## A file containing a complete grid specification
topoFile=          # ## A file containing terrain(surface elevation in meters ASL)
Nx=122             # ## Number of discretised domain elements in the x (zonal) direction.
Ny=122             # ## Number of discretised domain elements in the y (meridional) direction.
Nz=122             # ## Number of discretised domain elements in the z (vertical) direction.
Nh=3               # ## Number of halo cells to be used (dependent on largest stencil extent).
d_xi=30            # ## Computational domain fixed resolution in the 'i' direction.
d_eta=30           # ## Computational domain fixed resolution in the 'j' direction.
d_zeta=24.6914     # ## Computational domain fixed resolution in the 'k' direction.
coordHorizHalos=1  # ## switch to setup coordinate halos as periodic=1 or gradient-following=0.
verticalDeformSwitch=1 # ## switch to use vertical coordinate deformation 0=off, 1=on
verticalDeformFactor=0.346601 # ## deformation factor (0.0=max compression,  1.0=no compression)
verticalDeformQuadCoeff=0 # ## deformation factor (0.0=max compression,  1.0=no compression)
## HYDRO_CORE parameters---
## ----------: HYDRO_CORE Submodule Selectors ---
## ----------: Boundary Conditions Set ---
hydroBCs=2         # ## Selector for hydro BC set. 1= LAD, Dirichlet lateral, ceiling and surface, 2 = periodic-horizontal & ABL-vertical
hydroForcingWrite=0 # ## Switch for writing output of hydroFldsFrhs for prognostic fields. 0 = off, 1=on
hydroSubGridWrite=0 # ## Switch for writing output of Tauij fields. 0 = off, 1=on
hydroForcingLog=0  # ## Switch for logging Frhs summary metrics. 0 = off, 1=on
## ----------: PRESSURE GRADIENT FORCE ---
pgfSelector=1      # (DEFAULTED) ## Pressure Gradient Force (pgf) selector: 0=off, 1=on
## ----------: BUOYANCY ---
buoyancySelector=1 # (DEFAULTED) ## Buoyancy force  selector: 0=off, 1=on
## ----------: CORIOLIS ---
coriolisSelector=1 # ## Corilis force selector: 0= none, 1= horiz. terms, 2= horiz. & vert. terms
coriolisLatitude=42.9572 # ## Characteristic latitude in degrees from equator of the LES domain
## ----------: TURBULENCE ---
turbulenceSelector=1 # ## turbulence scheme selector: 0= none, 1= Lilly/Smagorinsky 
TKESelector=1      # ## Prognostic TKE selector: 0= none, 1= Prognostic, 2= requires canopySelector=1
TKEAdvSelector=3   # ## advection scheme for SGSTKE equation
TKEAdvSelector_b_hyb=0 # ## hybrid advection scheme parameter
c_k=0.1            # ## Lilly model constant used for turbulenceSelector = 1 and TKESelector > 0
## ----------: ADVECTION ---
advectionSelector=3 # ## advection scheme selector: 0=1st-order upwind, 1=3rd-order QUICK, 2=hybrid 3rd-4th order, 3=hybrid 5th-6th order, 4=3rd-order WENO, 5=5th-order WENO, 6=2nd-order centered
ceilingAdvectionBC=0 # (DEFAULTED) ## selector to allow advection through the domain ceiling 1=on, 0=off (w-ceiling = 0)
b_hyb=0            # ## hybrid advection scheme parameter: 0.0= lower-order upwind, 1.0=higher-order centered, 0.0 < b_hyb < 1.0 = hybrid
## ----------: DIFFUSION ---
diffusionSelector=0 # ## diffusivity selector: 0= none, 1= const.
## ----------: SURFACE LAYER ---
surflayerSelector=1 # ## surfacelayer selector: 0=off, 1=surface kinematic heat flux (surflayer_wth), 2=skin temperature rate (surflayer_tr)
surflayer_z0=0.061489 # ## roughness length (momentum) when surflayerSelector > 0
surflayer_z0t=0.01 # ## roughness length (temperature) when surflayerSelector > 0
surflayer_wth=0.05 # ## kinematic sensible heat flux at the surface when surflayerSelector = 1
surflayer_idealsine=0 # ## selector for idealized sinusoidal surface heat flux or skin temperature forcing: 0= off, 1= on
surflayer_stab=0   # (DEFAULTED) ## exchange coeffcient stability correction selector: 0= on, 1= off
surflayer_z0tdyn=1 # (DEFAULTED) ## dynamic z0t calculation following Zilitinkevich (1995) approach: 0= off, 1= constant Zilitinkevich coeff, 2= variable Zilitinkevich coeff
## ----------: OFFSHORE ROUGHNESS ---
surflayer_offshore=0 # ## offshore selector: 0=off, 1=on
## ----------: CANOPY MODEL ---
canopySelector=0   # (DEFAULTED) ## canopy selector: 0= off, 1= on
## ----------: LARGE-SCALE FORCINGS MODEL ---
lsfSelector=1      # ## large-scale forcings selector: 0= off, 1= on
lsf_w_surf=0       # ## large-scale forcing to w at the first specified level
lsf_w_lev1=0       # ## large-scale forcing w at height 1
lsf_w_lev2=0       # ## large-scale forcing w at height 2
lsf_w_zlev1=550    # ## large-scale forcing w height 1
lsf_w_zlev2=1100   # ## large-scale forcing w height 2
lsf_th_surf=0      # ## large-scale forcing to theta at the first specified level
lsf_th_lev1=0      # ## large-scale forcing theta at height 1
lsf_th_lev2=0      # ## large-scale forcing theta at height 2
lsf_th_zlev1=500   # ## large-scale forcing theta height 1
lsf_th_zlev2=2000  # ## large-scale forcing theta height 2
lsf_qv_surf=-0.0432 # ## large-scale forcing to qv at the first specified level
lsf_qv_lev1=-0.0432 # ## large-scale forcing qv at height 1
lsf_qv_lev2=0      # ## large-scale forcing qv at height 2
lsf_qv_zlev1=300   # ## large-scale forcing qv height 1
lsf_qv_zlev2=500   # ## large-scale forcing qv height 2
lsf_horMnSubTerms=1 # ## large-scale subsidence terms Switch: 0= off, 1= on
lsf_freq=1         # ## large-scale forcing frequency (seconds)
## ----------: MOISTURE ---
moistureSelector=0 # ## moisture selector: 0= off, 1= on
## ----------: EXPLICIT FILTERS ---
filterSelector=1   # ## explicit filter selector: 0=off, 1=on
filter_6thdiff_vert=1 # ## vertical 6th-order filter on w selector: 0=off, 1=on
filter_6thdiff_vert_coeff=0.03 # ## vertical 6th-order filter factor: 0.0=off, 1.0=full
filter_6thdiff_hori=0 # (DEFAULTED) ## horizontal 6th-order filter on rho,theta,qv selector: 0=off, 1=on
filter_divdamp=0   # (DEFAULTED) ## divergence damping selector: 0=off, 1=on
## ----------: CELL PERTURBATION METHOD ---
cellpertSelector=0 # (DEFAULTED) ## CP method selector: 0= off, 1= on
## ----------: RAYLEIGH DAMPING LAYER ---
dampingLayerSelector=1 # ## Rayleigh damping layer selector: 0= off, 1= on.
dampingLayerDepth=500 # ## Rayleigh damping layer depth in meters
## ----------: AUXILIARY SCALARS ---
NhydroAuxScalars=0 # (DEFAULTED) ## Number of prognostic auxiliary scalar fields
## ----------: BASE-STATE ---
stabilityScheme=2  # ## Scheme used to set hydrostatic, stability-dependent Base-State EOS fields
temp_grnd=298.012  # ## Air Temperature (K) at the ground used to set hydrostatic Base-State EOS fields
pres_grnd=97700    # ## Pressure (Pa) at the ground used to set hydrostatic Base-State EOS fields
zStableBottom=550  # ## Height (m) of the first stable upper-layer when stabilityScheme = 2
stableGradient=0.08 # ## Vertical gradient (K/m) of the first stable upper-layer when stabilityScheme = 2
zStableBottom2=650 # ## Height (m) of the second stable upper-layer when stabilityScheme = 2
zStableBottom3=20000 # ## Height (m) of the third stable upper-layer when stabilityScheme = 2
stableGradient2=0.004 # ## Vertical gradient (K/m) of the second stable upper-layer when stabilityScheme = 2
stableGradient3=0.004 # ## Vertical gradient (K/m) of the third stable upper-layer when stabilityScheme = 2
U_g=11.5911        # ## Zonal (West-East) component of the geostrophic wind (m/s).
V_g=3.10583        # ## Meridional (South-North) component of the geostrophic wind (m/s).
z_Ug=10000         # ## Height (m) above ground for linear geostrophic wind gradient (zonal component).
z_Vg=10000         # ## Height (m) above ground for linear geostrophic wind gradient (meridional component).
Ug_grad=0          # ## U_g gradient above z_Ug (ms-1/m).
Vg_grad=0          # ## V_g gradient above z_Vg (ms-1/m).
thetaPerturbationSwitch=1 # ## Switch to include initial theta perturbations: 0=off, 1=on
thetaHeight=300    # ## Height below which to include initial theta perturbations: (meters)
thetaAmplitude=0.25 # ## Maximum amplitude for theta perturbations: thetaAmplitude*[-1,+1] K
physics_oneRKonly=1 # (DEFAULTED) ## selector to apply physics RHS forcing only at the latest RK stage: 0= off, 1= on
## TIME_INTEGRATION parameters---
timeMethod=0       # ## Selector for time integration method. [0=RK3-WS2002 (default)]
Nt=97200           # ## Number of timesteps to perform.
dt=0.0308642       # ## timestep resolution in seconds.
NtBatch=9720       # ## Number of timesteps to compute in batch launch, must have NtBatch <= Nt.

moistureMPcallTscale = 1.0   # NOT VALIDATED
c_s = 0.18   # NOT VALIDATED
nu_0 = 0.0   # NOT VALIDATED
moistureCond = 3   # NOT VALIDATED
moistureAdvSelectorQi = 2   # NOT VALIDATED
moistureAdvSelectorQv = 2   # NOT VALIDATED
surflayer_qr = 0.0   # NOT VALIDATED
surflayer_tr = -0.0   # NOT VALIDATED
surflayer_wq = 0.0   # NOT VALIDATED
moistureNvars = 2   # NOT VALIDATED
moistureCondTscale = 1.0   # NOT VALIDATED
moistureAdvSelectorQv_b = 0.0   # NOT VALIDATED
surflayer_ideal_qamp = 2.0   # NOT VALIDATED
surflayer_ideal_amp = 4.0   # NOT VALIDATED
surflayer_ideal_qte = 10.0   # NOT VALIDATED
surflayer_ideal_qts = 1.75   # NOT VALIDATED
surflayer_ideal_te = 43200   # NOT VALIDATED
surflayer_ideal_ts = 0.0   # NOT VALIDATED
moistureCondBasePres = 1   # NOT VALIDATED
moistureSGSturb = 1   # NOT VALIDATED
Input parameters passed verification.
No input file has been specified, no gridFile has been specified.
 Using default grid and initial condition schemes.
**** Coordinate generation ****  (i,j,k)-extents = (122,122,122) & (i,j,k)-deltas = (30.000000,30.000000,24.691359)
mpi_rank_world--0/1 grid-Coord-gen(), else-coordHorizHalos = 1!
mpi_rank_world--0/1 coordHalos, Western-Eastern Boundaries!
mpi_rank_world--0/1 coordHalos, Southern-Northern Boundaries!
stabilityScheme == 2: Base State setup complete.
Rank 0/1: Profile preparations complete!
cuda_gridDeviceSetup:-- (i,j,k)Min, ()Max = (3,3,3), (125,125,125)
fecuda_SetBlocksPerGrid: tBlock = {1, 8, 16}
fecuda_SetBlocksPerGrid: grid = {128, 16, 8}
lsf_horMnSubTerms = 1, setting up for 5 phi-fields.cuda_hydroCoreDeviceSetup() complete.
cuda_towersDeviceSetup: NelemsTowers = 0, NelemsTowersSurf = 1262907496
0/1 cuda_hydroCoreDeviceSecondaryStageSetup(): BdyUpdateSteps = 0 
Initializations complete after  19.6057 (s).
Main Time: Advancing simulation timestep = 0... and time =    0.00000

_____________________#######_________  STATE-SUMMARY @ it = 0 _________#######____________________ 

			!!!!!	  HYDRO_CORE 	 !!!!! 
Field 	|	 max	     --(i,j,k)		 |	  min	     --(i,j,k)		 |	 mean
---------------------------------------------------------------------------------------------------------
********-----
 Model Fields -
 ********-----
rho	Rank 0/1:       1.14173782 	 (3,3,3)	 |        0.84077328 	 (3,3,124)	 |       1.03134072 
-----
u	Rank 0/1:      11.59111118 	 (3,3,6)	 |       11.59110928 	 (3,3,4)	 |      11.80967903 
-----
v	Rank 0/1:       3.10582924 	 (3,3,25)	 |        3.10582876 	 (3,3,4)	 |       3.04405713 
-----
w	Rank 0/1:       0.00000000 	 (3,3,3)	 |        0.00000000 	 (3,3,3)	 |       0.00000000 
-----
theta	Rank 0/1:     317.39883423 	 (3,3,124)	 |      299.74884033 	 (14,55,27)	 |     307.30587769 
-----
press	Rank 0/1:       0.00000000 	 (3,3,3)	 |        0.00000000 	 (3,3,3)	 |       0.00000000 
-----
TKE_0	Rank 0/1:       0.00000000 	 (3,3,3)	 |        0.00000000 	 (3,3,3)	 |       0.00000000 
Dumping state at timestep = 0...
Dumped state at timestep = 0...
Rank 0/1: Batch complete results sent via cudaMemcpyDeviceToHost.

			!!!!!	  TIMESTEP PERFORMANCE  	 !!!!! 
 Total Time (s) | Batch Steps 	| Time/step (s) | Comp./step (s) | IO Time (s)
---------------------------------------------------------------------------------------------------------
    56.4511 	|     9720 	|    0.0058 	|    0.0058 	 |   0.243628 

********************************************************************************************************
Main Time: Advancing simulation timestep = 9720... and time =  300.00003

_____________________#######_________  STATE-SUMMARY @ it = 9720 _________#######____________________ 

			!!!!!	  HYDRO_CORE 	 !!!!! 
Field 	|	 max	     --(i,j,k)		 |	  min	     --(i,j,k)		 |	 mean
---------------------------------------------------------------------------------------------------------
********-----
 Model Fields -
 ********-----
rho	Rank 0/1:       1.14034736 	 (6,110,3)	 |        0.84078127 	 (70,118,124)	 |       1.03127098 
-----
u	Rank 0/1:      11.78479671 	 (4,13,29)	 |        5.80178356 	 (121,114,3)	 |      11.64655209 
-----
v	Rank 0/1:       3.38580966 	 (82,44,26)	 |        1.55314279 	 (6,106,3)	 |       3.01731253 
-----
w	Rank 0/1:       0.33178419 	 (66,35,29)	 |       -0.32481617 	 (116,4,29)	 |       0.00006227 
-----
theta	Rank 0/1:     317.40048218 	 (7,45,124)	 |      299.90316772 	 (13,70,28)	 |     307.35336304 
-----
press	Rank 0/1:       4.21875000 	 (15,83,11)	 |       -0.25781250 	 (89,98,3)	 |       2.18729854 
-----
TKE_0	Rank 0/1:       0.99511105 	 (14,112,4)	 |        0.00000000 	 (82,118,13)	 |       0.03369265 
Dumping state at timestep = 9720...
Dumped state at timestep = 9720...
Rank 0/1: Batch complete results sent via cudaMemcpyDeviceToHost.

			!!!!!	  TIMESTEP PERFORMANCE  	 !!!!! 
 Total Time (s) | Batch Steps 	| Time/step (s) | Comp./step (s) | IO Time (s)
---------------------------------------------------------------------------------------------------------
    56.7164 	|     9720 	|    0.0058 	|    0.0058 	 |   0.247597 

********************************************************************************************************
Main Time: Advancing simulation timestep = 19440... and time =  600.00006

_____________________#######_________  STATE-SUMMARY @ it = 19440 _________#######____________________ 

			!!!!!	  HYDRO_CORE 	 !!!!! 
Field 	|	 max	     --(i,j,k)		 |	  min	     --(i,j,k)		 |	 mean
---------------------------------------------------------------------------------------------------------
********-----
 Model Fields -
 ********-----
rho	Rank 0/1:       1.13980758 	 (92,13,3)	 |        0.84079981 	 (124,48,124)	 |       1.03127170 
-----
u	Rank 0/1:      11.90925789 	 (18,52,10)	 |        4.39573383 	 (89,17,3)	 |      11.55967712 
-----
v	Rank 0/1:       3.50319099 	 (101,23,15)	 |        1.16098070 	 (13,84,3)	 |       3.00341272 
-----
w	Rank 0/1:       0.43862519 	 (8,45,33)	 |       -0.46681899 	 (120,91,18)	 |       0.00006878 
-----
theta	Rank 0/1:     317.40060425 	 (36,101,124)	 |      299.93710327 	 (25,82,13)	 |     307.39013672 
-----
press	Rank 0/1:       5.48437500 	 (107,92,19)	 |        2.53906250 	 (22,21,3)	 |       4.35958862 
-----
TKE_0	Rank 0/1:       1.02090561 	 (124,48,4)	 |        0.00000000 	 (24,82,12)	 |       0.03344336 
Dumping state at timestep = 19440...
Dumped state at timestep = 19440...
Rank 0/1: Batch complete results sent via cudaMemcpyDeviceToHost.

			!!!!!	  TIMESTEP PERFORMANCE  	 !!!!! 
 Total Time (s) | Batch Steps 	| Time/step (s) | Comp./step (s) | IO Time (s)
---------------------------------------------------------------------------------------------------------
    56.7220 	|     9720 	|    0.0058 	|    0.0058 	 |   0.247405 

********************************************************************************************************
Main Time: Advancing simulation timestep = 29160... and time =  900.00006

_____________________#######_________  STATE-SUMMARY @ it = 29160 _________#######____________________ 

			!!!!!	  HYDRO_CORE 	 !!!!! 
Field 	|	 max	     --(i,j,k)		 |	  min	     --(i,j,k)		 |	 mean
---------------------------------------------------------------------------------------------------------
********-----
 Model Fields -
 ********-----
rho	Rank 0/1:       1.14093566 	 (119,108,3)	 |        0.84081352 	 (46,74,124)	 |       1.03140128 
-----
u	Rank 0/1:      12.26643276 	 (46,97,9)	 |        3.56734371 	 (78,63,3)	 |      11.48843479 
-----
v	Rank 0/1:       4.28693008 	 (28,48,7)	 |        0.45454738 	 (98,76,19)	 |       2.99566102 
-----
w	Rank 0/1:       1.76801288 	 (89,51,17)	 |       -1.23857081 	 (123,109,15)	 |       0.00005780 
-----
theta	Rank 0/1:     317.40136719 	 (46,74,124)	 |      299.94412231 	 (107,49,12)	 |     307.43188477 
-----
press	Rank 0/1:       7.79687500 	 (10,87,27)	 |        3.17968750 	 (103,71,3)	 |       6.23929501 
-----
TKE_0	Rank 0/1:       1.71852350 	 (27,115,4)	 |        0.00000000 	 (121,80,7)	 |       0.04101835 
Dumping state at timestep = 29160...
Dumped state at timestep = 29160...
Rank 0/1: Batch complete results sent via cudaMemcpyDeviceToHost.

			!!!!!	  TIMESTEP PERFORMANCE  	 !!!!! 
 Total Time (s) | Batch Steps 	| Time/step (s) | Comp./step (s) | IO Time (s)
---------------------------------------------------------------------------------------------------------
    56.6792 	|     9720 	|    0.0058 	|    0.0058 	 |   0.250131 

********************************************************************************************************
Main Time: Advancing simulation timestep = 38880... and time = 1200.00012

_____________________#######_________  STATE-SUMMARY @ it = 38880 _________#######____________________ 

			!!!!!	  HYDRO_CORE 	 !!!!! 
Field 	|	 max	     --(i,j,k)		 |	  min	     --(i,j,k)		 |	 mean
---------------------------------------------------------------------------------------------------------
********-----
 Model Fields -
 ********-----
rho	Rank 0/1:       1.14145315 	 (60,4,3)	 |        0.84082597 	 (92,63,124)	 |       1.03139806 
-----
u	Rank 0/1:      13.15093231 	 (117,110,35)	 |        4.09441757 	 (93,47,3)	 |      11.37286568 
-----
v	Rank 0/1:       5.18487120 	 (31,82,24)	 |       -0.24978118 	 (32,65,10)	 |       2.99002862 
-----
w	Rank 0/1:       3.27279067 	 (10,76,45)	 |       -2.15239882 	 (101,6,13)	 |       0.00006559 
-----
theta	Rank 0/1:     317.40097046 	 (41,104,124)	 |      299.88278198 	 (25,123,52)	 |     307.49328613 
-----
press	Rank 0/1:      11.82031250 	 (117,34,39)	 |        1.79687500 	 (116,107,32)	 |       7.48063803 
-----
TKE_0	Rank 0/1:       1.81641269 	 (95,44,4)	 |        0.00000000 	 (102,97,7)	 |       0.04716266 
Dumping state at timestep = 38880...
Dumped state at timestep = 38880...
Rank 0/1: Batch complete results sent via cudaMemcpyDeviceToHost.

			!!!!!	  TIMESTEP PERFORMANCE  	 !!!!! 
 Total Time (s) | Batch Steps 	| Time/step (s) | Comp./step (s) | IO Time (s)
---------------------------------------------------------------------------------------------------------
    56.6656 	|     9720 	|    0.0058 	|    0.0058 	 |   0.245812 

********************************************************************************************************
Main Time: Advancing simulation timestep = 48600... and time = 1500.00012

_____________________#######_________  STATE-SUMMARY @ it = 48600 _________#######____________________ 

			!!!!!	  HYDRO_CORE 	 !!!!! 
Field 	|	 max	     --(i,j,k)		 |	  min	     --(i,j,k)		 |	 mean
---------------------------------------------------------------------------------------------------------
********-----
 Model Fields -
 ********-----
rho	Rank 0/1:       1.14137232 	 (32,88,3)	 |        0.84083772 	 (24,118,124)	 |       1.03119504 
-----
u	Rank 0/1:      13.24294662 	 (65,65,50)	 |        4.04997826 	 (113,35,3)	 |      11.27322483 
-----
v	Rank 0/1:       5.60227203 	 (71,106,15)	 |       -0.71026504 	 (3,85,7)	 |       2.98032308 
-----
w	Rank 0/1:       3.57598996 	 (54,78,44)	 |       -2.58715129 	 (91,87,24)	 |       0.00007227 
-----
theta	Rank 0/1:     317.40109253 	 (24,118,124)	 |      299.57345581 	 (23,107,53)	 |     307.55581665 
-----
press	Rank 0/1:      12.00781250 	 (17,21,53)	 |        0.96875000 	 (123,86,16)	 |       8.87708664 
-----
TKE_0	Rank 0/1:       2.00927925 	 (37,18,4)	 |        0.00000000 	 (38,43,7)	 |       0.04680960 
Dumping state at timestep = 48600...
Dumped state at timestep = 48600...
Rank 0/1: Batch complete results sent via cudaMemcpyDeviceToHost.

			!!!!!	  TIMESTEP PERFORMANCE  	 !!!!! 
 Total Time (s) | Batch Steps 	| Time/step (s) | Comp./step (s) | IO Time (s)
---------------------------------------------------------------------------------------------------------
    56.6864 	|     9720 	|    0.0058 	|    0.0058 	 |   0.243731 

********************************************************************************************************
Main Time: Advancing simulation timestep = 58320... and time = 1800.00012

_____________________#######_________  STATE-SUMMARY @ it = 58320 _________#######____________________ 

			!!!!!	  HYDRO_CORE 	 !!!!! 
Field 	|	 max	     --(i,j,k)		 |	  min	     --(i,j,k)		 |	 mean
---------------------------------------------------------------------------------------------------------
********-----
 Model Fields -
 ********-----
rho	Rank 0/1:       1.14128172 	 (31,76,3)	 |        0.84084958 	 (73,5,124)	 |       1.03105283 
-----
u	Rank 0/1:      12.96381855 	 (54,82,49)	 |        3.94068480 	 (107,17,3)	 |      11.19714546 
-----
v	Rank 0/1:       5.54619646 	 (28,80,16)	 |       -0.58553904 	 (120,117,13)	 |       2.96951556 
-----
w	Rank 0/1:       3.18814564 	 (25,9,31)	 |       -2.76209617 	 (81,60,17)	 |       0.00007598 
-----
theta	Rank 0/1:     317.40109253 	 (97,22,124)	 |      299.66876221 	 (47,76,53)	 |     307.57601929 
-----
press	Rank 0/1:      13.43750000 	 (121,120,17)	 |        2.39843750 	 (117,118,16)	 |      10.39844227 
-----
TKE_0	Rank 0/1:       1.73007059 	 (12,87,4)	 |        0.00000000 	 (9,37,7)	 |       0.04561647 
Dumping state at timestep = 58320...
Dumped state at timestep = 58320...
Rank 0/1: Batch complete results sent via cudaMemcpyDeviceToHost.

			!!!!!	  TIMESTEP PERFORMANCE  	 !!!!! 
 Total Time (s) | Batch Steps 	| Time/step (s) | Comp./step (s) | IO Time (s)
---------------------------------------------------------------------------------------------------------
    56.6763 	|     9720 	|    0.0058 	|    0.0058 	 |   0.237410 

********************************************************************************************************
Main Time: Advancing simulation timestep = 68040... and time = 2100.00024

_____________________#######_________  STATE-SUMMARY @ it = 68040 _________#######____________________ 

			!!!!!	  HYDRO_CORE 	 !!!!! 
Field 	|	 max	     --(i,j,k)		 |	  min	     --(i,j,k)		 |	 mean
---------------------------------------------------------------------------------------------------------
********-----
 Model Fields -
 ********-----
rho	Rank 0/1:       1.14124680 	 (107,124,3)	 |        0.84086120 	 (57,55,124)	 |       1.03105688 
-----
u	Rank 0/1:      12.57828617 	 (87,14,7)	 |        3.61429095 	 (97,82,3)	 |      11.11947346 
-----
v	Rank 0/1:       5.58112907 	 (111,92,31)	 |       -0.18455090 	 (89,15,16)	 |       2.96383309 
-----
w	Rank 0/1:       2.72610617 	 (65,47,28)	 |       -2.34941626 	 (100,82,14)	 |       0.00007696 
-----
theta	Rank 0/1:     317.40130615 	 (57,55,124)	 |      299.77020264 	 (12,42,53)	 |     307.57403564 
-----
press	Rank 0/1:      15.63281250 	 (74,6,53)	 |        4.92968750 	 (100,84,16)	 |      11.98669529 
-----
TKE_0	Rank 0/1:       1.77668369 	 (111,43,4)	 |        0.00000000 	 (34,8,7)	 |       0.04390880 
Dumping state at timestep = 68040...
Dumped state at timestep = 68040...
Rank 0/1: Batch complete results sent via cudaMemcpyDeviceToHost.

			!!!!!	  TIMESTEP PERFORMANCE  	 !!!!! 
 Total Time (s) | Batch Steps 	| Time/step (s) | Comp./step (s) | IO Time (s)
---------------------------------------------------------------------------------------------------------
    56.8557 	|     9720 	|    0.0058 	|    0.0058 	 |   0.237405 

********************************************************************************************************
Main Time: Advancing simulation timestep = 77760... and time = 2400.00024

_____________________#######_________  STATE-SUMMARY @ it = 77760 _________#######____________________ 

			!!!!!	  HYDRO_CORE 	 !!!!! 
Field 	|	 max	     --(i,j,k)		 |	  min	     --(i,j,k)		 |	 mean
---------------------------------------------------------------------------------------------------------
********-----
 Model Fields -
 ********-----
rho	Rank 0/1:       1.14085889 	 (10,29,3)	 |        0.84087402 	 (74,102,124)	 |       1.03106034 
-----
u	Rank 0/1:      12.75121117 	 (44,80,52)	 |        3.55984616 	 (22,66,3)	 |      11.04335403 
-----
v	Rank 0/1:       5.74061775 	 (13,29,16)	 |       -0.21172395 	 (58,36,15)	 |       2.96023893 
-----
w	Rank 0/1:       3.30604482 	 (58,72,45)	 |       -2.29784751 	 (87,64,18)	 |       0.00008346 
-----
theta	Rank 0/1:     317.40118408 	 (74,102,124)	 |      299.90704346 	 (29,46,53)	 |     307.57559204 
-----
press	Rank 0/1:      18.30468750 	 (55,73,52)	 |        5.75781250 	 (89,10,8)	 |      13.55923557 
-----
TKE_0	Rank 0/1:       1.60940599 	 (66,50,4)	 |        0.00000000 	 (82,34,7)	 |       0.04140843 
Dumping state at timestep = 77760...
Dumped state at timestep = 77760...
Rank 0/1: Batch complete results sent via cudaMemcpyDeviceToHost.

			!!!!!	  TIMESTEP PERFORMANCE  	 !!!!! 
 Total Time (s) | Batch Steps 	| Time/step (s) | Comp./step (s) | IO Time (s)
---------------------------------------------------------------------------------------------------------
    56.8546 	|     9720 	|    0.0058 	|    0.0058 	 |   0.239910 

********************************************************************************************************
Main Time: Advancing simulation timestep = 87480... and time = 2700.00024

_____________________#######_________  STATE-SUMMARY @ it = 87480 _________#######____________________ 

			!!!!!	  HYDRO_CORE 	 !!!!! 
Field 	|	 max	     --(i,j,k)		 |	  min	     --(i,j,k)		 |	 mean
---------------------------------------------------------------------------------------------------------
********-----
 Model Fields -
 ********-----
rho	Rank 0/1:       1.14069188 	 (46,85,3)	 |        0.84088707 	 (20,66,124)	 |       1.03105772 
-----
u	Rank 0/1:      12.49450493 	 (45,15,53)	 |        3.43567753 	 (42,12,3)	 |      10.97587872 
-----
v	Rank 0/1:       5.48673630 	 (75,100,8)	 |       -0.01249415 	 (78,80,14)	 |       2.96116233 
-----
w	Rank 0/1:       3.01637959 	 (116,92,45)	 |       -2.13835478 	 (11,93,19)	 |       0.00008600 
-----
theta	Rank 0/1:     317.40081787 	 (20,66,124)	 |      299.83251953 	 (72,113,52)	 |     307.57073975 
-----
press	Rank 0/1:      19.82031250 	 (39,13,53)	 |        5.78125000 	 (28,117,10)	 |      15.19814014 
-----
TKE_0	Rank 0/1:       1.76505435 	 (50,71,4)	 |        0.00000000 	 (67,96,7)	 |       0.04022831 
Dumping state at timestep = 87480...
Dumped state at timestep = 87480...
Rank 0/1: Batch complete results sent via cudaMemcpyDeviceToHost.

			!!!!!	  TIMESTEP PERFORMANCE  	 !!!!! 
 Total Time (s) | Batch Steps 	| Time/step (s) | Comp./step (s) | IO Time (s)
---------------------------------------------------------------------------------------------------------
    56.8420 	|     9720 	|    0.0058 	|    0.0058 	 |   0.233087 

********************************************************************************************************

_____________________#######_________  STATE-SUMMARY @ it = 97200 _________#######____________________ 

			!!!!!	  HYDRO_CORE 	 !!!!! 
Field 	|	 max	     --(i,j,k)		 |	  min	     --(i,j,k)		 |	 mean
---------------------------------------------------------------------------------------------------------
********-----
 Model Fields -
 ********-----
rho	Rank 0/1:       1.14070213 	 (88,66,3)	 |        0.84089947 	 (76,121,124)	 |       1.03102398 
-----
u	Rank 0/1:      12.13647461 	 (62,117,52)	 |        3.55685496 	 (69,70,3)	 |      10.91481876 
-----
v	Rank 0/1:       5.33174515 	 (99,56,8)	 |       -0.10782063 	 (84,114,28)	 |       2.96211696 
-----
w	Rank 0/1:       3.23790169 	 (109,7,33)	 |       -2.02210069 	 (94,9,23)	 |       0.00008795 
-----
theta	Rank 0/1:     317.40084839 	 (31,57,124)	 |      299.85238647 	 (16,13,54)	 |     307.56759644 
-----
press	Rank 0/1:      21.01562500 	 (15,45,51)	 |        9.48437500 	 (98,56,12)	 |      16.83605957 
-----
TKE_0	Rank 0/1:       1.86271346 	 (84,54,4)	 |        0.00000000 	 (46,67,7)	 |       0.03913040 

_____________________#######_________  TOWER-SUMMARY @ it = 97200 _________#######____________________ 
Dumping state at timestep = 97200...
Dumped state at timestep = 97200...

			!!!!!	  TIMESTEP PERFORMANCE  	 !!!!! 
 Total Time (s) | Batch Steps 	| Time/step (s) | Comp./step (s) | IO Time (s)
---------------------------------------------------------------------------------------------------------
     0.2400 	|        0 	|    0.0000 	|    0.0000 	 |   0.180330 

********************************************************************************************************
Your FastEddy simulation is complete!
Cleaning up...
Shutting down MPI...
 Goodbye!
