Obtaining parameters from ./run.in
Successfully opened ./run.in and read 129 lines.
Warning more than 10000 entries were requested for the parameters hash table.
Consider changing the requested table size in the PARAMETERS module.
WARNING: optional parameter ioLPDMmode defaulted to 0.
WARNING: optional parameter ioLPDMfullFrq defaulted to 0.
WARNING: optional parameter lpdmOnlineSelector defaulted to 0.
WARNING: optional parameter lpdmOnlineQueue defaulted to 4.
WARNING: optional parameter lpdmOnlinePause1 defaulted to 0.
WARNING: optional parameter lpdmOnlinePause2 defaulted to 0.
WARNING: optional parameter towerIOSelector defaulted to 0.
WARNING: optional parameter gridFile defaulted to NULL.
WARNING: optional parameter pgfSelector defaulted to 1.
WARNING: optional parameter buoyancySelector defaulted to 1.
WARNING: optional parameter ceilingAdvectionBC defaulted to 0.
WARNING: optional parameter surflayer_stab defaulted to 0.
WARNING: optional parameter surflayer_z0tdyn defaulted to 1.
WARNING: optional parameter surflayer_offshore_visc defaulted to 1.
WARNING: optional parameter canopySelector defaulted to 0.
WARNING: optional parameter cellpertSelector defaulted to 0.
WARNING: optional parameter filter_6thdiff_hori defaulted to 0.
WARNING: optional parameter filter_divdamp defaulted to 0.
WARNING: optional parameter NhydroAuxScalars defaulted to 0.
WARNING: optional parameter physics_oneRKonly defaulted to 1.
Rank 0/1:  [rankXid, rankYid] = [0,0]
mpi_rank_world--0/1 inFile = (null) !!
mpi_rank_world--0/1 Obtaining devices...
Obtaining properties for 1 devices...

mpi_rank_world--0/1 assigned accelerator device 0/1...
Device Number:          0
---------------------------------------------------------------------

__General__
   Name                               : NVIDIA GeForce RTX 5090
   Compute Capability                 : 12.0
   Clock Rate                         : 2512000
   Number of multiprocessors          : 170
   Max Threads/multiprocessor         : 1536
   Concurrent Copy/Execution          : Yes
   Concurrent Kernels                 : 1
   Compute Mode                       : 0
   Kernel Timeout Enabled             : No
   Integrated                         : No
   Host Memory Mapping                : Yes

__Configuration__
   Registers/Block                    : 65536
   Warp Size                          : 32
   Max Threads/Block                  : 1024
   Max Block-extent / Dimension       :         1024         1024           64
   Max Grid-extent / Dimension        :   2147483647        65535        65535

__Memory__
   Tot. Global Memory (GB) / (B)      :   31.35834 / 3605987328
   Shared Mem/Block   (GB) / (B)      :    0.00005 / 49152
   Constant Memory    (GB) / (B)      :    0.00006 / 65536
   Max 1-D Texture                    :       131072
   Max 2-D Texture                    :       131072        65536
   Max 3-D Texture                    :        16384        16384        16384
   Texture Alignment  (B)             : 512
   Max Memory pitch                   : 2147483647

mpi_rank_world--0/1 done!
mpi_rank_world--0/1 Assigning threadPerBlock.[xyz]
mpi_rank_world--0/1 done!
Nxp = 122, Nyp = 122, Nzp = 122
****Spatial loop-index Mins & Maxs ****  (i,j,k)-min = (3,3,3) & (i,j,k)-max = (125,125,125)
Entering hydro_coreInit:------
WARNING: parameter surflayer_qskin_input was not found but was requested for printing.
WARNING: parameter surflayer_offshore_opt was not found but was requested for printing.
WARNING: parameter filter_6thdiff_hori_coeff was not found but was requested for printing.
hydro_coreInit: allocating/registering arrays/fields with IO
hydro_coreInit:hydroFlds[0] = rho stored at 0x7677adff8080, has been registered with IO.
hydro_coreInit:hydroFlds[1] = u stored at 0x7677ae7f8080, has been registered with IO.
hydro_coreInit:hydroFlds[2] = v stored at 0x7677aeff8080, has been registered with IO.
hydro_coreInit:hydroFlds[3] = w stored at 0x7677af7f8080, has been registered with IO.
hydro_coreInit:hydroFlds[4] = theta stored at 0x7677afff8080, has been registered with IO.
hydro_coreInit:Field = pressure stored at 0x7677ad7f7080, has been registered with IO.
hydro_coreInit:sgstkeScalars[0] = TKE_0 stored at 0x7677aa7f5080, has been registered with IO.
hydro_coreInit: allocating internal arrays
hydro_coreInit:Field = tskin stored at 0x57b01245a380, has been registered with IO.
hydro_coreInit:Field = fricVel stored at 0x57b01243a200, has been registered with IO.
hydro_coreInit:Field = htFlux stored at 0x57b01244a280, has been registered with IO.
hydro_coreInit:Field = invOblen stored at 0x57b01246a400, has been registered with IO.
hydro_coreInit:Field = z0m stored at 0x57b01247a500, has been registered with IO.
hydro_coreInit:Field = z0t stored at 0x57b01248a580, has been registered with IO.
mpi_rank_world--0/1: in timeInit(), simTime_it = 0 and simTime =         0.000000 !
:Variable = time stored at 0x57b009f85f78, has been registered with IO.

## time_test
Description=seed seed_cbl-deep_a030: flat uniform convective spin-up, z_i target 950 m, base angle 30 deg # ## A description of this input file.
## FEMPI parameters---
numProcsX=1        # ## Number of cores to be used for horizontal domain decomposition in X
numProcsY=1        # ## Number of cores to be used for horizontal domain decomposition in Y
## IO parameters---
ioOutputMode=0     # ## 0: N-to-1 gather and write to a netCDF file, 1:N-to-N writes of FastEddy binary files
inPath=            # ## Path where initial/restart file is read in from
inFile=            # ## name of the input file for coordinate system and initial or restart conditions
outPath=./output/  # ## Path where output files are to be written
outFileBase=FE_SEED # ## Base name of the output file series as in (outFileBase).element-in-series
frqOutput=9720     # ## frequency (in timesteps) at which to produce output; should be an even multiple of NtBatch
towerIOSelector=0  # (DEFAULTED) ## Virtual Tower IO-Selector: 0=off, 1=on 
## FECUDA parameters---
tBx=1              # ## Number of threads in x-dimension.
tBy=8              # ## Number of threads in y-dimension.
tBz=16             # ## Number of threads in z-dimension.
## GRID parameters---
gridFile=          # (DEFAULTED) ## A file containing a complete grid specification
topoFile=          # ## A file containing terrain(surface elevation in meters ASL)
Nx=122             # ## Number of discretised domain elements in the x (zonal) direction.
Ny=122             # ## Number of discretised domain elements in the y (meridional) direction.
Nz=122             # ## Number of discretised domain elements in the z (vertical) direction.
Nh=3               # ## Number of halo cells to be used (dependent on largest stencil extent).
d_xi=30            # ## Computational domain fixed resolution in the 'i' direction.
d_eta=30           # ## Computational domain fixed resolution in the 'j' direction.
d_zeta=24.6914     # ## Computational domain fixed resolution in the 'k' direction.
coordHorizHalos=1  # ## switch to setup coordinate halos as periodic=1 or gradient-following=0.
verticalDeformSwitch=1 # ## switch to use vertical coordinate deformation 0=off, 1=on
verticalDeformFactor=0.346601 # ## deformation factor (0.0=max compression,  1.0=no compression)
verticalDeformQuadCoeff=0 # ## deformation factor (0.0=max compression,  1.0=no compression)
## HYDRO_CORE parameters---
## ----------: HYDRO_CORE Submodule Selectors ---
## ----------: Boundary Conditions Set ---
hydroBCs=2         # ## Selector for hydro BC set. 1= LAD, Dirichlet lateral, ceiling and surface, 2 = periodic-horizontal & ABL-vertical
hydroForcingWrite=0 # ## Switch for writing output of hydroFldsFrhs for prognostic fields. 0 = off, 1=on
hydroSubGridWrite=0 # ## Switch for writing output of Tauij fields. 0 = off, 1=on
hydroForcingLog=0  # ## Switch for logging Frhs summary metrics. 0 = off, 1=on
## ----------: PRESSURE GRADIENT FORCE ---
pgfSelector=1      # (DEFAULTED) ## Pressure Gradient Force (pgf) selector: 0=off, 1=on
## ----------: BUOYANCY ---
buoyancySelector=1 # (DEFAULTED) ## Buoyancy force  selector: 0=off, 1=on
## ----------: CORIOLIS ---
coriolisSelector=1 # ## Corilis force selector: 0= none, 1= horiz. terms, 2= horiz. & vert. terms
coriolisLatitude=42.9572 # ## Characteristic latitude in degrees from equator of the LES domain
## ----------: TURBULENCE ---
turbulenceSelector=1 # ## turbulence scheme selector: 0= none, 1= Lilly/Smagorinsky 
TKESelector=1      # ## Prognostic TKE selector: 0= none, 1= Prognostic, 2= requires canopySelector=1
TKEAdvSelector=3   # ## advection scheme for SGSTKE equation
TKEAdvSelector_b_hyb=0 # ## hybrid advection scheme parameter
c_k=0.1            # ## Lilly model constant used for turbulenceSelector = 1 and TKESelector > 0
## ----------: ADVECTION ---
advectionSelector=3 # ## advection scheme selector: 0=1st-order upwind, 1=3rd-order QUICK, 2=hybrid 3rd-4th order, 3=hybrid 5th-6th order, 4=3rd-order WENO, 5=5th-order WENO, 6=2nd-order centered
ceilingAdvectionBC=0 # (DEFAULTED) ## selector to allow advection through the domain ceiling 1=on, 0=off (w-ceiling = 0)
b_hyb=0            # ## hybrid advection scheme parameter: 0.0= lower-order upwind, 1.0=higher-order centered, 0.0 < b_hyb < 1.0 = hybrid
## ----------: DIFFUSION ---
diffusionSelector=0 # ## diffusivity selector: 0= none, 1= const.
## ----------: SURFACE LAYER ---
surflayerSelector=1 # ## surfacelayer selector: 0=off, 1=surface kinematic heat flux (surflayer_wth), 2=skin temperature rate (surflayer_tr)
surflayer_z0=0.061489 # ## roughness length (momentum) when surflayerSelector > 0
surflayer_z0t=0.01 # ## roughness length (temperature) when surflayerSelector > 0
surflayer_wth=0.16 # ## kinematic sensible heat flux at the surface when surflayerSelector = 1
surflayer_idealsine=0 # ## selector for idealized sinusoidal surface heat flux or skin temperature forcing: 0= off, 1= on
surflayer_stab=0   # (DEFAULTED) ## exchange coeffcient stability correction selector: 0= on, 1= off
surflayer_z0tdyn=1 # (DEFAULTED) ## dynamic z0t calculation following Zilitinkevich (1995) approach: 0= off, 1= constant Zilitinkevich coeff, 2= variable Zilitinkevich coeff
## ----------: OFFSHORE ROUGHNESS ---
surflayer_offshore=0 # ## offshore selector: 0=off, 1=on
## ----------: CANOPY MODEL ---
canopySelector=0   # (DEFAULTED) ## canopy selector: 0= off, 1= on
## ----------: LARGE-SCALE FORCINGS MODEL ---
lsfSelector=1      # ## large-scale forcings selector: 0= off, 1= on
lsf_w_surf=0       # ## large-scale forcing to w at the first specified level
lsf_w_lev1=-25     # ## large-scale forcing w at height 1
lsf_w_lev2=0       # ## large-scale forcing w at height 2
lsf_w_zlev1=950    # ## large-scale forcing w height 1
lsf_w_zlev2=1900   # ## large-scale forcing w height 2
lsf_th_surf=0      # ## large-scale forcing to theta at the first specified level
lsf_th_lev1=0      # ## large-scale forcing theta at height 1
lsf_th_lev2=0      # ## large-scale forcing theta at height 2
lsf_th_zlev1=500   # ## large-scale forcing theta height 1
lsf_th_zlev2=2000  # ## large-scale forcing theta height 2
lsf_qv_surf=-0.0432 # ## large-scale forcing to qv at the first specified level
lsf_qv_lev1=-0.0432 # ## large-scale forcing qv at height 1
lsf_qv_lev2=0      # ## large-scale forcing qv at height 2
lsf_qv_zlev1=300   # ## large-scale forcing qv height 1
lsf_qv_zlev2=500   # ## large-scale forcing qv height 2
lsf_horMnSubTerms=1 # ## large-scale subsidence terms Switch: 0= off, 1= on
lsf_freq=1         # ## large-scale forcing frequency (seconds)
## ----------: MOISTURE ---
moistureSelector=0 # ## moisture selector: 0= off, 1= on
## ----------: EXPLICIT FILTERS ---
filterSelector=1   # ## explicit filter selector: 0=off, 1=on
filter_6thdiff_vert=1 # ## vertical 6th-order filter on w selector: 0=off, 1=on
filter_6thdiff_vert_coeff=0.03 # ## vertical 6th-order filter factor: 0.0=off, 1.0=full
filter_6thdiff_hori=0 # (DEFAULTED) ## horizontal 6th-order filter on rho,theta,qv selector: 0=off, 1=on
filter_divdamp=0   # (DEFAULTED) ## divergence damping selector: 0=off, 1=on
## ----------: CELL PERTURBATION METHOD ---
cellpertSelector=0 # (DEFAULTED) ## CP method selector: 0= off, 1= on
## ----------: RAYLEIGH DAMPING LAYER ---
dampingLayerSelector=1 # ## Rayleigh damping layer selector: 0= off, 1= on.
dampingLayerDepth=500 # ## Rayleigh damping layer depth in meters
## ----------: AUXILIARY SCALARS ---
NhydroAuxScalars=0 # (DEFAULTED) ## Number of prognostic auxiliary scalar fields
## ----------: BASE-STATE ---
stabilityScheme=2  # ## Scheme used to set hydrostatic, stability-dependent Base-State EOS fields
temp_grnd=298.012  # ## Air Temperature (K) at the ground used to set hydrostatic Base-State EOS fields
pres_grnd=97700    # ## Pressure (Pa) at the ground used to set hydrostatic Base-State EOS fields
zStableBottom=950  # ## Height (m) of the first stable upper-layer when stabilityScheme = 2
stableGradient=0.08 # ## Vertical gradient (K/m) of the first stable upper-layer when stabilityScheme = 2
zStableBottom2=1050 # ## Height (m) of the second stable upper-layer when stabilityScheme = 2
zStableBottom3=20000 # ## Height (m) of the third stable upper-layer when stabilityScheme = 2
stableGradient2=0.004 # ## Vertical gradient (K/m) of the second stable upper-layer when stabilityScheme = 2
stableGradient3=0.004 # ## Vertical gradient (K/m) of the third stable upper-layer when stabilityScheme = 2
U_g=9.52628        # ## Zonal (West-East) component of the geostrophic wind (m/s).
V_g=5.5            # ## Meridional (South-North) component of the geostrophic wind (m/s).
z_Ug=10000         # ## Height (m) above ground for linear geostrophic wind gradient (zonal component).
z_Vg=10000         # ## Height (m) above ground for linear geostrophic wind gradient (meridional component).
Ug_grad=0          # ## U_g gradient above z_Ug (ms-1/m).
Vg_grad=0          # ## V_g gradient above z_Vg (ms-1/m).
thetaPerturbationSwitch=1 # ## Switch to include initial theta perturbations: 0=off, 1=on
thetaHeight=300    # ## Height below which to include initial theta perturbations: (meters)
thetaAmplitude=0.25 # ## Maximum amplitude for theta perturbations: thetaAmplitude*[-1,+1] K
physics_oneRKonly=1 # (DEFAULTED) ## selector to apply physics RHS forcing only at the latest RK stage: 0= off, 1= on
## TIME_INTEGRATION parameters---
timeMethod=0       # ## Selector for time integration method. [0=RK3-WS2002 (default)]
Nt=233280          # ## Number of timesteps to perform.
dt=0.0308642       # ## timestep resolution in seconds.
NtBatch=9720       # ## Number of timesteps to compute in batch launch, must have NtBatch <= Nt.

moistureMPcallTscale = 1.0   # NOT VALIDATED
c_s = 0.18   # NOT VALIDATED
nu_0 = 0.0   # NOT VALIDATED
moistureCond = 3   # NOT VALIDATED
moistureAdvSelectorQi = 2   # NOT VALIDATED
moistureAdvSelectorQv = 2   # NOT VALIDATED
surflayer_qr = 0.0   # NOT VALIDATED
surflayer_tr = -0.0   # NOT VALIDATED
surflayer_wq = 0.0   # NOT VALIDATED
moistureNvars = 2   # NOT VALIDATED
moistureCondTscale = 1.0   # NOT VALIDATED
moistureAdvSelectorQv_b = 0.0   # NOT VALIDATED
surflayer_ideal_qamp = 2.0   # NOT VALIDATED
surflayer_ideal_amp = 4.0   # NOT VALIDATED
surflayer_ideal_qte = 10.0   # NOT VALIDATED
surflayer_ideal_qts = 1.75   # NOT VALIDATED
surflayer_ideal_te = 43200   # NOT VALIDATED
surflayer_ideal_ts = 0.0   # NOT VALIDATED
moistureCondBasePres = 1   # NOT VALIDATED
moistureSGSturb = 1   # NOT VALIDATED
Input parameters passed verification.
No input file has been specified, no gridFile has been specified.
 Using default grid and initial condition schemes.
**** Coordinate generation ****  (i,j,k)-extents = (122,122,122) & (i,j,k)-deltas = (30.000000,30.000000,24.691359)
mpi_rank_world--0/1 grid-Coord-gen(), else-coordHorizHalos = 1!
mpi_rank_world--0/1 coordHalos, Western-Eastern Boundaries!
mpi_rank_world--0/1 coordHalos, Southern-Northern Boundaries!
stabilityScheme == 2: Base State setup complete.
Rank 0/1: Profile preparations complete!
cuda_gridDeviceSetup:-- (i,j,k)Min, ()Max = (3,3,3), (125,125,125)
fecuda_SetBlocksPerGrid: tBlock = {1, 8, 16}
fecuda_SetBlocksPerGrid: grid = {128, 16, 8}
lsf_horMnSubTerms = 1, setting up for 5 phi-fields.cuda_hydroCoreDeviceSetup() complete.
cuda_towersDeviceSetup: NelemsTowers = 0, NelemsTowersSurf = 1122473768
0/1 cuda_hydroCoreDeviceSecondaryStageSetup(): BdyUpdateSteps = 0 
Initializations complete after   1.2193 (s).
Main Time: Advancing simulation timestep = 0... and time =    0.00000

_____________________#######_________  STATE-SUMMARY @ it = 0 _________#######____________________ 

			!!!!!	  HYDRO_CORE 	 !!!!! 
Field 	|	 max	     --(i,j,k)		 |	  min	     --(i,j,k)		 |	 mean
---------------------------------------------------------------------------------------------------------
********-----
 Model Fields -
 ********-----
rho	Rank 0/1:       1.14173782 	 (3,3,3)	 |        0.84342951 	 (3,3,124)	 |       1.04000401 
-----
u	Rank 0/1:       9.52628040 	 (3,3,6)	 |        9.52627850 	 (3,3,49)	 |       9.75780678 
-----
v	Rank 0/1:       5.50000048 	 (3,3,12)	 |        5.49999952 	 (3,3,4)	 |       5.54854059 
-----
w	Rank 0/1:       0.00000000 	 (3,3,3)	 |        0.00000000 	 (3,3,3)	 |       0.00000000 
-----
theta	Rank 0/1:     315.79882812 	 (3,3,124)	 |      299.74884033 	 (14,55,27)	 |     303.79998779 
-----
press	Rank 0/1:       0.00000000 	 (3,3,3)	 |        0.00000000 	 (3,3,3)	 |       0.00000000 
-----
TKE_0	Rank 0/1:       0.00000000 	 (3,3,3)	 |        0.00000000 	 (3,3,3)	 |       0.00000000 
Dumping state at timestep = 0...
Dumped state at timestep = 0...
Rank 0/1: Batch complete results sent via cudaMemcpyDeviceToHost.

			!!!!!	  TIMESTEP PERFORMANCE  	 !!!!! 
 Total Time (s) | Batch Steps 	| Time/step (s) | Comp./step (s) | IO Time (s)
---------------------------------------------------------------------------------------------------------
    56.7200 	|     9720 	|    0.0058 	|    0.0058 	 |   0.253120 

********************************************************************************************************
Main Time: Advancing simulation timestep = 9720... and time =  300.00003

_____________________#######_________  STATE-SUMMARY @ it = 9720 _________#######____________________ 

			!!!!!	  HYDRO_CORE 	 !!!!! 
Field 	|	 max	     --(i,j,k)		 |	  min	     --(i,j,k)		 |	 mean
---------------------------------------------------------------------------------------------------------
********-----
 Model Fields -
 ********-----
rho	Rank 0/1:       1.13729858 	 (29,56,4)	 |        0.84349477 	 (48,30,124)	 |       1.03993607 
-----
u	Rank 0/1:       9.71875191 	 (105,37,29)	 |        4.70464325 	 (51,56,3)	 |       9.59591484 
-----
v	Rank 0/1:       5.78121376 	 (61,68,26)	 |        2.68572307 	 (30,53,3)	 |       5.43533993 
-----
w	Rank 0/1:       0.31682968 	 (116,37,28)	 |       -0.28542897 	 (12,74,23)	 |       0.00017663 
-----
theta	Rank 0/1:     315.80044556 	 (88,24,124)	 |      299.90817261 	 (114,94,28)	 |     303.86697388 
-----
press	Rank 0/1:      11.67187500 	 (105,58,13)	 |        6.32812500 	 (92,26,3)	 |       9.52034855 
-----
TKE_0	Rank 0/1:       0.97448689 	 (33,58,4)	 |        0.00000000 	 (13,118,13)	 |       0.03226365 
Dumping state at timestep = 9720...
Dumped state at timestep = 9720...
Rank 0/1: Batch complete results sent via cudaMemcpyDeviceToHost.

			!!!!!	  TIMESTEP PERFORMANCE  	 !!!!! 
 Total Time (s) | Batch Steps 	| Time/step (s) | Comp./step (s) | IO Time (s)
---------------------------------------------------------------------------------------------------------
    56.8330 	|     9720 	|    0.0058 	|    0.0058 	 |   0.249233 

********************************************************************************************************
Main Time: Advancing simulation timestep = 19440... and time =  600.00006

_____________________#######_________  STATE-SUMMARY @ it = 19440 _________#######____________________ 

			!!!!!	  HYDRO_CORE 	 !!!!! 
Field 	|	 max	     --(i,j,k)		 |	  min	     --(i,j,k)		 |	 mean
---------------------------------------------------------------------------------------------------------
********-----
 Model Fields -
 ********-----
rho	Rank 0/1:       1.14037633 	 (10,22,4)	 |        0.84356904 	 (87,117,124)	 |       1.03993857 
-----
u	Rank 0/1:      10.57489109 	 (124,15,6)	 |        3.27335048 	 (120,57,3)	 |       9.51661110 
-----
v	Rank 0/1:       7.02857447 	 (49,106,6)	 |        1.40677977 	 (10,92,3)	 |       5.40568829 
-----
w	Rank 0/1:       2.49612355 	 (16,29,14)	 |       -2.01035666 	 (10,30,12)	 |       0.00020566 
-----
theta	Rank 0/1:     315.80056763 	 (87,104,124)	 |      299.87817383 	 (31,85,8)	 |     303.91836548 
-----
press	Rank 0/1:      21.24218750 	 (102,55,23)	 |       13.52343750 	 (3,102,3)	 |      18.62785149 
-----
TKE_0	Rank 0/1:       1.87021697 	 (8,38,4)	 |        0.00000000 	 (30,84,7)	 |       0.03847238 
Dumping state at timestep = 19440...
Dumped state at timestep = 19440...
Rank 0/1: Batch complete results sent via cudaMemcpyDeviceToHost.

			!!!!!	  TIMESTEP PERFORMANCE  	 !!!!! 
 Total Time (s) | Batch Steps 	| Time/step (s) | Comp./step (s) | IO Time (s)
---------------------------------------------------------------------------------------------------------
    56.8279 	|     9720 	|    0.0058 	|    0.0058 	 |   0.248185 

********************************************************************************************************
Main Time: Advancing simulation timestep = 29160... and time =  900.00006

_____________________#######_________  STATE-SUMMARY @ it = 29160 _________#######____________________ 

			!!!!!	  HYDRO_CORE 	 !!!!! 
Field 	|	 max	     --(i,j,k)		 |	  min	     --(i,j,k)		 |	 mean
---------------------------------------------------------------------------------------------------------
********-----
 Model Fields -
 ********-----
rho	Rank 0/1:       1.14128673 	 (118,4,3)	 |        0.84363675 	 (51,63,124)	 |       1.03993154 
-----
u	Rank 0/1:      11.73296547 	 (83,98,5)	 |        3.13303161 	 (95,69,3)	 |       9.38611698 
-----
v	Rank 0/1:       8.36746407 	 (107,79,21)	 |        1.24995339 	 (3,117,29)	 |       5.37029839 
-----
w	Rank 0/1:       5.21568537 	 (7,105,50)	 |       -3.12147951 	 (54,118,15)	 |       0.00027031 
-----
theta	Rank 0/1:     315.80087280 	 (10,95,124)	 |      299.76907349 	 (103,17,8)	 |     304.02667236 
-----
press	Rank 0/1:      31.07031250 	 (20,103,59)	 |       15.46093750 	 (82,96,8)	 |      26.43459511 
-----
TKE_0	Rank 0/1:       1.70016992 	 (120,23,4)	 |        0.00000000 	 (51,12,6)	 |       0.04837148 
Dumping state at timestep = 29160...
Dumped state at timestep = 29160...
Rank 0/1: Batch complete results sent via cudaMemcpyDeviceToHost.

			!!!!!	  TIMESTEP PERFORMANCE  	 !!!!! 
 Total Time (s) | Batch Steps 	| Time/step (s) | Comp./step (s) | IO Time (s)
---------------------------------------------------------------------------------------------------------
    56.8452 	|     9720 	|    0.0058 	|    0.0058 	 |   0.248936 

********************************************************************************************************
Main Time: Advancing simulation timestep = 38880... and time = 1200.00012

_____________________#######_________  STATE-SUMMARY @ it = 38880 _________#######____________________ 

			!!!!!	  HYDRO_CORE 	 !!!!! 
Field 	|	 max	     --(i,j,k)		 |	  min	     --(i,j,k)		 |	 mean
---------------------------------------------------------------------------------------------------------
********-----
 Model Fields -
 ********-----
rho	Rank 0/1:       1.14116323 	 (41,98,3)	 |        0.84370756 	 (93,94,124)	 |       1.03964233 
-----
u	Rank 0/1:      12.40132046 	 (119,112,33)	 |        3.25474167 	 (29,13,3)	 |       9.30161667 
-----
v	Rank 0/1:       9.19868565 	 (59,14,73)	 |        0.51284933 	 (93,83,3)	 |       5.33728218 
-----
w	Rank 0/1:       5.23325729 	 (58,11,67)	 |       -3.36241317 	 (82,51,13)	 |       0.00028271 
-----
theta	Rank 0/1:     315.80120850 	 (93,94,124)	 |      299.53042603 	 (96,70,73)	 |     304.15438843 
-----
press	Rank 0/1:      43.35156250 	 (59,10,73)	 |       18.10937500 	 (28,66,12)	 |      34.42224121 
-----
TKE_0	Rank 0/1:       2.07796812 	 (9,69,4)	 |        0.00000000 	 (104,110,7)	 |       0.05990903 
Dumping state at timestep = 38880...
Dumped state at timestep = 38880...
Rank 0/1: Batch complete results sent via cudaMemcpyDeviceToHost.

			!!!!!	  TIMESTEP PERFORMANCE  	 !!!!! 
 Total Time (s) | Batch Steps 	| Time/step (s) | Comp./step (s) | IO Time (s)
---------------------------------------------------------------------------------------------------------
    56.8617 	|     9720 	|    0.0058 	|    0.0058 	 |   0.246739 

********************************************************************************************************
Main Time: Advancing simulation timestep = 48600... and time = 1500.00012

_____________________#######_________  STATE-SUMMARY @ it = 48600 _________#######____________________ 

			!!!!!	  HYDRO_CORE 	 !!!!! 
Field 	|	 max	     --(i,j,k)		 |	  min	     --(i,j,k)		 |	 mean
---------------------------------------------------------------------------------------------------------
********-----
 Model Fields -
 ********-----
rho	Rank 0/1:       1.14107394 	 (63,74,3)	 |        0.84377605 	 (81,82,124)	 |       1.03950512 
-----
u	Rank 0/1:      12.75590801 	 (76,37,21)	 |        3.17217422 	 (34,61,3)	 |       9.23709106 
-----
v	Rank 0/1:       9.06529808 	 (72,42,22)	 |        0.28724748 	 (31,6,3)	 |       5.31662178 
-----
w	Rank 0/1:       4.81061649 	 (16,3,35)	 |       -3.48443604 	 (58,6,22)	 |       0.00030138 
-----
theta	Rank 0/1:     315.80145264 	 (81,82,124)	 |      299.35299683 	 (97,122,73)	 |     304.25555420 
-----
press	Rank 0/1:      49.63281250 	 (96,119,72)	 |       29.17187500 	 (3,43,14)	 |      42.69702148 
-----
TKE_0	Rank 0/1:       2.12039542 	 (71,65,4)	 |        0.00000000 	 (55,6,7)	 |       0.06474320 
Dumping state at timestep = 48600...
Dumped state at timestep = 48600...
Rank 0/1: Batch complete results sent via cudaMemcpyDeviceToHost.

			!!!!!	  TIMESTEP PERFORMANCE  	 !!!!! 
 Total Time (s) | Batch Steps 	| Time/step (s) | Comp./step (s) | IO Time (s)
---------------------------------------------------------------------------------------------------------
    56.8625 	|     9720 	|    0.0059 	|    0.0058 	 |   0.246689 

********************************************************************************************************
Main Time: Advancing simulation timestep = 58320... and time = 1800.00012

_____________________#######_________  STATE-SUMMARY @ it = 58320 _________#######____________________ 

			!!!!!	  HYDRO_CORE 	 !!!!! 
Field 	|	 max	     --(i,j,k)		 |	  min	     --(i,j,k)		 |	 mean
---------------------------------------------------------------------------------------------------------
********-----
 Model Fields -
 ********-----
rho	Rank 0/1:       1.14091051 	 (118,30,3)	 |        0.84384596 	 (106,82,124)	 |       1.03945971 
-----
u	Rank 0/1:      12.89781094 	 (91,17,9)	 |        2.81621981 	 (105,121,3)	 |       9.17393780 
-----
v	Rank 0/1:       9.67978668 	 (30,13,10)	 |        0.17744637 	 (42,33,3)	 |       5.30066538 
-----
w	Rank 0/1:       5.05522966 	 (120,24,38)	 |       -4.00954390 	 (41,106,37)	 |       0.00032460 
-----
theta	Rank 0/1:     315.80126953 	 (111,45,124)	 |      299.48794556 	 (55,90,73)	 |     304.26956177 
-----
press	Rank 0/1:      59.26562500 	 (96,16,72)	 |       36.47656250 	 (87,52,16)	 |      51.13893509 
-----
TKE_0	Rank 0/1:       2.31202960 	 (36,124,4)	 |        0.00000000 	 (121,34,6)	 |       0.06494541 
Dumping state at timestep = 58320...
Dumped state at timestep = 58320...
Rank 0/1: Batch complete results sent via cudaMemcpyDeviceToHost.

			!!!!!	  TIMESTEP PERFORMANCE  	 !!!!! 
 Total Time (s) | Batch Steps 	| Time/step (s) | Comp./step (s) | IO Time (s)
---------------------------------------------------------------------------------------------------------
    56.8762 	|     9720 	|    0.0059 	|    0.0058 	 |   0.246030 

********************************************************************************************************
Main Time: Advancing simulation timestep = 68040... and time = 2100.00024

_____________________#######_________  STATE-SUMMARY @ it = 68040 _________#######____________________ 

			!!!!!	  HYDRO_CORE 	 !!!!! 
Field 	|	 max	     --(i,j,k)		 |	  min	     --(i,j,k)		 |	 mean
---------------------------------------------------------------------------------------------------------
********-----
 Model Fields -
 ********-----
rho	Rank 0/1:       1.14080608 	 (96,31,3)	 |        0.84391648 	 (81,34,124)	 |       1.03951669 
-----
u	Rank 0/1:      12.42871857 	 (21,32,18)	 |        2.83520937 	 (15,35,3)	 |       9.13450718 
-----
v	Rank 0/1:       9.67819786 	 (15,33,6)	 |        0.09546446 	 (107,118,12)	 |       5.28212547 
-----
w	Rank 0/1:       5.47201633 	 (51,52,46)	 |       -3.17594314 	 (31,77,53)	 |       0.00035545 
-----
theta	Rank 0/1:     315.80075073 	 (81,34,124)	 |      299.66522217 	 (71,11,72)	 |     304.28875732 
-----
press	Rank 0/1:      68.62500000 	 (30,86,72)	 |       36.57812500 	 (13,33,8)	 |      59.55682373 
-----
TKE_0	Rank 0/1:       2.56005049 	 (16,33,4)	 |        0.00000000 	 (120,52,7)	 |       0.06062345 
Dumping state at timestep = 68040...
Dumped state at timestep = 68040...
Rank 0/1: Batch complete results sent via cudaMemcpyDeviceToHost.

			!!!!!	  TIMESTEP PERFORMANCE  	 !!!!! 
 Total Time (s) | Batch Steps 	| Time/step (s) | Comp./step (s) | IO Time (s)
---------------------------------------------------------------------------------------------------------
    56.8892 	|     9720 	|    0.0059 	|    0.0058 	 |   0.252652 

********************************************************************************************************
Main Time: Advancing simulation timestep = 77760... and time = 2400.00024

_____________________#######_________  STATE-SUMMARY @ it = 77760 _________#######____________________ 

			!!!!!	  HYDRO_CORE 	 !!!!! 
Field 	|	 max	     --(i,j,k)		 |	  min	     --(i,j,k)		 |	 mean
---------------------------------------------------------------------------------------------------------
********-----
 Model Fields -
 ********-----
rho	Rank 0/1:       1.13981187 	 (39,32,3)	 |        0.84398413 	 (91,43,124)	 |       1.03950202 
-----
u	Rank 0/1:      12.10757351 	 (6,53,25)	 |        2.54293752 	 (41,27,3)	 |       9.09728050 
-----
v	Rank 0/1:       9.11190033 	 (80,123,38)	 |        0.74321270 	 (76,120,3)	 |       5.26003933 
-----
w	Rank 0/1:       4.70484543 	 (69,48,54)	 |       -3.32794166 	 (86,13,24)	 |       0.00034805 
-----
theta	Rank 0/1:     315.80145264 	 (91,43,124)	 |      299.75469971 	 (56,9,72)	 |     304.28982544 
-----
press	Rank 0/1:      76.73437500 	 (97,123,72)	 |       52.67968750 	 (94,78,8)	 |      68.00789642 
-----
TKE_0	Rank 0/1:       2.40703678 	 (42,34,4)	 |        0.00000000 	 (44,101,7)	 |       0.05863950 
Dumping state at timestep = 77760...
Dumped state at timestep = 77760...
Rank 0/1: Batch complete results sent via cudaMemcpyDeviceToHost.

			!!!!!	  TIMESTEP PERFORMANCE  	 !!!!! 
 Total Time (s) | Batch Steps 	| Time/step (s) | Comp./step (s) | IO Time (s)
---------------------------------------------------------------------------------------------------------
    56.8686 	|     9720 	|    0.0059 	|    0.0058 	 |   0.242538 

********************************************************************************************************
Main Time: Advancing simulation timestep = 87480... and time = 2700.00024

_____________________#######_________  STATE-SUMMARY @ it = 87480 _________#######____________________ 

			!!!!!	  HYDRO_CORE 	 !!!!! 
Field 	|	 max	     --(i,j,k)		 |	  min	     --(i,j,k)		 |	 mean
---------------------------------------------------------------------------------------------------------
********-----
 Model Fields -
 ********-----
rho	Rank 0/1:       1.14005733 	 (53,121,3)	 |        0.84405464 	 (66,97,124)	 |       1.03950942 
-----
u	Rank 0/1:      12.84230614 	 (95,42,45)	 |        2.88477206 	 (88,19,3)	 |       9.04286671 
-----
v	Rank 0/1:       9.64586926 	 (91,43,58)	 |        0.38212445 	 (121,36,3)	 |       5.24134254 
-----
w	Rank 0/1:       5.03400230 	 (34,100,64)	 |       -3.70402670 	 (83,36,19)	 |       0.00034277 
-----
theta	Rank 0/1:     315.80117798 	 (66,97,124)	 |      299.87789917 	 (98,78,72)	 |     304.29364014 
-----
press	Rank 0/1:      86.53906250 	 (33,96,69)	 |       57.45312500 	 (85,36,60)	 |      76.59911346 
-----
TKE_0	Rank 0/1:       1.90969062 	 (56,21,4)	 |        0.00000000 	 (52,19,7)	 |       0.05871592 
Dumping state at timestep = 87480...
Dumped state at timestep = 87480...
Rank 0/1: Batch complete results sent via cudaMemcpyDeviceToHost.

			!!!!!	  TIMESTEP PERFORMANCE  	 !!!!! 
 Total Time (s) | Batch Steps 	| Time/step (s) | Comp./step (s) | IO Time (s)
---------------------------------------------------------------------------------------------------------
    56.8628 	|     9720 	|    0.0059 	|    0.0058 	 |   0.237672 

********************************************************************************************************
Main Time: Advancing simulation timestep = 97200... and time = 3000.00024

_____________________#######_________  STATE-SUMMARY @ it = 97200 _________#######____________________ 

			!!!!!	  HYDRO_CORE 	 !!!!! 
Field 	|	 max	     --(i,j,k)		 |	  min	     --(i,j,k)		 |	 mean
---------------------------------------------------------------------------------------------------------
********-----
 Model Fields -
 ********-----
rho	Rank 0/1:       1.13965118 	 (82,36,4)	 |        0.84412378 	 (34,36,124)	 |       1.03956974 
-----
u	Rank 0/1:      11.98947430 	 (122,110,30)	 |        3.04073000 	 (5,89,3)	 |       8.99148083 
-----
v	Rank 0/1:       8.60964680 	 (57,90,41)	 |        0.52904397 	 (43,81,3)	 |       5.21926212 
-----
w	Rank 0/1:       5.42793894 	 (76,123,52)	 |       -3.10877991 	 (75,119,52)	 |       0.00035911 
-----
theta	Rank 0/1:     315.80114746 	 (34,36,124)	 |      299.67065430 	 (121,37,72)	 |     304.29144287 
-----
press	Rank 0/1:      95.96875000 	 (90,124,72)	 |       67.07031250 	 (74,122,52)	 |      85.13564301 
-----
TKE_0	Rank 0/1:       1.92974424 	 (44,35,4)	 |        0.00000000 	 (113,42,7)	 |       0.05736317 
Dumping state at timestep = 97200...
Dumped state at timestep = 97200...
Rank 0/1: Batch complete results sent via cudaMemcpyDeviceToHost.

			!!!!!	  TIMESTEP PERFORMANCE  	 !!!!! 
 Total Time (s) | Batch Steps 	| Time/step (s) | Comp./step (s) | IO Time (s)
---------------------------------------------------------------------------------------------------------
    56.8592 	|     9720 	|    0.0058 	|    0.0058 	 |   0.238090 

********************************************************************************************************
Main Time: Advancing simulation timestep = 106920... and time = 3300.00024

_____________________#######_________  STATE-SUMMARY @ it = 106920 _________#######____________________ 

			!!!!!	  HYDRO_CORE 	 !!!!! 
Field 	|	 max	     --(i,j,k)		 |	  min	     --(i,j,k)		 |	 mean
---------------------------------------------------------------------------------------------------------
********-----
 Model Fields -
 ********-----
rho	Rank 0/1:       1.14027214 	 (28,40,4)	 |        0.84419352 	 (111,75,124)	 |       1.03980207 
-----
u	Rank 0/1:      12.64422989 	 (70,6,46)	 |        2.80231190 	 (4,70,3)	 |       8.93692780 
-----
v	Rank 0/1:       9.05979252 	 (87,27,47)	 |        0.69476259 	 (102,33,3)	 |       5.20175886 
-----
w	Rank 0/1:       5.36314249 	 (41,50,43)	 |       -3.10955048 	 (68,28,48)	 |       0.00037107 
-----
theta	Rank 0/1:     315.80117798 	 (48,101,124)	 |      299.76025391 	 (102,40,72)	 |     304.31573486 
-----
press	Rank 0/1:     104.64062500 	 (43,25,75)	 |       76.03906250 	 (43,52,18)	 |      94.00799561 
-----
TKE_0	Rank 0/1:       1.91927433 	 (110,113,4)	 |        0.00000000 	 (9,123,7)	 |       0.05723742 
Dumping state at timestep = 106920...
Dumped state at timestep = 106920...
Rank 0/1: Batch complete results sent via cudaMemcpyDeviceToHost.

			!!!!!	  TIMESTEP PERFORMANCE  	 !!!!! 
 Total Time (s) | Batch Steps 	| Time/step (s) | Comp./step (s) | IO Time (s)
---------------------------------------------------------------------------------------------------------
    56.8484 	|     9720 	|    0.0058 	|    0.0058 	 |   0.238681 

********************************************************************************************************
Main Time: Advancing simulation timestep = 116640... and time = 3600.00024

_____________________#######_________  STATE-SUMMARY @ it = 116640 _________#######____________________ 

			!!!!!	  HYDRO_CORE 	 !!!!! 
Field 	|	 max	     --(i,j,k)		 |	  min	     --(i,j,k)		 |	 mean
---------------------------------------------------------------------------------------------------------
********-----
 Model Fields -
 ********-----
rho	Rank 0/1:       1.13975596 	 (57,34,4)	 |        0.84426284 	 (85,8,124)	 |       1.03991437 
-----
u	Rank 0/1:      11.85788918 	 (74,31,13)	 |        2.92640591 	 (75,111,3)	 |       8.87712479 
-----
v	Rank 0/1:       8.71773434 	 (70,41,36)	 |        0.41981032 	 (107,12,3)	 |       5.19297218 
-----
w	Rank 0/1:       5.27884150 	 (11,108,37)	 |       -3.25342703 	 (124,86,28)	 |       0.00035324 
-----
theta	Rank 0/1:     315.80105591 	 (3,105,124)	 |      299.63644409 	 (122,101,73)	 |     304.29547119 
-----
press	Rank 0/1:     115.03125000 	 (110,60,72)	 |       84.57031250 	 (109,94,30)	 |     102.20760345 
-----
TKE_0	Rank 0/1:       1.92520165 	 (67,65,4)	 |        0.00000000 	 (70,25,7)	 |       0.05648914 
Dumping state at timestep = 116640...
Dumped state at timestep = 116640...
Rank 0/1: Batch complete results sent via cudaMemcpyDeviceToHost.

			!!!!!	  TIMESTEP PERFORMANCE  	 !!!!! 
 Total Time (s) | Batch Steps 	| Time/step (s) | Comp./step (s) | IO Time (s)
---------------------------------------------------------------------------------------------------------
    56.8469 	|     9720 	|    0.0058 	|    0.0058 	 |   0.237099 

********************************************************************************************************
Main Time: Advancing simulation timestep = 126360... and time = 3900.00024

_____________________#######_________  STATE-SUMMARY @ it = 126360 _________#######____________________ 

			!!!!!	  HYDRO_CORE 	 !!!!! 
Field 	|	 max	     --(i,j,k)		 |	  min	     --(i,j,k)		 |	 mean
---------------------------------------------------------------------------------------------------------
********-----
 Model Fields -
 ********-----
rho	Rank 0/1:       1.13976288 	 (10,79,4)	 |        0.84433025 	 (88,23,124)	 |       1.03990865 
-----
u	Rank 0/1:      12.32220173 	 (11,90,39)	 |        2.87810874 	 (31,87,3)	 |       8.81381989 
-----
v	Rank 0/1:       8.94925785 	 (10,116,20)	 |        0.21733867 	 (45,51,3)	 |       5.18382740 
-----
w	Rank 0/1:       4.96630383 	 (46,98,56)	 |       -3.38403320 	 (82,17,24)	 |       0.00034117 
-----
theta	Rank 0/1:     315.80120850 	 (100,37,124)	 |      299.83114624 	 (23,56,73)	 |     304.31906128 
-----
press	Rank 0/1:     122.64843750 	 (63,102,73)	 |       93.28125000 	 (10,117,16)	 |     111.00476074 
-----
TKE_0	Rank 0/1:       1.89390850 	 (9,109,4)	 |        0.00000000 	 (109,7,7)	 |       0.05576754 
Dumping state at timestep = 126360...
Dumped state at timestep = 126360...
Rank 0/1: Batch complete results sent via cudaMemcpyDeviceToHost.

			!!!!!	  TIMESTEP PERFORMANCE  	 !!!!! 
 Total Time (s) | Batch Steps 	| Time/step (s) | Comp./step (s) | IO Time (s)
---------------------------------------------------------------------------------------------------------
    56.8425 	|     9720 	|    0.0058 	|    0.0058 	 |   0.232477 

********************************************************************************************************
Main Time: Advancing simulation timestep = 136080... and time = 4200.00049

_____________________#######_________  STATE-SUMMARY @ it = 136080 _________#######____________________ 

			!!!!!	  HYDRO_CORE 	 !!!!! 
Field 	|	 max	     --(i,j,k)		 |	  min	     --(i,j,k)		 |	 mean
---------------------------------------------------------------------------------------------------------
********-----
 Model Fields -
 ********-----
rho	Rank 0/1:       1.14031482 	 (119,76,3)	 |        0.84439784 	 (50,48,124)	 |       1.03986883 
-----
u	Rank 0/1:      12.24679184 	 (16,41,37)	 |        2.72620869 	 (29,90,3)	 |       8.75503349 
-----
v	Rank 0/1:       9.12693310 	 (107,93,13)	 |        0.04170877 	 (39,109,3)	 |       5.18265295 
-----
w	Rank 0/1:       4.45304537 	 (123,16,55)	 |       -3.04323649 	 (17,18,27)	 |       0.00035583 
-----
theta	Rank 0/1:     315.80157471 	 (50,48,124)	 |      299.88812256 	 (71,85,72)	 |     304.31747437 
-----
press	Rank 0/1:     131.50000000 	 (9,26,75)	 |       99.43750000 	 (109,94,10)	 |     119.12462616 
-----
TKE_0	Rank 0/1:       2.07793117 	 (77,36,4)	 |        0.00000000 	 (15,79,7)	 |       0.05333389 
Dumping state at timestep = 136080...
Dumped state at timestep = 136080...
Rank 0/1: Batch complete results sent via cudaMemcpyDeviceToHost.

			!!!!!	  TIMESTEP PERFORMANCE  	 !!!!! 
 Total Time (s) | Batch Steps 	| Time/step (s) | Comp./step (s) | IO Time (s)
---------------------------------------------------------------------------------------------------------
    56.8452 	|     9720 	|    0.0058 	|    0.0058 	 |   0.235086 

********************************************************************************************************
Main Time: Advancing simulation timestep = 145800... and time = 4500.00049

_____________________#######_________  STATE-SUMMARY @ it = 145800 _________#######____________________ 

			!!!!!	  HYDRO_CORE 	 !!!!! 
Field 	|	 max	     --(i,j,k)		 |	  min	     --(i,j,k)		 |	 mean
---------------------------------------------------------------------------------------------------------
********-----
 Model Fields -
 ********-----
rho	Rank 0/1:       1.13976073 	 (54,49,4)	 |        0.84446704 	 (10,115,124)	 |       1.03985298 
-----
u	Rank 0/1:      11.95062733 	 (77,78,31)	 |        2.72887611 	 (89,69,3)	 |       8.70437241 
-----
v	Rank 0/1:       9.09479141 	 (75,11,15)	 |        0.18268344 	 (54,81,3)	 |       5.18742609 
-----
w	Rank 0/1:       5.02925062 	 (77,84,37)	 |       -3.05370283 	 (62,40,30)	 |       0.00036846 
-----
theta	Rank 0/1:     315.80133057 	 (8,115,124)	 |      300.08200073 	 (122,37,71)	 |     304.32098389 
-----
press	Rank 0/1:     140.45312500 	 (84,66,75)	 |      109.08593750 	 (78,79,29)	 |     128.03404236 
-----
TKE_0	Rank 0/1:       2.20861125 	 (56,69,4)	 |        0.00000000 	 (34,6,7)	 |       0.05245460 
Dumping state at timestep = 145800...
Dumped state at timestep = 145800...
Rank 0/1: Batch complete results sent via cudaMemcpyDeviceToHost.

			!!!!!	  TIMESTEP PERFORMANCE  	 !!!!! 
 Total Time (s) | Batch Steps 	| Time/step (s) | Comp./step (s) | IO Time (s)
---------------------------------------------------------------------------------------------------------
    56.8477 	|     9720 	|    0.0058 	|    0.0058 	 |   0.235769 

********************************************************************************************************
Main Time: Advancing simulation timestep = 155520... and time = 4800.00049

_____________________#######_________  STATE-SUMMARY @ it = 155520 _________#######____________________ 

			!!!!!	  HYDRO_CORE 	 !!!!! 
Field 	|	 max	     --(i,j,k)		 |	  min	     --(i,j,k)		 |	 mean
---------------------------------------------------------------------------------------------------------
********-----
 Model Fields -
 ********-----
rho	Rank 0/1:       1.13947392 	 (55,121,3)	 |        0.84453768 	 (104,47,124)	 |       1.03977489 
-----
u	Rank 0/1:      11.96054363 	 (31,60,8)	 |        2.08879495 	 (115,58,3)	 |       8.66652870 
-----
v	Rank 0/1:       9.31767750 	 (51,58,11)	 |       -0.07467517 	 (15,22,3)	 |       5.18424845 
-----
w	Rank 0/1:       5.55151510 	 (33,122,54)	 |       -3.10702872 	 (115,78,24)	 |       0.00034784 
-----
theta	Rank 0/1:     315.80096436 	 (84,79,124)	 |      299.97073364 	 (29,15,74)	 |     304.35467529 
-----
press	Rank 0/1:     151.97656250 	 (29,121,72)	 |      112.58593750 	 (53,57,6)	 |     135.75457764 
-----
TKE_0	Rank 0/1:       1.96692216 	 (52,58,4)	 |        0.00000000 	 (76,75,7)	 |       0.05328041 
Dumping state at timestep = 155520...
Dumped state at timestep = 155520...
Rank 0/1: Batch complete results sent via cudaMemcpyDeviceToHost.

			!!!!!	  TIMESTEP PERFORMANCE  	 !!!!! 
 Total Time (s) | Batch Steps 	| Time/step (s) | Comp./step (s) | IO Time (s)
---------------------------------------------------------------------------------------------------------
    56.8469 	|     9720 	|    0.0058 	|    0.0058 	 |   0.236263 

********************************************************************************************************
Main Time: Advancing simulation timestep = 165240... and time = 5100.00049

_____________________#######_________  STATE-SUMMARY @ it = 165240 _________#######____________________ 

			!!!!!	  HYDRO_CORE 	 !!!!! 
Field 	|	 max	     --(i,j,k)		 |	  min	     --(i,j,k)		 |	 mean
---------------------------------------------------------------------------------------------------------
********-----
 Model Fields -
 ********-----
rho	Rank 0/1:       1.13915896 	 (53,97,4)	 |        0.84460419 	 (77,103,124)	 |       1.03962803 
-----
u	Rank 0/1:      12.70495510 	 (105,33,51)	 |        2.66683340 	 (23,51,3)	 |       8.61807728 
-----
v	Rank 0/1:       9.31318188 	 (108,123,39)	 |        0.03478073 	 (101,26,72)	 |       5.19234848 
-----
w	Rank 0/1:       5.72095490 	 (98,36,43)	 |       -3.20342612 	 (97,28,71)	 |       0.00033806 
-----
theta	Rank 0/1:     315.80117798 	 (77,103,124)	 |      299.64410400 	 (118,60,73)	 |     304.35195923 
-----
press	Rank 0/1:     160.50781250 	 (114,46,75)	 |      124.06250000 	 (54,100,12)	 |     144.91744995 
-----
TKE_0	Rank 0/1:       1.66472495 	 (13,99,4)	 |        0.00000000 	 (103,84,6)	 |       0.05384357 
Dumping state at timestep = 165240...
Dumped state at timestep = 165240...
Rank 0/1: Batch complete results sent via cudaMemcpyDeviceToHost.

			!!!!!	  TIMESTEP PERFORMANCE  	 !!!!! 
 Total Time (s) | Batch Steps 	| Time/step (s) | Comp./step (s) | IO Time (s)
---------------------------------------------------------------------------------------------------------
    56.8482 	|     9720 	|    0.0058 	|    0.0058 	 |   0.238892 

********************************************************************************************************
Main Time: Advancing simulation timestep = 174960... and time = 5400.00049

_____________________#######_________  STATE-SUMMARY @ it = 174960 _________#######____________________ 

			!!!!!	  HYDRO_CORE 	 !!!!! 
Field 	|	 max	     --(i,j,k)		 |	  min	     --(i,j,k)		 |	 mean
---------------------------------------------------------------------------------------------------------
********-----
 Model Fields -
 ********-----
rho	Rank 0/1:       1.13895750 	 (46,23,3)	 |        0.84467167 	 (91,70,124)	 |       1.03965127 
-----
u	Rank 0/1:      11.89854431 	 (75,79,71)	 |        2.40583777 	 (116,22,3)	 |       8.55888081 
-----
v	Rank 0/1:       9.36554527 	 (20,109,35)	 |        0.34845895 	 (13,103,3)	 |       5.20312119 
-----
w	Rank 0/1:       5.30215263 	 (77,34,47)	 |       -3.35995793 	 (74,40,15)	 |       0.00034860 
-----
theta	Rank 0/1:     315.80139160 	 (91,70,124)	 |      300.17181396 	 (10,53,72)	 |     304.33905029 
-----
press	Rank 0/1:     169.06250000 	 (79,35,72)	 |      131.92968750 	 (59,34,3)	 |     152.48695374 
-----
TKE_0	Rank 0/1:       1.99854207 	 (56,35,4)	 |        0.00000000 	 (65,28,7)	 |       0.05331137 
Dumping state at timestep = 174960...
Dumped state at timestep = 174960...
Rank 0/1: Batch complete results sent via cudaMemcpyDeviceToHost.

			!!!!!	  TIMESTEP PERFORMANCE  	 !!!!! 
 Total Time (s) | Batch Steps 	| Time/step (s) | Comp./step (s) | IO Time (s)
---------------------------------------------------------------------------------------------------------
    56.8404 	|     9720 	|    0.0058 	|    0.0058 	 |   0.238823 

********************************************************************************************************
Main Time: Advancing simulation timestep = 184680... and time = 5700.00049

_____________________#######_________  STATE-SUMMARY @ it = 184680 _________#######____________________ 

			!!!!!	  HYDRO_CORE 	 !!!!! 
Field 	|	 max	     --(i,j,k)		 |	  min	     --(i,j,k)		 |	 mean
---------------------------------------------------------------------------------------------------------
********-----
 Model Fields -
 ********-----
rho	Rank 0/1:       1.13929987 	 (123,82,3)	 |        0.84473884 	 (40,70,124)	 |       1.03951228 
-----
u	Rank 0/1:      12.35243797 	 (29,66,16)	 |        1.86509919 	 (55,39,3)	 |       8.51893616 
-----
v	Rank 0/1:       9.33828163 	 (64,77,16)	 |       -0.05195355 	 (67,81,8)	 |       5.20931578 
-----
w	Rank 0/1:       5.20248318 	 (68,77,19)	 |       -3.43924046 	 (47,27,66)	 |       0.00036220 
-----
theta	Rank 0/1:     315.80194092 	 (40,70,124)	 |      299.97491455 	 (47,48,72)	 |     304.36791992 
-----
press	Rank 0/1:     178.24218750 	 (32,28,75)	 |      129.63281250 	 (65,77,12)	 |     161.34577942 
-----
TKE_0	Rank 0/1:       2.19278622 	 (4,100,4)	 |        0.00000000 	 (14,84,6)	 |       0.05381694 
Dumping state at timestep = 184680...
Dumped state at timestep = 184680...
Rank 0/1: Batch complete results sent via cudaMemcpyDeviceToHost.

			!!!!!	  TIMESTEP PERFORMANCE  	 !!!!! 
 Total Time (s) | Batch Steps 	| Time/step (s) | Comp./step (s) | IO Time (s)
---------------------------------------------------------------------------------------------------------
    56.8383 	|     9720 	|    0.0058 	|    0.0058 	 |   0.237453 

********************************************************************************************************
Main Time: Advancing simulation timestep = 194400... and time = 6000.00049

_____________________#######_________  STATE-SUMMARY @ it = 194400 _________#######____________________ 

			!!!!!	  HYDRO_CORE 	 !!!!! 
Field 	|	 max	     --(i,j,k)		 |	  min	     --(i,j,k)		 |	 mean
---------------------------------------------------------------------------------------------------------
********-----
 Model Fields -
 ********-----
rho	Rank 0/1:       1.13931787 	 (90,99,4)	 |        0.84480762 	 (13,4,124)	 |       1.03942454 
-----
u	Rank 0/1:      11.34906960 	 (46,63,6)	 |        2.04779005 	 (84,12,3)	 |       8.47139549 
-----
v	Rank 0/1:       9.59832859 	 (96,5,36)	 |        0.45515367 	 (26,10,3)	 |       5.21535444 
-----
w	Rank 0/1:       5.27480555 	 (86,21,39)	 |       -3.02806664 	 (114,83,59)	 |       0.00034608 
-----
theta	Rank 0/1:     315.80117798 	 (121,25,124)	 |      300.02655029 	 (15,91,72)	 |     304.35186768 
-----
press	Rank 0/1:     186.06250000 	 (9,82,75)	 |      142.43750000 	 (97,117,10)	 |     168.78988647 
-----
TKE_0	Rank 0/1:       2.17266846 	 (32,79,4)	 |        0.00000000 	 (84,102,7)	 |       0.05418759 
Dumping state at timestep = 194400...
Dumped state at timestep = 194400...
Rank 0/1: Batch complete results sent via cudaMemcpyDeviceToHost.

			!!!!!	  TIMESTEP PERFORMANCE  	 !!!!! 
 Total Time (s) | Batch Steps 	| Time/step (s) | Comp./step (s) | IO Time (s)
---------------------------------------------------------------------------------------------------------
    56.8401 	|     9720 	|    0.0058 	|    0.0058 	 |   0.238436 

********************************************************************************************************
Main Time: Advancing simulation timestep = 204120... and time = 6300.00049

_____________________#######_________  STATE-SUMMARY @ it = 204120 _________#######____________________ 

			!!!!!	  HYDRO_CORE 	 !!!!! 
Field 	|	 max	     --(i,j,k)		 |	  min	     --(i,j,k)		 |	 mean
---------------------------------------------------------------------------------------------------------
********-----
 Model Fields -
 ********-----
rho	Rank 0/1:       1.13877594 	 (50,44,4)	 |        0.84487551 	 (108,57,124)	 |       1.03942323 
-----
u	Rank 0/1:      11.17126465 	 (22,113,9)	 |        2.48702860 	 (100,7,3)	 |       8.42521477 
-----
v	Rank 0/1:       8.92115211 	 (50,51,45)	 |        0.13665751 	 (116,122,3)	 |       5.21747971 
-----
w	Rank 0/1:       5.20208406 	 (34,68,51)	 |       -2.82829261 	 (67,89,29)	 |       0.00033204 
-----
theta	Rank 0/1:     315.80087280 	 (34,24,124)	 |      300.42782593 	 (92,49,73)	 |     304.38247681 
-----
press	Rank 0/1:     195.84375000 	 (100,53,75)	 |      155.60156250 	 (100,10,3)	 |     177.58906555 
-----
TKE_0	Rank 0/1:       1.75102544 	 (103,14,4)	 |        0.00000000 	 (113,98,7)	 |       0.05272082 
Dumping state at timestep = 204120...
Dumped state at timestep = 204120...
Rank 0/1: Batch complete results sent via cudaMemcpyDeviceToHost.

			!!!!!	  TIMESTEP PERFORMANCE  	 !!!!! 
 Total Time (s) | Batch Steps 	| Time/step (s) | Comp./step (s) | IO Time (s)
---------------------------------------------------------------------------------------------------------
    56.8463 	|     9720 	|    0.0058 	|    0.0058 	 |   0.241374 

********************************************************************************************************
Main Time: Advancing simulation timestep = 213840... and time = 6600.00049

_____________________#######_________  STATE-SUMMARY @ it = 213840 _________#######____________________ 

			!!!!!	  HYDRO_CORE 	 !!!!! 
Field 	|	 max	     --(i,j,k)		 |	  min	     --(i,j,k)		 |	 mean
---------------------------------------------------------------------------------------------------------
********-----
 Model Fields -
 ********-----
rho	Rank 0/1:       1.13848925 	 (111,98,4)	 |        0.84494168 	 (93,61,124)	 |       1.03929222 
-----
u	Rank 0/1:      11.27718830 	 (72,47,7)	 |        2.25563812 	 (40,63,3)	 |       8.37540054 
-----
v	Rank 0/1:       9.01704025 	 (37,44,7)	 |        0.79522967 	 (85,48,3)	 |       5.22391033 
-----
w	Rank 0/1:       5.00460768 	 (59,73,47)	 |       -3.25255156 	 (16,63,42)	 |       0.00034693 
-----
theta	Rank 0/1:     315.80130005 	 (93,61,124)	 |      300.56649780 	 (31,122,72)	 |     304.39056396 
-----
press	Rank 0/1:     203.49218750 	 (47,48,75)	 |      163.84375000 	 (69,44,8)	 |     186.03756714 
-----
TKE_0	Rank 0/1:       1.98641384 	 (116,101,4)	 |        0.00000000 	 (110,97,7)	 |       0.05097700 
Dumping state at timestep = 213840...
Dumped state at timestep = 213840...
Rank 0/1: Batch complete results sent via cudaMemcpyDeviceToHost.

			!!!!!	  TIMESTEP PERFORMANCE  	 !!!!! 
 Total Time (s) | Batch Steps 	| Time/step (s) | Comp./step (s) | IO Time (s)
---------------------------------------------------------------------------------------------------------
    56.8430 	|     9720 	|    0.0058 	|    0.0058 	 |   0.238519 

********************************************************************************************************
Main Time: Advancing simulation timestep = 223560... and time = 6900.00049

_____________________#######_________  STATE-SUMMARY @ it = 223560 _________#######____________________ 

			!!!!!	  HYDRO_CORE 	 !!!!! 
Field 	|	 max	     --(i,j,k)		 |	  min	     --(i,j,k)		 |	 mean
---------------------------------------------------------------------------------------------------------
********-----
 Model Fields -
 ********-----
rho	Rank 0/1:       1.13835859 	 (39,39,4)	 |        0.84500885 	 (56,46,124)	 |       1.03927362 
-----
u	Rank 0/1:      11.33223343 	 (65,30,14)	 |        2.24025726 	 (88,63,3)	 |       8.32530785 
-----
v	Rank 0/1:       9.11666012 	 (65,33,30)	 |        0.35985518 	 (100,9,7)	 |       5.23179197 
-----
w	Rank 0/1:       4.50734854 	 (109,17,28)	 |       -2.69205880 	 (71,25,23)	 |       0.00036287 
-----
theta	Rank 0/1:     315.80151367 	 (56,46,124)	 |      300.30194092 	 (41,80,72)	 |     304.38220215 
-----
press	Rank 0/1:     213.64062500 	 (99,14,72)	 |      167.32031250 	 (103,11,8)	 |     194.49629211 
-----
TKE_0	Rank 0/1:       1.92776370 	 (95,7,4)	 |        0.00000000 	 (38,39,7)	 |       0.05001038 
Dumping state at timestep = 223560...
Dumped state at timestep = 223560...
Rank 0/1: Batch complete results sent via cudaMemcpyDeviceToHost.

			!!!!!	  TIMESTEP PERFORMANCE  	 !!!!! 
 Total Time (s) | Batch Steps 	| Time/step (s) | Comp./step (s) | IO Time (s)
---------------------------------------------------------------------------------------------------------
    56.8535 	|     9720 	|    0.0058 	|    0.0058 	 |   0.240602 

********************************************************************************************************

_____________________#######_________  STATE-SUMMARY @ it = 233280 _________#######____________________ 

			!!!!!	  HYDRO_CORE 	 !!!!! 
Field 	|	 max	     --(i,j,k)		 |	  min	     --(i,j,k)		 |	 mean
---------------------------------------------------------------------------------------------------------
********-----
 Model Fields -
 ********-----
rho	Rank 0/1:       1.13876140 	 (52,92,3)	 |        0.84507555 	 (30,100,124)	 |       1.03920174 
-----
u	Rank 0/1:      11.59586334 	 (96,124,6)	 |        2.10152841 	 (28,124,3)	 |       8.29232502 
-----
v	Rank 0/1:       8.97400475 	 (10,102,11)	 |        0.24721067 	 (96,123,3)	 |       5.24829865 
-----
w	Rank 0/1:       5.77696609 	 (49,43,47)	 |       -3.09022117 	 (58,20,40)	 |       0.00034306 
-----
theta	Rank 0/1:     315.80206299 	 (30,100,124)	 |      300.48220825 	 (54,64,73)	 |     304.40737915 
-----
press	Rank 0/1:     222.22656250 	 (50,52,75)	 |      174.38281250 	 (96,123,8)	 |     202.47906494 
-----
TKE_0	Rank 0/1:       1.97856319 	 (96,124,4)	 |        0.00000000 	 (37,36,6)	 |       0.05022326 

_____________________#######_________  TOWER-SUMMARY @ it = 233280 _________#######____________________ 
Dumping state at timestep = 233280...
Dumped state at timestep = 233280...

			!!!!!	  TIMESTEP PERFORMANCE  	 !!!!! 
 Total Time (s) | Batch Steps 	| Time/step (s) | Comp./step (s) | IO Time (s)
---------------------------------------------------------------------------------------------------------
     0.2425 	|        0 	|    0.0000 	|    0.0000 	 |   0.183055 

********************************************************************************************************
Your FastEddy simulation is complete!
Cleaning up...
Shutting down MPI...
 Goodbye!
