Obtaining parameters from ./run.in
Successfully opened ./run.in and read 129 lines.
Warning more than 10000 entries were requested for the parameters hash table.
Consider changing the requested table size in the PARAMETERS module.
WARNING: optional parameter ioLPDMmode defaulted to 0.
WARNING: optional parameter ioLPDMfullFrq defaulted to 0.
WARNING: optional parameter lpdmOnlineSelector defaulted to 0.
WARNING: optional parameter lpdmOnlineQueue defaulted to 4.
WARNING: optional parameter lpdmOnlinePause1 defaulted to 0.
WARNING: optional parameter lpdmOnlinePause2 defaulted to 0.
WARNING: optional parameter towerIOSelector defaulted to 0.
WARNING: optional parameter gridFile defaulted to NULL.
WARNING: optional parameter pgfSelector defaulted to 1.
WARNING: optional parameter buoyancySelector defaulted to 1.
WARNING: optional parameter ceilingAdvectionBC defaulted to 0.
WARNING: optional parameter surflayer_stab defaulted to 0.
WARNING: optional parameter surflayer_z0tdyn defaulted to 1.
WARNING: optional parameter surflayer_offshore_visc defaulted to 1.
WARNING: optional parameter canopySelector defaulted to 0.
WARNING: optional parameter cellpertSelector defaulted to 0.
WARNING: optional parameter filter_6thdiff_hori defaulted to 0.
WARNING: optional parameter filter_divdamp defaulted to 0.
WARNING: optional parameter NhydroAuxScalars defaulted to 0.
WARNING: optional parameter physics_oneRKonly defaulted to 1.
Rank 0/1:  [rankXid, rankYid] = [0,0]
mpi_rank_world--0/1 inFile = FE_ACC.0 !!
mpi_rank_world--0/1 Obtaining devices...
Obtaining properties for 1 devices...

mpi_rank_world--0/1 assigned accelerator device 0/1...
Device Number:          0
---------------------------------------------------------------------

__General__
   Name                               : NVIDIA GeForce RTX 5090
   Compute Capability                 : 12.0
   Clock Rate                         : 2512000
   Number of multiprocessors          : 170
   Max Threads/multiprocessor         : 1536
   Concurrent Copy/Execution          : Yes
   Concurrent Kernels                 : 1
   Compute Mode                       : 0
   Kernel Timeout Enabled             : No
   Integrated                         : No
   Host Memory Mapping                : Yes

__Configuration__
   Registers/Block                    : 65536
   Warp Size                          : 32
   Max Threads/Block                  : 1024
   Max Block-extent / Dimension       :         1024         1024           64
   Max Grid-extent / Dimension        :   2147483647        65535        65535

__Memory__
   Tot. Global Memory (GB) / (B)      :   31.35834 / 3605987328
   Shared Mem/Block   (GB) / (B)      :    0.00005 / 49152
   Constant Memory    (GB) / (B)      :    0.00006 / 65536
   Max 1-D Texture                    :       131072
   Max 2-D Texture                    :       131072        65536
   Max 3-D Texture                    :        16384        16384        16384
   Texture Alignment  (B)             : 512
   Max Memory pitch                   : 2147483647

mpi_rank_world--0/1 done!
mpi_rank_world--0/1 Assigning threadPerBlock.[xyz]
mpi_rank_world--0/1 done!
Nxp = 122, Nyp = 122, Nzp = 122
****Spatial loop-index Mins & Maxs ****  (i,j,k)-min = (3,3,3) & (i,j,k)-max = (125,125,125)
Entering hydro_coreInit:------
WARNING: parameter surflayer_qskin_input was not found but was requested for printing.
WARNING: parameter surflayer_offshore_opt was not found but was requested for printing.
WARNING: parameter filter_6thdiff_hori_coeff was not found but was requested for printing.
hydro_coreInit: allocating/registering arrays/fields with IO
hydro_coreInit:hydroFlds[0] = rho stored at 0x7d7cc6ffa080, has been registered with IO.
hydro_coreInit:hydroFlds[1] = u stored at 0x7d7cc77fa080, has been registered with IO.
hydro_coreInit:hydroFlds[2] = v stored at 0x7d7cc7ffa080, has been registered with IO.
hydro_coreInit:hydroFlds[3] = w stored at 0x7d7cc87fa080, has been registered with IO.
hydro_coreInit:hydroFlds[4] = theta stored at 0x7d7cc8ffa080, has been registered with IO.
hydro_coreInit:Field = pressure stored at 0x7d7cc67f9080, has been registered with IO.
hydro_coreInit:sgstkeScalars[0] = TKE_0 stored at 0x7d7cc37f7080, has been registered with IO.
hydro_coreInit: allocating internal arrays
hydro_coreInit:Field = tskin stored at 0x5b7ba772c080, has been registered with IO.
hydro_coreInit:Field = fricVel stored at 0x5b7ba770bf00, has been registered with IO.
hydro_coreInit:Field = htFlux stored at 0x5b7ba771bf80, has been registered with IO.
hydro_coreInit:Field = invOblen stored at 0x5b7ba773c100, has been registered with IO.
hydro_coreInit:Field = z0m stored at 0x5b7ba774c200, has been registered with IO.
hydro_coreInit:Field = z0t stored at 0x5b7ba775c280, has been registered with IO.
mpi_rank_world--0/1: in timeInit(), simTime_it = 0 and simTime =         0.000000 !
:Variable = time stored at 0x5b7b97bc8f78, has been registered with IO.

## time_test
Description=seed seed_nbl-shallow_a060: flat uniform neutral spin-up, z_i target 300 m, base angle 60 deg # ## A description of this input file.
## FEMPI parameters---
numProcsX=1        # ## Number of cores to be used for horizontal domain decomposition in X
numProcsY=1        # ## Number of cores to be used for horizontal domain decomposition in Y
## IO parameters---
ioOutputMode=0     # ## 0: N-to-1 gather and write to a netCDF file, 1:N-to-N writes of FastEddy binary files
inPath=./          # ## Path where initial/restart file is read in from
inFile=FE_ACC.0    # ## name of the input file for coordinate system and initial or restart conditions
outPath=./output/  # ## Path where output files are to be written
outFileBase=FE_SEED # ## Base name of the output file series as in (outFileBase).element-in-series
frqOutput=9720     # ## frequency (in timesteps) at which to produce output; should be an even multiple of NtBatch
towerIOSelector=0  # (DEFAULTED) ## Virtual Tower IO-Selector: 0=off, 1=on 
## FECUDA parameters---
tBx=1              # ## Number of threads in x-dimension.
tBy=8              # ## Number of threads in y-dimension.
tBz=16             # ## Number of threads in z-dimension.
## GRID parameters---
gridFile=          # (DEFAULTED) ## A file containing a complete grid specification
topoFile=          # ## A file containing terrain(surface elevation in meters ASL)
Nx=122             # ## Number of discretised domain elements in the x (zonal) direction.
Ny=122             # ## Number of discretised domain elements in the y (meridional) direction.
Nz=122             # ## Number of discretised domain elements in the z (vertical) direction.
Nh=3               # ## Number of halo cells to be used (dependent on largest stencil extent).
d_xi=30            # ## Computational domain fixed resolution in the 'i' direction.
d_eta=30           # ## Computational domain fixed resolution in the 'j' direction.
d_zeta=24.6914     # ## Computational domain fixed resolution in the 'k' direction.
coordHorizHalos=1  # ## switch to setup coordinate halos as periodic=1 or gradient-following=0.
verticalDeformSwitch=1 # ## switch to use vertical coordinate deformation 0=off, 1=on
verticalDeformFactor=0.346601 # ## deformation factor (0.0=max compression,  1.0=no compression)
verticalDeformQuadCoeff=0 # ## deformation factor (0.0=max compression,  1.0=no compression)
## HYDRO_CORE parameters---
## ----------: HYDRO_CORE Submodule Selectors ---
## ----------: Boundary Conditions Set ---
hydroBCs=2         # ## Selector for hydro BC set. 1= LAD, Dirichlet lateral, ceiling and surface, 2 = periodic-horizontal & ABL-vertical
hydroForcingWrite=0 # ## Switch for writing output of hydroFldsFrhs for prognostic fields. 0 = off, 1=on
hydroSubGridWrite=0 # ## Switch for writing output of Tauij fields. 0 = off, 1=on
hydroForcingLog=0  # ## Switch for logging Frhs summary metrics. 0 = off, 1=on
## ----------: PRESSURE GRADIENT FORCE ---
pgfSelector=1      # (DEFAULTED) ## Pressure Gradient Force (pgf) selector: 0=off, 1=on
## ----------: BUOYANCY ---
buoyancySelector=1 # (DEFAULTED) ## Buoyancy force  selector: 0=off, 1=on
## ----------: CORIOLIS ---
coriolisSelector=1 # ## Corilis force selector: 0= none, 1= horiz. terms, 2= horiz. & vert. terms
coriolisLatitude=42.9572 # ## Characteristic latitude in degrees from equator of the LES domain
## ----------: TURBULENCE ---
turbulenceSelector=1 # ## turbulence scheme selector: 0= none, 1= Lilly/Smagorinsky 
TKESelector=1      # ## Prognostic TKE selector: 0= none, 1= Prognostic, 2= requires canopySelector=1
TKEAdvSelector=3   # ## advection scheme for SGSTKE equation
TKEAdvSelector_b_hyb=0 # ## hybrid advection scheme parameter
c_k=0.1            # ## Lilly model constant used for turbulenceSelector = 1 and TKESelector > 0
## ----------: ADVECTION ---
advectionSelector=3 # ## advection scheme selector: 0=1st-order upwind, 1=3rd-order QUICK, 2=hybrid 3rd-4th order, 3=hybrid 5th-6th order, 4=3rd-order WENO, 5=5th-order WENO, 6=2nd-order centered
ceilingAdvectionBC=0 # (DEFAULTED) ## selector to allow advection through the domain ceiling 1=on, 0=off (w-ceiling = 0)
b_hyb=0            # ## hybrid advection scheme parameter: 0.0= lower-order upwind, 1.0=higher-order centered, 0.0 < b_hyb < 1.0 = hybrid
## ----------: DIFFUSION ---
diffusionSelector=0 # ## diffusivity selector: 0= none, 1= const.
## ----------: SURFACE LAYER ---
surflayerSelector=1 # ## surfacelayer selector: 0=off, 1=surface kinematic heat flux (surflayer_wth), 2=skin temperature rate (surflayer_tr)
surflayer_z0=0.061489 # ## roughness length (momentum) when surflayerSelector > 0
surflayer_z0t=0.01 # ## roughness length (temperature) when surflayerSelector > 0
surflayer_wth=0    # ## kinematic sensible heat flux at the surface when surflayerSelector = 1
surflayer_idealsine=0 # ## selector for idealized sinusoidal surface heat flux or skin temperature forcing: 0= off, 1= on
surflayer_stab=0   # (DEFAULTED) ## exchange coeffcient stability correction selector: 0= on, 1= off
surflayer_z0tdyn=1 # (DEFAULTED) ## dynamic z0t calculation following Zilitinkevich (1995) approach: 0= off, 1= constant Zilitinkevich coeff, 2= variable Zilitinkevich coeff
## ----------: OFFSHORE ROUGHNESS ---
surflayer_offshore=0 # ## offshore selector: 0=off, 1=on
## ----------: CANOPY MODEL ---
canopySelector=0   # (DEFAULTED) ## canopy selector: 0= off, 1= on
## ----------: LARGE-SCALE FORCINGS MODEL ---
lsfSelector=1      # ## large-scale forcings selector: 0= off, 1= on
lsf_w_surf=0       # ## large-scale forcing to w at the first specified level
lsf_w_lev1=0       # ## large-scale forcing w at height 1
lsf_w_lev2=0       # ## large-scale forcing w at height 2
lsf_w_zlev1=300    # ## large-scale forcing w height 1
lsf_w_zlev2=1000   # ## large-scale forcing w height 2
lsf_th_surf=0      # ## large-scale forcing to theta at the first specified level
lsf_th_lev1=0      # ## large-scale forcing theta at height 1
lsf_th_lev2=0      # ## large-scale forcing theta at height 2
lsf_th_zlev1=500   # ## large-scale forcing theta height 1
lsf_th_zlev2=2000  # ## large-scale forcing theta height 2
lsf_qv_surf=-0.0432 # ## large-scale forcing to qv at the first specified level
lsf_qv_lev1=-0.0432 # ## large-scale forcing qv at height 1
lsf_qv_lev2=0      # ## large-scale forcing qv at height 2
lsf_qv_zlev1=300   # ## large-scale forcing qv height 1
lsf_qv_zlev2=500   # ## large-scale forcing qv height 2
lsf_horMnSubTerms=1 # ## large-scale subsidence terms Switch: 0= off, 1= on
lsf_freq=1         # ## large-scale forcing frequency (seconds)
## ----------: MOISTURE ---
moistureSelector=0 # ## moisture selector: 0= off, 1= on
## ----------: EXPLICIT FILTERS ---
filterSelector=1   # ## explicit filter selector: 0=off, 1=on
filter_6thdiff_vert=1 # ## vertical 6th-order filter on w selector: 0=off, 1=on
filter_6thdiff_vert_coeff=0.03 # ## vertical 6th-order filter factor: 0.0=off, 1.0=full
filter_6thdiff_hori=0 # (DEFAULTED) ## horizontal 6th-order filter on rho,theta,qv selector: 0=off, 1=on
filter_divdamp=0   # (DEFAULTED) ## divergence damping selector: 0=off, 1=on
## ----------: CELL PERTURBATION METHOD ---
cellpertSelector=0 # (DEFAULTED) ## CP method selector: 0= off, 1= on
## ----------: RAYLEIGH DAMPING LAYER ---
dampingLayerSelector=1 # ## Rayleigh damping layer selector: 0= off, 1= on.
dampingLayerDepth=500 # ## Rayleigh damping layer depth in meters
## ----------: AUXILIARY SCALARS ---
NhydroAuxScalars=0 # (DEFAULTED) ## Number of prognostic auxiliary scalar fields
## ----------: BASE-STATE ---
stabilityScheme=2  # ## Scheme used to set hydrostatic, stability-dependent Base-State EOS fields
temp_grnd=298.012  # ## Air Temperature (K) at the ground used to set hydrostatic Base-State EOS fields
pres_grnd=97700    # ## Pressure (Pa) at the ground used to set hydrostatic Base-State EOS fields
zStableBottom=300  # ## Height (m) of the first stable upper-layer when stabilityScheme = 2
stableGradient=0.08 # ## Vertical gradient (K/m) of the first stable upper-layer when stabilityScheme = 2
zStableBottom2=400 # ## Height (m) of the second stable upper-layer when stabilityScheme = 2
zStableBottom3=20000 # ## Height (m) of the third stable upper-layer when stabilityScheme = 2
stableGradient2=0.004 # ## Vertical gradient (K/m) of the second stable upper-layer when stabilityScheme = 2
stableGradient3=0.004 # ## Vertical gradient (K/m) of the third stable upper-layer when stabilityScheme = 2
U_g=4              # ## Zonal (West-East) component of the geostrophic wind (m/s).
V_g=6.9282         # ## Meridional (South-North) component of the geostrophic wind (m/s).
z_Ug=10000         # ## Height (m) above ground for linear geostrophic wind gradient (zonal component).
z_Vg=10000         # ## Height (m) above ground for linear geostrophic wind gradient (meridional component).
Ug_grad=0          # ## U_g gradient above z_Ug (ms-1/m).
Vg_grad=0          # ## V_g gradient above z_Vg (ms-1/m).
thetaPerturbationSwitch=1 # ## Switch to include initial theta perturbations: 0=off, 1=on
thetaHeight=240    # ## Height below which to include initial theta perturbations: (meters)
thetaAmplitude=0.25 # ## Maximum amplitude for theta perturbations: thetaAmplitude*[-1,+1] K
physics_oneRKonly=1 # (DEFAULTED) ## selector to apply physics RHS forcing only at the latest RK stage: 0= off, 1= on
## TIME_INTEGRATION parameters---
timeMethod=0       # ## Selector for time integration method. [0=RK3-WS2002 (default)]
Nt=233280          # ## Number of timesteps to perform.
dt=0.0308642       # ## timestep resolution in seconds.
NtBatch=9720       # ## Number of timesteps to compute in batch launch, must have NtBatch <= Nt.

moistureMPcallTscale = 1.0   # NOT VALIDATED
c_s = 0.18   # NOT VALIDATED
nu_0 = 0.0   # NOT VALIDATED
moistureCond = 3   # NOT VALIDATED
moistureAdvSelectorQi = 2   # NOT VALIDATED
moistureAdvSelectorQv = 2   # NOT VALIDATED
surflayer_qr = 0.0   # NOT VALIDATED
surflayer_tr = -0.0   # NOT VALIDATED
surflayer_wq = 0.0   # NOT VALIDATED
moistureNvars = 2   # NOT VALIDATED
moistureCondTscale = 1.0   # NOT VALIDATED
moistureAdvSelectorQv_b = 0.0   # NOT VALIDATED
surflayer_ideal_qamp = 2.0   # NOT VALIDATED
surflayer_ideal_amp = 4.0   # NOT VALIDATED
surflayer_ideal_qte = 10.0   # NOT VALIDATED
surflayer_ideal_qts = 1.75   # NOT VALIDATED
surflayer_ideal_te = 43200   # NOT VALIDATED
surflayer_ideal_ts = 0.0   # NOT VALIDATED
moistureCondBasePres = 1   # NOT VALIDATED
moistureSGSturb = 1   # NOT VALIDATED
Input parameters passed verification.
Reading coordinates and input conditions from FE_ACC.0
Attempting to open inFileName = ./FE_ACC.0
inFileName = ./FE_ACC.0 as 4 dimensions
Opened inFileName = ./FE_ACC.0 with ncid = 65536
Established dimension ids of xIndex,yIndex,zIndex = 3, 2, 1
Reading IO-registered variable fields from inFileName = ./FE_ACC.0
Checking for xPos...
Next registered var in list to get is ptr->name = xPos, from ptr->ncvarid = 3
nc_get_vara() for  ptr->name = xPos, from ptr-ncvarid = 3,
 into ioBuffField = 0x0x7d7cf810f010, for transpose into field = 0x0x7d7f045dd080 
Variable field = xPos has nDims = 4
Variable field = xPos has dimid(0) = 0: start, count => 0, 1
Variable field = xPos has dimid(1) = 1: start, count => 0, 122
Variable field = xPos has dimid(2) = 2: start, count => 0, 122
Variable field = xPos has dimid(3) = 3: start, count => 0, 122
Attempting for field = xPos with start = 0,0,0,0 and count = 1,122,122,122
Checking for yPos...
Next registered var in list to get is ptr->name = yPos, from ptr->ncvarid = 4
nc_get_vara() for  ptr->name = yPos, from ptr-ncvarid = 4,
 into ioBuffField = 0x0x7d7cf810f010, for transpose into field = 0x0x7d7cf97ff080 
Variable field = yPos has nDims = 4
Variable field = yPos has dimid(0) = 0: start, count => 0, 1
Variable field = yPos has dimid(1) = 1: start, count => 0, 122
Variable field = yPos has dimid(2) = 2: start, count => 0, 122
Variable field = yPos has dimid(3) = 3: start, count => 0, 122
Attempting for field = yPos with start = 0,0,0,0 and count = 1,122,122,122
Checking for zPos...
Next registered var in list to get is ptr->name = zPos, from ptr->ncvarid = 5
nc_get_vara() for  ptr->name = zPos, from ptr-ncvarid = 5,
 into ioBuffField = 0x0x7d7cf810f010, for transpose into field = 0x0x7d7cf8ffe080 
Variable field = zPos has nDims = 4
Variable field = zPos has dimid(0) = 0: start, count => 0, 1
Variable field = zPos has dimid(1) = 1: start, count => 0, 122
Variable field = zPos has dimid(2) = 2: start, count => 0, 122
Variable field = zPos has dimid(3) = 3: start, count => 0, 122
Attempting for field = zPos with start = 0,0,0,0 and count = 1,122,122,122
Checking for topoPos...
Next registered var in list to get is ptr->name = topoPos, from ptr->ncvarid = 6
nc_get_vara() for  ptr->name = topoPos, from ptr-ncvarid = 6,
 into ioBuffField = 0x0x7d7cf810f010, for transpose into field = 0x0x5b7ba768f900 
Variable field = topoPos has nDims = 3
Variable field = topoPos has dimid(0) = 0: start, count => 0, 1
Variable field = topoPos has dimid(1) = 2: start, count => 0, 122
Variable field = topoPos has dimid(2) = 3: start, count => 0, 0
Attempting for field = topoPos with start = 0,0,0,0 and count = 1,122,122,0
Checking for lat...
Next registered var in list to get is ptr->name = lat, from ptr->ncvarid = 7
nc_get_vara() for  ptr->name = lat, from ptr-ncvarid = 7,
 into ioBuffField = 0x0x7d7cf810f010, for transpose into field = 0x0x5b7ba76b2580 
Variable field = lat has nDims = 3
Variable field = lat has dimid(0) = 0: start, count => 0, 1
Variable field = lat has dimid(1) = 2: start, count => 0, 122
Variable field = lat has dimid(2) = 3: start, count => 0, 0
Attempting for field = lat with start = 0,0,0,0 and count = 1,122,122,0
Checking for lon...
Next registered var in list to get is ptr->name = lon, from ptr->ncvarid = 8
nc_get_vara() for  ptr->name = lon, from ptr-ncvarid = 8,
 into ioBuffField = 0x0x7d7cf810f010, for transpose into field = 0x0x5b7ba76c2600 
Variable field = lon has nDims = 3
Variable field = lon has dimid(0) = 0: start, count => 0, 1
Variable field = lon has dimid(1) = 2: start, count => 0, 122
Variable field = lon has dimid(2) = 3: start, count => 0, 0
Attempting for field = lon with start = 0,0,0,0 and count = 1,122,122,0
Checking for rho...
Next registered var in list to get is ptr->name = rho, from ptr->ncvarid = 9
nc_get_vara() for  ptr->name = rho, from ptr-ncvarid = 9,
 into ioBuffField = 0x0x7d7cf810f010, for transpose into field = 0x0x7d7cc6ffa080 
Variable field = rho has nDims = 4
Variable field = rho has dimid(0) = 0: start, count => 0, 1
Variable field = rho has dimid(1) = 1: start, count => 0, 122
Variable field = rho has dimid(2) = 2: start, count => 0, 122
Variable field = rho has dimid(3) = 3: start, count => 0, 122
Attempting for field = rho with start = 0,0,0,0 and count = 1,122,122,122
Checking for u...
Next registered var in list to get is ptr->name = u, from ptr->ncvarid = 10
nc_get_vara() for  ptr->name = u, from ptr-ncvarid = 10,
 into ioBuffField = 0x0x7d7cf810f010, for transpose into field = 0x0x7d7cc77fa080 
Variable field = u has nDims = 4
Variable field = u has dimid(0) = 0: start, count => 0, 1
Variable field = u has dimid(1) = 1: start, count => 0, 122
Variable field = u has dimid(2) = 2: start, count => 0, 122
Variable field = u has dimid(3) = 3: start, count => 0, 122
Attempting for field = u with start = 0,0,0,0 and count = 1,122,122,122
Checking for v...
Next registered var in list to get is ptr->name = v, from ptr->ncvarid = 11
nc_get_vara() for  ptr->name = v, from ptr-ncvarid = 11,
 into ioBuffField = 0x0x7d7cf810f010, for transpose into field = 0x0x7d7cc7ffa080 
Variable field = v has nDims = 4
Variable field = v has dimid(0) = 0: start, count => 0, 1
Variable field = v has dimid(1) = 1: start, count => 0, 122
Variable field = v has dimid(2) = 2: start, count => 0, 122
Variable field = v has dimid(3) = 3: start, count => 0, 122
Attempting for field = v with start = 0,0,0,0 and count = 1,122,122,122
Checking for w...
Next registered var in list to get is ptr->name = w, from ptr->ncvarid = 12
nc_get_vara() for  ptr->name = w, from ptr-ncvarid = 12,
 into ioBuffField = 0x0x7d7cf810f010, for transpose into field = 0x0x7d7cc87fa080 
Variable field = w has nDims = 4
Variable field = w has dimid(0) = 0: start, count => 0, 1
Variable field = w has dimid(1) = 1: start, count => 0, 122
Variable field = w has dimid(2) = 2: start, count => 0, 122
Variable field = w has dimid(3) = 3: start, count => 0, 122
Attempting for field = w with start = 0,0,0,0 and count = 1,122,122,122
Checking for theta...
Next registered var in list to get is ptr->name = theta, from ptr->ncvarid = 13
nc_get_vara() for  ptr->name = theta, from ptr-ncvarid = 13,
 into ioBuffField = 0x0x7d7cf810f010, for transpose into field = 0x0x7d7cc8ffa080 
Variable field = theta has nDims = 4
Variable field = theta has dimid(0) = 0: start, count => 0, 1
Variable field = theta has dimid(1) = 1: start, count => 0, 122
Variable field = theta has dimid(2) = 2: start, count => 0, 122
Variable field = theta has dimid(3) = 3: start, count => 0, 122
Attempting for field = theta with start = 0,0,0,0 and count = 1,122,122,122
Checking for pressure...
Next registered var in list to get is ptr->name = pressure, from ptr->ncvarid = 14
nc_get_vara() for  ptr->name = pressure, from ptr-ncvarid = 14,
 into ioBuffField = 0x0x7d7cf810f010, for transpose into field = 0x0x7d7cc67f9080 
Variable field = pressure has nDims = 4
Variable field = pressure has dimid(0) = 0: start, count => 0, 1
Variable field = pressure has dimid(1) = 1: start, count => 0, 122
Variable field = pressure has dimid(2) = 2: start, count => 0, 122
Variable field = pressure has dimid(3) = 3: start, count => 0, 122
Attempting for field = pressure with start = 0,0,0,0 and count = 1,122,122,122
Checking for TKE_0...
Next registered var in list to get is ptr->name = TKE_0, from ptr->ncvarid = 15
nc_get_vara() for  ptr->name = TKE_0, from ptr-ncvarid = 15,
 into ioBuffField = 0x0x7d7cf810f010, for transpose into field = 0x0x7d7cc37f7080 
Variable field = TKE_0 has nDims = 4
Variable field = TKE_0 has dimid(0) = 0: start, count => 0, 1
Variable field = TKE_0 has dimid(1) = 1: start, count => 0, 122
Variable field = TKE_0 has dimid(2) = 2: start, count => 0, 122
Variable field = TKE_0 has dimid(3) = 3: start, count => 0, 122
Attempting for field = TKE_0 with start = 0,0,0,0 and count = 1,122,122,122
Checking for tskin...
Next registered var in list to get is ptr->name = tskin, from ptr->ncvarid = 16
nc_get_vara() for  ptr->name = tskin, from ptr-ncvarid = 16,
 into ioBuffField = 0x0x7d7cf810f010, for transpose into field = 0x0x5b7ba772c080 
Variable field = tskin has nDims = 3
Variable field = tskin has dimid(0) = 0: start, count => 0, 1
Variable field = tskin has dimid(1) = 2: start, count => 0, 122
Variable field = tskin has dimid(2) = 3: start, count => 0, 0
Attempting for field = tskin with start = 0,0,0,0 and count = 1,122,122,0
Checking for fricVel...
Next registered var in list to get is ptr->name = fricVel, from ptr->ncvarid = 17
nc_get_vara() for  ptr->name = fricVel, from ptr-ncvarid = 17,
 into ioBuffField = 0x0x7d7cf810f010, for transpose into field = 0x0x5b7ba770bf00 
Variable field = fricVel has nDims = 3
Variable field = fricVel has dimid(0) = 0: start, count => 0, 1
Variable field = fricVel has dimid(1) = 2: start, count => 0, 122
Variable field = fricVel has dimid(2) = 3: start, count => 0, 0
Attempting for field = fricVel with start = 0,0,0,0 and count = 1,122,122,0
Checking for htFlux...
Next registered var in list to get is ptr->name = htFlux, from ptr->ncvarid = 18
nc_get_vara() for  ptr->name = htFlux, from ptr-ncvarid = 18,
 into ioBuffField = 0x0x7d7cf810f010, for transpose into field = 0x0x5b7ba771bf80 
Variable field = htFlux has nDims = 3
Variable field = htFlux has dimid(0) = 0: start, count => 0, 1
Variable field = htFlux has dimid(1) = 2: start, count => 0, 122
Variable field = htFlux has dimid(2) = 3: start, count => 0, 0
Attempting for field = htFlux with start = 0,0,0,0 and count = 1,122,122,0
Checking for invOblen...
Next registered var in list to get is ptr->name = invOblen, from ptr->ncvarid = 19
nc_get_vara() for  ptr->name = invOblen, from ptr-ncvarid = 19,
 into ioBuffField = 0x0x7d7cf810f010, for transpose into field = 0x0x5b7ba773c100 
Variable field = invOblen has nDims = 3
Variable field = invOblen has dimid(0) = 0: start, count => 0, 1
Variable field = invOblen has dimid(1) = 2: start, count => 0, 122
Variable field = invOblen has dimid(2) = 3: start, count => 0, 0
Attempting for field = invOblen with start = 0,0,0,0 and count = 1,122,122,0
Checking for z0m...
Next registered var in list to get is ptr->name = z0m, from ptr->ncvarid = 20
nc_get_vara() for  ptr->name = z0m, from ptr-ncvarid = 20,
 into ioBuffField = 0x0x7d7cf810f010, for transpose into field = 0x0x5b7ba774c200 
Variable field = z0m has nDims = 3
Variable field = z0m has dimid(0) = 0: start, count => 0, 1
Variable field = z0m has dimid(1) = 2: start, count => 0, 122
Variable field = z0m has dimid(2) = 3: start, count => 0, 0
Attempting for field = z0m with start = 0,0,0,0 and count = 1,122,122,0
Checking for z0t...
Next registered var in list to get is ptr->name = z0t, from ptr->ncvarid = 21
nc_get_vara() for  ptr->name = z0t, from ptr-ncvarid = 21,
 into ioBuffField = 0x0x7d7cf810f010, for transpose into field = 0x0x5b7ba775c280 
Variable field = z0t has nDims = 3
Variable field = z0t has dimid(0) = 0: start, count => 0, 1
Variable field = z0t has dimid(1) = 2: start, count => 0, 122
Variable field = z0t has dimid(2) = 3: start, count => 0, 0
Attempting for field = z0t with start = 0,0,0,0 and count = 1,122,122,0
Checking for time...
Next registered var in list to get is ptr->name = time, from ptr->ncvarid = 22
nc_get_vara() for  ptr->name = time, from ptr-ncvarid = 22,
 into ioBuffField = 0x0x7d7cf810f010, for transpose into field = 0x0x5b7b97bc8f78 
Variable field = time has nDims = 1
Variable field = time has dimid(0) = 0: start, count => 0, 1
Attempting for field = time with start = 0,0,0,0 and count = 1,122,122,0
Done Reading IO-registered variable fields from inFileName = ./FE_ACC.0
Success in reading from inFileName = ./FE_ACC.0
mpi_rank_world--0/1 grid-Coord-gen(), else-coordHorizHalos = 1!
mpi_rank_world--0/1 coordHalos, Western-Eastern Boundaries!
mpi_rank_world--0/1 coordHalos, Southern-Northern Boundaries!
stabilityScheme == 2: Base State setup complete.
Rank 0/1: Profile preparations complete!
cuda_gridDeviceSetup:-- (i,j,k)Min, ()Max = (3,3,3), (125,125,125)
fecuda_SetBlocksPerGrid: tBlock = {1, 8, 16}
fecuda_SetBlocksPerGrid: grid = {128, 16, 8}
lsf_horMnSubTerms = 1, setting up for 5 phi-fields.cuda_hydroCoreDeviceSetup() complete.
cuda_towersDeviceSetup: NelemsTowers = 0, NelemsTowersSurf = 1232695048
0/1 cuda_hydroCoreDeviceSecondaryStageSetup(): BdyUpdateSteps = 0 
Initializations complete after   1.2919 (s).
Main Time: Advancing simulation timestep = 0... and time =    0.00000

_____________________#######_________  STATE-SUMMARY @ it = 0 _________#######____________________ 

			!!!!!	  HYDRO_CORE 	 !!!!! 
Field 	|	 max	     --(i,j,k)		 |	  min	     --(i,j,k)		 |	 mean
---------------------------------------------------------------------------------------------------------
********-----
 Model Fields -
 ********-----
rho	Rank 0/1:       1.14000428 	 (86,98,3)	 |        0.83932424 	 (12,40,124)	 |       1.02553797 
-----
u	Rank 0/1:       4.86964226 	 (35,31,38)	 |        0.54389054 	 (98,76,3)	 |       3.72246337 
-----
v	Rank 0/1:       7.66648531 	 (24,81,37)	 |        2.41746855 	 (108,25,3)	 |       6.60774231 
-----
w	Rank 0/1:       2.28403282 	 (107,3,16)	 |       -1.51994669 	 (25,115,18)	 |       0.00008717 
-----
theta	Rank 0/1:     318.40130615 	 (12,40,124)	 |      299.76638794 	 (46,81,37)	 |     310.36126709 
-----
press	Rank 0/1:      20.96875000 	 (93,82,35)	 |       12.03125000 	 (112,28,3)	 |      17.07510948 
-----
TKE_0	Rank 0/1:       0.78104007 	 (14,69,4)	 |        0.00000000 	 (13,66,7)	 |       0.01713593 
Dumping state at timestep = 0...
Dumped state at timestep = 0...
Rank 0/1: Batch complete results sent via cudaMemcpyDeviceToHost.

			!!!!!	  TIMESTEP PERFORMANCE  	 !!!!! 
 Total Time (s) | Batch Steps 	| Time/step (s) | Comp./step (s) | IO Time (s)
---------------------------------------------------------------------------------------------------------
    56.8988 	|     9720 	|    0.0059 	|    0.0058 	 |   0.251792 

********************************************************************************************************
Main Time: Advancing simulation timestep = 9720... and time =  300.00003

_____________________#######_________  STATE-SUMMARY @ it = 9720 _________#######____________________ 

			!!!!!	  HYDRO_CORE 	 !!!!! 
Field 	|	 max	     --(i,j,k)		 |	  min	     --(i,j,k)		 |	 mean
---------------------------------------------------------------------------------------------------------
********-----
 Model Fields -
 ********-----
rho	Rank 0/1:       1.14039350 	 (80,97,3)	 |        0.83932173 	 (15,100,124)	 |       1.02551842 
-----
u	Rank 0/1:       4.83250332 	 (18,60,35)	 |        0.63867843 	 (95,74,3)	 |       3.69608903 
-----
v	Rank 0/1:       7.76702309 	 (3,123,38)	 |        2.42601848 	 (45,54,3)	 |       6.58530045 
-----
w	Rank 0/1:       1.83714068 	 (54,68,21)	 |       -1.54851496 	 (33,112,20)	 |       0.00003221 
-----
theta	Rank 0/1:     318.40103149 	 (123,96,124)	 |      299.95425415 	 (77,18,35)	 |     310.34924316 
-----
press	Rank 0/1:      20.64062500 	 (20,67,35)	 |       11.88281250 	 (94,72,3)	 |      16.61808395 
-----
TKE_0	Rank 0/1:       0.57989657 	 (26,23,4)	 |        0.00000000 	 (40,10,7)	 |       0.01438362 
Dumping state at timestep = 9720...
Dumped state at timestep = 9720...
Rank 0/1: Batch complete results sent via cudaMemcpyDeviceToHost.

			!!!!!	  TIMESTEP PERFORMANCE  	 !!!!! 
 Total Time (s) | Batch Steps 	| Time/step (s) | Comp./step (s) | IO Time (s)
---------------------------------------------------------------------------------------------------------
    56.8979 	|     9720 	|    0.0059 	|    0.0058 	 |   0.322512 

********************************************************************************************************
Main Time: Advancing simulation timestep = 19440... and time =  600.00006

_____________________#######_________  STATE-SUMMARY @ it = 19440 _________#######____________________ 

			!!!!!	  HYDRO_CORE 	 !!!!! 
Field 	|	 max	     --(i,j,k)		 |	  min	     --(i,j,k)		 |	 mean
---------------------------------------------------------------------------------------------------------
********-----
 Model Fields -
 ********-----
rho	Rank 0/1:       1.14031279 	 (57,105,3)	 |        0.83931834 	 (93,56,124)	 |       1.02552855 
-----
u	Rank 0/1:       4.66851950 	 (52,8,38)	 |        0.60813546 	 (123,4,3)	 |       3.67133260 
-----
v	Rank 0/1:       7.54485655 	 (64,94,38)	 |        2.25432301 	 (14,88,3)	 |       6.56686306 
-----
w	Rank 0/1:       1.37716782 	 (122,14,24)	 |       -1.18056035 	 (15,53,17)	 |       0.00002198 
-----
theta	Rank 0/1:     318.40158081 	 (93,56,124)	 |      300.07775879 	 (104,61,36)	 |     310.34280396 
-----
press	Rank 0/1:      19.70312500 	 (105,26,35)	 |       11.77343750 	 (81,15,3)	 |      16.32386971 
-----
TKE_0	Rank 0/1:       0.59023219 	 (38,34,4)	 |        0.00000000 	 (104,121,7)	 |       0.01265134 
Dumping state at timestep = 19440...
Dumped state at timestep = 19440...
Rank 0/1: Batch complete results sent via cudaMemcpyDeviceToHost.

			!!!!!	  TIMESTEP PERFORMANCE  	 !!!!! 
 Total Time (s) | Batch Steps 	| Time/step (s) | Comp./step (s) | IO Time (s)
---------------------------------------------------------------------------------------------------------
    56.8031 	|     9720 	|    0.0058 	|    0.0058 	 |   0.235319 

********************************************************************************************************
Main Time: Advancing simulation timestep = 29160... and time =  900.00006

_____________________#######_________  STATE-SUMMARY @ it = 29160 _________#######____________________ 

			!!!!!	  HYDRO_CORE 	 !!!!! 
Field 	|	 max	     --(i,j,k)		 |	  min	     --(i,j,k)		 |	 mean
---------------------------------------------------------------------------------------------------------
********-----
 Model Fields -
 ********-----
rho	Rank 0/1:       1.14024305 	 (91,26,3)	 |        0.83931643 	 (25,117,124)	 |       1.02552330 
-----
u	Rank 0/1:       4.60081959 	 (92,64,39)	 |        0.84150547 	 (115,62,3)	 |       3.64739561 
-----
v	Rank 0/1:       7.48181200 	 (16,64,38)	 |        2.10052824 	 (17,44,3)	 |       6.55150032 
-----
w	Rank 0/1:       0.99662191 	 (37,12,22)	 |       -1.00747180 	 (99,14,14)	 |       0.00001654 
-----
theta	Rank 0/1:     318.40161133 	 (25,117,124)	 |      300.29992676 	 (100,114,36)	 |     310.33947754 
-----
press	Rank 0/1:      19.40625000 	 (109,40,35)	 |       11.75000000 	 (22,49,3)	 |      16.08807755 
-----
TKE_0	Rank 0/1:       0.51742566 	 (29,118,4)	 |        0.00000000 	 (62,74,8)	 |       0.01143493 
Dumping state at timestep = 29160...
Dumped state at timestep = 29160...
Rank 0/1: Batch complete results sent via cudaMemcpyDeviceToHost.

			!!!!!	  TIMESTEP PERFORMANCE  	 !!!!! 
 Total Time (s) | Batch Steps 	| Time/step (s) | Comp./step (s) | IO Time (s)
---------------------------------------------------------------------------------------------------------
    56.8002 	|     9720 	|    0.0058 	|    0.0058 	 |   0.234460 

********************************************************************************************************
Main Time: Advancing simulation timestep = 38880... and time = 1200.00012

_____________________#######_________  STATE-SUMMARY @ it = 38880 _________#######____________________ 

			!!!!!	  HYDRO_CORE 	 !!!!! 
Field 	|	 max	     --(i,j,k)		 |	  min	     --(i,j,k)		 |	 mean
---------------------------------------------------------------------------------------------------------
********-----
 Model Fields -
 ********-----
rho	Rank 0/1:       1.14015305 	 (117,122,3)	 |        0.83931541 	 (5,118,124)	 |       1.02553439 
-----
u	Rank 0/1:       4.53723240 	 (47,101,39)	 |        0.58030492 	 (7,99,3)	 |       3.62558842 
-----
v	Rank 0/1:       7.40802860 	 (67,124,39)	 |        2.04396129 	 (5,112,3)	 |       6.53937769 
-----
w	Rank 0/1:       0.94317722 	 (44,101,26)	 |       -0.75525826 	 (55,64,19)	 |       0.00000994 
-----
theta	Rank 0/1:     318.40136719 	 (5,118,124)	 |      300.34176636 	 (66,69,35)	 |     310.34698486 
-----
press	Rank 0/1:      19.19531250 	 (119,18,35)	 |       12.09375000 	 (6,97,3)	 |      15.89969158 
-----
TKE_0	Rank 0/1:       0.44594744 	 (122,64,4)	 |        0.00000000 	 (33,9,9)	 |       0.01049880 
Dumping state at timestep = 38880...
Dumped state at timestep = 38880...
Rank 0/1: Batch complete results sent via cudaMemcpyDeviceToHost.

			!!!!!	  TIMESTEP PERFORMANCE  	 !!!!! 
 Total Time (s) | Batch Steps 	| Time/step (s) | Comp./step (s) | IO Time (s)
---------------------------------------------------------------------------------------------------------
    56.7985 	|     9720 	|    0.0058 	|    0.0058 	 |   0.235283 

********************************************************************************************************
Main Time: Advancing simulation timestep = 48600... and time = 1500.00012

_____________________#######_________  STATE-SUMMARY @ it = 48600 _________#######____________________ 

			!!!!!	  HYDRO_CORE 	 !!!!! 
Field 	|	 max	     --(i,j,k)		 |	  min	     --(i,j,k)		 |	 mean
---------------------------------------------------------------------------------------------------------
********-----
 Model Fields -
 ********-----
rho	Rank 0/1:       1.14009631 	 (21,53,3)	 |        0.83931381 	 (44,67,124)	 |       1.02555454 
-----
u	Rank 0/1:       4.49231958 	 (70,35,39)	 |        0.58561862 	 (107,66,3)	 |       3.60576034 
-----
v	Rank 0/1:       7.42714071 	 (21,58,39)	 |        1.95212865 	 (114,76,3)	 |       6.52905464 
-----
w	Rank 0/1:       0.82822877 	 (70,34,31)	 |       -0.81505871 	 (79,118,19)	 |       0.00000731 
-----
theta	Rank 0/1:     318.40158081 	 (44,67,124)	 |      300.29486084 	 (97,115,35)	 |     310.34698486 
-----
press	Rank 0/1:      18.88281250 	 (56,68,35)	 |       12.09375000 	 (88,86,3)	 |      15.74496746 
-----
TKE_0	Rank 0/1:       0.46634576 	 (35,63,4)	 |        0.00000000 	 (68,61,9)	 |       0.00970058 
Dumping state at timestep = 48600...
Dumped state at timestep = 48600...
Rank 0/1: Batch complete results sent via cudaMemcpyDeviceToHost.

			!!!!!	  TIMESTEP PERFORMANCE  	 !!!!! 
 Total Time (s) | Batch Steps 	| Time/step (s) | Comp./step (s) | IO Time (s)
---------------------------------------------------------------------------------------------------------
    56.7968 	|     9720 	|    0.0058 	|    0.0058 	 |   0.235044 

********************************************************************************************************
Main Time: Advancing simulation timestep = 58320... and time = 1800.00012

_____________________#######_________  STATE-SUMMARY @ it = 58320 _________#######____________________ 

			!!!!!	  HYDRO_CORE 	 !!!!! 
Field 	|	 max	     --(i,j,k)		 |	  min	     --(i,j,k)		 |	 mean
---------------------------------------------------------------------------------------------------------
********-----
 Model Fields -
 ********-----
rho	Rank 0/1:       1.14005578 	 (42,107,3)	 |        0.83931309 	 (65,84,124)	 |       1.02556014 
-----
u	Rank 0/1:       4.43178034 	 (58,38,39)	 |        0.51011646 	 (51,74,3)	 |       3.58529878 
-----
v	Rank 0/1:       7.34217787 	 (105,56,38)	 |        1.85619092 	 (49,73,3)	 |       6.52174377 
-----
w	Rank 0/1:       0.65471041 	 (102,11,27)	 |       -0.64422870 	 (87,117,16)	 |       0.00000321 
-----
theta	Rank 0/1:     318.40155029 	 (20,80,124)	 |      300.37719727 	 (115,124,35)	 |     310.33297729 
-----
press	Rank 0/1:      18.73437500 	 (40,45,35)	 |       11.98437500 	 (114,22,3)	 |      15.60432434 
-----
TKE_0	Rank 0/1:       0.42171642 	 (68,57,4)	 |        0.00000000 	 (65,87,10)	 |       0.00920220 
Dumping state at timestep = 58320...
Dumped state at timestep = 58320...
Rank 0/1: Batch complete results sent via cudaMemcpyDeviceToHost.

			!!!!!	  TIMESTEP PERFORMANCE  	 !!!!! 
 Total Time (s) | Batch Steps 	| Time/step (s) | Comp./step (s) | IO Time (s)
---------------------------------------------------------------------------------------------------------
    56.7939 	|     9720 	|    0.0058 	|    0.0058 	 |   0.234955 

********************************************************************************************************
Main Time: Advancing simulation timestep = 68040... and time = 2100.00024

_____________________#######_________  STATE-SUMMARY @ it = 68040 _________#######____________________ 

			!!!!!	  HYDRO_CORE 	 !!!!! 
Field 	|	 max	     --(i,j,k)		 |	  min	     --(i,j,k)		 |	 mean
---------------------------------------------------------------------------------------------------------
********-----
 Model Fields -
 ********-----
rho	Rank 0/1:       1.14003539 	 (43,9,3)	 |        0.83931184 	 (110,122,124)	 |       1.02553856 
-----
u	Rank 0/1:       4.31804180 	 (81,84,39)	 |        0.43824938 	 (12,62,3)	 |       3.56606412 
-----
v	Rank 0/1:       7.28749180 	 (25,110,38)	 |        1.79636312 	 (66,112,3)	 |       6.51561928 
-----
w	Rank 0/1:       0.74559617 	 (103,32,17)	 |       -0.65053797 	 (26,65,19)	 |       0.00000111 
-----
theta	Rank 0/1:     318.40161133 	 (110,123,124)	 |      300.40667725 	 (20,60,35)	 |     310.33538818 
-----
press	Rank 0/1:      18.59375000 	 (21,65,35)	 |       11.89062500 	 (29,96,3)	 |      15.48845482 
-----
TKE_0	Rank 0/1:       0.39430681 	 (89,104,4)	 |        0.00000000 	 (72,71,10)	 |       0.00889014 
Dumping state at timestep = 68040...
Dumped state at timestep = 68040...
Rank 0/1: Batch complete results sent via cudaMemcpyDeviceToHost.

			!!!!!	  TIMESTEP PERFORMANCE  	 !!!!! 
 Total Time (s) | Batch Steps 	| Time/step (s) | Comp./step (s) | IO Time (s)
---------------------------------------------------------------------------------------------------------
    56.7923 	|     9720 	|    0.0058 	|    0.0058 	 |   0.235687 

********************************************************************************************************
Main Time: Advancing simulation timestep = 77760... and time = 2400.00024

_____________________#######_________  STATE-SUMMARY @ it = 77760 _________#######____________________ 

			!!!!!	  HYDRO_CORE 	 !!!!! 
Field 	|	 max	     --(i,j,k)		 |	  min	     --(i,j,k)		 |	 mean
---------------------------------------------------------------------------------------------------------
********-----
 Model Fields -
 ********-----
rho	Rank 0/1:       1.14001143 	 (25,48,3)	 |        0.83930969 	 (38,92,124)	 |       1.02554095 
-----
u	Rank 0/1:       4.33712387 	 (98,9,39)	 |        0.42424423 	 (68,6,3)	 |       3.54768300 
-----
v	Rank 0/1:       7.29634857 	 (112,92,39)	 |        1.78350759 	 (82,30,3)	 |       6.51358891 
-----
w	Rank 0/1:       0.91197860 	 (47,26,17)	 |       -0.70675731 	 (91,58,12)	 |       0.00000110 
-----
theta	Rank 0/1:     318.40213013 	 (38,92,124)	 |      300.45162964 	 (43,123,31)	 |     310.33343506 
-----
press	Rank 0/1:      18.64062500 	 (88,87,35)	 |       11.17968750 	 (84,30,3)	 |      15.40050411 
-----
TKE_0	Rank 0/1:       0.43383741 	 (91,41,4)	 |        0.00000000 	 (92,110,10)	 |       0.00860429 
Dumping state at timestep = 77760...
Dumped state at timestep = 77760...
Rank 0/1: Batch complete results sent via cudaMemcpyDeviceToHost.

			!!!!!	  TIMESTEP PERFORMANCE  	 !!!!! 
 Total Time (s) | Batch Steps 	| Time/step (s) | Comp./step (s) | IO Time (s)
---------------------------------------------------------------------------------------------------------
    56.7882 	|     9720 	|    0.0058 	|    0.0058 	 |   0.235075 

********************************************************************************************************
Main Time: Advancing simulation timestep = 87480... and time = 2700.00024

_____________________#######_________  STATE-SUMMARY @ it = 87480 _________#######____________________ 

			!!!!!	  HYDRO_CORE 	 !!!!! 
Field 	|	 max	     --(i,j,k)		 |	  min	     --(i,j,k)		 |	 mean
---------------------------------------------------------------------------------------------------------
********-----
 Model Fields -
 ********-----
rho	Rank 0/1:       1.14000094 	 (86,86,3)	 |        0.83930856 	 (13,106,124)	 |       1.02555847 
-----
u	Rank 0/1:       4.31842661 	 (10,99,39)	 |        0.36172479 	 (68,83,3)	 |       3.53080130 
-----
v	Rank 0/1:       7.24157429 	 (18,53,39)	 |        1.80156267 	 (61,66,3)	 |       6.50873661 
-----
w	Rank 0/1:       1.01438677 	 (101,87,19)	 |       -0.81840867 	 (103,90,14)	 |      -0.00000133 
-----
theta	Rank 0/1:     318.40234375 	 (11,72,124)	 |      300.47943115 	 (109,20,27)	 |     310.33026123 
-----
press	Rank 0/1:      18.44531250 	 (94,9,35)	 |       11.58593750 	 (104,76,3)	 |      15.31160450 
-----
TKE_0	Rank 0/1:       0.40240729 	 (90,51,4)	 |        0.00000000 	 (114,42,9)	 |       0.00836747 
Dumping state at timestep = 87480...
Dumped state at timestep = 87480...
Rank 0/1: Batch complete results sent via cudaMemcpyDeviceToHost.

			!!!!!	  TIMESTEP PERFORMANCE  	 !!!!! 
 Total Time (s) | Batch Steps 	| Time/step (s) | Comp./step (s) | IO Time (s)
---------------------------------------------------------------------------------------------------------
    56.7860 	|     9720 	|    0.0058 	|    0.0058 	 |   0.234536 

********************************************************************************************************
Main Time: Advancing simulation timestep = 97200... and time = 3000.00024

_____________________#######_________  STATE-SUMMARY @ it = 97200 _________#######____________________ 

			!!!!!	  HYDRO_CORE 	 !!!!! 
Field 	|	 max	     --(i,j,k)		 |	  min	     --(i,j,k)		 |	 mean
---------------------------------------------------------------------------------------------------------
********-----
 Model Fields -
 ********-----
rho	Rank 0/1:       1.13998747 	 (53,124,3)	 |        0.83930725 	 (77,73,124)	 |       1.02557826 
-----
u	Rank 0/1:       4.30784798 	 (73,6,38)	 |        0.24569727 	 (124,64,3)	 |       3.51411891 
-----
v	Rank 0/1:       7.24489117 	 (79,120,39)	 |        1.75072169 	 (118,77,3)	 |       6.50760412 
-----
w	Rank 0/1:       0.73279494 	 (122,5,11)	 |       -0.60478216 	 (124,23,15)	 |      -0.00000048 
-----
theta	Rank 0/1:     318.40252686 	 (77,73,124)	 |      300.46844482 	 (12,34,32)	 |     310.34167480 
-----
press	Rank 0/1:      18.39843750 	 (14,37,35)	 |       11.59375000 	 (122,21,3)	 |      15.22175121 
-----
TKE_0	Rank 0/1:       0.43065807 	 (124,124,4)	 |        0.00000000 	 (115,4,10)	 |       0.00821786 
Dumping state at timestep = 97200...
Dumped state at timestep = 97200...
Rank 0/1: Batch complete results sent via cudaMemcpyDeviceToHost.

			!!!!!	  TIMESTEP PERFORMANCE  	 !!!!! 
 Total Time (s) | Batch Steps 	| Time/step (s) | Comp./step (s) | IO Time (s)
---------------------------------------------------------------------------------------------------------
    56.7823 	|     9720 	|    0.0058 	|    0.0058 	 |   0.234361 

********************************************************************************************************
Main Time: Advancing simulation timestep = 106920... and time = 3300.00024

_____________________#######_________  STATE-SUMMARY @ it = 106920 _________#######____________________ 

			!!!!!	  HYDRO_CORE 	 !!!!! 
Field 	|	 max	     --(i,j,k)		 |	  min	     --(i,j,k)		 |	 mean
---------------------------------------------------------------------------------------------------------
********-----
 Model Fields -
 ********-----
rho	Rank 0/1:       1.13997579 	 (72,52,3)	 |        0.83930582 	 (117,20,124)	 |       1.02555573 
-----
u	Rank 0/1:       4.31762886 	 (62,100,39)	 |        0.21637258 	 (16,105,3)	 |       3.49706054 
-----
v	Rank 0/1:       7.23076773 	 (118,55,39)	 |        1.64642596 	 (66,93,3)	 |       6.50777388 
-----
w	Rank 0/1:       0.73665321 	 (21,67,25)	 |       -0.64317518 	 (23,76,14)	 |      -0.00000099 
-----
theta	Rank 0/1:     318.40289307 	 (117,20,124)	 |      300.44866943 	 (48,105,35)	 |     310.32934570 
-----
press	Rank 0/1:      18.37500000 	 (36,92,35)	 |       11.45312500 	 (18,65,3)	 |      15.13333797 
-----
TKE_0	Rank 0/1:       0.35761568 	 (42,21,4)	 |        0.00000000 	 (116,23,12)	 |       0.00819172 
Dumping state at timestep = 106920...
Dumped state at timestep = 106920...
Rank 0/1: Batch complete results sent via cudaMemcpyDeviceToHost.

			!!!!!	  TIMESTEP PERFORMANCE  	 !!!!! 
 Total Time (s) | Batch Steps 	| Time/step (s) | Comp./step (s) | IO Time (s)
---------------------------------------------------------------------------------------------------------
    56.7798 	|     9720 	|    0.0058 	|    0.0058 	 |   0.234964 

********************************************************************************************************
Main Time: Advancing simulation timestep = 116640... and time = 3600.00024

_____________________#######_________  STATE-SUMMARY @ it = 116640 _________#######____________________ 

			!!!!!	  HYDRO_CORE 	 !!!!! 
Field 	|	 max	     --(i,j,k)		 |	  min	     --(i,j,k)		 |	 mean
---------------------------------------------------------------------------------------------------------
********-----
 Model Fields -
 ********-----
rho	Rank 0/1:       1.13996398 	 (8,79,3)	 |        0.83930564 	 (35,89,124)	 |       1.02557576 
-----
u	Rank 0/1:       4.35524225 	 (81,26,39)	 |        0.21472026 	 (12,8,3)	 |       3.48112035 
-----
v	Rank 0/1:       7.23822165 	 (13,24,39)	 |        1.68901241 	 (44,64,3)	 |       6.50576258 
-----
w	Rank 0/1:       0.76909989 	 (47,56,19)	 |       -0.69605541 	 (80,12,19)	 |      -0.00000311 
-----
theta	Rank 0/1:     318.40267944 	 (35,89,124)	 |      300.47073364 	 (93,91,31)	 |     310.32983398 
-----
press	Rank 0/1:      18.20312500 	 (63,24,35)	 |       11.24218750 	 (32,91,3)	 |      15.05815506 
-----
TKE_0	Rank 0/1:       0.40712506 	 (30,92,4)	 |        0.00000000 	 (45,38,11)	 |       0.00818794 
Dumping state at timestep = 116640...
Dumped state at timestep = 116640...
Rank 0/1: Batch complete results sent via cudaMemcpyDeviceToHost.

			!!!!!	  TIMESTEP PERFORMANCE  	 !!!!! 
 Total Time (s) | Batch Steps 	| Time/step (s) | Comp./step (s) | IO Time (s)
---------------------------------------------------------------------------------------------------------
    56.7548 	|     9720 	|    0.0058 	|    0.0058 	 |   0.227242 

********************************************************************************************************
Main Time: Advancing simulation timestep = 126360... and time = 3900.00024

_____________________#######_________  STATE-SUMMARY @ it = 126360 _________#######____________________ 

			!!!!!	  HYDRO_CORE 	 !!!!! 
Field 	|	 max	     --(i,j,k)		 |	  min	     --(i,j,k)		 |	 mean
---------------------------------------------------------------------------------------------------------
********-----
 Model Fields -
 ********-----
rho	Rank 0/1:       1.13995707 	 (20,116,3)	 |        0.83930469 	 (14,87,124)	 |       1.02556860 
-----
u	Rank 0/1:       4.30540037 	 (104,83,39)	 |        0.15904100 	 (52,93,3)	 |       3.46538091 
-----
v	Rank 0/1:       7.25541353 	 (18,111,39)	 |        1.59801447 	 (42,76,3)	 |       6.50474882 
-----
w	Rank 0/1:       0.95781082 	 (54,19,21)	 |       -0.72847253 	 (65,106,16)	 |      -0.00000284 
-----
theta	Rank 0/1:     318.40283203 	 (14,87,124)	 |      300.47283936 	 (118,27,30)	 |     310.32727051 
-----
press	Rank 0/1:      18.05468750 	 (67,103,35)	 |       11.17968750 	 (58,83,3)	 |      14.98155785 
-----
TKE_0	Rank 0/1:       0.34650230 	 (47,18,4)	 |        0.00000000 	 (73,104,11)	 |       0.00818261 
Dumping state at timestep = 126360...
Dumped state at timestep = 126360...
Rank 0/1: Batch complete results sent via cudaMemcpyDeviceToHost.

			!!!!!	  TIMESTEP PERFORMANCE  	 !!!!! 
 Total Time (s) | Batch Steps 	| Time/step (s) | Comp./step (s) | IO Time (s)
---------------------------------------------------------------------------------------------------------
    56.7695 	|     9720 	|    0.0058 	|    0.0058 	 |   0.228049 

********************************************************************************************************
Main Time: Advancing simulation timestep = 136080... and time = 4200.00049

_____________________#######_________  STATE-SUMMARY @ it = 136080 _________#######____________________ 

			!!!!!	  HYDRO_CORE 	 !!!!! 
Field 	|	 max	     --(i,j,k)		 |	  min	     --(i,j,k)		 |	 mean
---------------------------------------------------------------------------------------------------------
********-----
 Model Fields -
 ********-----
rho	Rank 0/1:       1.13995123 	 (12,122,3)	 |        0.83930266 	 (114,106,124)	 |       1.02558386 
-----
u	Rank 0/1:       4.22625875 	 (6,25,40)	 |        0.05914848 	 (62,8,3)	 |       3.44988132 
-----
v	Rank 0/1:       7.23746967 	 (118,88,39)	 |        1.54789889 	 (52,110,3)	 |       6.50598383 
-----
w	Rank 0/1:       0.93685496 	 (73,9,13)	 |       -0.74335617 	 (77,23,14)	 |      -0.00000306 
-----
theta	Rank 0/1:     318.40350342 	 (115,106,124)	 |      300.37463379 	 (91,110,35)	 |     310.32385254 
-----
press	Rank 0/1:      17.83593750 	 (104,88,35)	 |       11.14062500 	 (68,122,3)	 |      14.90879631 
-----
TKE_0	Rank 0/1:       0.38997120 	 (61,22,6)	 |        0.00000000 	 (59,21,9)	 |       0.00830308 
Dumping state at timestep = 136080...
Dumped state at timestep = 136080...
Rank 0/1: Batch complete results sent via cudaMemcpyDeviceToHost.

			!!!!!	  TIMESTEP PERFORMANCE  	 !!!!! 
 Total Time (s) | Batch Steps 	| Time/step (s) | Comp./step (s) | IO Time (s)
---------------------------------------------------------------------------------------------------------
    56.7710 	|     9720 	|    0.0058 	|    0.0058 	 |   0.233084 

********************************************************************************************************
Main Time: Advancing simulation timestep = 145800... and time = 4500.00049

_____________________#######_________  STATE-SUMMARY @ it = 145800 _________#######____________________ 

			!!!!!	  HYDRO_CORE 	 !!!!! 
Field 	|	 max	     --(i,j,k)		 |	  min	     --(i,j,k)		 |	 mean
---------------------------------------------------------------------------------------------------------
********-----
 Model Fields -
 ********-----
rho	Rank 0/1:       1.13994718 	 (22,33,3)	 |        0.83930266 	 (62,62,124)	 |       1.02558124 
-----
u	Rank 0/1:       4.34591198 	 (29,90,39)	 |       -0.02434340 	 (65,30,3)	 |       3.43556809 
-----
v	Rank 0/1:       7.21194124 	 (10,42,38)	 |        1.55405819 	 (60,19,3)	 |       6.50901175 
-----
w	Rank 0/1:       1.02025759 	 (105,75,23)	 |       -0.85637259 	 (84,75,12)	 |      -0.00000349 
-----
theta	Rank 0/1:     318.40316772 	 (92,46,124)	 |      300.46029663 	 (10,42,35)	 |     310.32443237 
-----
press	Rank 0/1:      17.88281250 	 (7,39,35)	 |       10.86718750 	 (80,72,3)	 |      14.82505512 
-----
TKE_0	Rank 0/1:       0.39782846 	 (83,76,4)	 |        0.00000000 	 (87,44,11)	 |       0.00840330 
Dumping state at timestep = 145800...
Dumped state at timestep = 145800...
Rank 0/1: Batch complete results sent via cudaMemcpyDeviceToHost.

			!!!!!	  TIMESTEP PERFORMANCE  	 !!!!! 
 Total Time (s) | Batch Steps 	| Time/step (s) | Comp./step (s) | IO Time (s)
---------------------------------------------------------------------------------------------------------
    56.7736 	|     9720 	|    0.0058 	|    0.0058 	 |   0.232010 

********************************************************************************************************
Main Time: Advancing simulation timestep = 155520... and time = 4800.00049

_____________________#######_________  STATE-SUMMARY @ it = 155520 _________#######____________________ 

			!!!!!	  HYDRO_CORE 	 !!!!! 
Field 	|	 max	     --(i,j,k)		 |	  min	     --(i,j,k)		 |	 mean
---------------------------------------------------------------------------------------------------------
********-----
 Model Fields -
 ********-----
rho	Rank 0/1:       1.13994110 	 (33,69,3)	 |        0.83930135 	 (102,9,124)	 |       1.02553892 
-----
u	Rank 0/1:       4.26421976 	 (65,73,39)	 |       -0.07951095 	 (74,68,3)	 |       3.42123985 
-----
v	Rank 0/1:       7.26903915 	 (79,40,39)	 |        1.61010277 	 (100,111,3)	 |       6.51151419 
-----
w	Rank 0/1:       0.84803337 	 (18,71,22)	 |       -0.88968897 	 (110,29,9)	 |      -0.00000418 
-----
theta	Rank 0/1:     318.40332031 	 (102,9,124)	 |      300.27935791 	 (35,99,35)	 |     310.32989502 
-----
press	Rank 0/1:      17.95312500 	 (112,83,35)	 |       10.77343750 	 (95,122,3)	 |      14.73417377 
-----
TKE_0	Rank 0/1:       0.42182091 	 (91,89,4)	 |        0.00000000 	 (95,112,11)	 |       0.00849495 
Dumping state at timestep = 155520...
Dumped state at timestep = 155520...
Rank 0/1: Batch complete results sent via cudaMemcpyDeviceToHost.

			!!!!!	  TIMESTEP PERFORMANCE  	 !!!!! 
 Total Time (s) | Batch Steps 	| Time/step (s) | Comp./step (s) | IO Time (s)
---------------------------------------------------------------------------------------------------------
    56.7758 	|     9720 	|    0.0058 	|    0.0058 	 |   0.232465 

********************************************************************************************************
Main Time: Advancing simulation timestep = 165240... and time = 5100.00049

_____________________#######_________  STATE-SUMMARY @ it = 165240 _________#######____________________ 

			!!!!!	  HYDRO_CORE 	 !!!!! 
Field 	|	 max	     --(i,j,k)		 |	  min	     --(i,j,k)		 |	 mean
---------------------------------------------------------------------------------------------------------
********-----
 Model Fields -
 ********-----
rho	Rank 0/1:       1.13993609 	 (37,90,3)	 |        0.83930069 	 (21,81,124)	 |       1.02556372 
-----
u	Rank 0/1:       4.27657938 	 (111,74,39)	 |       -0.22707105 	 (115,61,7)	 |       3.40592861 
-----
v	Rank 0/1:       7.21324015 	 (58,94,39)	 |        1.54125464 	 (114,33,3)	 |       6.51379585 
-----
w	Rank 0/1:       0.90500462 	 (37,32,17)	 |       -0.79952192 	 (120,55,8)	 |      -0.00000528 
-----
theta	Rank 0/1:     318.40332031 	 (20,78,124)	 |      300.44653320 	 (28,71,33)	 |     310.32330322 
-----
press	Rank 0/1:      17.58593750 	 (35,113,37)	 |       10.05468750 	 (119,54,3)	 |      14.62198925 
-----
TKE_0	Rank 0/1:       0.40154386 	 (113,47,4)	 |        0.00000000 	 (122,60,10)	 |       0.00859988 
Dumping state at timestep = 165240...
Dumped state at timestep = 165240...
Rank 0/1: Batch complete results sent via cudaMemcpyDeviceToHost.

			!!!!!	  TIMESTEP PERFORMANCE  	 !!!!! 
 Total Time (s) | Batch Steps 	| Time/step (s) | Comp./step (s) | IO Time (s)
---------------------------------------------------------------------------------------------------------
    56.7720 	|     9720 	|    0.0058 	|    0.0058 	 |   0.232645 

********************************************************************************************************
Main Time: Advancing simulation timestep = 174960... and time = 5400.00049

_____________________#######_________  STATE-SUMMARY @ it = 174960 _________#######____________________ 

			!!!!!	  HYDRO_CORE 	 !!!!! 
Field 	|	 max	     --(i,j,k)		 |	  min	     --(i,j,k)		 |	 mean
---------------------------------------------------------------------------------------------------------
********-----
 Model Fields -
 ********-----
rho	Rank 0/1:       1.13993239 	 (52,10,3)	 |        0.83929873 	 (118,67,124)	 |       1.02557683 
-----
u	Rank 0/1:       4.22296619 	 (106,121,40)	 |       -0.74695802 	 (4,106,3)	 |       3.39194798 
-----
v	Rank 0/1:       7.23432207 	 (61,118,39)	 |        1.68662632 	 (113,82,3)	 |       6.51701355 
-----
w	Rank 0/1:       0.87023139 	 (51,82,15)	 |       -0.98239619 	 (11,122,16)	 |      -0.00000647 
-----
theta	Rank 0/1:     318.40371704 	 (119,67,124)	 |      300.41143799 	 (57,54,34)	 |     310.32620239 
-----
press	Rank 0/1:      17.67187500 	 (59,59,35)	 |        9.40625000 	 (4,105,3)	 |      14.50718021 
-----
TKE_0	Rank 0/1:       0.39190269 	 (6,109,4)	 |        0.00000000 	 (118,72,9)	 |       0.00864719 
Dumping state at timestep = 174960...
Dumped state at timestep = 174960...
Rank 0/1: Batch complete results sent via cudaMemcpyDeviceToHost.

			!!!!!	  TIMESTEP PERFORMANCE  	 !!!!! 
 Total Time (s) | Batch Steps 	| Time/step (s) | Comp./step (s) | IO Time (s)
---------------------------------------------------------------------------------------------------------
    56.7355 	|     9720 	|    0.0058 	|    0.0058 	 |   0.206423 

********************************************************************************************************
Main Time: Advancing simulation timestep = 184680... and time = 5700.00049

_____________________#######_________  STATE-SUMMARY @ it = 184680 _________#######____________________ 

			!!!!!	  HYDRO_CORE 	 !!!!! 
Field 	|	 max	     --(i,j,k)		 |	  min	     --(i,j,k)		 |	 mean
---------------------------------------------------------------------------------------------------------
********-----
 Model Fields -
 ********-----
rho	Rank 0/1:       1.13992763 	 (46,121,3)	 |        0.83929813 	 (37,14,124)	 |       1.02558601 
-----
u	Rank 0/1:       4.24928904 	 (115,20,40)	 |       -0.34429026 	 (12,34,14)	 |       3.37869573 
-----
v	Rank 0/1:       7.32182121 	 (22,124,38)	 |        1.74126387 	 (57,88,3)	 |       6.52096224 
-----
w	Rank 0/1:       1.08652091 	 (39,56,27)	 |       -0.86482757 	 (24,26,11)	 |      -0.00000559 
-----
theta	Rank 0/1:     318.40356445 	 (37,14,124)	 |      300.41662598 	 (32,68,35)	 |     310.32849121 
-----
press	Rank 0/1:      17.37500000 	 (20,122,35)	 |       10.25781250 	 (34,34,3)	 |      14.38209248 
-----
TKE_0	Rank 0/1:       0.43381587 	 (12,122,4)	 |        0.00000000 	 (36,45,10)	 |       0.00880088 
Dumping state at timestep = 184680...
Dumped state at timestep = 184680...
Rank 0/1: Batch complete results sent via cudaMemcpyDeviceToHost.

			!!!!!	  TIMESTEP PERFORMANCE  	 !!!!! 
 Total Time (s) | Batch Steps 	| Time/step (s) | Comp./step (s) | IO Time (s)
---------------------------------------------------------------------------------------------------------
    56.7253 	|     9720 	|    0.0058 	|    0.0058 	 |   0.198888 

********************************************************************************************************
Main Time: Advancing simulation timestep = 194400... and time = 6000.00049

_____________________#######_________  STATE-SUMMARY @ it = 194400 _________#######____________________ 

			!!!!!	  HYDRO_CORE 	 !!!!! 
Field 	|	 max	     --(i,j,k)		 |	  min	     --(i,j,k)		 |	 mean
---------------------------------------------------------------------------------------------------------
********-----
 Model Fields -
 ********-----
rho	Rank 0/1:       1.13992345 	 (93,96,3)	 |        0.83929729 	 (37,74,124)	 |       1.02556205 
-----
u	Rank 0/1:       4.37932920 	 (44,116,39)	 |       -0.21083678 	 (91,35,3)	 |       3.36527181 
-----
v	Rank 0/1:       7.36243963 	 (46,103,39)	 |        1.68172967 	 (79,33,3)	 |       6.52579498 
-----
w	Rank 0/1:       1.18137991 	 (35,50,26)	 |       -1.00742185 	 (36,58,23)	 |      -0.00000574 
-----
theta	Rank 0/1:     318.40350342 	 (76,83,124)	 |      300.28121948 	 (38,102,36)	 |     310.32815552 
-----
press	Rank 0/1:      17.35937500 	 (33,48,35)	 |       10.19531250 	 (21,62,3)	 |      14.22760296 
-----
TKE_0	Rank 0/1:       0.41423228 	 (20,83,4)	 |        0.00000000 	 (35,121,9)	 |       0.00879915 
Dumping state at timestep = 194400...
Dumped state at timestep = 194400...
Rank 0/1: Batch complete results sent via cudaMemcpyDeviceToHost.

			!!!!!	  TIMESTEP PERFORMANCE  	 !!!!! 
 Total Time (s) | Batch Steps 	| Time/step (s) | Comp./step (s) | IO Time (s)
---------------------------------------------------------------------------------------------------------
    56.7461 	|     9720 	|    0.0058 	|    0.0058 	 |   0.204445 

********************************************************************************************************
Main Time: Advancing simulation timestep = 204120... and time = 6300.00049

_____________________#######_________  STATE-SUMMARY @ it = 204120 _________#######____________________ 

			!!!!!	  HYDRO_CORE 	 !!!!! 
Field 	|	 max	     --(i,j,k)		 |	  min	     --(i,j,k)		 |	 mean
---------------------------------------------------------------------------------------------------------
********-----
 Model Fields -
 ********-----
rho	Rank 0/1:       1.13991952 	 (106,22,3)	 |        0.83929664 	 (111,41,124)	 |       1.02554643 
-----
u	Rank 0/1:       4.30790281 	 (56,40,40)	 |       -0.17304783 	 (100,67,3)	 |       3.35210013 
-----
v	Rank 0/1:       7.32600927 	 (90,6,39)	 |        1.67521513 	 (73,80,3)	 |       6.52965498 
-----
w	Rank 0/1:       0.95557648 	 (99,106,24)	 |       -1.03907859 	 (37,118,15)	 |      -0.00000487 
-----
theta	Rank 0/1:     318.40350342 	 (111,41,124)	 |      300.33334351 	 (67,119,36)	 |     310.33666992 
-----
press	Rank 0/1:      17.09375000 	 (30,81,35)	 |        9.96875000 	 (92,89,3)	 |      14.07983589 
-----
TKE_0	Rank 0/1:       0.42210329 	 (82,96,4)	 |        0.00000000 	 (80,57,9)	 |       0.00882544 
Dumping state at timestep = 204120...
Dumped state at timestep = 204120...
Rank 0/1: Batch complete results sent via cudaMemcpyDeviceToHost.

			!!!!!	  TIMESTEP PERFORMANCE  	 !!!!! 
 Total Time (s) | Batch Steps 	| Time/step (s) | Comp./step (s) | IO Time (s)
---------------------------------------------------------------------------------------------------------
    56.7786 	|     9720 	|    0.0058 	|    0.0058 	 |   0.231973 

********************************************************************************************************
Main Time: Advancing simulation timestep = 213840... and time = 6600.00049

_____________________#######_________  STATE-SUMMARY @ it = 213840 _________#######____________________ 

			!!!!!	  HYDRO_CORE 	 !!!!! 
Field 	|	 max	     --(i,j,k)		 |	  min	     --(i,j,k)		 |	 mean
---------------------------------------------------------------------------------------------------------
********-----
 Model Fields -
 ********-----
rho	Rank 0/1:       1.13991439 	 (85,7,3)	 |        0.83929402 	 (98,58,124)	 |       1.02554560 
-----
u	Rank 0/1:       4.33707190 	 (87,24,39)	 |       -0.18726864 	 (122,71,3)	 |       3.33867455 
-----
v	Rank 0/1:       7.25562525 	 (105,53,39)	 |        1.72906995 	 (50,111,3)	 |       6.53283882 
-----
w	Rank 0/1:       1.01197827 	 (112,19,21)	 |       -0.99392718 	 (117,25,16)	 |      -0.00000631 
-----
theta	Rank 0/1:     318.40414429 	 (99,58,124)	 |      300.38314819 	 (75,99,35)	 |     310.33160400 
-----
press	Rank 0/1:      17.04687500 	 (98,3,37)	 |        9.98437500 	 (91,14,3)	 |      13.93050003 
-----
TKE_0	Rank 0/1:       0.35764194 	 (45,40,4)	 |        0.00000000 	 (92,88,10)	 |       0.00896016 
Dumping state at timestep = 213840...
Dumped state at timestep = 213840...
Rank 0/1: Batch complete results sent via cudaMemcpyDeviceToHost.

			!!!!!	  TIMESTEP PERFORMANCE  	 !!!!! 
 Total Time (s) | Batch Steps 	| Time/step (s) | Comp./step (s) | IO Time (s)
---------------------------------------------------------------------------------------------------------
    56.7825 	|     9720 	|    0.0058 	|    0.0058 	 |   0.240101 

********************************************************************************************************
Main Time: Advancing simulation timestep = 223560... and time = 6900.00049

_____________________#######_________  STATE-SUMMARY @ it = 223560 _________#######____________________ 

			!!!!!	  HYDRO_CORE 	 !!!!! 
Field 	|	 max	     --(i,j,k)		 |	  min	     --(i,j,k)		 |	 mean
---------------------------------------------------------------------------------------------------------
********-----
 Model Fields -
 ********-----
rho	Rank 0/1:       1.13990974 	 (94,71,3)	 |        0.83929271 	 (16,6,124)	 |       1.02555382 
-----
u	Rank 0/1:       4.30330801 	 (112,100,40)	 |       -0.35216793 	 (122,50,3)	 |       3.32593012 
-----
v	Rank 0/1:       7.29002142 	 (9,113,38)	 |        1.74087226 	 (54,17,3)	 |       6.53757000 
-----
w	Rank 0/1:       1.16511929 	 (67,51,20)	 |       -0.80627567 	 (5,65,14)	 |      -0.00000657 
-----
theta	Rank 0/1:     318.40405273 	 (16,6,124)	 |      300.34835815 	 (86,101,35)	 |     310.32278442 
-----
press	Rank 0/1:      16.93750000 	 (27,113,35)	 |        9.87500000 	 (113,68,3)	 |      13.75616264 
-----
TKE_0	Rank 0/1:       0.45110288 	 (9,115,4)	 |        0.00000000 	 (96,52,11)	 |       0.00909327 
Dumping state at timestep = 223560...
Dumped state at timestep = 223560...
Rank 0/1: Batch complete results sent via cudaMemcpyDeviceToHost.

			!!!!!	  TIMESTEP PERFORMANCE  	 !!!!! 
 Total Time (s) | Batch Steps 	| Time/step (s) | Comp./step (s) | IO Time (s)
---------------------------------------------------------------------------------------------------------
    56.7612 	|     9720 	|    0.0058 	|    0.0058 	 |   0.230161 

********************************************************************************************************

_____________________#######_________  STATE-SUMMARY @ it = 233280 _________#######____________________ 

			!!!!!	  HYDRO_CORE 	 !!!!! 
Field 	|	 max	     --(i,j,k)		 |	  min	     --(i,j,k)		 |	 mean
---------------------------------------------------------------------------------------------------------
********-----
 Model Fields -
 ********-----
rho	Rank 0/1:       1.13990510 	 (14,66,3)	 |        0.83929241 	 (11,37,124)	 |       1.02556765 
-----
u	Rank 0/1:       4.25071239 	 (9,47,40)	 |       -0.46291286 	 (65,77,13)	 |       3.31291270 
-----
v	Rank 0/1:       7.41337967 	 (36,49,38)	 |        1.73819196 	 (121,70,3)	 |       6.54164791 
-----
w	Rank 0/1:       1.09632039 	 (20,17,24)	 |       -0.92301035 	 (15,14,17)	 |      -0.00000662 
-----
theta	Rank 0/1:     318.40386963 	 (54,73,124)	 |      300.37145996 	 (55,53,35)	 |     310.32238770 
-----
press	Rank 0/1:      16.66406250 	 (10,121,35)	 |        9.67968750 	 (49,25,3)	 |      13.59012890 
-----
TKE_0	Rank 0/1:       0.40541112 	 (72,24,4)	 |        0.00000000 	 (29,21,11)	 |       0.00914482 

_____________________#######_________  TOWER-SUMMARY @ it = 233280 _________#######____________________ 
Dumping state at timestep = 233280...
Dumped state at timestep = 233280...

			!!!!!	  TIMESTEP PERFORMANCE  	 !!!!! 
 Total Time (s) | Batch Steps 	| Time/step (s) | Comp./step (s) | IO Time (s)
---------------------------------------------------------------------------------------------------------
     0.2022 	|        0 	|    0.0000 	|    0.0000 	 |   0.142301 

********************************************************************************************************
Your FastEddy simulation is complete!
Cleaning up...
Shutting down MPI...
 Goodbye!
