
==========
== CUDA ==
==========

CUDA Version 11.8.0

Container image Copyright (c) 2016-2023, NVIDIA CORPORATION & AFFILIATES. All rights reserved.

This container image and its contents are governed by the NVIDIA Deep Learning Container License.
By pulling and using the container, you accept the terms and conditions of this license:
https://developer.nvidia.com/ngc/nvidia-deep-learning-container-license

A copy of this license is made available in this container at /NGC-DL-CONTAINER-LICENSE for your convenience.

Obtaining parameters from ./run.in
Successfully opened ./run.in and read 129 lines.
Warning more than 10000 entries were requested for the parameters hash table.
Consider changing the requested table size in the PARAMETERS module.
WARNING: optional parameter ioLPDMmode defaulted to 0.
WARNING: optional parameter ioLPDMfullFrq defaulted to 0.
WARNING: optional parameter towerIOSelector defaulted to 0.
WARNING: optional parameter gridFile defaulted to NULL.
WARNING: optional parameter pgfSelector defaulted to 1.
WARNING: optional parameter buoyancySelector defaulted to 1.
WARNING: optional parameter ceilingAdvectionBC defaulted to 0.
WARNING: optional parameter surflayer_stab defaulted to 0.
WARNING: optional parameter surflayer_z0tdyn defaulted to 1.
WARNING: optional parameter surflayer_offshore_visc defaulted to 1.
WARNING: optional parameter canopySelector defaulted to 0.
WARNING: optional parameter cellpertSelector defaulted to 0.
WARNING: optional parameter filter_6thdiff_hori defaulted to 0.
WARNING: optional parameter filter_divdamp defaulted to 0.
WARNING: optional parameter NhydroAuxScalars defaulted to 0.
WARNING: optional parameter physics_oneRKonly defaulted to 1.
Rank 0/1:  [rankXid, rankYid] = [0,0]
mpi_rank_world--0/1 inFile = (null) !!
mpi_rank_world--0/1 Obtaining devices...
Obtaining properties for 1 devices...

mpi_rank_world--0/1 assigned accelerator device 0/1...
Device Number:          0
---------------------------------------------------------------------

__General__
   Name                               : NVIDIA GeForce RTX 4080
   Compute Capability                 : 8.9
   Clock Rate                         : 2535000
   Number of multiprocessors          : 76
   Max Threads/multiprocessor         : 1536
   Concurrent Copy/Execution          : Yes
   Concurrent Kernels                 : 1
   Compute Mode                       : 0
   Kernel Timeout Enabled             : Yes
   Integrated                         : No
   Host Memory Mapping                : Yes

__Configuration__
   Registers/Block                    : 65536
   Warp Size                          : 32
   Max Threads/Block                  : 1024
   Max Block-extent / Dimension       :         1024         1024           64
   Max Grid-extent / Dimension        :   2147483647        65535        65535

__Memory__
   Tot. Global Memory (GB) / (B)      :   15.54803 / 3809673216
   Shared Mem/Block   (GB) / (B)      :    0.00005 / 49152
   Constant Memory    (GB) / (B)      :    0.00006 / 65536
   Max 1-D Texture                    :       131072
   Max 2-D Texture                    :       131072        65536
   Max 3-D Texture                    :        16384        16384        16384
   Texture Alignment  (B)             : 512
   Max Memory pitch                   : 2147483647

mpi_rank_world--0/1 done!
mpi_rank_world--0/1 Assigning threadPerBlock.[xyz]
mpi_rank_world--0/1 done!
Nxp = 122, Nyp = 122, Nzp = 122
****Spatial loop-index Mins & Maxs ****  (i,j,k)-min = (3,3,3) & (i,j,k)-max = (125,125,125)
Entering hydro_coreInit:------
WARNING: parameter surflayer_qskin_input was not found but was requested for printing.
WARNING: parameter surflayer_offshore_opt was not found but was requested for printing.
WARNING: parameter filter_6thdiff_hori_coeff was not found but was requested for printing.
hydro_coreInit: allocating/registering arrays/fields with IO
hydro_coreInit:hydroFlds[0] = rho stored at 0x7f7537ff8080, has been registered with IO.
hydro_coreInit:hydroFlds[1] = u stored at 0x7f75387f8080, has been registered with IO.
hydro_coreInit:hydroFlds[2] = v stored at 0x7f7538ff8080, has been registered with IO.
hydro_coreInit:hydroFlds[3] = w stored at 0x7f75397f8080, has been registered with IO.
hydro_coreInit:hydroFlds[4] = theta stored at 0x7f7539ff8080, has been registered with IO.
hydro_coreInit:Field = pressure stored at 0x7f75377f7080, has been registered with IO.
hydro_coreInit:sgstkeScalars[0] = TKE_0 stored at 0x7f75347f5080, has been registered with IO.
hydro_coreInit: allocating internal arrays
hydro_coreInit:Field = tskin stored at 0x5db557c38900, has been registered with IO.
hydro_coreInit:Field = fricVel stored at 0x5db557c18780, has been registered with IO.
hydro_coreInit:Field = htFlux stored at 0x5db557c28880, has been registered with IO.
hydro_coreInit:Field = invOblen stored at 0x5db557c48a00, has been registered with IO.
hydro_coreInit:Field = z0m stored at 0x5db557c58a80, has been registered with IO.
hydro_coreInit:Field = z0t stored at 0x5db557c68b80, has been registered with IO.
mpi_rank_world--0/1: in timeInit(), simTime_it = 0 and simTime =         0.000000 !
:Variable = time stored at 0x5db536701a58, has been registered with IO.

## time_test
Description=seed seed_cbl-deep_a000: flat uniform convective spin-up, z_i target 950 m, base angle 0 deg # ## A description of this input file.
## FEMPI parameters---
numProcsX=1        # ## Number of cores to be used for horizontal domain decomposition in X
numProcsY=1        # ## Number of cores to be used for horizontal domain decomposition in Y
## IO parameters---
ioOutputMode=0     # ## 0: N-to-1 gather and write to a netCDF file, 1:N-to-N writes of FastEddy binary files
inPath=            # ## Path where initial/restart file is read in from
inFile=            # ## name of the input file for coordinate system and initial or restart conditions
outPath=./output/  # ## Path where output files are to be written
outFileBase=FE_SEED # ## Base name of the output file series as in (outFileBase).element-in-series
frqOutput=10140    # ## frequency (in timesteps) at which to produce output; should be an even multiple of NtBatch
towerIOSelector=0  # (DEFAULTED) ## Virtual Tower IO-Selector: 0=off, 1=on 
## FECUDA parameters---
tBx=1              # ## Number of threads in x-dimension.
tBy=2              # ## Number of threads in y-dimension.
tBz=64             # ## Number of threads in z-dimension.
## GRID parameters---
gridFile=          # (DEFAULTED) ## A file containing a complete grid specification
topoFile=          # ## A file containing terrain(surface elevation in meters ASL)
Nx=122             # ## Number of discretised domain elements in the x (zonal) direction.
Ny=122             # ## Number of discretised domain elements in the y (meridional) direction.
Nz=122             # ## Number of discretised domain elements in the z (vertical) direction.
Nh=3               # ## Number of halo cells to be used (dependent on largest stencil extent).
d_xi=24            # ## Computational domain fixed resolution in the 'i' direction.
d_eta=24           # ## Computational domain fixed resolution in the 'j' direction.
d_zeta=24.6914     # ## Computational domain fixed resolution in the 'k' direction.
coordHorizHalos=1  # ## switch to setup coordinate halos as periodic=1 or gradient-following=0.
verticalDeformSwitch=1 # ## switch to use vertical coordinate deformation 0=off, 1=on
verticalDeformFactor=0.346601 # ## deformation factor (0.0=max compression,  1.0=no compression)
verticalDeformQuadCoeff=0 # ## deformation factor (0.0=max compression,  1.0=no compression)
## HYDRO_CORE parameters---
## ----------: HYDRO_CORE Submodule Selectors ---
## ----------: Boundary Conditions Set ---
hydroBCs=2         # ## Selector for hydro BC set. 1= LAD, Dirichlet lateral, ceiling and surface, 2 = periodic-horizontal & ABL-vertical
hydroForcingWrite=0 # ## Switch for writing output of hydroFldsFrhs for prognostic fields. 0 = off, 1=on
hydroSubGridWrite=0 # ## Switch for writing output of Tauij fields. 0 = off, 1=on
hydroForcingLog=0  # ## Switch for logging Frhs summary metrics. 0 = off, 1=on
## ----------: PRESSURE GRADIENT FORCE ---
pgfSelector=1      # (DEFAULTED) ## Pressure Gradient Force (pgf) selector: 0=off, 1=on
## ----------: BUOYANCY ---
buoyancySelector=1 # (DEFAULTED) ## Buoyancy force  selector: 0=off, 1=on
## ----------: CORIOLIS ---
coriolisSelector=1 # ## Corilis force selector: 0= none, 1= horiz. terms, 2= horiz. & vert. terms
coriolisLatitude=42.9572 # ## Characteristic latitude in degrees from equator of the LES domain
## ----------: TURBULENCE ---
turbulenceSelector=1 # ## turbulence scheme selector: 0= none, 1= Lilly/Smagorinsky 
TKESelector=1      # ## Prognostic TKE selector: 0= none, 1= Prognostic, 2= requires canopySelector=1
TKEAdvSelector=3   # ## advection scheme for SGSTKE equation
TKEAdvSelector_b_hyb=0 # ## hybrid advection scheme parameter
c_k=0.1            # ## Lilly model constant used for turbulenceSelector = 1 and TKESelector > 0
## ----------: ADVECTION ---
advectionSelector=3 # ## advection scheme selector: 0=1st-order upwind, 1=3rd-order QUICK, 2=hybrid 3rd-4th order, 3=hybrid 5th-6th order, 4=3rd-order WENO, 5=5th-order WENO, 6=2nd-order centered
ceilingAdvectionBC=0 # (DEFAULTED) ## selector to allow advection through the domain ceiling 1=on, 0=off (w-ceiling = 0)
b_hyb=0            # ## hybrid advection scheme parameter: 0.0= lower-order upwind, 1.0=higher-order centered, 0.0 < b_hyb < 1.0 = hybrid
## ----------: DIFFUSION ---
diffusionSelector=0 # ## diffusivity selector: 0= none, 1= const.
## ----------: SURFACE LAYER ---
surflayerSelector=1 # ## surfacelayer selector: 0=off, 1=surface kinematic heat flux (surflayer_wth), 2=skin temperature rate (surflayer_tr)
surflayer_z0=0.083229 # ## roughness length (momentum) when surflayerSelector > 0
surflayer_z0t=0.01 # ## roughness length (temperature) when surflayerSelector > 0
surflayer_wth=0.16 # ## kinematic sensible heat flux at the surface when surflayerSelector = 1
surflayer_idealsine=0 # ## selector for idealized sinusoidal surface heat flux or skin temperature forcing: 0= off, 1= on
surflayer_stab=0   # (DEFAULTED) ## exchange coeffcient stability correction selector: 0= on, 1= off
surflayer_z0tdyn=1 # (DEFAULTED) ## dynamic z0t calculation following Zilitinkevich (1995) approach: 0= off, 1= constant Zilitinkevich coeff, 2= variable Zilitinkevich coeff
## ----------: OFFSHORE ROUGHNESS ---
surflayer_offshore=0 # ## offshore selector: 0=off, 1=on
## ----------: CANOPY MODEL ---
canopySelector=0   # (DEFAULTED) ## canopy selector: 0= off, 1= on
## ----------: LARGE-SCALE FORCINGS MODEL ---
lsfSelector=1      # ## large-scale forcings selector: 0= off, 1= on
lsf_w_surf=0       # ## large-scale forcing to w at the first specified level
lsf_w_lev1=-25     # ## large-scale forcing w at height 1
lsf_w_lev2=0       # ## large-scale forcing w at height 2
lsf_w_zlev1=950    # ## large-scale forcing w height 1
lsf_w_zlev2=1900   # ## large-scale forcing w height 2
lsf_th_surf=0      # ## large-scale forcing to theta at the first specified level
lsf_th_lev1=0      # ## large-scale forcing theta at height 1
lsf_th_lev2=0      # ## large-scale forcing theta at height 2
lsf_th_zlev1=500   # ## large-scale forcing theta height 1
lsf_th_zlev2=2000  # ## large-scale forcing theta height 2
lsf_qv_surf=-0.0432 # ## large-scale forcing to qv at the first specified level
lsf_qv_lev1=-0.0432 # ## large-scale forcing qv at height 1
lsf_qv_lev2=0      # ## large-scale forcing qv at height 2
lsf_qv_zlev1=300   # ## large-scale forcing qv height 1
lsf_qv_zlev2=500   # ## large-scale forcing qv height 2
lsf_horMnSubTerms=1 # ## large-scale subsidence terms Switch: 0= off, 1= on
lsf_freq=1         # ## large-scale forcing frequency (seconds)
## ----------: MOISTURE ---
moistureSelector=0 # ## moisture selector: 0= off, 1= on
## ----------: EXPLICIT FILTERS ---
filterSelector=1   # ## explicit filter selector: 0=off, 1=on
filter_6thdiff_vert=1 # ## vertical 6th-order filter on w selector: 0=off, 1=on
filter_6thdiff_vert_coeff=0.03 # ## vertical 6th-order filter factor: 0.0=off, 1.0=full
filter_6thdiff_hori=0 # (DEFAULTED) ## horizontal 6th-order filter on rho,theta,qv selector: 0=off, 1=on
filter_divdamp=0   # (DEFAULTED) ## divergence damping selector: 0=off, 1=on
## ----------: CELL PERTURBATION METHOD ---
cellpertSelector=0 # (DEFAULTED) ## CP method selector: 0= off, 1= on
## ----------: RAYLEIGH DAMPING LAYER ---
dampingLayerSelector=1 # ## Rayleigh damping layer selector: 0= off, 1= on.
dampingLayerDepth=500 # ## Rayleigh damping layer depth in meters
## ----------: AUXILIARY SCALARS ---
NhydroAuxScalars=0 # (DEFAULTED) ## Number of prognostic auxiliary scalar fields
## ----------: BASE-STATE ---
stabilityScheme=2  # ## Scheme used to set hydrostatic, stability-dependent Base-State EOS fields
temp_grnd=298.012  # ## Air Temperature (K) at the ground used to set hydrostatic Base-State EOS fields
pres_grnd=97700    # ## Pressure (Pa) at the ground used to set hydrostatic Base-State EOS fields
zStableBottom=950  # ## Height (m) of the first stable upper-layer when stabilityScheme = 2
stableGradient=0.08 # ## Vertical gradient (K/m) of the first stable upper-layer when stabilityScheme = 2
zStableBottom2=1050 # ## Height (m) of the second stable upper-layer when stabilityScheme = 2
zStableBottom3=20000 # ## Height (m) of the third stable upper-layer when stabilityScheme = 2
stableGradient2=0.004 # ## Vertical gradient (K/m) of the second stable upper-layer when stabilityScheme = 2
stableGradient3=0.004 # ## Vertical gradient (K/m) of the third stable upper-layer when stabilityScheme = 2
U_g=11             # ## Zonal (West-East) component of the geostrophic wind (m/s).
V_g=0              # ## Meridional (South-North) component of the geostrophic wind (m/s).
z_Ug=10000         # ## Height (m) above ground for linear geostrophic wind gradient (zonal component).
z_Vg=10000         # ## Height (m) above ground for linear geostrophic wind gradient (meridional component).
Ug_grad=0          # ## U_g gradient above z_Ug (ms-1/m).
Vg_grad=0          # ## V_g gradient above z_Vg (ms-1/m).
thetaPerturbationSwitch=1 # ## Switch to include initial theta perturbations: 0=off, 1=on
thetaHeight=300    # ## Height below which to include initial theta perturbations: (meters)
thetaAmplitude=0.25 # ## Maximum amplitude for theta perturbations: thetaAmplitude*[-1,+1] K
physics_oneRKonly=1 # (DEFAULTED) ## selector to apply physics RHS forcing only at the latest RK stage: 0= off, 1= on
## TIME_INTEGRATION parameters---
timeMethod=0       # ## Selector for time integration method. [0=RK3-WS2002 (default)]
Nt=365040          # ## Number of timesteps to perform.
dt=0.0295858       # ## timestep resolution in seconds.
NtBatch=10140      # ## Number of timesteps to compute in batch launch, must have NtBatch <= Nt.

moistureMPcallTscale = 1.0   # NOT VALIDATED
c_s = 0.18   # NOT VALIDATED
nu_0 = 0.0   # NOT VALIDATED
moistureCond = 3   # NOT VALIDATED
moistureAdvSelectorQi = 2   # NOT VALIDATED
moistureAdvSelectorQv = 2   # NOT VALIDATED
surflayer_qr = 0.0   # NOT VALIDATED
surflayer_tr = -0.0   # NOT VALIDATED
surflayer_wq = 0.0   # NOT VALIDATED
moistureNvars = 2   # NOT VALIDATED
moistureCondTscale = 1.0   # NOT VALIDATED
moistureAdvSelectorQv_b = 0.0   # NOT VALIDATED
surflayer_ideal_qamp = 2.0   # NOT VALIDATED
surflayer_ideal_amp = 4.0   # NOT VALIDATED
surflayer_ideal_qte = 10.0   # NOT VALIDATED
surflayer_ideal_qts = 1.75   # NOT VALIDATED
surflayer_ideal_te = 43200   # NOT VALIDATED
surflayer_ideal_ts = 0.0   # NOT VALIDATED
moistureCondBasePres = 1   # NOT VALIDATED
moistureSGSturb = 1   # NOT VALIDATED
Input parameters passed verification.
No input file has been specified, no gridFile has been specified.
 Using default grid and initial condition schemes.
**** Coordinate generation ****  (i,j,k)-extents = (122,122,122) & (i,j,k)-deltas = (24.000000,24.000000,24.691359)
mpi_rank_world--0/1 grid-Coord-gen(), else-coordHorizHalos = 1!
mpi_rank_world--0/1 coordHalos, Western-Eastern Boundaries!
mpi_rank_world--0/1 coordHalos, Southern-Northern Boundaries!
stabilityScheme == 2: Base State setup complete.
Rank 0/1: Profile preparations complete!
cuda_gridDeviceSetup:-- (i,j,k)Min, ()Max = (3,3,3), (125,125,125)
fecuda_SetBlocksPerGrid: tBlock = {1, 2, 64}
fecuda_SetBlocksPerGrid: grid = {128, 64, 2}
lsf_horMnSubTerms = 1, setting up for 5 phi-fields.cuda_hydroCoreDeviceSetup() complete.
cuda_towersDeviceSetup: NelemsTowers = 1291882832, NelemsTowersSurf = 0
0/1 cuda_hydroCoreDeviceSecondaryStageSetup(): BdyUpdateSteps = 0 
Initializations complete after   0.4980 (s).
Main Time: Advancing simulation timestep = 0... and time =    0.00000

_____________________#######_________  STATE-SUMMARY @ it = 0 _________#######____________________ 

			!!!!!	  HYDRO_CORE 	 !!!!! 
Field 	|	 max	     --(i,j,k)		 |	  min	     --(i,j,k)		 |	 mean
---------------------------------------------------------------------------------------------------------
********-----
 Model Fields -
 ********-----
rho	Rank 0/1:       1.14173782 	 (3,3,3)	 |        0.84342951 	 (3,3,124)	 |       1.04000401 
-----
u	Rank 0/1:      11.00000095 	 (3,3,12)	 |       10.99999905 	 (3,3,4)	 |      11.09708118 
-----
v	Rank 0/1:       0.00000000 	 (3,3,3)	 |        0.00000000 	 (3,3,3)	 |       0.00000000 
-----
w	Rank 0/1:       0.00000000 	 (3,3,3)	 |        0.00000000 	 (3,3,3)	 |       0.00000000 
-----
theta	Rank 0/1:     315.79882812 	 (3,3,124)	 |      299.74884033 	 (14,55,27)	 |     303.79998779 
-----
press	Rank 0/1:       0.00000000 	 (3,3,3)	 |        0.00000000 	 (3,3,3)	 |       0.00000000 
-----
TKE_0	Rank 0/1:       0.00000000 	 (3,3,3)	 |        0.00000000 	 (3,3,3)	 |       0.00000000 
Dumping state at timestep = 0...
Dumped state at timestep = 0...
Rank 0/1: Batch complete results sent via cudaMemcpyDeviceToHost.

			!!!!!	  TIMESTEP PERFORMANCE  	 !!!!! 
 Total Time (s) | Batch Steps 	| Time/step (s) | Comp./step (s) | IO Time (s)
---------------------------------------------------------------------------------------------------------
   144.7407 	|    10140 	|    0.0143 	|    0.0143 	 |   0.166845 

********************************************************************************************************
Main Time: Advancing simulation timestep = 10140... and time =  300.00000

_____________________#######_________  STATE-SUMMARY @ it = 10140 _________#######____________________ 

			!!!!!	  HYDRO_CORE 	 !!!!! 
Field 	|	 max	     --(i,j,k)		 |	  min	     --(i,j,k)		 |	 mean
---------------------------------------------------------------------------------------------------------
********-----
 Model Fields -
 ********-----
rho	Rank 0/1:       1.13780010 	 (113,36,7)	 |        0.84349191 	 (29,12,124)	 |       1.03993332 
-----
u	Rank 0/1:      11.30060005 	 (110,52,20)	 |        4.83943319 	 (38,12,3)	 |      10.85169220 
-----
v	Rank 0/1:       0.51745516 	 (111,83,10)	 |       -0.46874395 	 (104,10,7)	 |       0.00170905 
-----
w	Rank 0/1:       0.59740251 	 (42,39,28)	 |       -0.54723096 	 (20,78,12)	 |       0.00020369 
-----
theta	Rank 0/1:     315.80126953 	 (17,85,124)	 |      299.87631226 	 (15,26,16)	 |     303.88528442 
-----
press	Rank 0/1:      11.63281250 	 (26,88,13)	 |        6.10156250 	 (70,16,3)	 |       9.48632908 
-----
TKE_0	Rank 0/1:       1.11155534 	 (24,83,4)	 |        0.00000000 	 (33,84,11)	 |       0.03011287 
Dumping state at timestep = 10140...
Dumped state at timestep = 10140...
Rank 0/1: Batch complete results sent via cudaMemcpyDeviceToHost.

			!!!!!	  TIMESTEP PERFORMANCE  	 !!!!! 
 Total Time (s) | Batch Steps 	| Time/step (s) | Comp./step (s) | IO Time (s)
---------------------------------------------------------------------------------------------------------
   144.2570 	|    10140 	|    0.0142 	|    0.0142 	 |   0.158313 

********************************************************************************************************
Main Time: Advancing simulation timestep = 20280... and time =  600.00000

_____________________#######_________  STATE-SUMMARY @ it = 20280 _________#######____________________ 

			!!!!!	  HYDRO_CORE 	 !!!!! 
Field 	|	 max	     --(i,j,k)		 |	  min	     --(i,j,k)		 |	 mean
---------------------------------------------------------------------------------------------------------
********-----
 Model Fields -
 ********-----
rho	Rank 0/1:       1.14075291 	 (35,100,3)	 |        0.84356302 	 (109,22,124)	 |       1.03994036 
-----
u	Rank 0/1:      12.49156284 	 (32,111,9)	 |        3.83399725 	 (41,86,3)	 |      10.76970005 
-----
v	Rank 0/1:       2.66512108 	 (122,71,12)	 |       -2.60119247 	 (38,4,21)	 |       0.00533730 
-----
w	Rank 0/1:       3.40829229 	 (42,12,26)	 |       -2.18766379 	 (36,123,13)	 |       0.00019174 
-----
theta	Rank 0/1:     315.80215454 	 (109,22,124)	 |      299.77749634 	 (42,28,12)	 |     303.97930908 
-----
press	Rank 0/1:      22.17187500 	 (45,18,21)	 |        9.07812500 	 (45,17,10)	 |      17.97187805 
-----
TKE_0	Rank 0/1:       2.31815863 	 (23,49,4)	 |        0.00000000 	 (121,65,6)	 |       0.04190564 
Dumping state at timestep = 20280...
Dumped state at timestep = 20280...
Rank 0/1: Batch complete results sent via cudaMemcpyDeviceToHost.

			!!!!!	  TIMESTEP PERFORMANCE  	 !!!!! 
 Total Time (s) | Batch Steps 	| Time/step (s) | Comp./step (s) | IO Time (s)
---------------------------------------------------------------------------------------------------------
   144.3607 	|    10140 	|    0.0142 	|    0.0142 	 |   0.163318 

********************************************************************************************************
Main Time: Advancing simulation timestep = 30420... and time =  900.00000

_____________________#######_________  STATE-SUMMARY @ it = 30420 _________#######____________________ 

			!!!!!	  HYDRO_CORE 	 !!!!! 
Field 	|	 max	     --(i,j,k)		 |	  min	     --(i,j,k)		 |	 mean
---------------------------------------------------------------------------------------------------------
********-----
 Model Fields -
 ********-----
rho	Rank 0/1:       1.14079952 	 (62,120,3)	 |        0.84362930 	 (52,88,124)	 |       1.03991175 
-----
u	Rank 0/1:      13.15138340 	 (116,47,30)	 |        4.37539768 	 (54,72,3)	 |      10.69675446 
-----
v	Rank 0/1:       3.26630330 	 (86,53,21)	 |       -3.10288167 	 (123,103,21)	 |       0.01013781 
-----
w	Rank 0/1:       4.39651680 	 (32,88,53)	 |       -2.82383585 	 (34,78,10)	 |       0.00023518 
-----
theta	Rank 0/1:     315.80258179 	 (52,88,124)	 |      299.85769653 	 (77,62,7)	 |     304.07891846 
-----
press	Rank 0/1:      29.28125000 	 (81,17,38)	 |       15.93750000 	 (80,80,8)	 |      26.09107971 
-----
TKE_0	Rank 0/1:       1.88910878 	 (46,14,4)	 |        0.00000000 	 (44,121,6)	 |       0.04916355 
Dumping state at timestep = 30420...
Dumped state at timestep = 30420...
Rank 0/1: Batch complete results sent via cudaMemcpyDeviceToHost.

			!!!!!	  TIMESTEP PERFORMANCE  	 !!!!! 
 Total Time (s) | Batch Steps 	| Time/step (s) | Comp./step (s) | IO Time (s)
---------------------------------------------------------------------------------------------------------
   144.4017 	|    10140 	|    0.0142 	|    0.0142 	 |   0.166141 

********************************************************************************************************
Main Time: Advancing simulation timestep = 40560... and time = 1200.00000

_____________________#######_________  STATE-SUMMARY @ it = 40560 _________#######____________________ 

			!!!!!	  HYDRO_CORE 	 !!!!! 
Field 	|	 max	     --(i,j,k)		 |	  min	     --(i,j,k)		 |	 mean
---------------------------------------------------------------------------------------------------------
********-----
 Model Fields -
 ********-----
rho	Rank 0/1:       1.14073515 	 (18,8,3)	 |        0.84369749 	 (101,6,124)	 |       1.03977787 
-----
u	Rank 0/1:      13.52360153 	 (98,108,35)	 |        3.96906757 	 (104,6,3)	 |      10.63585377 
-----
v	Rank 0/1:       3.25660157 	 (16,60,5)	 |       -3.44930720 	 (33,62,36)	 |       0.01636463 
-----
w	Rank 0/1:       4.90143728 	 (39,72,54)	 |       -2.89482689 	 (20,10,14)	 |       0.00027947 
-----
theta	Rank 0/1:     315.80270386 	 (39,12,124)	 |      299.85900879 	 (100,6,8)	 |     304.17898560 
-----
press	Rank 0/1:      38.83593750 	 (69,117,31)	 |       23.63281250 	 (107,124,9)	 |      34.19166946 
-----
TKE_0	Rank 0/1:       1.96084940 	 (40,7,4)	 |        0.00000000 	 (72,87,7)	 |       0.05529782 
Dumping state at timestep = 40560...
Dumped state at timestep = 40560...
Rank 0/1: Batch complete results sent via cudaMemcpyDeviceToHost.

			!!!!!	  TIMESTEP PERFORMANCE  	 !!!!! 
 Total Time (s) | Batch Steps 	| Time/step (s) | Comp./step (s) | IO Time (s)
---------------------------------------------------------------------------------------------------------
   144.3924 	|    10140 	|    0.0142 	|    0.0142 	 |   0.163736 

********************************************************************************************************
Main Time: Advancing simulation timestep = 50700... and time = 1500.00000

_____________________#######_________  STATE-SUMMARY @ it = 50700 _________#######____________________ 

			!!!!!	  HYDRO_CORE 	 !!!!! 
Field 	|	 max	     --(i,j,k)		 |	  min	     --(i,j,k)		 |	 mean
---------------------------------------------------------------------------------------------------------
********-----
 Model Fields -
 ********-----
rho	Rank 0/1:       1.14090562 	 (34,95,4)	 |        0.84376514 	 (54,12,124)	 |       1.03968990 
-----
u	Rank 0/1:      13.39497948 	 (4,43,56)	 |        3.86335158 	 (65,88,3)	 |      10.54450512 
-----
v	Rank 0/1:       3.81470799 	 (88,121,19)	 |       -4.06582069 	 (68,38,14)	 |       0.02193101 
-----
w	Rank 0/1:       4.55638933 	 (7,104,37)	 |       -3.50140381 	 (116,124,30)	 |       0.00032201 
-----
theta	Rank 0/1:     315.80313110 	 (54,12,124)	 |      299.49707031 	 (41,100,72)	 |     304.25656128 
-----
press	Rank 0/1:      48.31250000 	 (15,87,72)	 |       27.84375000 	 (13,68,9)	 |      42.16685486 
-----
TKE_0	Rank 0/1:       1.97126150 	 (40,17,4)	 |        0.00000000 	 (83,112,7)	 |       0.06110726 
Dumping state at timestep = 50700...
Dumped state at timestep = 50700...
Rank 0/1: Batch complete results sent via cudaMemcpyDeviceToHost.

			!!!!!	  TIMESTEP PERFORMANCE  	 !!!!! 
 Total Time (s) | Batch Steps 	| Time/step (s) | Comp./step (s) | IO Time (s)
---------------------------------------------------------------------------------------------------------
   144.0882 	|    10140 	|    0.0142 	|    0.0142 	 |   0.159512 

********************************************************************************************************
Main Time: Advancing simulation timestep = 60840... and time = 1800.00000

_____________________#######_________  STATE-SUMMARY @ it = 60840 _________#######____________________ 

			!!!!!	  HYDRO_CORE 	 !!!!! 
Field 	|	 max	     --(i,j,k)		 |	  min	     --(i,j,k)		 |	 mean
---------------------------------------------------------------------------------------------------------
********-----
 Model Fields -
 ********-----
rho	Rank 0/1:       1.14099908 	 (42,112,4)	 |        0.84383303 	 (108,101,124)	 |       1.03953493 
-----
u	Rank 0/1:      13.53036404 	 (48,112,6)	 |        3.80369210 	 (5,15,3)	 |      10.48568249 
-----
v	Rank 0/1:       4.65321016 	 (46,70,5)	 |       -4.37083530 	 (87,66,3)	 |       0.03110983 
-----
w	Rank 0/1:       4.82992744 	 (58,33,40)	 |       -3.84707308 	 (85,66,13)	 |       0.00031517 
-----
theta	Rank 0/1:     315.80361938 	 (108,101,124)	 |      299.55847168 	 (114,77,72)	 |     304.28372192 
-----
press	Rank 0/1:      58.40625000 	 (14,110,72)	 |       34.42187500 	 (87,65,6)	 |      50.37334442 
-----
TKE_0	Rank 0/1:       2.63846564 	 (48,112,4)	 |        0.00000000 	 (24,23,7)	 |       0.06339236 
Dumping state at timestep = 60840...
Dumped state at timestep = 60840...
Rank 0/1: Batch complete results sent via cudaMemcpyDeviceToHost.

			!!!!!	  TIMESTEP PERFORMANCE  	 !!!!! 
 Total Time (s) | Batch Steps 	| Time/step (s) | Comp./step (s) | IO Time (s)
---------------------------------------------------------------------------------------------------------
   144.4106 	|    10140 	|    0.0142 	|    0.0142 	 |   0.162533 

********************************************************************************************************
Main Time: Advancing simulation timestep = 70980... and time = 2100.00000

_____________________#######_________  STATE-SUMMARY @ it = 70980 _________#######____________________ 

			!!!!!	  HYDRO_CORE 	 !!!!! 
Field 	|	 max	     --(i,j,k)		 |	  min	     --(i,j,k)		 |	 mean
---------------------------------------------------------------------------------------------------------
********-----
 Model Fields -
 ********-----
rho	Rank 0/1:       1.14065158 	 (76,84,3)	 |        0.84390002 	 (101,44,124)	 |       1.03953266 
-----
u	Rank 0/1:      13.82530403 	 (40,79,32)	 |        3.22420788 	 (51,81,3)	 |      10.44909477 
-----
v	Rank 0/1:       5.04637861 	 (29,35,18)	 |       -4.71857309 	 (87,39,21)	 |       0.04100732 
-----
w	Rank 0/1:       4.88764095 	 (100,123,46)	 |       -3.61285973 	 (21,66,19)	 |       0.00031616 
-----
theta	Rank 0/1:     315.80413818 	 (101,44,124)	 |      299.82855225 	 (109,59,73)	 |     304.28918457 
-----
press	Rank 0/1:      66.63281250 	 (46,81,73)	 |       39.96093750 	 (21,63,18)	 |      58.61143112 
-----
TKE_0	Rank 0/1:       2.49380732 	 (38,35,4)	 |        0.00000000 	 (33,109,7)	 |       0.06320940 
Dumping state at timestep = 70980...
Dumped state at timestep = 70980...
Rank 0/1: Batch complete results sent via cudaMemcpyDeviceToHost.

			!!!!!	  TIMESTEP PERFORMANCE  	 !!!!! 
 Total Time (s) | Batch Steps 	| Time/step (s) | Comp./step (s) | IO Time (s)
---------------------------------------------------------------------------------------------------------
   144.3765 	|    10140 	|    0.0142 	|    0.0142 	 |   0.158839 

********************************************************************************************************
Main Time: Advancing simulation timestep = 81120... and time = 2400.00000

_____________________#######_________  STATE-SUMMARY @ it = 81120 _________#######____________________ 

			!!!!!	  HYDRO_CORE 	 !!!!! 
Field 	|	 max	     --(i,j,k)		 |	  min	     --(i,j,k)		 |	 mean
---------------------------------------------------------------------------------------------------------
********-----
 Model Fields -
 ********-----
rho	Rank 0/1:       1.14043331 	 (99,97,3)	 |        0.84396499 	 (116,44,124)	 |       1.03951144 
-----
u	Rank 0/1:      13.60423946 	 (109,61,51)	 |        3.45227385 	 (86,13,3)	 |      10.40455818 
-----
v	Rank 0/1:       4.12489700 	 (59,21,16)	 |       -4.14282274 	 (115,76,9)	 |       0.04874809 
-----
w	Rank 0/1:       4.95710802 	 (41,86,52)	 |       -3.39469075 	 (68,82,16)	 |       0.00033405 
-----
theta	Rank 0/1:     315.80477905 	 (116,44,124)	 |      299.69531250 	 (115,74,72)	 |     304.29412842 
-----
press	Rank 0/1:      75.28125000 	 (41,19,75)	 |       48.13281250 	 (94,49,13)	 |      66.91341400 
-----
TKE_0	Rank 0/1:       1.91058350 	 (114,79,4)	 |        0.00000000 	 (56,75,7)	 |       0.05929127 
Dumping state at timestep = 81120...
Dumped state at timestep = 81120...
Rank 0/1: Batch complete results sent via cudaMemcpyDeviceToHost.

			!!!!!	  TIMESTEP PERFORMANCE  	 !!!!! 
 Total Time (s) | Batch Steps 	| Time/step (s) | Comp./step (s) | IO Time (s)
---------------------------------------------------------------------------------------------------------
   144.3899 	|    10140 	|    0.0142 	|    0.0142 	 |   0.161969 

********************************************************************************************************
Main Time: Advancing simulation timestep = 91260... and time = 2700.00000

_____________________#######_________  STATE-SUMMARY @ it = 91260 _________#######____________________ 

			!!!!!	  HYDRO_CORE 	 !!!!! 
Field 	|	 max	     --(i,j,k)		 |	  min	     --(i,j,k)		 |	 mean
---------------------------------------------------------------------------------------------------------
********-----
 Model Fields -
 ********-----
rho	Rank 0/1:       1.14003563 	 (26,97,4)	 |        0.84403419 	 (10,44,124)	 |       1.03950787 
-----
u	Rank 0/1:      13.51361465 	 (23,89,17)	 |        3.36172891 	 (41,76,3)	 |      10.36364174 
-----
v	Rank 0/1:       4.23716402 	 (17,44,19)	 |       -4.18080139 	 (88,62,10)	 |       0.06171247 
-----
w	Rank 0/1:       4.78222370 	 (23,90,41)	 |       -3.23955393 	 (20,47,15)	 |       0.00035369 
-----
theta	Rank 0/1:     315.80426025 	 (10,44,124)	 |      299.62731934 	 (79,18,73)	 |     304.30215454 
-----
press	Rank 0/1:      83.82812500 	 (82,17,72)	 |       56.10156250 	 (17,44,15)	 |      75.22531891 
-----
TKE_0	Rank 0/1:       2.13673329 	 (42,95,4)	 |        0.00000000 	 (114,98,7)	 |       0.05764968 
Dumping state at timestep = 91260...
Dumped state at timestep = 91260...
Rank 0/1: Batch complete results sent via cudaMemcpyDeviceToHost.

			!!!!!	  TIMESTEP PERFORMANCE  	 !!!!! 
 Total Time (s) | Batch Steps 	| Time/step (s) | Comp./step (s) | IO Time (s)
---------------------------------------------------------------------------------------------------------
   144.4206 	|    10140 	|    0.0142 	|    0.0142 	 |   0.160490 

********************************************************************************************************
Main Time: Advancing simulation timestep = 101400... and time = 3000.00000

_____________________#######_________  STATE-SUMMARY @ it = 101400 _________#######____________________ 

			!!!!!	  HYDRO_CORE 	 !!!!! 
Field 	|	 max	     --(i,j,k)		 |	  min	     --(i,j,k)		 |	 mean
---------------------------------------------------------------------------------------------------------
********-----
 Model Fields -
 ********-----
rho	Rank 0/1:       1.14001858 	 (21,122,3)	 |        0.84410304 	 (52,113,124)	 |       1.03949988 
-----
u	Rank 0/1:      13.82301712 	 (23,87,49)	 |        3.47175550 	 (69,45,3)	 |      10.32515621 
-----
v	Rank 0/1:       4.98996973 	 (44,40,39)	 |       -3.71241045 	 (96,42,29)	 |       0.07484526 
-----
w	Rank 0/1:       4.81958008 	 (83,19,47)	 |       -3.29321122 	 (11,43,30)	 |       0.00035623 
-----
theta	Rank 0/1:     315.80398560 	 (45,101,124)	 |      300.00952148 	 (75,18,72)	 |     304.29992676 
-----
press	Rank 0/1:      93.25000000 	 (28,87,75)	 |       66.10937500 	 (89,6,14)	 |      83.43430328 
-----
TKE_0	Rank 0/1:       2.06326771 	 (77,49,4)	 |        0.00000000 	 (30,121,7)	 |       0.05691817 
Dumping state at timestep = 101400...
Dumped state at timestep = 101400...
Rank 0/1: Batch complete results sent via cudaMemcpyDeviceToHost.

			!!!!!	  TIMESTEP PERFORMANCE  	 !!!!! 
 Total Time (s) | Batch Steps 	| Time/step (s) | Comp./step (s) | IO Time (s)
---------------------------------------------------------------------------------------------------------
   143.9670 	|    10140 	|    0.0142 	|    0.0142 	 |   0.166711 

********************************************************************************************************
Main Time: Advancing simulation timestep = 111540... and time = 3300.00000

_____________________#######_________  STATE-SUMMARY @ it = 111540 _________#######____________________ 

			!!!!!	  HYDRO_CORE 	 !!!!! 
Field 	|	 max	     --(i,j,k)		 |	  min	     --(i,j,k)		 |	 mean
---------------------------------------------------------------------------------------------------------
********-----
 Model Fields -
 ********-----
rho	Rank 0/1:       1.14034116 	 (46,3,3)	 |        0.84417152 	 (86,66,124)	 |       1.03972399 
-----
u	Rank 0/1:      13.34710312 	 (71,16,31)	 |        3.35908580 	 (54,47,3)	 |      10.26431847 
-----
v	Rank 0/1:       4.26987934 	 (122,86,20)	 |       -3.81662202 	 (103,74,7)	 |       0.09233790 
-----
w	Rank 0/1:       5.64098454 	 (71,14,30)	 |       -3.18800163 	 (32,50,27)	 |       0.00033436 
-----
theta	Rank 0/1:     315.80404663 	 (87,66,124)	 |      299.81356812 	 (37,74,73)	 |     304.31027222 
-----
press	Rank 0/1:     102.37500000 	 (87,30,72)	 |       70.67968750 	 (122,86,16)	 |      92.07509613 
-----
TKE_0	Rank 0/1:       1.79608631 	 (44,21,4)	 |        0.00000000 	 (50,88,7)	 |       0.05554367 
Dumping state at timestep = 111540...
Dumped state at timestep = 111540...
Rank 0/1: Batch complete results sent via cudaMemcpyDeviceToHost.

			!!!!!	  TIMESTEP PERFORMANCE  	 !!!!! 
 Total Time (s) | Batch Steps 	| Time/step (s) | Comp./step (s) | IO Time (s)
---------------------------------------------------------------------------------------------------------
   144.3780 	|    10140 	|    0.0142 	|    0.0142 	 |   0.169057 

********************************************************************************************************
Main Time: Advancing simulation timestep = 121680... and time = 3600.00000

_____________________#######_________  STATE-SUMMARY @ it = 121680 _________#######____________________ 

			!!!!!	  HYDRO_CORE 	 !!!!! 
Field 	|	 max	     --(i,j,k)		 |	  min	     --(i,j,k)		 |	 mean
---------------------------------------------------------------------------------------------------------
********-----
 Model Fields -
 ********-----
rho	Rank 0/1:       1.13965213 	 (55,98,4)	 |        0.84423965 	 (58,44,124)	 |       1.03990555 
-----
u	Rank 0/1:      12.83766556 	 (7,94,42)	 |        3.32220912 	 (34,42,3)	 |      10.21011734 
-----
v	Rank 0/1:       4.51573849 	 (83,9,7)	 |       -3.78366804 	 (9,92,6)	 |       0.11867120 
-----
w	Rank 0/1:       4.73183107 	 (107,83,23)	 |       -3.17206764 	 (5,35,21)	 |       0.00035164 
-----
theta	Rank 0/1:     315.80404663 	 (58,44,124)	 |      299.74124146 	 (84,19,72)	 |     304.32290649 
-----
press	Rank 0/1:     111.87500000 	 (59,48,72)	 |       83.73437500 	 (73,66,16)	 |     100.31545258 
-----
TKE_0	Rank 0/1:       1.81784630 	 (31,43,4)	 |        0.00000000 	 (42,80,6)	 |       0.05425069 
Dumping state at timestep = 121680...
Dumped state at timestep = 121680...
Rank 0/1: Batch complete results sent via cudaMemcpyDeviceToHost.

			!!!!!	  TIMESTEP PERFORMANCE  	 !!!!! 
 Total Time (s) | Batch Steps 	| Time/step (s) | Comp./step (s) | IO Time (s)
---------------------------------------------------------------------------------------------------------
   144.4537 	|    10140 	|    0.0142 	|    0.0142 	 |   0.163376 

********************************************************************************************************
Main Time: Advancing simulation timestep = 131820... and time = 3900.00000

_____________________#######_________  STATE-SUMMARY @ it = 131820 _________#######____________________ 

			!!!!!	  HYDRO_CORE 	 !!!!! 
Field 	|	 max	     --(i,j,k)		 |	  min	     --(i,j,k)		 |	 mean
---------------------------------------------------------------------------------------------------------
********-----
 Model Fields -
 ********-----
rho	Rank 0/1:       1.13952541 	 (59,108,4)	 |        0.84430707 	 (118,66,124)	 |       1.03993714 
-----
u	Rank 0/1:      13.25840759 	 (105,92,18)	 |        3.51812315 	 (83,41,3)	 |      10.15264797 
-----
v	Rank 0/1:       4.42345905 	 (80,30,9)	 |       -4.29653692 	 (9,71,11)	 |       0.13470545 
-----
w	Rank 0/1:       5.17634821 	 (55,33,45)	 |       -2.83115816 	 (13,38,34)	 |       0.00035894 
-----
theta	Rank 0/1:     315.80422974 	 (118,66,124)	 |      299.94979858 	 (68,68,72)	 |     304.33383179 
-----
press	Rank 0/1:     119.76562500 	 (56,72,75)	 |       89.24218750 	 (80,43,14)	 |     108.64282990 
-----
TKE_0	Rank 0/1:       1.92403293 	 (47,25,4)	 |        0.00000000 	 (75,80,7)	 |       0.05282341 
Dumping state at timestep = 131820...
Dumped state at timestep = 131820...
Rank 0/1: Batch complete results sent via cudaMemcpyDeviceToHost.

			!!!!!	  TIMESTEP PERFORMANCE  	 !!!!! 
 Total Time (s) | Batch Steps 	| Time/step (s) | Comp./step (s) | IO Time (s)
---------------------------------------------------------------------------------------------------------
   144.3797 	|    10140 	|    0.0142 	|    0.0142 	 |   0.163343 

********************************************************************************************************
Main Time: Advancing simulation timestep = 141960... and time = 4200.00000

_____________________#######_________  STATE-SUMMARY @ it = 141960 _________#######____________________ 

			!!!!!	  HYDRO_CORE 	 !!!!! 
Field 	|	 max	     --(i,j,k)		 |	  min	     --(i,j,k)		 |	 mean
---------------------------------------------------------------------------------------------------------
********-----
 Model Fields -
 ********-----
rho	Rank 0/1:       1.13950610 	 (79,50,4)	 |        0.84437406 	 (92,101,124)	 |       1.03992009 
-----
u	Rank 0/1:      13.24485970 	 (45,46,50)	 |        3.22332668 	 (58,60,3)	 |      10.10361767 
-----
v	Rank 0/1:       5.17413807 	 (49,22,5)	 |       -4.34363031 	 (54,35,41)	 |       0.15905617 
-----
w	Rank 0/1:       5.24847221 	 (63,41,53)	 |       -2.94279528 	 (49,30,17)	 |       0.00036796 
-----
theta	Rank 0/1:     315.80459595 	 (92,101,124)	 |      300.09637451 	 (62,18,72)	 |     304.35052490 
-----
press	Rank 0/1:     129.68750000 	 (31,31,75)	 |       97.21875000 	 (115,59,20)	 |     117.04588318 
-----
TKE_0	Rank 0/1:       1.91887164 	 (70,73,4)	 |        0.00000000 	 (45,93,7)	 |       0.05209105 
Dumping state at timestep = 141960...
Dumped state at timestep = 141960...
Rank 0/1: Batch complete results sent via cudaMemcpyDeviceToHost.

			!!!!!	  TIMESTEP PERFORMANCE  	 !!!!! 
 Total Time (s) | Batch Steps 	| Time/step (s) | Comp./step (s) | IO Time (s)
---------------------------------------------------------------------------------------------------------
   144.0077 	|    10140 	|    0.0142 	|    0.0142 	 |   0.161169 

********************************************************************************************************
Main Time: Advancing simulation timestep = 152100... and time = 4500.00000

_____________________#######_________  STATE-SUMMARY @ it = 152100 _________#######____________________ 

			!!!!!	  HYDRO_CORE 	 !!!!! 
Field 	|	 max	     --(i,j,k)		 |	  min	     --(i,j,k)		 |	 mean
---------------------------------------------------------------------------------------------------------
********-----
 Model Fields -
 ********-----
rho	Rank 0/1:       1.13977003 	 (52,75,3)	 |        0.84444273 	 (28,66,124)	 |       1.03982139 
-----
u	Rank 0/1:      12.50158596 	 (113,75,33)	 |        3.30199718 	 (4,99,3)	 |      10.05962086 
-----
v	Rank 0/1:       5.14072132 	 (56,42,8)	 |       -3.99590707 	 (13,69,17)	 |       0.19244336 
-----
w	Rank 0/1:       5.06783915 	 (38,41,38)	 |       -2.82137585 	 (113,35,17)	 |       0.00034799 
-----
theta	Rank 0/1:     315.80444336 	 (28,66,124)	 |      299.77258301 	 (45,54,73)	 |     304.34219360 
-----
press	Rank 0/1:     138.31250000 	 (64,73,73)	 |      107.28125000 	 (39,55,3)	 |     125.21916199 
-----
TKE_0	Rank 0/1:       1.91925514 	 (118,97,4)	 |        0.00000000 	 (85,58,6)	 |       0.05083166 
Dumping state at timestep = 152100...
Dumped state at timestep = 152100...
Rank 0/1: Batch complete results sent via cudaMemcpyDeviceToHost.

			!!!!!	  TIMESTEP PERFORMANCE  	 !!!!! 
 Total Time (s) | Batch Steps 	| Time/step (s) | Comp./step (s) | IO Time (s)
---------------------------------------------------------------------------------------------------------
   144.6237 	|    10140 	|    0.0143 	|    0.0142 	 |   0.162877 

********************************************************************************************************
Main Time: Advancing simulation timestep = 162240... and time = 4800.00000

_____________________#######_________  STATE-SUMMARY @ it = 162240 _________#######____________________ 

			!!!!!	  HYDRO_CORE 	 !!!!! 
Field 	|	 max	     --(i,j,k)		 |	  min	     --(i,j,k)		 |	 mean
---------------------------------------------------------------------------------------------------------
********-----
 Model Fields -
 ********-----
rho	Rank 0/1:       1.13900506 	 (16,69,4)	 |        0.84451157 	 (35,61,124)	 |       1.03973353 
-----
u	Rank 0/1:      13.76696682 	 (27,49,20)	 |        2.99408603 	 (108,55,3)	 |      10.02559662 
-----
v	Rank 0/1:       5.50719213 	 (41,50,10)	 |       -4.99891996 	 (3,92,19)	 |       0.22269203 
-----
w	Rank 0/1:       5.68532562 	 (101,64,60)	 |       -2.90618491 	 (81,48,65)	 |       0.00034468 
-----
theta	Rank 0/1:     315.80450439 	 (35,61,124)	 |      300.25390625 	 (73,86,72)	 |     304.33026123 
-----
press	Rank 0/1:     148.54687500 	 (97,60,72)	 |      107.42187500 	 (23,52,18)	 |     133.73892212 
-----
TKE_0	Rank 0/1:       1.73733127 	 (82,109,4)	 |        0.00000000 	 (26,99,6)	 |       0.04954226 
Dumping state at timestep = 162240...
Dumped state at timestep = 162240...
Rank 0/1: Batch complete results sent via cudaMemcpyDeviceToHost.

			!!!!!	  TIMESTEP PERFORMANCE  	 !!!!! 
 Total Time (s) | Batch Steps 	| Time/step (s) | Comp./step (s) | IO Time (s)
---------------------------------------------------------------------------------------------------------
   144.9047 	|    10140 	|    0.0143 	|    0.0143 	 |   0.158077 

********************************************************************************************************
Main Time: Advancing simulation timestep = 172380... and time = 5100.00000

_____________________#######_________  STATE-SUMMARY @ it = 172380 _________#######____________________ 

			!!!!!	  HYDRO_CORE 	 !!!!! 
Field 	|	 max	     --(i,j,k)		 |	  min	     --(i,j,k)		 |	 mean
---------------------------------------------------------------------------------------------------------
********-----
 Model Fields -
 ********-----
rho	Rank 0/1:       1.13936532 	 (10,72,4)	 |        0.84457844 	 (50,61,124)	 |       1.03967643 
-----
u	Rank 0/1:      13.97386360 	 (16,60,17)	 |        3.12165785 	 (7,62,3)	 |       9.99250698 
-----
v	Rank 0/1:       5.83371162 	 (16,60,12)	 |       -5.11209869 	 (86,100,7)	 |       0.24786645 
-----
w	Rank 0/1:       6.07761145 	 (17,63,18)	 |       -3.51510167 	 (6,77,63)	 |       0.00035680 
-----
theta	Rank 0/1:     315.80480957 	 (50,61,124)	 |      300.10430908 	 (108,39,72)	 |     304.34600830 
-----
press	Rank 0/1:     156.61718750 	 (40,113,75)	 |      105.03906250 	 (15,60,17)	 |     142.04199219 
-----
TKE_0	Rank 0/1:       2.06616187 	 (79,76,4)	 |        0.00000000 	 (103,50,7)	 |       0.05147886 
Dumping state at timestep = 172380...
Dumped state at timestep = 172380...
Rank 0/1: Batch complete results sent via cudaMemcpyDeviceToHost.

			!!!!!	  TIMESTEP PERFORMANCE  	 !!!!! 
 Total Time (s) | Batch Steps 	| Time/step (s) | Comp./step (s) | IO Time (s)
---------------------------------------------------------------------------------------------------------
   144.9363 	|    10140 	|    0.0143 	|    0.0143 	 |   0.166749 

********************************************************************************************************
Main Time: Advancing simulation timestep = 182520... and time = 5400.00000

_____________________#######_________  STATE-SUMMARY @ it = 182520 _________#######____________________ 

			!!!!!	  HYDRO_CORE 	 !!!!! 
Field 	|	 max	     --(i,j,k)		 |	  min	     --(i,j,k)		 |	 mean
---------------------------------------------------------------------------------------------------------
********-----
 Model Fields -
 ********-----
rho	Rank 0/1:       1.13906312 	 (91,53,3)	 |        0.84464580 	 (68,7,124)	 |       1.03964722 
-----
u	Rank 0/1:      13.69394684 	 (6,70,16)	 |        2.83865523 	 (7,72,3)	 |       9.94743633 
-----
v	Rank 0/1:       6.22132444 	 (7,72,8)	 |       -3.83585262 	 (60,99,13)	 |       0.25951022 
-----
w	Rank 0/1:       5.60110140 	 (61,76,50)	 |       -3.60557389 	 (115,81,56)	 |       0.00036659 
-----
theta	Rank 0/1:     315.80456543 	 (68,7,124)	 |      300.19888306 	 (57,87,72)	 |     304.37307739 
-----
press	Rank 0/1:     165.39843750 	 (58,69,72)	 |      119.00000000 	 (6,72,11)	 |     150.36563110 
-----
TKE_0	Rank 0/1:       3.40429044 	 (7,70,4)	 |        0.00000000 	 (96,54,7)	 |       0.05102162 
Dumping state at timestep = 182520...
Dumped state at timestep = 182520...
Rank 0/1: Batch complete results sent via cudaMemcpyDeviceToHost.

			!!!!!	  TIMESTEP PERFORMANCE  	 !!!!! 
 Total Time (s) | Batch Steps 	| Time/step (s) | Comp./step (s) | IO Time (s)
---------------------------------------------------------------------------------------------------------
   144.9286 	|    10140 	|    0.0143 	|    0.0143 	 |   0.172135 

********************************************************************************************************
Main Time: Advancing simulation timestep = 192660... and time = 5700.00000

_____________________#######_________  STATE-SUMMARY @ it = 192660 _________#######____________________ 

			!!!!!	  HYDRO_CORE 	 !!!!! 
Field 	|	 max	     --(i,j,k)		 |	  min	     --(i,j,k)		 |	 mean
---------------------------------------------------------------------------------------------------------
********-----
 Model Fields -
 ********-----
rho	Rank 0/1:       1.13907921 	 (90,15,4)	 |        0.84471339 	 (31,104,124)	 |       1.03950417 
-----
u	Rank 0/1:      12.69754219 	 (113,75,31)	 |        3.33972740 	 (45,27,3)	 |       9.89428329 
-----
v	Rank 0/1:       5.25835419 	 (13,47,24)	 |       -3.75816870 	 (100,71,14)	 |       0.27055365 
-----
w	Rank 0/1:       5.32508993 	 (111,85,54)	 |       -2.91488242 	 (4,52,20)	 |       0.00033968 
-----
theta	Rank 0/1:     315.80441284 	 (31,104,124)	 |      299.91094971 	 (121,99,73)	 |     304.37145996 
-----
press	Rank 0/1:     175.39843750 	 (108,96,75)	 |      134.70312500 	 (104,73,7)	 |     158.81420898 
-----
TKE_0	Rank 0/1:       1.86928046 	 (35,34,4)	 |        0.00000000 	 (20,110,7)	 |       0.04973190 
Dumping state at timestep = 192660...
Dumped state at timestep = 192660...
Rank 0/1: Batch complete results sent via cudaMemcpyDeviceToHost.

			!!!!!	  TIMESTEP PERFORMANCE  	 !!!!! 
 Total Time (s) | Batch Steps 	| Time/step (s) | Comp./step (s) | IO Time (s)
---------------------------------------------------------------------------------------------------------
   144.9301 	|    10140 	|    0.0143 	|    0.0143 	 |   0.162655 

********************************************************************************************************
Main Time: Advancing simulation timestep = 202800... and time = 6000.00000

_____________________#######_________  STATE-SUMMARY @ it = 202800 _________#######____________________ 

			!!!!!	  HYDRO_CORE 	 !!!!! 
Field 	|	 max	     --(i,j,k)		 |	  min	     --(i,j,k)		 |	 mean
---------------------------------------------------------------------------------------------------------
********-----
 Model Fields -
 ********-----
rho	Rank 0/1:       1.13858163 	 (115,30,4)	 |        0.84477776 	 (118,40,124)	 |       1.03942478 
-----
u	Rank 0/1:      13.16409111 	 (65,70,21)	 |        2.97483635 	 (103,59,3)	 |       9.85084724 
-----
v	Rank 0/1:       5.11147833 	 (99,98,38)	 |       -3.99867964 	 (84,81,31)	 |       0.28695998 
-----
w	Rank 0/1:       6.39269924 	 (87,84,29)	 |       -3.19682288 	 (99,3,59)	 |       0.00033133 
-----
theta	Rank 0/1:     315.80545044 	 (118,40,124)	 |      299.71478271 	 (111,110,73)	 |     304.36834717 
-----
press	Rank 0/1:     183.70312500 	 (28,102,75)	 |      142.14843750 	 (64,71,20)	 |     166.73220825 
-----
TKE_0	Rank 0/1:       1.78425241 	 (53,100,4)	 |        0.00000000 	 (106,82,7)	 |       0.04970077 
Dumping state at timestep = 202800...
Dumped state at timestep = 202800...
Rank 0/1: Batch complete results sent via cudaMemcpyDeviceToHost.

			!!!!!	  TIMESTEP PERFORMANCE  	 !!!!! 
 Total Time (s) | Batch Steps 	| Time/step (s) | Comp./step (s) | IO Time (s)
---------------------------------------------------------------------------------------------------------
   144.9449 	|    10140 	|    0.0143 	|    0.0143 	 |   0.160357 

********************************************************************************************************
Main Time: Advancing simulation timestep = 212940... and time = 6300.00000

_____________________#######_________  STATE-SUMMARY @ it = 212940 _________#######____________________ 

			!!!!!	  HYDRO_CORE 	 !!!!! 
Field 	|	 max	     --(i,j,k)		 |	  min	     --(i,j,k)		 |	 mean
---------------------------------------------------------------------------------------------------------
********-----
 Model Fields -
 ********-----
rho	Rank 0/1:       1.13862693 	 (70,17,4)	 |        0.84484547 	 (12,40,124)	 |       1.03933978 
-----
u	Rank 0/1:      12.53899288 	 (63,70,38)	 |        3.01233768 	 (113,84,3)	 |       9.80495262 
-----
v	Rank 0/1:       4.75317430 	 (119,48,26)	 |       -3.68929768 	 (9,96,12)	 |       0.31099379 
-----
w	Rank 0/1:       4.84348965 	 (89,99,51)	 |       -2.93084741 	 (68,103,43)	 |       0.00034283 
-----
theta	Rank 0/1:     315.80505371 	 (12,40,124)	 |      299.86126709 	 (28,111,72)	 |     304.37963867 
-----
press	Rank 0/1:     192.46875000 	 (84,93,75)	 |      154.14062500 	 (13,72,6)	 |     174.90916443 
-----
TKE_0	Rank 0/1:       1.89726675 	 (22,64,4)	 |        0.00000000 	 (23,74,7)	 |       0.05020300 
Dumping state at timestep = 212940...
Dumped state at timestep = 212940...
Rank 0/1: Batch complete results sent via cudaMemcpyDeviceToHost.

			!!!!!	  TIMESTEP PERFORMANCE  	 !!!!! 
 Total Time (s) | Batch Steps 	| Time/step (s) | Comp./step (s) | IO Time (s)
---------------------------------------------------------------------------------------------------------
   144.9199 	|    10140 	|    0.0143 	|    0.0143 	 |   0.169053 

********************************************************************************************************
Main Time: Advancing simulation timestep = 223080... and time = 6600.00000

_____________________#######_________  STATE-SUMMARY @ it = 223080 _________#######____________________ 

			!!!!!	  HYDRO_CORE 	 !!!!! 
Field 	|	 max	     --(i,j,k)		 |	  min	     --(i,j,k)		 |	 mean
---------------------------------------------------------------------------------------------------------
********-----
 Model Fields -
 ********-----
rho	Rank 0/1:       1.13847780 	 (59,89,4)	 |        0.84491193 	 (91,55,124)	 |       1.03933573 
-----
u	Rank 0/1:      12.26657677 	 (106,48,19)	 |        2.85257792 	 (32,92,3)	 |       9.75819492 
-----
v	Rank 0/1:       4.70308781 	 (42,89,12)	 |       -3.53404379 	 (18,75,32)	 |       0.34377980 
-----
w	Rank 0/1:       4.35918427 	 (5,57,59)	 |       -3.09918737 	 (53,111,46)	 |       0.00035844 
-----
theta	Rank 0/1:     315.80487061 	 (27,40,124)	 |      300.43093872 	 (78,110,73)	 |     304.39648438 
-----
press	Rank 0/1:     200.80468750 	 (68,114,75)	 |      161.57031250 	 (79,98,10)	 |     183.25517273 
-----
TKE_0	Rank 0/1:       1.66770136 	 (88,113,4)	 |        0.00000000 	 (73,117,7)	 |       0.04880626 
Dumping state at timestep = 223080...
Dumped state at timestep = 223080...
Rank 0/1: Batch complete results sent via cudaMemcpyDeviceToHost.

			!!!!!	  TIMESTEP PERFORMANCE  	 !!!!! 
 Total Time (s) | Batch Steps 	| Time/step (s) | Comp./step (s) | IO Time (s)
---------------------------------------------------------------------------------------------------------
   144.9024 	|    10140 	|    0.0143 	|    0.0143 	 |   0.160472 

********************************************************************************************************
Main Time: Advancing simulation timestep = 233220... and time = 6900.00000

_____________________#######_________  STATE-SUMMARY @ it = 233220 _________#######____________________ 

			!!!!!	  HYDRO_CORE 	 !!!!! 
Field 	|	 max	     --(i,j,k)		 |	  min	     --(i,j,k)		 |	 mean
---------------------------------------------------------------------------------------------------------
********-----
 Model Fields -
 ********-----
rho	Rank 0/1:       1.13829291 	 (108,110,4)	 |        0.84498036 	 (107,55,124)	 |       1.03927469 
-----
u	Rank 0/1:      12.49518013 	 (101,67,28)	 |        2.89224052 	 (111,100,3)	 |       9.72278118 
-----
v	Rank 0/1:       5.13475275 	 (56,108,20)	 |       -3.42669487 	 (75,120,14)	 |       0.37352961 
-----
w	Rank 0/1:       5.64330626 	 (9,103,44)	 |       -2.82685971 	 (20,91,30)	 |       0.00034748 
-----
theta	Rank 0/1:     315.80447388 	 (122,63,124)	 |      300.10140991 	 (78,15,72)	 |     304.39990234 
-----
press	Rank 0/1:     209.82031250 	 (78,90,75)	 |      170.24218750 	 (57,109,17)	 |     191.67764282 
-----
TKE_0	Rank 0/1:       1.46071386 	 (74,42,4)	 |        0.00000000 	 (37,69,7)	 |       0.04720076 
Dumping state at timestep = 233220...
Dumped state at timestep = 233220...
Rank 0/1: Batch complete results sent via cudaMemcpyDeviceToHost.

			!!!!!	  TIMESTEP PERFORMANCE  	 !!!!! 
 Total Time (s) | Batch Steps 	| Time/step (s) | Comp./step (s) | IO Time (s)
---------------------------------------------------------------------------------------------------------
   144.8799 	|    10140 	|    0.0143 	|    0.0143 	 |   0.163366 

********************************************************************************************************
Main Time: Advancing simulation timestep = 243360... and time = 7200.00000

_____________________#######_________  STATE-SUMMARY @ it = 243360 _________#######____________________ 

			!!!!!	  HYDRO_CORE 	 !!!!! 
Field 	|	 max	     --(i,j,k)		 |	  min	     --(i,j,k)		 |	 mean
---------------------------------------------------------------------------------------------------------
********-----
 Model Fields -
 ********-----
rho	Rank 0/1:       1.13799882 	 (18,93,4)	 |        0.84504628 	 (98,107,124)	 |       1.03921878 
-----
u	Rank 0/1:      12.92837143 	 (77,95,20)	 |        2.69205379 	 (118,115,3)	 |       9.69472408 
-----
v	Rank 0/1:       4.78120470 	 (110,107,18)	 |       -3.58854246 	 (99,9,4)	 |       0.40789378 
-----
w	Rank 0/1:       6.66200590 	 (5,122,41)	 |       -2.81951046 	 (116,101,62)	 |       0.00033805 
-----
theta	Rank 0/1:     315.80520630 	 (98,107,124)	 |      300.34008789 	 (117,124,74)	 |     304.41088867 
-----
press	Rank 0/1:     219.87500000 	 (105,120,74)	 |      174.71093750 	 (45,122,10)	 |     199.92439270 
-----
TKE_0	Rank 0/1:       1.53278255 	 (60,90,4)	 |        0.00000000 	 (60,98,7)	 |       0.04669701 
Dumping state at timestep = 243360...
Dumped state at timestep = 243360...
Rank 0/1: Batch complete results sent via cudaMemcpyDeviceToHost.

			!!!!!	  TIMESTEP PERFORMANCE  	 !!!!! 
 Total Time (s) | Batch Steps 	| Time/step (s) | Comp./step (s) | IO Time (s)
---------------------------------------------------------------------------------------------------------
   144.9525 	|    10140 	|    0.0143 	|    0.0143 	 |   0.170670 

********************************************************************************************************
Main Time: Advancing simulation timestep = 253500... and time = 7500.00000

_____________________#######_________  STATE-SUMMARY @ it = 253500 _________#######____________________ 

			!!!!!	  HYDRO_CORE 	 !!!!! 
Field 	|	 max	     --(i,j,k)		 |	  min	     --(i,j,k)		 |	 mean
---------------------------------------------------------------------------------------------------------
********-----
 Model Fields -
 ********-----
rho	Rank 0/1:       1.13795519 	 (8,78,4)	 |        0.84511501 	 (73,40,124)	 |       1.03920126 
-----
u	Rank 0/1:      12.50956917 	 (63,108,31)	 |        3.01843381 	 (69,95,3)	 |       9.67134476 
-----
v	Rank 0/1:       5.06300020 	 (80,10,42)	 |       -3.65838456 	 (52,100,70)	 |       0.43904498 
-----
w	Rank 0/1:       5.77716875 	 (23,7,52)	 |       -2.92573261 	 (45,18,49)	 |       0.00034357 
-----
theta	Rank 0/1:     315.80480957 	 (73,40,124)	 |      300.10604858 	 (36,3,73)	 |     304.41387939 
-----
press	Rank 0/1:     229.24218750 	 (42,112,75)	 |      184.76562500 	 (68,94,6)	 |     207.47613525 
-----
TKE_0	Rank 0/1:       1.66740870 	 (52,86,4)	 |        0.00000000 	 (14,78,7)	 |       0.04665457 
Dumping state at timestep = 253500...
Dumped state at timestep = 253500...
Rank 0/1: Batch complete results sent via cudaMemcpyDeviceToHost.

			!!!!!	  TIMESTEP PERFORMANCE  	 !!!!! 
 Total Time (s) | Batch Steps 	| Time/step (s) | Comp./step (s) | IO Time (s)
---------------------------------------------------------------------------------------------------------
   144.9703 	|    10140 	|    0.0143 	|    0.0143 	 |   0.170058 

********************************************************************************************************
Main Time: Advancing simulation timestep = 263640... and time = 7800.00000

_____________________#######_________  STATE-SUMMARY @ it = 263640 _________#######____________________ 

			!!!!!	  HYDRO_CORE 	 !!!!! 
Field 	|	 max	     --(i,j,k)		 |	  min	     --(i,j,k)		 |	 mean
---------------------------------------------------------------------------------------------------------
********-----
 Model Fields -
 ********-----
rho	Rank 0/1:       1.13774693 	 (112,59,4)	 |        0.84517759 	 (89,40,124)	 |       1.03913534 
-----
u	Rank 0/1:      12.41697979 	 (55,96,12)	 |        2.53797102 	 (49,98,3)	 |       9.62762451 
-----
v	Rank 0/1:       5.75423050 	 (51,99,9)	 |       -4.09140778 	 (97,33,5)	 |       0.47278762 
-----
w	Rank 0/1:       5.61598301 	 (52,7,43)	 |       -3.02843785 	 (48,37,62)	 |       0.00035630 
-----
theta	Rank 0/1:     315.80587769 	 (89,40,124)	 |      300.50656128 	 (94,24,72)	 |     304.43270874 
-----
press	Rank 0/1:     238.76562500 	 (19,28,75)	 |      188.43750000 	 (48,98,7)	 |     216.09706116 
-----
TKE_0	Rank 0/1:       2.41852307 	 (48,96,4)	 |        0.00000000 	 (87,12,7)	 |       0.04699072 
Dumping state at timestep = 263640...
Dumped state at timestep = 263640...
Rank 0/1: Batch complete results sent via cudaMemcpyDeviceToHost.

			!!!!!	  TIMESTEP PERFORMANCE  	 !!!!! 
 Total Time (s) | Batch Steps 	| Time/step (s) | Comp./step (s) | IO Time (s)
---------------------------------------------------------------------------------------------------------
   144.9455 	|    10140 	|    0.0143 	|    0.0143 	 |   0.162603 

********************************************************************************************************
Main Time: Advancing simulation timestep = 273780... and time = 8100.00000

_____________________#######_________  STATE-SUMMARY @ it = 273780 _________#######____________________ 

			!!!!!	  HYDRO_CORE 	 !!!!! 
Field 	|	 max	     --(i,j,k)		 |	  min	     --(i,j,k)		 |	 mean
---------------------------------------------------------------------------------------------------------
********-----
 Model Fields -
 ********-----
rho	Rank 0/1:       1.13814974 	 (45,81,3)	 |        0.84524250 	 (105,40,124)	 |       1.03908706 
-----
u	Rank 0/1:      12.26966381 	 (102,18,76)	 |        2.00192761 	 (23,6,3)	 |       9.59555340 
-----
v	Rank 0/1:       6.02281952 	 (25,3,5)	 |       -4.55128384 	 (112,50,25)	 |       0.50551772 
-----
w	Rank 0/1:       5.02341557 	 (64,34,47)	 |       -3.24871445 	 (21,47,28)	 |       0.00034613 
-----
theta	Rank 0/1:     315.80621338 	 (105,40,124)	 |      300.58438110 	 (74,51,71)	 |     304.42745972 
-----
press	Rank 0/1:     246.10937500 	 (32,40,75)	 |      194.53906250 	 (27,110,8)	 |     225.04821777 
-----
TKE_0	Rank 0/1:       1.74912441 	 (35,7,6)	 |        0.00000000 	 (46,81,5)	 |       0.04624686 
Dumping state at timestep = 273780...
Dumped state at timestep = 273780...
Rank 0/1: Batch complete results sent via cudaMemcpyDeviceToHost.

			!!!!!	  TIMESTEP PERFORMANCE  	 !!!!! 
 Total Time (s) | Batch Steps 	| Time/step (s) | Comp./step (s) | IO Time (s)
---------------------------------------------------------------------------------------------------------
   144.8537 	|    10140 	|    0.0143 	|    0.0143 	 |   0.161327 

********************************************************************************************************
Main Time: Advancing simulation timestep = 283920... and time = 8400.00000

_____________________#######_________  STATE-SUMMARY @ it = 283920 _________#######____________________ 

			!!!!!	  HYDRO_CORE 	 !!!!! 
Field 	|	 max	     --(i,j,k)		 |	  min	     --(i,j,k)		 |	 mean
---------------------------------------------------------------------------------------------------------
********-----
 Model Fields -
 ********-----
rho	Rank 0/1:       1.13767731 	 (38,21,4)	 |        0.84531289 	 (29,110,124)	 |       1.03911293 
-----
u	Rank 0/1:      12.46920204 	 (123,15,29)	 |        2.56595802 	 (11,15,3)	 |       9.56972027 
-----
v	Rank 0/1:       5.77198362 	 (16,20,18)	 |       -4.54354095 	 (84,46,20)	 |       0.54047322 
-----
w	Rank 0/1:       4.79778194 	 (18,25,43)	 |       -3.10850167 	 (65,70,51)	 |       0.00032612 
-----
theta	Rank 0/1:     315.80465698 	 (28,110,124)	 |      300.68655396 	 (17,44,73)	 |     304.41976929 
-----
press	Rank 0/1:     255.49218750 	 (124,31,73)	 |      206.99218750 	 (121,16,6)	 |     233.09765625 
-----
TKE_0	Rank 0/1:       1.65691519 	 (123,14,4)	 |        0.00000000 	 (45,7,7)	 |       0.04644679 
Dumping state at timestep = 283920...
Dumped state at timestep = 283920...
Rank 0/1: Batch complete results sent via cudaMemcpyDeviceToHost.

			!!!!!	  TIMESTEP PERFORMANCE  	 !!!!! 
 Total Time (s) | Batch Steps 	| Time/step (s) | Comp./step (s) | IO Time (s)
---------------------------------------------------------------------------------------------------------
   144.8978 	|    10140 	|    0.0143 	|    0.0143 	 |   0.163162 

********************************************************************************************************
Main Time: Advancing simulation timestep = 294060... and time = 8700.00000

_____________________#######_________  STATE-SUMMARY @ it = 294060 _________#######____________________ 

			!!!!!	  HYDRO_CORE 	 !!!!! 
Field 	|	 max	     --(i,j,k)		 |	  min	     --(i,j,k)		 |	 mean
---------------------------------------------------------------------------------------------------------
********-----
 Model Fields -
 ********-----
rho	Rank 0/1:       1.13713896 	 (103,60,4)	 |        0.84537774 	 (93,50,124)	 |       1.03909767 
-----
u	Rank 0/1:      12.17961407 	 (34,33,77)	 |        2.44195700 	 (114,33,3)	 |       9.53456211 
-----
v	Rank 0/1:       5.10873127 	 (115,42,7)	 |       -2.78434682 	 (39,67,12)	 |       0.58056885 
-----
w	Rank 0/1:       4.99386644 	 (122,56,33)	 |       -2.84098172 	 (88,4,46)	 |       0.00033016 
-----
theta	Rank 0/1:     315.80484009 	 (14,40,124)	 |      300.73779297 	 (116,44,73)	 |     304.41387939 
-----
press	Rank 0/1:     263.50781250 	 (67,28,74)	 |      214.66406250 	 (93,44,3)	 |     240.05842590 
-----
TKE_0	Rank 0/1:       1.55587435 	 (105,11,4)	 |        0.00000000 	 (93,115,7)	 |       0.04701203 
Dumping state at timestep = 294060...
Dumped state at timestep = 294060...
Rank 0/1: Batch complete results sent via cudaMemcpyDeviceToHost.

			!!!!!	  TIMESTEP PERFORMANCE  	 !!!!! 
 Total Time (s) | Batch Steps 	| Time/step (s) | Comp./step (s) | IO Time (s)
---------------------------------------------------------------------------------------------------------
   144.9487 	|    10140 	|    0.0143 	|    0.0143 	 |   0.160830 

********************************************************************************************************
Main Time: Advancing simulation timestep = 304200... and time = 9000.00000

_____________________#######_________  STATE-SUMMARY @ it = 304200 _________#######____________________ 

			!!!!!	  HYDRO_CORE 	 !!!!! 
Field 	|	 max	     --(i,j,k)		 |	  min	     --(i,j,k)		 |	 mean
---------------------------------------------------------------------------------------------------------
********-----
 Model Fields -
 ********-----
rho	Rank 0/1:       1.13786042 	 (124,56,4)	 |        0.84543991 	 (109,50,124)	 |       1.03907406 
-----
u	Rank 0/1:      12.25634003 	 (109,43,71)	 |        2.73783422 	 (81,59,3)	 |       9.50165462 
-----
v	Rank 0/1:       5.29030085 	 (71,54,5)	 |       -3.23847342 	 (11,93,9)	 |       0.61984801 
-----
w	Rank 0/1:       5.21366310 	 (31,54,50)	 |       -3.00278068 	 (64,21,51)	 |       0.00034208 
-----
theta	Rank 0/1:     315.80630493 	 (109,50,124)	 |      300.88238525 	 (61,26,72)	 |     304.43490601 
-----
press	Rank 0/1:     272.52343750 	 (14,64,75)	 |      215.85156250 	 (69,54,9)	 |     247.95014954 
-----
TKE_0	Rank 0/1:       1.60297740 	 (81,37,4)	 |        0.00000000 	 (5,27,7)	 |       0.04690875 
Dumping state at timestep = 304200...
Dumped state at timestep = 304200...
Rank 0/1: Batch complete results sent via cudaMemcpyDeviceToHost.

			!!!!!	  TIMESTEP PERFORMANCE  	 !!!!! 
 Total Time (s) | Batch Steps 	| Time/step (s) | Comp./step (s) | IO Time (s)
---------------------------------------------------------------------------------------------------------
   144.9392 	|    10140 	|    0.0143 	|    0.0143 	 |   0.163045 

********************************************************************************************************
Main Time: Advancing simulation timestep = 314340... and time = 9300.00000

_____________________#######_________  STATE-SUMMARY @ it = 314340 _________#######____________________ 

			!!!!!	  HYDRO_CORE 	 !!!!! 
Field 	|	 max	     --(i,j,k)		 |	  min	     --(i,j,k)		 |	 mean
---------------------------------------------------------------------------------------------------------
********-----
 Model Fields -
 ********-----
rho	Rank 0/1:       1.13706863 	 (118,53,4)	 |        0.84550810 	 (124,50,124)	 |       1.03904819 
-----
u	Rank 0/1:      12.31626892 	 (46,69,5)	 |        2.79446888 	 (71,52,3)	 |       9.47919655 
-----
v	Rank 0/1:       6.57397461 	 (49,70,5)	 |       -3.05004835 	 (3,111,15)	 |       0.65345508 
-----
w	Rank 0/1:       4.78949356 	 (124,66,62)	 |       -3.01189733 	 (119,54,19)	 |       0.00034614 
-----
theta	Rank 0/1:     315.80529785 	 (124,50,124)	 |      300.80163574 	 (40,40,72)	 |     304.46612549 
-----
press	Rank 0/1:     280.35937500 	 (90,50,75)	 |      219.24218750 	 (46,70,5)	 |     257.48928833 
-----
TKE_0	Rank 0/1:       2.60828376 	 (62,52,4)	 |        0.00000000 	 (122,39,7)	 |       0.04742915 
Dumping state at timestep = 314340...
Dumped state at timestep = 314340...
Rank 0/1: Batch complete results sent via cudaMemcpyDeviceToHost.

			!!!!!	  TIMESTEP PERFORMANCE  	 !!!!! 
 Total Time (s) | Batch Steps 	| Time/step (s) | Comp./step (s) | IO Time (s)
---------------------------------------------------------------------------------------------------------
   144.8683 	|    10140 	|    0.0143 	|    0.0143 	 |   0.160871 

********************************************************************************************************
Main Time: Advancing simulation timestep = 324480... and time = 9600.00000

_____________________#######_________  STATE-SUMMARY @ it = 324480 _________#######____________________ 

			!!!!!	  HYDRO_CORE 	 !!!!! 
Field 	|	 max	     --(i,j,k)		 |	  min	     --(i,j,k)		 |	 mean
---------------------------------------------------------------------------------------------------------
********-----
 Model Fields -
 ********-----
rho	Rank 0/1:       1.13729775 	 (80,64,4)	 |        0.84557450 	 (84,91,124)	 |       1.03893459 
-----
u	Rank 0/1:      12.52028275 	 (28,85,6)	 |        2.54841399 	 (55,82,3)	 |       9.45665264 
-----
v	Rank 0/1:       5.85886049 	 (34,86,7)	 |       -2.82014036 	 (82,112,8)	 |       0.68495542 
-----
w	Rank 0/1:       4.49920511 	 (46,102,23)	 |       -3.25600982 	 (93,85,17)	 |       0.00032765 
-----
theta	Rank 0/1:     315.80471802 	 (84,91,124)	 |      300.69180298 	 (121,88,72)	 |     304.45385742 
-----
press	Rank 0/1:     289.17187500 	 (123,100,75)	 |      223.60937500 	 (27,86,5)	 |     265.57107544 
-----
TKE_0	Rank 0/1:       2.83281159 	 (32,84,4)	 |        0.00000000 	 (105,30,7)	 |       0.04700296 
Dumping state at timestep = 324480...
Dumped state at timestep = 324480...
Rank 0/1: Batch complete results sent via cudaMemcpyDeviceToHost.

			!!!!!	  TIMESTEP PERFORMANCE  	 !!!!! 
 Total Time (s) | Batch Steps 	| Time/step (s) | Comp./step (s) | IO Time (s)
---------------------------------------------------------------------------------------------------------
   144.9390 	|    10140 	|    0.0143 	|    0.0143 	 |   0.165422 

********************************************************************************************************
Main Time: Advancing simulation timestep = 334620... and time = 9900.00000

_____________________#######_________  STATE-SUMMARY @ it = 334620 _________#######____________________ 

			!!!!!	  HYDRO_CORE 	 !!!!! 
Field 	|	 max	     --(i,j,k)		 |	  min	     --(i,j,k)		 |	 mean
---------------------------------------------------------------------------------------------------------
********-----
 Model Fields -
 ********-----
rho	Rank 0/1:       1.13682127 	 (104,99,4)	 |        0.84564042 	 (76,15,124)	 |       1.03893042 
-----
u	Rank 0/1:      12.05553150 	 (32,6,30)	 |        2.41632581 	 (9,104,3)	 |       9.43623543 
-----
v	Rank 0/1:       5.67694426 	 (12,102,11)	 |       -2.36504436 	 (63,119,19)	 |       0.71158248 
-----
w	Rank 0/1:       5.49483061 	 (12,116,52)	 |       -3.03260636 	 (53,89,25)	 |       0.00033235 
-----
theta	Rank 0/1:     315.80496216 	 (76,15,124)	 |      301.16778564 	 (76,88,72)	 |     304.48309326 
-----
press	Rank 0/1:     297.61718750 	 (22,8,75)	 |      240.00781250 	 (121,94,8)	 |     272.25769043 
-----
TKE_0	Rank 0/1:       1.89866138 	 (8,76,4)	 |        0.00000000 	 (121,40,7)	 |       0.04716125 
Dumping state at timestep = 334620...
Dumped state at timestep = 334620...
Rank 0/1: Batch complete results sent via cudaMemcpyDeviceToHost.

			!!!!!	  TIMESTEP PERFORMANCE  	 !!!!! 
 Total Time (s) | Batch Steps 	| Time/step (s) | Comp./step (s) | IO Time (s)
---------------------------------------------------------------------------------------------------------
   144.9138 	|    10140 	|    0.0143 	|    0.0143 	 |   0.161998 

********************************************************************************************************
Main Time: Advancing simulation timestep = 344760... and time = 10200.00000

_____________________#######_________  STATE-SUMMARY @ it = 344760 _________#######____________________ 

			!!!!!	  HYDRO_CORE 	 !!!!! 
Field 	|	 max	     --(i,j,k)		 |	  min	     --(i,j,k)		 |	 mean
---------------------------------------------------------------------------------------------------------
********-----
 Model Fields -
 ********-----
rho	Rank 0/1:       1.13700557 	 (71,113,4)	 |        0.84570324 	 (102,18,124)	 |       1.03886580 
-----
u	Rank 0/1:      12.20243359 	 (123,42,10)	 |        2.50551319 	 (6,83,3)	 |       9.41351986 
-----
v	Rank 0/1:       6.07801819 	 (115,25,59)	 |       -2.45887566 	 (19,92,21)	 |       0.73505962 
-----
w	Rank 0/1:       4.66789865 	 (112,11,44)	 |       -3.15307570 	 (112,35,60)	 |       0.00034094 
-----
theta	Rank 0/1:     315.80545044 	 (102,18,124)	 |      300.97720337 	 (79,115,71)	 |     304.49340820 
-----
press	Rank 0/1:     308.05468750 	 (113,25,74)	 |      244.92968750 	 (99,114,6)	 |     279.64956665 
-----
TKE_0	Rank 0/1:       1.95194566 	 (119,38,4)	 |        0.00000000 	 (79,111,6)	 |       0.04695086 
Dumping state at timestep = 344760...
Dumped state at timestep = 344760...
Rank 0/1: Batch complete results sent via cudaMemcpyDeviceToHost.

			!!!!!	  TIMESTEP PERFORMANCE  	 !!!!! 
 Total Time (s) | Batch Steps 	| Time/step (s) | Comp./step (s) | IO Time (s)
---------------------------------------------------------------------------------------------------------
   144.9585 	|    10140 	|    0.0143 	|    0.0143 	 |   0.163056 

********************************************************************************************************
Main Time: Advancing simulation timestep = 354900... and time = 10500.00000

_____________________#######_________  STATE-SUMMARY @ it = 354900 _________#######____________________ 

			!!!!!	  HYDRO_CORE 	 !!!!! 
Field 	|	 max	     --(i,j,k)		 |	  min	     --(i,j,k)		 |	 mean
---------------------------------------------------------------------------------------------------------
********-----
 Model Fields -
 ********-----
rho	Rank 0/1:       1.13653433 	 (111,124,4)	 |        0.84577137 	 (106,72,124)	 |       1.03887415 
-----
u	Rank 0/1:      11.92451191 	 (54,82,78)	 |        2.39351153 	 (81,111,3)	 |       9.39123344 
-----
v	Rank 0/1:       5.16132641 	 (84,54,67)	 |       -2.54684114 	 (102,34,5)	 |       0.75920516 
-----
w	Rank 0/1:       4.56575823 	 (22,9,56)	 |       -3.09966207 	 (54,13,12)	 |       0.00035165 
-----
theta	Rank 0/1:     315.80435181 	 (106,72,124)	 |      300.97549438 	 (15,34,72)	 |     304.48980713 
-----
press	Rank 0/1:     315.30468750 	 (96,33,75)	 |      254.99218750 	 (72,13,8)	 |     289.46124268 
-----
TKE_0	Rank 0/1:       1.90808332 	 (81,114,4)	 |        0.00000000 	 (33,108,7)	 |       0.04574519 
Dumping state at timestep = 354900...
Dumped state at timestep = 354900...
Rank 0/1: Batch complete results sent via cudaMemcpyDeviceToHost.

			!!!!!	  TIMESTEP PERFORMANCE  	 !!!!! 
 Total Time (s) | Batch Steps 	| Time/step (s) | Comp./step (s) | IO Time (s)
---------------------------------------------------------------------------------------------------------
   144.9471 	|    10140 	|    0.0143 	|    0.0143 	 |   0.167617 

********************************************************************************************************

_____________________#######_________  STATE-SUMMARY @ it = 365040 _________#######____________________ 

			!!!!!	  HYDRO_CORE 	 !!!!! 
Field 	|	 max	     --(i,j,k)		 |	  min	     --(i,j,k)		 |	 mean
---------------------------------------------------------------------------------------------------------
********-----
 Model Fields -
 ********-----
rho	Rank 0/1:       1.13647592 	 (57,107,4)	 |        0.84583575 	 (120,67,124)	 |       1.03877366 
-----
u	Rank 0/1:      11.83975315 	 (57,26,24)	 |        2.65905571 	 (91,92,3)	 |       9.37447071 
-----
v	Rank 0/1:       5.24746275 	 (90,88,5)	 |       -4.05448198 	 (50,27,15)	 |       0.78303969 
-----
w	Rank 0/1:       4.93634939 	 (52,29,14)	 |       -3.07495499 	 (57,18,17)	 |       0.00033553 
-----
theta	Rank 0/1:     315.80502319 	 (120,67,124)	 |      301.00711060 	 (107,26,73)	 |     304.49035645 
-----
press	Rank 0/1:     324.18750000 	 (53,47,75)	 |      259.49218750 	 (50,27,10)	 |     298.11685181 
-----
TKE_0	Rank 0/1:       1.66031432 	 (69,108,4)	 |        0.00000000 	 (51,99,7)	 |       0.04578125 

_____________________#######_________  TOWER-SUMMARY @ it = 365040 _________#######____________________ 
Dumping state at timestep = 365040...
Dumped state at timestep = 365040...

			!!!!!	  TIMESTEP PERFORMANCE  	 !!!!! 
 Total Time (s) | Batch Steps 	| Time/step (s) | Comp./step (s) | IO Time (s)
---------------------------------------------------------------------------------------------------------
     0.1677 	|        0 	|    0.0000 	|    0.0000 	 |   0.133584 

********************************************************************************************************
Your FastEddy simulation is complete!
Cleaning up...
Shutting down MPI...
 Goodbye!
