Obtaining parameters from ./accel.in
Successfully opened ./accel.in and read 129 lines.
Warning more than 10000 entries were requested for the parameters hash table.
Consider changing the requested table size in the PARAMETERS module.
WARNING: optional parameter ioLPDMmode defaulted to 0.
WARNING: optional parameter ioLPDMfullFrq defaulted to 0.
WARNING: optional parameter lpdmOnlineSelector defaulted to 0.
WARNING: optional parameter lpdmOnlineQueue defaulted to 4.
WARNING: optional parameter lpdmOnlinePause1 defaulted to 0.
WARNING: optional parameter lpdmOnlinePause2 defaulted to 0.
WARNING: optional parameter towerIOSelector defaulted to 0.
WARNING: optional parameter gridFile defaulted to NULL.
WARNING: optional parameter pgfSelector defaulted to 1.
WARNING: optional parameter buoyancySelector defaulted to 1.
WARNING: optional parameter ceilingAdvectionBC defaulted to 0.
WARNING: optional parameter surflayer_stab defaulted to 0.
WARNING: optional parameter surflayer_z0tdyn defaulted to 1.
WARNING: optional parameter surflayer_offshore_visc defaulted to 1.
WARNING: optional parameter canopySelector defaulted to 0.
WARNING: optional parameter cellpertSelector defaulted to 0.
WARNING: optional parameter filter_6thdiff_hori defaulted to 0.
WARNING: optional parameter filter_divdamp defaulted to 0.
WARNING: optional parameter NhydroAuxScalars defaulted to 0.
WARNING: optional parameter physics_oneRKonly defaulted to 1.
Rank 0/1:  [rankXid, rankYid] = [0,0]
mpi_rank_world--0/1 inFile = (null) !!
mpi_rank_world--0/1 Obtaining devices...
Obtaining properties for 1 devices...

mpi_rank_world--0/1 assigned accelerator device 0/1...
Device Number:          0
---------------------------------------------------------------------

__General__
   Name                               : NVIDIA GeForce RTX 5090
   Compute Capability                 : 12.0
   Clock Rate                         : 2512000
   Number of multiprocessors          : 170
   Max Threads/multiprocessor         : 1536
   Concurrent Copy/Execution          : Yes
   Concurrent Kernels                 : 1
   Compute Mode                       : 0
   Kernel Timeout Enabled             : No
   Integrated                         : No
   Host Memory Mapping                : Yes

__Configuration__
   Registers/Block                    : 65536
   Warp Size                          : 32
   Max Threads/Block                  : 1024
   Max Block-extent / Dimension       :         1024         1024           64
   Max Grid-extent / Dimension        :   2147483647        65535        65535

__Memory__
   Tot. Global Memory (GB) / (B)      :   31.35834 / 3605987328
   Shared Mem/Block   (GB) / (B)      :    0.00005 / 49152
   Constant Memory    (GB) / (B)      :    0.00006 / 65536
   Max 1-D Texture                    :       131072
   Max 2-D Texture                    :       131072        65536
   Max 3-D Texture                    :        16384        16384        16384
   Texture Alignment  (B)             : 512
   Max Memory pitch                   : 2147483647

mpi_rank_world--0/1 done!
mpi_rank_world--0/1 Assigning threadPerBlock.[xyz]
mpi_rank_world--0/1 done!
Nxp = 122, Nyp = 122, Nzp = 122
****Spatial loop-index Mins & Maxs ****  (i,j,k)-min = (3,3,3) & (i,j,k)-max = (125,125,125)
Entering hydro_coreInit:------
WARNING: parameter surflayer_qskin_input was not found but was requested for printing.
WARNING: parameter surflayer_offshore_opt was not found but was requested for printing.
WARNING: parameter filter_6thdiff_hori_coeff was not found but was requested for printing.
hydro_coreInit: allocating/registering arrays/fields with IO
hydro_coreInit:hydroFlds[0] = rho stored at 0x799144ffe080, has been registered with IO.
hydro_coreInit:hydroFlds[1] = u stored at 0x7991457fe080, has been registered with IO.
hydro_coreInit:hydroFlds[2] = v stored at 0x799145ffe080, has been registered with IO.
hydro_coreInit:hydroFlds[3] = w stored at 0x7991467fe080, has been registered with IO.
hydro_coreInit:hydroFlds[4] = theta stored at 0x799146ffe080, has been registered with IO.
hydro_coreInit:Field = pressure stored at 0x7991447fd080, has been registered with IO.
hydro_coreInit:sgstkeScalars[0] = TKE_0 stored at 0x7991417fb080, has been registered with IO.
hydro_coreInit: allocating internal arrays
hydro_coreInit:Field = tskin stored at 0x604b2e605d80, has been registered with IO.
hydro_coreInit:Field = fricVel stored at 0x604b2e5e5c00, has been registered with IO.
hydro_coreInit:Field = htFlux stored at 0x604b2e5f5d00, has been registered with IO.
hydro_coreInit:Field = invOblen stored at 0x604b2e615e80, has been registered with IO.
hydro_coreInit:Field = z0m stored at 0x604b2e625f00, has been registered with IO.
hydro_coreInit:Field = z0t stored at 0x604b2e636000, has been registered with IO.
mpi_rank_world--0/1: in timeInit(), simTime_it = 0 and simTime =         0.000000 !
:Variable = time stored at 0x604b05c89f78, has been registered with IO.

## time_test
Description=seed seed_nbl-shallow_a030: flat uniform neutral spin-up, z_i target 300 m, base angle 30 deg # ## A description of this input file.
## FEMPI parameters---
numProcsX=1        # ## Number of cores to be used for horizontal domain decomposition in X
numProcsY=1        # ## Number of cores to be used for horizontal domain decomposition in Y
## IO parameters---
ioOutputMode=0     # ## 0: N-to-1 gather and write to a netCDF file, 1:N-to-N writes of FastEddy binary files
inPath=            # ## Path where initial/restart file is read in from
inFile=            # ## name of the input file for coordinate system and initial or restart conditions
outPath=./output/  # ## Path where output files are to be written
outFileBase=FE_SEED_ACC # ## Base name of the output file series as in (outFileBase).element-in-series
frqOutput=9720     # ## frequency (in timesteps) at which to produce output; should be an even multiple of NtBatch
towerIOSelector=0  # (DEFAULTED) ## Virtual Tower IO-Selector: 0=off, 1=on 
## FECUDA parameters---
tBx=1              # ## Number of threads in x-dimension.
tBy=8              # ## Number of threads in y-dimension.
tBz=16             # ## Number of threads in z-dimension.
## GRID parameters---
gridFile=          # (DEFAULTED) ## A file containing a complete grid specification
topoFile=          # ## A file containing terrain(surface elevation in meters ASL)
Nx=122             # ## Number of discretised domain elements in the x (zonal) direction.
Ny=122             # ## Number of discretised domain elements in the y (meridional) direction.
Nz=122             # ## Number of discretised domain elements in the z (vertical) direction.
Nh=3               # ## Number of halo cells to be used (dependent on largest stencil extent).
d_xi=30            # ## Computational domain fixed resolution in the 'i' direction.
d_eta=30           # ## Computational domain fixed resolution in the 'j' direction.
d_zeta=24.6914     # ## Computational domain fixed resolution in the 'k' direction.
coordHorizHalos=1  # ## switch to setup coordinate halos as periodic=1 or gradient-following=0.
verticalDeformSwitch=1 # ## switch to use vertical coordinate deformation 0=off, 1=on
verticalDeformFactor=0.346601 # ## deformation factor (0.0=max compression,  1.0=no compression)
verticalDeformQuadCoeff=0 # ## deformation factor (0.0=max compression,  1.0=no compression)
## HYDRO_CORE parameters---
## ----------: HYDRO_CORE Submodule Selectors ---
## ----------: Boundary Conditions Set ---
hydroBCs=2         # ## Selector for hydro BC set. 1= LAD, Dirichlet lateral, ceiling and surface, 2 = periodic-horizontal & ABL-vertical
hydroForcingWrite=0 # ## Switch for writing output of hydroFldsFrhs for prognostic fields. 0 = off, 1=on
hydroSubGridWrite=0 # ## Switch for writing output of Tauij fields. 0 = off, 1=on
hydroForcingLog=0  # ## Switch for logging Frhs summary metrics. 0 = off, 1=on
## ----------: PRESSURE GRADIENT FORCE ---
pgfSelector=1      # (DEFAULTED) ## Pressure Gradient Force (pgf) selector: 0=off, 1=on
## ----------: BUOYANCY ---
buoyancySelector=1 # (DEFAULTED) ## Buoyancy force  selector: 0=off, 1=on
## ----------: CORIOLIS ---
coriolisSelector=1 # ## Corilis force selector: 0= none, 1= horiz. terms, 2= horiz. & vert. terms
coriolisLatitude=42.9572 # ## Characteristic latitude in degrees from equator of the LES domain
## ----------: TURBULENCE ---
turbulenceSelector=1 # ## turbulence scheme selector: 0= none, 1= Lilly/Smagorinsky 
TKESelector=1      # ## Prognostic TKE selector: 0= none, 1= Prognostic, 2= requires canopySelector=1
TKEAdvSelector=3   # ## advection scheme for SGSTKE equation
TKEAdvSelector_b_hyb=0 # ## hybrid advection scheme parameter
c_k=0.1            # ## Lilly model constant used for turbulenceSelector = 1 and TKESelector > 0
## ----------: ADVECTION ---
advectionSelector=3 # ## advection scheme selector: 0=1st-order upwind, 1=3rd-order QUICK, 2=hybrid 3rd-4th order, 3=hybrid 5th-6th order, 4=3rd-order WENO, 5=5th-order WENO, 6=2nd-order centered
ceilingAdvectionBC=0 # (DEFAULTED) ## selector to allow advection through the domain ceiling 1=on, 0=off (w-ceiling = 0)
b_hyb=0            # ## hybrid advection scheme parameter: 0.0= lower-order upwind, 1.0=higher-order centered, 0.0 < b_hyb < 1.0 = hybrid
## ----------: DIFFUSION ---
diffusionSelector=0 # ## diffusivity selector: 0= none, 1= const.
## ----------: SURFACE LAYER ---
surflayerSelector=1 # ## surfacelayer selector: 0=off, 1=surface kinematic heat flux (surflayer_wth), 2=skin temperature rate (surflayer_tr)
surflayer_z0=0.061489 # ## roughness length (momentum) when surflayerSelector > 0
surflayer_z0t=0.01 # ## roughness length (temperature) when surflayerSelector > 0
surflayer_wth=0.05 # ## kinematic sensible heat flux at the surface when surflayerSelector = 1
surflayer_idealsine=0 # ## selector for idealized sinusoidal surface heat flux or skin temperature forcing: 0= off, 1= on
surflayer_stab=0   # (DEFAULTED) ## exchange coeffcient stability correction selector: 0= on, 1= off
surflayer_z0tdyn=1 # (DEFAULTED) ## dynamic z0t calculation following Zilitinkevich (1995) approach: 0= off, 1= constant Zilitinkevich coeff, 2= variable Zilitinkevich coeff
## ----------: OFFSHORE ROUGHNESS ---
surflayer_offshore=0 # ## offshore selector: 0=off, 1=on
## ----------: CANOPY MODEL ---
canopySelector=0   # (DEFAULTED) ## canopy selector: 0= off, 1= on
## ----------: LARGE-SCALE FORCINGS MODEL ---
lsfSelector=1      # ## large-scale forcings selector: 0= off, 1= on
lsf_w_surf=0       # ## large-scale forcing to w at the first specified level
lsf_w_lev1=0       # ## large-scale forcing w at height 1
lsf_w_lev2=0       # ## large-scale forcing w at height 2
lsf_w_zlev1=300    # ## large-scale forcing w height 1
lsf_w_zlev2=1000   # ## large-scale forcing w height 2
lsf_th_surf=0      # ## large-scale forcing to theta at the first specified level
lsf_th_lev1=0      # ## large-scale forcing theta at height 1
lsf_th_lev2=0      # ## large-scale forcing theta at height 2
lsf_th_zlev1=500   # ## large-scale forcing theta height 1
lsf_th_zlev2=2000  # ## large-scale forcing theta height 2
lsf_qv_surf=-0.0432 # ## large-scale forcing to qv at the first specified level
lsf_qv_lev1=-0.0432 # ## large-scale forcing qv at height 1
lsf_qv_lev2=0      # ## large-scale forcing qv at height 2
lsf_qv_zlev1=300   # ## large-scale forcing qv height 1
lsf_qv_zlev2=500   # ## large-scale forcing qv height 2
lsf_horMnSubTerms=1 # ## large-scale subsidence terms Switch: 0= off, 1= on
lsf_freq=1         # ## large-scale forcing frequency (seconds)
## ----------: MOISTURE ---
moistureSelector=0 # ## moisture selector: 0= off, 1= on
## ----------: EXPLICIT FILTERS ---
filterSelector=1   # ## explicit filter selector: 0=off, 1=on
filter_6thdiff_vert=1 # ## vertical 6th-order filter on w selector: 0=off, 1=on
filter_6thdiff_vert_coeff=0.03 # ## vertical 6th-order filter factor: 0.0=off, 1.0=full
filter_6thdiff_hori=0 # (DEFAULTED) ## horizontal 6th-order filter on rho,theta,qv selector: 0=off, 1=on
filter_divdamp=0   # (DEFAULTED) ## divergence damping selector: 0=off, 1=on
## ----------: CELL PERTURBATION METHOD ---
cellpertSelector=0 # (DEFAULTED) ## CP method selector: 0= off, 1= on
## ----------: RAYLEIGH DAMPING LAYER ---
dampingLayerSelector=1 # ## Rayleigh damping layer selector: 0= off, 1= on.
dampingLayerDepth=500 # ## Rayleigh damping layer depth in meters
## ----------: AUXILIARY SCALARS ---
NhydroAuxScalars=0 # (DEFAULTED) ## Number of prognostic auxiliary scalar fields
## ----------: BASE-STATE ---
stabilityScheme=2  # ## Scheme used to set hydrostatic, stability-dependent Base-State EOS fields
temp_grnd=298.012  # ## Air Temperature (K) at the ground used to set hydrostatic Base-State EOS fields
pres_grnd=97700    # ## Pressure (Pa) at the ground used to set hydrostatic Base-State EOS fields
zStableBottom=300  # ## Height (m) of the first stable upper-layer when stabilityScheme = 2
stableGradient=0.08 # ## Vertical gradient (K/m) of the first stable upper-layer when stabilityScheme = 2
zStableBottom2=400 # ## Height (m) of the second stable upper-layer when stabilityScheme = 2
zStableBottom3=20000 # ## Height (m) of the third stable upper-layer when stabilityScheme = 2
stableGradient2=0.004 # ## Vertical gradient (K/m) of the second stable upper-layer when stabilityScheme = 2
stableGradient3=0.004 # ## Vertical gradient (K/m) of the third stable upper-layer when stabilityScheme = 2
U_g=6.9282         # ## Zonal (West-East) component of the geostrophic wind (m/s).
V_g=4              # ## Meridional (South-North) component of the geostrophic wind (m/s).
z_Ug=10000         # ## Height (m) above ground for linear geostrophic wind gradient (zonal component).
z_Vg=10000         # ## Height (m) above ground for linear geostrophic wind gradient (meridional component).
Ug_grad=0          # ## U_g gradient above z_Ug (ms-1/m).
Vg_grad=0          # ## V_g gradient above z_Vg (ms-1/m).
thetaPerturbationSwitch=1 # ## Switch to include initial theta perturbations: 0=off, 1=on
thetaHeight=240    # ## Height below which to include initial theta perturbations: (meters)
thetaAmplitude=0.25 # ## Maximum amplitude for theta perturbations: thetaAmplitude*[-1,+1] K
physics_oneRKonly=1 # (DEFAULTED) ## selector to apply physics RHS forcing only at the latest RK stage: 0= off, 1= on
## TIME_INTEGRATION parameters---
timeMethod=0       # ## Selector for time integration method. [0=RK3-WS2002 (default)]
Nt=97200           # ## Number of timesteps to perform.
dt=0.0308642       # ## timestep resolution in seconds.
NtBatch=9720       # ## Number of timesteps to compute in batch launch, must have NtBatch <= Nt.

moistureMPcallTscale = 1.0   # NOT VALIDATED
c_s = 0.18   # NOT VALIDATED
nu_0 = 0.0   # NOT VALIDATED
moistureCond = 3   # NOT VALIDATED
moistureAdvSelectorQi = 2   # NOT VALIDATED
moistureAdvSelectorQv = 2   # NOT VALIDATED
surflayer_qr = 0.0   # NOT VALIDATED
surflayer_tr = -0.0   # NOT VALIDATED
surflayer_wq = 0.0   # NOT VALIDATED
moistureNvars = 2   # NOT VALIDATED
moistureCondTscale = 1.0   # NOT VALIDATED
moistureAdvSelectorQv_b = 0.0   # NOT VALIDATED
surflayer_ideal_qamp = 2.0   # NOT VALIDATED
surflayer_ideal_amp = 4.0   # NOT VALIDATED
surflayer_ideal_qte = 10.0   # NOT VALIDATED
surflayer_ideal_qts = 1.75   # NOT VALIDATED
surflayer_ideal_te = 43200   # NOT VALIDATED
surflayer_ideal_ts = 0.0   # NOT VALIDATED
moistureCondBasePres = 1   # NOT VALIDATED
moistureSGSturb = 1   # NOT VALIDATED
Input parameters passed verification.
No input file has been specified, no gridFile has been specified.
 Using default grid and initial condition schemes.
**** Coordinate generation ****  (i,j,k)-extents = (122,122,122) & (i,j,k)-deltas = (30.000000,30.000000,24.691359)
mpi_rank_world--0/1 grid-Coord-gen(), else-coordHorizHalos = 1!
mpi_rank_world--0/1 coordHalos, Western-Eastern Boundaries!
mpi_rank_world--0/1 coordHalos, Southern-Northern Boundaries!
stabilityScheme == 2: Base State setup complete.
Rank 0/1: Profile preparations complete!
cuda_gridDeviceSetup:-- (i,j,k)Min, ()Max = (3,3,3), (125,125,125)
fecuda_SetBlocksPerGrid: tBlock = {1, 8, 16}
fecuda_SetBlocksPerGrid: grid = {128, 16, 8}
lsf_horMnSubTerms = 1, setting up for 5 phi-fields.cuda_hydroCoreDeviceSetup() complete.
cuda_towersDeviceSetup: NelemsTowers = 0, NelemsTowersSurf = -1532178584
0/1 cuda_hydroCoreDeviceSecondaryStageSetup(): BdyUpdateSteps = 0 
Initializations complete after  19.1035 (s).
Main Time: Advancing simulation timestep = 0... and time =    0.00000

_____________________#######_________  STATE-SUMMARY @ it = 0 _________#######____________________ 

			!!!!!	  HYDRO_CORE 	 !!!!! 
Field 	|	 max	     --(i,j,k)		 |	  min	     --(i,j,k)		 |	 mean
---------------------------------------------------------------------------------------------------------
********-----
 Model Fields -
 ********-----
rho	Rank 0/1:       1.14173782 	 (3,3,3)	 |        0.83920121 	 (3,3,124)	 |       1.02509058 
-----
u	Rank 0/1:       6.92820358 	 (3,3,6)	 |        6.92820263 	 (3,3,7)	 |       6.98404694 
-----
v	Rank 0/1:       4.00000000 	 (3,3,3)	 |        3.99999976 	 (3,3,14)	 |       4.00000000 
-----
w	Rank 0/1:       0.00000000 	 (3,3,3)	 |        0.00000000 	 (3,3,3)	 |       0.00000000 
-----
theta	Rank 0/1:     318.39883423 	 (3,3,124)	 |      299.74884033 	 (6,21,26)	 |     310.26196289 
-----
press	Rank 0/1:       0.00000000 	 (3,3,3)	 |        0.00000000 	 (3,3,3)	 |       0.00000000 
-----
TKE_0	Rank 0/1:       0.00000000 	 (3,3,3)	 |        0.00000000 	 (3,3,3)	 |       0.00000000 
Dumping state at timestep = 0...
Dumped state at timestep = 0...
Rank 0/1: Batch complete results sent via cudaMemcpyDeviceToHost.

			!!!!!	  TIMESTEP PERFORMANCE  	 !!!!! 
 Total Time (s) | Batch Steps 	| Time/step (s) | Comp./step (s) | IO Time (s)
---------------------------------------------------------------------------------------------------------
    57.6454 	|     9720 	|    0.0059 	|    0.0059 	 |   0.244594 

********************************************************************************************************
Main Time: Advancing simulation timestep = 9720... and time =  300.00003

_____________________#######_________  STATE-SUMMARY @ it = 9720 _________#######____________________ 

			!!!!!	  HYDRO_CORE 	 !!!!! 
Field 	|	 max	     --(i,j,k)		 |	  min	     --(i,j,k)		 |	 mean
---------------------------------------------------------------------------------------------------------
********-----
 Model Fields -
 ********-----
rho	Rank 0/1:       1.14017367 	 (67,109,3)	 |        0.83920735 	 (54,93,124)	 |       1.02501988 
-----
u	Rank 0/1:       7.13044643 	 (59,120,17)	 |        3.75331473 	 (54,87,3)	 |       6.91481686 
-----
v	Rank 0/1:       4.19568539 	 (124,35,24)	 |        2.14213347 	 (54,89,3)	 |       3.96256161 
-----
w	Rank 0/1:       0.31858891 	 (68,117,26)	 |       -0.32855809 	 (114,4,23)	 |       0.00005146 
-----
theta	Rank 0/1:     318.40042114 	 (73,17,124)	 |      299.91336060 	 (4,89,24)	 |     310.31503296 
-----
press	Rank 0/1:       3.87500000 	 (71,30,11)	 |        0.17187500 	 (3,124,3)	 |       2.18728614 
-----
TKE_0	Rank 0/1:       0.54005450 	 (71,111,4)	 |        0.00000000 	 (70,48,11)	 |       0.01639964 
Dumping state at timestep = 9720...
Dumped state at timestep = 9720...
Rank 0/1: Batch complete results sent via cudaMemcpyDeviceToHost.

			!!!!!	  TIMESTEP PERFORMANCE  	 !!!!! 
 Total Time (s) | Batch Steps 	| Time/step (s) | Comp./step (s) | IO Time (s)
---------------------------------------------------------------------------------------------------------
    57.7620 	|     9720 	|    0.0059 	|    0.0059 	 |   0.246233 

********************************************************************************************************
Main Time: Advancing simulation timestep = 19440... and time =  600.00006

_____________________#######_________  STATE-SUMMARY @ it = 19440 _________#######____________________ 

			!!!!!	  HYDRO_CORE 	 !!!!! 
Field 	|	 max	     --(i,j,k)		 |	  min	     --(i,j,k)		 |	 mean
---------------------------------------------------------------------------------------------------------
********-----
 Model Fields -
 ********-----
rho	Rank 0/1:       1.13986695 	 (109,124,3)	 |        0.83922720 	 (64,24,124)	 |       1.02501607 
-----
u	Rank 0/1:       7.27161074 	 (81,14,14)	 |        2.84645414 	 (102,115,3)	 |       6.87311506 
-----
v	Rank 0/1:       4.39721680 	 (89,69,10)	 |        1.49461913 	 (114,124,3)	 |       3.94214797 
-----
w	Rank 0/1:       0.53122520 	 (14,82,13)	 |       -0.46923661 	 (16,88,12)	 |       0.00006379 
-----
theta	Rank 0/1:     318.40121460 	 (64,24,124)	 |      299.93518066 	 (111,82,11)	 |     310.34310913 
-----
press	Rank 0/1:       5.46875000 	 (121,95,13)	 |        2.66406250 	 (21,71,3)	 |       4.32140684 
-----
TKE_0	Rank 0/1:       0.66032422 	 (106,87,4)	 |        0.00000000 	 (110,116,9)	 |       0.01711460 
Dumping state at timestep = 19440...
Dumped state at timestep = 19440...
Rank 0/1: Batch complete results sent via cudaMemcpyDeviceToHost.

			!!!!!	  TIMESTEP PERFORMANCE  	 !!!!! 
 Total Time (s) | Batch Steps 	| Time/step (s) | Comp./step (s) | IO Time (s)
---------------------------------------------------------------------------------------------------------
    57.7218 	|     9720 	|    0.0059 	|    0.0059 	 |   0.246941 

********************************************************************************************************
Main Time: Advancing simulation timestep = 29160... and time =  900.00006

_____________________#######_________  STATE-SUMMARY @ it = 29160 _________#######____________________ 

			!!!!!	  HYDRO_CORE 	 !!!!! 
Field 	|	 max	     --(i,j,k)		 |	  min	     --(i,j,k)		 |	 mean
---------------------------------------------------------------------------------------------------------
********-----
 Model Fields -
 ********-----
rho	Rank 0/1:       1.14137042 	 (3,65,3)	 |        0.83924061 	 (7,10,124)	 |       1.02545750 
-----
u	Rank 0/1:       7.86895466 	 (89,41,8)	 |        2.19020367 	 (74,87,3)	 |       6.83590984 
-----
v	Rank 0/1:       5.27611256 	 (52,59,19)	 |        0.91794258 	 (102,105,3)	 |       3.92539167 
-----
w	Rank 0/1:       2.17430186 	 (67,13,17)	 |       -1.43841565 	 (5,66,13)	 |       0.00005799 
-----
theta	Rank 0/1:     318.40093994 	 (13,46,124)	 |      299.87524414 	 (53,35,34)	 |     310.37280273 
-----
press	Rank 0/1:       7.89843750 	 (120,7,31)	 |        3.26562500 	 (81,76,10)	 |       5.94592333 
-----
TKE_0	Rank 0/1:       0.93971246 	 (124,73,4)	 |        0.00000000 	 (16,107,7)	 |       0.02119970 
Dumping state at timestep = 29160...
Dumped state at timestep = 29160...
Rank 0/1: Batch complete results sent via cudaMemcpyDeviceToHost.

			!!!!!	  TIMESTEP PERFORMANCE  	 !!!!! 
 Total Time (s) | Batch Steps 	| Time/step (s) | Comp./step (s) | IO Time (s)
---------------------------------------------------------------------------------------------------------
    57.6592 	|     9720 	|    0.0059 	|    0.0059 	 |   0.247209 

********************************************************************************************************
Main Time: Advancing simulation timestep = 38880... and time = 1200.00012

_____________________#######_________  STATE-SUMMARY @ it = 38880 _________#######____________________ 

			!!!!!	  HYDRO_CORE 	 !!!!! 
Field 	|	 max	     --(i,j,k)		 |	  min	     --(i,j,k)		 |	 mean
---------------------------------------------------------------------------------------------------------
********-----
 Model Fields -
 ********-----
rho	Rank 0/1:       1.14147222 	 (58,7,3)	 |        0.83925045 	 (78,103,124)	 |       1.02552402 
-----
u	Rank 0/1:       8.12062263 	 (57,43,6)	 |        2.52313805 	 (7,76,3)	 |       6.78757524 
-----
v	Rank 0/1:       5.61600780 	 (113,56,19)	 |        0.89706671 	 (112,56,32)	 |       3.90616798 
-----
w	Rank 0/1:       2.74302053 	 (58,111,27)	 |       -2.07038879 	 (34,7,19)	 |       0.00007690 
-----
theta	Rank 0/1:     318.40118408 	 (78,103,124)	 |      299.66363525 	 (76,73,36)	 |     310.36492920 
-----
press	Rank 0/1:      10.91406250 	 (56,110,35)	 |        3.00781250 	 (42,100,8)	 |       7.29976225 
-----
TKE_0	Rank 0/1:       0.93067348 	 (67,124,4)	 |        0.00000000 	 (63,70,7)	 |       0.02228626 
Dumping state at timestep = 38880...
Dumped state at timestep = 38880...
Rank 0/1: Batch complete results sent via cudaMemcpyDeviceToHost.

			!!!!!	  TIMESTEP PERFORMANCE  	 !!!!! 
 Total Time (s) | Batch Steps 	| Time/step (s) | Comp./step (s) | IO Time (s)
---------------------------------------------------------------------------------------------------------
    57.6492 	|     9720 	|    0.0059 	|    0.0059 	 |   0.238623 

********************************************************************************************************
Main Time: Advancing simulation timestep = 48600... and time = 1500.00012

_____________________#######_________  STATE-SUMMARY @ it = 48600 _________#######____________________ 

			!!!!!	  HYDRO_CORE 	 !!!!! 
Field 	|	 max	     --(i,j,k)		 |	  min	     --(i,j,k)		 |	 mean
---------------------------------------------------------------------------------------------------------
********-----
 Model Fields -
 ********-----
rho	Rank 0/1:       1.14116764 	 (105,56,3)	 |        0.83926165 	 (25,20,124)	 |       1.02549803 
-----
u	Rank 0/1:       8.02002907 	 (63,71,9)	 |        2.68489909 	 (87,60,3)	 |       6.74051809 
-----
v	Rank 0/1:       5.83261967 	 (41,20,19)	 |        0.87768435 	 (61,44,3)	 |       3.88413095 
-----
w	Rank 0/1:       2.19774294 	 (115,87,27)	 |       -1.82672548 	 (30,42,13)	 |       0.00008499 
-----
theta	Rank 0/1:     318.40155029 	 (25,20,124)	 |      299.74349976 	 (123,62,36)	 |     310.36950684 
-----
press	Rank 0/1:      11.98437500 	 (3,32,35)	 |        3.60937500 	 (49,98,8)	 |       8.81803226 
-----
TKE_0	Rank 0/1:       0.83430821 	 (68,66,4)	 |        0.00000000 	 (74,58,7)	 |       0.02113199 
Dumping state at timestep = 48600...
Dumped state at timestep = 48600...
Rank 0/1: Batch complete results sent via cudaMemcpyDeviceToHost.

			!!!!!	  TIMESTEP PERFORMANCE  	 !!!!! 
 Total Time (s) | Batch Steps 	| Time/step (s) | Comp./step (s) | IO Time (s)
---------------------------------------------------------------------------------------------------------
    57.6693 	|     9720 	|    0.0059 	|    0.0059 	 |   0.234128 

********************************************************************************************************
Main Time: Advancing simulation timestep = 58320... and time = 1800.00012

_____________________#######_________  STATE-SUMMARY @ it = 58320 _________#######____________________ 

			!!!!!	  HYDRO_CORE 	 !!!!! 
Field 	|	 max	     --(i,j,k)		 |	  min	     --(i,j,k)		 |	 mean
---------------------------------------------------------------------------------------------------------
********-----
 Model Fields -
 ********-----
rho	Rank 0/1:       1.14079034 	 (14,48,3)	 |        0.83927435 	 (104,80,124)	 |       1.02547503 
-----
u	Rank 0/1:       7.67629814 	 (113,66,38)	 |        2.32322001 	 (23,114,3)	 |       6.69718170 
-----
v	Rank 0/1:       5.67623329 	 (47,9,33)	 |        0.94657815 	 (79,105,3)	 |       3.86714983 
-----
w	Rank 0/1:       2.01295209 	 (84,32,24)	 |       -1.39541423 	 (9,100,21)	 |       0.00008798 
-----
theta	Rank 0/1:     318.40145874 	 (104,80,124)	 |      299.75555420 	 (124,76,37)	 |     310.37033081 
-----
press	Rank 0/1:      13.53906250 	 (18,52,35)	 |        6.75781250 	 (57,84,3)	 |      10.51435471 
-----
TKE_0	Rank 0/1:       0.82424814 	 (114,4,4)	 |        0.00000000 	 (14,48,6)	 |       0.01899587 
Dumping state at timestep = 58320...
Dumped state at timestep = 58320...
Rank 0/1: Batch complete results sent via cudaMemcpyDeviceToHost.

			!!!!!	  TIMESTEP PERFORMANCE  	 !!!!! 
 Total Time (s) | Batch Steps 	| Time/step (s) | Comp./step (s) | IO Time (s)
---------------------------------------------------------------------------------------------------------
    57.6758 	|     9720 	|    0.0059 	|    0.0059 	 |   0.244949 

********************************************************************************************************
Main Time: Advancing simulation timestep = 68040... and time = 2100.00024

_____________________#######_________  STATE-SUMMARY @ it = 68040 _________#######____________________ 

			!!!!!	  HYDRO_CORE 	 !!!!! 
Field 	|	 max	     --(i,j,k)		 |	  min	     --(i,j,k)		 |	 mean
---------------------------------------------------------------------------------------------------------
********-----
 Model Fields -
 ********-----
rho	Rank 0/1:       1.14050043 	 (91,109,3)	 |        0.83928686 	 (51,120,124)	 |       1.02548552 
-----
u	Rank 0/1:       7.63235998 	 (29,67,35)	 |        2.31183147 	 (37,95,3)	 |       6.65750074 
-----
v	Rank 0/1:       5.43186283 	 (12,58,16)	 |        0.92444032 	 (26,27,3)	 |       3.85401750 
-----
w	Rank 0/1:       2.24541879 	 (101,69,16)	 |       -1.71323514 	 (99,64,11)	 |       0.00008697 
-----
theta	Rank 0/1:     318.40139771 	 (51,120,124)	 |      299.86105347 	 (40,47,36)	 |     310.36782837 
-----
press	Rank 0/1:      15.75781250 	 (14,13,35)	 |        7.43750000 	 (106,70,12)	 |      12.17806149 
-----
TKE_0	Rank 0/1:       0.76832759 	 (39,44,4)	 |        0.00000000 	 (101,83,7)	 |       0.01832502 
Dumping state at timestep = 68040...
Dumped state at timestep = 68040...
Rank 0/1: Batch complete results sent via cudaMemcpyDeviceToHost.

			!!!!!	  TIMESTEP PERFORMANCE  	 !!!!! 
 Total Time (s) | Batch Steps 	| Time/step (s) | Comp./step (s) | IO Time (s)
---------------------------------------------------------------------------------------------------------
    57.6858 	|     9720 	|    0.0059 	|    0.0059 	 |   0.236553 

********************************************************************************************************
Main Time: Advancing simulation timestep = 77760... and time = 2400.00024

_____________________#######_________  STATE-SUMMARY @ it = 77760 _________#######____________________ 

			!!!!!	  HYDRO_CORE 	 !!!!! 
Field 	|	 max	     --(i,j,k)		 |	  min	     --(i,j,k)		 |	 mean
---------------------------------------------------------------------------------------------------------
********-----
 Model Fields -
 ********-----
rho	Rank 0/1:       1.14048743 	 (31,111,3)	 |        0.83929944 	 (38,93,124)	 |       1.02553475 
-----
u	Rank 0/1:       7.68031216 	 (88,41,36)	 |        2.27326703 	 (60,43,3)	 |       6.62167120 
-----
v	Rank 0/1:       5.23664236 	 (95,47,18)	 |        0.63876438 	 (7,63,3)	 |       3.84242034 
-----
w	Rank 0/1:       2.37481403 	 (87,6,22)	 |       -1.58882916 	 (76,37,15)	 |       0.00008593 
-----
theta	Rank 0/1:     318.40133667 	 (74,66,124)	 |      299.85900879 	 (32,123,36)	 |     310.36581421 
-----
press	Rank 0/1:      17.90625000 	 (84,5,35)	 |        8.80468750 	 (110,62,3)	 |      13.76619434 
-----
TKE_0	Rank 0/1:       0.72454268 	 (35,64,4)	 |        0.00000000 	 (124,107,7)	 |       0.01795614 
Dumping state at timestep = 77760...
Dumped state at timestep = 77760...
Rank 0/1: Batch complete results sent via cudaMemcpyDeviceToHost.

			!!!!!	  TIMESTEP PERFORMANCE  	 !!!!! 
 Total Time (s) | Batch Steps 	| Time/step (s) | Comp./step (s) | IO Time (s)
---------------------------------------------------------------------------------------------------------
    57.6736 	|     9720 	|    0.0059 	|    0.0059 	 |   0.242092 

********************************************************************************************************
Main Time: Advancing simulation timestep = 87480... and time = 2700.00024

_____________________#######_________  STATE-SUMMARY @ it = 87480 _________#######____________________ 

			!!!!!	  HYDRO_CORE 	 !!!!! 
Field 	|	 max	     --(i,j,k)		 |	  min	     --(i,j,k)		 |	 mean
---------------------------------------------------------------------------------------------------------
********-----
 Model Fields -
 ********-----
rho	Rank 0/1:       1.14021659 	 (58,19,3)	 |        0.83931214 	 (70,77,124)	 |       1.02553117 
-----
u	Rank 0/1:       7.54163504 	 (19,90,37)	 |        2.15261865 	 (33,102,3)	 |       6.58521891 
-----
v	Rank 0/1:       5.44817781 	 (99,14,6)	 |        0.83368760 	 (34,72,3)	 |       3.83156323 
-----
w	Rank 0/1:       2.16022420 	 (88,17,21)	 |       -1.74013889 	 (108,112,14)	 |       0.00008551 
-----
theta	Rank 0/1:     318.40133667 	 (70,77,124)	 |      299.88317871 	 (85,102,37)	 |     310.35986328 
-----
press	Rank 0/1:      19.22656250 	 (26,106,35)	 |       10.10937500 	 (89,89,3)	 |      15.42189121 
-----
TKE_0	Rank 0/1:       0.77949655 	 (14,30,4)	 |        0.00000000 	 (17,99,7)	 |       0.01749634 
Dumping state at timestep = 87480...
Dumped state at timestep = 87480...
Rank 0/1: Batch complete results sent via cudaMemcpyDeviceToHost.

			!!!!!	  TIMESTEP PERFORMANCE  	 !!!!! 
 Total Time (s) | Batch Steps 	| Time/step (s) | Comp./step (s) | IO Time (s)
---------------------------------------------------------------------------------------------------------
    57.6729 	|     9720 	|    0.0059 	|    0.0059 	 |   0.235877 

********************************************************************************************************

_____________________#######_________  STATE-SUMMARY @ it = 97200 _________#######____________________ 

			!!!!!	  HYDRO_CORE 	 !!!!! 
Field 	|	 max	     --(i,j,k)		 |	  min	     --(i,j,k)		 |	 mean
---------------------------------------------------------------------------------------------------------
********-----
 Model Fields -
 ********-----
rho	Rank 0/1:       1.13991690 	 (37,16,3)	 |        0.83932555 	 (48,47,124)	 |       1.02551377 
-----
u	Rank 0/1:       7.58209515 	 (55,68,38)	 |        2.09697652 	 (33,27,3)	 |       6.54977417 
-----
v	Rank 0/1:       5.32511902 	 (20,124,8)	 |        0.76839799 	 (115,93,3)	 |       3.82191539 
-----
w	Rank 0/1:       2.21902204 	 (104,87,24)	 |       -1.50164211 	 (17,41,21)	 |       0.00008521 
-----
theta	Rank 0/1:     318.40093994 	 (48,47,124)	 |      299.86193848 	 (53,34,36)	 |     310.34851074 
-----
press	Rank 0/1:      21.11718750 	 (103,88,35)	 |       11.05468750 	 (10,42,10)	 |      17.12118340 
-----
TKE_0	Rank 0/1:       0.79215521 	 (100,116,4)	 |        0.00000000 	 (100,31,7)	 |       0.01696244 

_____________________#######_________  TOWER-SUMMARY @ it = 97200 _________#######____________________ 
Dumping state at timestep = 97200...
Dumped state at timestep = 97200...

			!!!!!	  TIMESTEP PERFORMANCE  	 !!!!! 
 Total Time (s) | Batch Steps 	| Time/step (s) | Comp./step (s) | IO Time (s)
---------------------------------------------------------------------------------------------------------
     0.2330 	|        0 	|    0.0000 	|    0.0000 	 |   0.173493 

********************************************************************************************************
Your FastEddy simulation is complete!
Cleaning up...
Shutting down MPI...
 Goodbye!
