Obtaining parameters from ./run.in
Successfully opened ./run.in and read 129 lines.
Warning more than 10000 entries were requested for the parameters hash table.
Consider changing the requested table size in the PARAMETERS module.
WARNING: optional parameter ioLPDMmode defaulted to 0.
WARNING: optional parameter ioLPDMfullFrq defaulted to 0.
WARNING: optional parameter lpdmOnlineSelector defaulted to 0.
WARNING: optional parameter lpdmOnlineQueue defaulted to 4.
WARNING: optional parameter lpdmOnlinePause1 defaulted to 0.
WARNING: optional parameter lpdmOnlinePause2 defaulted to 0.
WARNING: optional parameter towerIOSelector defaulted to 0.
WARNING: optional parameter gridFile defaulted to NULL.
WARNING: optional parameter pgfSelector defaulted to 1.
WARNING: optional parameter buoyancySelector defaulted to 1.
WARNING: optional parameter ceilingAdvectionBC defaulted to 0.
WARNING: optional parameter surflayer_stab defaulted to 0.
WARNING: optional parameter surflayer_z0tdyn defaulted to 1.
WARNING: optional parameter surflayer_offshore_visc defaulted to 1.
WARNING: optional parameter canopySelector defaulted to 0.
WARNING: optional parameter cellpertSelector defaulted to 0.
WARNING: optional parameter filter_6thdiff_hori defaulted to 0.
WARNING: optional parameter filter_divdamp defaulted to 0.
WARNING: optional parameter NhydroAuxScalars defaulted to 0.
WARNING: optional parameter physics_oneRKonly defaulted to 1.
Rank 0/1:  [rankXid, rankYid] = [0,0]
mpi_rank_world--0/1 inFile = (null) !!
mpi_rank_world--0/1 Obtaining devices...
Obtaining properties for 1 devices...

mpi_rank_world--0/1 assigned accelerator device 0/1...
Device Number:          0
---------------------------------------------------------------------

__General__
   Name                               : NVIDIA GeForce RTX 5090
   Compute Capability                 : 12.0
   Clock Rate                         : 2512000
   Number of multiprocessors          : 170
   Max Threads/multiprocessor         : 1536
   Concurrent Copy/Execution          : Yes
   Concurrent Kernels                 : 1
   Compute Mode                       : 0
   Kernel Timeout Enabled             : No
   Integrated                         : No
   Host Memory Mapping                : Yes

__Configuration__
   Registers/Block                    : 65536
   Warp Size                          : 32
   Max Threads/Block                  : 1024
   Max Block-extent / Dimension       :         1024         1024           64
   Max Grid-extent / Dimension        :   2147483647        65535        65535

__Memory__
   Tot. Global Memory (GB) / (B)      :   31.35834 / 3605987328
   Shared Mem/Block   (GB) / (B)      :    0.00005 / 49152
   Constant Memory    (GB) / (B)      :    0.00006 / 65536
   Max 1-D Texture                    :       131072
   Max 2-D Texture                    :       131072        65536
   Max 3-D Texture                    :        16384        16384        16384
   Texture Alignment  (B)             : 512
   Max Memory pitch                   : 2147483647

mpi_rank_world--0/1 done!
mpi_rank_world--0/1 Assigning threadPerBlock.[xyz]
mpi_rank_world--0/1 done!
Nxp = 122, Nyp = 122, Nzp = 122
****Spatial loop-index Mins & Maxs ****  (i,j,k)-min = (3,3,3) & (i,j,k)-max = (125,125,125)
Entering hydro_coreInit:------
WARNING: parameter surflayer_qskin_input was not found but was requested for printing.
WARNING: parameter surflayer_offshore_opt was not found but was requested for printing.
WARNING: parameter filter_6thdiff_hori_coeff was not found but was requested for printing.
hydro_coreInit: allocating/registering arrays/fields with IO
hydro_coreInit:hydroFlds[0] = rho stored at 0x74c781ff8080, has been registered with IO.
hydro_coreInit:hydroFlds[1] = u stored at 0x74c7827f8080, has been registered with IO.
hydro_coreInit:hydroFlds[2] = v stored at 0x74c782ff8080, has been registered with IO.
hydro_coreInit:hydroFlds[3] = w stored at 0x74c7837f8080, has been registered with IO.
hydro_coreInit:hydroFlds[4] = theta stored at 0x74c783ff8080, has been registered with IO.
hydro_coreInit:Field = pressure stored at 0x74c7817f7080, has been registered with IO.
hydro_coreInit:sgstkeScalars[0] = TKE_0 stored at 0x74c77e7f5080, has been registered with IO.
hydro_coreInit: allocating internal arrays
hydro_coreInit:Field = tskin stored at 0x5a72b2be5080, has been registered with IO.
hydro_coreInit:Field = fricVel stored at 0x5a72b2bc4f00, has been registered with IO.
hydro_coreInit:Field = htFlux stored at 0x5a72b2bd5000, has been registered with IO.
hydro_coreInit:Field = invOblen stored at 0x5a72b2bf5180, has been registered with IO.
hydro_coreInit:Field = z0m stored at 0x5a72b2c05200, has been registered with IO.
hydro_coreInit:Field = z0t stored at 0x5a72b2c15300, has been registered with IO.
mpi_rank_world--0/1: in timeInit(), simTime_it = 0 and simTime =         0.000000 !
:Variable = time stored at 0x5a727b8bdf78, has been registered with IO.

## time_test
Description=seed seed_cbl-mid_a030: flat uniform convective spin-up, z_i target 700 m, base angle 30 deg # ## A description of this input file.
## FEMPI parameters---
numProcsX=1        # ## Number of cores to be used for horizontal domain decomposition in X
numProcsY=1        # ## Number of cores to be used for horizontal domain decomposition in Y
## IO parameters---
ioOutputMode=0     # ## 0: N-to-1 gather and write to a netCDF file, 1:N-to-N writes of FastEddy binary files
inPath=            # ## Path where initial/restart file is read in from
inFile=            # ## name of the input file for coordinate system and initial or restart conditions
outPath=./output/  # ## Path where output files are to be written
outFileBase=FE_SEED # ## Base name of the output file series as in (outFileBase).element-in-series
frqOutput=9720     # ## frequency (in timesteps) at which to produce output; should be an even multiple of NtBatch
towerIOSelector=0  # (DEFAULTED) ## Virtual Tower IO-Selector: 0=off, 1=on 
## FECUDA parameters---
tBx=1              # ## Number of threads in x-dimension.
tBy=8              # ## Number of threads in y-dimension.
tBz=16             # ## Number of threads in z-dimension.
## GRID parameters---
gridFile=          # (DEFAULTED) ## A file containing a complete grid specification
topoFile=          # ## A file containing terrain(surface elevation in meters ASL)
Nx=122             # ## Number of discretised domain elements in the x (zonal) direction.
Ny=122             # ## Number of discretised domain elements in the y (meridional) direction.
Nz=122             # ## Number of discretised domain elements in the z (vertical) direction.
Nh=3               # ## Number of halo cells to be used (dependent on largest stencil extent).
d_xi=30            # ## Computational domain fixed resolution in the 'i' direction.
d_eta=30           # ## Computational domain fixed resolution in the 'j' direction.
d_zeta=24.6914     # ## Computational domain fixed resolution in the 'k' direction.
coordHorizHalos=1  # ## switch to setup coordinate halos as periodic=1 or gradient-following=0.
verticalDeformSwitch=1 # ## switch to use vertical coordinate deformation 0=off, 1=on
verticalDeformFactor=0.346601 # ## deformation factor (0.0=max compression,  1.0=no compression)
verticalDeformQuadCoeff=0 # ## deformation factor (0.0=max compression,  1.0=no compression)
## HYDRO_CORE parameters---
## ----------: HYDRO_CORE Submodule Selectors ---
## ----------: Boundary Conditions Set ---
hydroBCs=2         # ## Selector for hydro BC set. 1= LAD, Dirichlet lateral, ceiling and surface, 2 = periodic-horizontal & ABL-vertical
hydroForcingWrite=0 # ## Switch for writing output of hydroFldsFrhs for prognostic fields. 0 = off, 1=on
hydroSubGridWrite=0 # ## Switch for writing output of Tauij fields. 0 = off, 1=on
hydroForcingLog=0  # ## Switch for logging Frhs summary metrics. 0 = off, 1=on
## ----------: PRESSURE GRADIENT FORCE ---
pgfSelector=1      # (DEFAULTED) ## Pressure Gradient Force (pgf) selector: 0=off, 1=on
## ----------: BUOYANCY ---
buoyancySelector=1 # (DEFAULTED) ## Buoyancy force  selector: 0=off, 1=on
## ----------: CORIOLIS ---
coriolisSelector=1 # ## Corilis force selector: 0= none, 1= horiz. terms, 2= horiz. & vert. terms
coriolisLatitude=42.9572 # ## Characteristic latitude in degrees from equator of the LES domain
## ----------: TURBULENCE ---
turbulenceSelector=1 # ## turbulence scheme selector: 0= none, 1= Lilly/Smagorinsky 
TKESelector=1      # ## Prognostic TKE selector: 0= none, 1= Prognostic, 2= requires canopySelector=1
TKEAdvSelector=3   # ## advection scheme for SGSTKE equation
TKEAdvSelector_b_hyb=0 # ## hybrid advection scheme parameter
c_k=0.1            # ## Lilly model constant used for turbulenceSelector = 1 and TKESelector > 0
## ----------: ADVECTION ---
advectionSelector=3 # ## advection scheme selector: 0=1st-order upwind, 1=3rd-order QUICK, 2=hybrid 3rd-4th order, 3=hybrid 5th-6th order, 4=3rd-order WENO, 5=5th-order WENO, 6=2nd-order centered
ceilingAdvectionBC=0 # (DEFAULTED) ## selector to allow advection through the domain ceiling 1=on, 0=off (w-ceiling = 0)
b_hyb=0            # ## hybrid advection scheme parameter: 0.0= lower-order upwind, 1.0=higher-order centered, 0.0 < b_hyb < 1.0 = hybrid
## ----------: DIFFUSION ---
diffusionSelector=0 # ## diffusivity selector: 0= none, 1= const.
## ----------: SURFACE LAYER ---
surflayerSelector=1 # ## surfacelayer selector: 0=off, 1=surface kinematic heat flux (surflayer_wth), 2=skin temperature rate (surflayer_tr)
surflayer_z0=0.061489 # ## roughness length (momentum) when surflayerSelector > 0
surflayer_z0t=0.01 # ## roughness length (temperature) when surflayerSelector > 0
surflayer_wth=0.11 # ## kinematic sensible heat flux at the surface when surflayerSelector = 1
surflayer_idealsine=0 # ## selector for idealized sinusoidal surface heat flux or skin temperature forcing: 0= off, 1= on
surflayer_stab=0   # (DEFAULTED) ## exchange coeffcient stability correction selector: 0= on, 1= off
surflayer_z0tdyn=1 # (DEFAULTED) ## dynamic z0t calculation following Zilitinkevich (1995) approach: 0= off, 1= constant Zilitinkevich coeff, 2= variable Zilitinkevich coeff
## ----------: OFFSHORE ROUGHNESS ---
surflayer_offshore=0 # ## offshore selector: 0=off, 1=on
## ----------: CANOPY MODEL ---
canopySelector=0   # (DEFAULTED) ## canopy selector: 0= off, 1= on
## ----------: LARGE-SCALE FORCINGS MODEL ---
lsfSelector=1      # ## large-scale forcings selector: 0= off, 1= on
lsf_w_surf=0       # ## large-scale forcing to w at the first specified level
lsf_w_lev1=-25     # ## large-scale forcing w at height 1
lsf_w_lev2=0       # ## large-scale forcing w at height 2
lsf_w_zlev1=700    # ## large-scale forcing w height 1
lsf_w_zlev2=1400   # ## large-scale forcing w height 2
lsf_th_surf=0      # ## large-scale forcing to theta at the first specified level
lsf_th_lev1=0      # ## large-scale forcing theta at height 1
lsf_th_lev2=0      # ## large-scale forcing theta at height 2
lsf_th_zlev1=500   # ## large-scale forcing theta height 1
lsf_th_zlev2=2000  # ## large-scale forcing theta height 2
lsf_qv_surf=-0.0432 # ## large-scale forcing to qv at the first specified level
lsf_qv_lev1=-0.0432 # ## large-scale forcing qv at height 1
lsf_qv_lev2=0      # ## large-scale forcing qv at height 2
lsf_qv_zlev1=300   # ## large-scale forcing qv height 1
lsf_qv_zlev2=500   # ## large-scale forcing qv height 2
lsf_horMnSubTerms=1 # ## large-scale subsidence terms Switch: 0= off, 1= on
lsf_freq=1         # ## large-scale forcing frequency (seconds)
## ----------: MOISTURE ---
moistureSelector=0 # ## moisture selector: 0= off, 1= on
## ----------: EXPLICIT FILTERS ---
filterSelector=1   # ## explicit filter selector: 0=off, 1=on
filter_6thdiff_vert=1 # ## vertical 6th-order filter on w selector: 0=off, 1=on
filter_6thdiff_vert_coeff=0.03 # ## vertical 6th-order filter factor: 0.0=off, 1.0=full
filter_6thdiff_hori=0 # (DEFAULTED) ## horizontal 6th-order filter on rho,theta,qv selector: 0=off, 1=on
filter_divdamp=0   # (DEFAULTED) ## divergence damping selector: 0=off, 1=on
## ----------: CELL PERTURBATION METHOD ---
cellpertSelector=0 # (DEFAULTED) ## CP method selector: 0= off, 1= on
## ----------: RAYLEIGH DAMPING LAYER ---
dampingLayerSelector=1 # ## Rayleigh damping layer selector: 0= off, 1= on.
dampingLayerDepth=500 # ## Rayleigh damping layer depth in meters
## ----------: AUXILIARY SCALARS ---
NhydroAuxScalars=0 # (DEFAULTED) ## Number of prognostic auxiliary scalar fields
## ----------: BASE-STATE ---
stabilityScheme=2  # ## Scheme used to set hydrostatic, stability-dependent Base-State EOS fields
temp_grnd=298.012  # ## Air Temperature (K) at the ground used to set hydrostatic Base-State EOS fields
pres_grnd=97700    # ## Pressure (Pa) at the ground used to set hydrostatic Base-State EOS fields
zStableBottom=700  # ## Height (m) of the first stable upper-layer when stabilityScheme = 2
stableGradient=0.08 # ## Vertical gradient (K/m) of the first stable upper-layer when stabilityScheme = 2
zStableBottom2=800 # ## Height (m) of the second stable upper-layer when stabilityScheme = 2
zStableBottom3=20000 # ## Height (m) of the third stable upper-layer when stabilityScheme = 2
stableGradient2=0.004 # ## Vertical gradient (K/m) of the second stable upper-layer when stabilityScheme = 2
stableGradient3=0.004 # ## Vertical gradient (K/m) of the third stable upper-layer when stabilityScheme = 2
U_g=7.79423        # ## Zonal (West-East) component of the geostrophic wind (m/s).
V_g=4.5            # ## Meridional (South-North) component of the geostrophic wind (m/s).
z_Ug=10000         # ## Height (m) above ground for linear geostrophic wind gradient (zonal component).
z_Vg=10000         # ## Height (m) above ground for linear geostrophic wind gradient (meridional component).
Ug_grad=0          # ## U_g gradient above z_Ug (ms-1/m).
Vg_grad=0          # ## V_g gradient above z_Vg (ms-1/m).
thetaPerturbationSwitch=1 # ## Switch to include initial theta perturbations: 0=off, 1=on
thetaHeight=300    # ## Height below which to include initial theta perturbations: (meters)
thetaAmplitude=0.25 # ## Maximum amplitude for theta perturbations: thetaAmplitude*[-1,+1] K
physics_oneRKonly=1 # (DEFAULTED) ## selector to apply physics RHS forcing only at the latest RK stage: 0= off, 1= on
## TIME_INTEGRATION parameters---
timeMethod=0       # ## Selector for time integration method. [0=RK3-WS2002 (default)]
Nt=233280          # ## Number of timesteps to perform.
dt=0.0308642       # ## timestep resolution in seconds.
NtBatch=9720       # ## Number of timesteps to compute in batch launch, must have NtBatch <= Nt.

moistureMPcallTscale = 1.0   # NOT VALIDATED
c_s = 0.18   # NOT VALIDATED
nu_0 = 0.0   # NOT VALIDATED
moistureCond = 3   # NOT VALIDATED
moistureAdvSelectorQi = 2   # NOT VALIDATED
moistureAdvSelectorQv = 2   # NOT VALIDATED
surflayer_qr = 0.0   # NOT VALIDATED
surflayer_tr = -0.0   # NOT VALIDATED
surflayer_wq = 0.0   # NOT VALIDATED
moistureNvars = 2   # NOT VALIDATED
moistureCondTscale = 1.0   # NOT VALIDATED
moistureAdvSelectorQv_b = 0.0   # NOT VALIDATED
surflayer_ideal_qamp = 2.0   # NOT VALIDATED
surflayer_ideal_amp = 4.0   # NOT VALIDATED
surflayer_ideal_qte = 10.0   # NOT VALIDATED
surflayer_ideal_qts = 1.75   # NOT VALIDATED
surflayer_ideal_te = 43200   # NOT VALIDATED
surflayer_ideal_ts = 0.0   # NOT VALIDATED
moistureCondBasePres = 1   # NOT VALIDATED
moistureSGSturb = 1   # NOT VALIDATED
Input parameters passed verification.
No input file has been specified, no gridFile has been specified.
 Using default grid and initial condition schemes.
**** Coordinate generation ****  (i,j,k)-extents = (122,122,122) & (i,j,k)-deltas = (30.000000,30.000000,24.691359)
mpi_rank_world--0/1 grid-Coord-gen(), else-coordHorizHalos = 1!
mpi_rank_world--0/1 coordHalos, Western-Eastern Boundaries!
mpi_rank_world--0/1 coordHalos, Southern-Northern Boundaries!
stabilityScheme == 2: Base State setup complete.
Rank 0/1: Profile preparations complete!
cuda_gridDeviceSetup:-- (i,j,k)Min, ()Max = (3,3,3), (125,125,125)
fecuda_SetBlocksPerGrid: tBlock = {1, 8, 16}
fecuda_SetBlocksPerGrid: grid = {128, 16, 8}
lsf_horMnSubTerms = 1, setting up for 5 phi-fields.cuda_hydroCoreDeviceSetup() complete.
cuda_towersDeviceSetup: NelemsTowers = 0, NelemsTowersSurf = 1171377160
0/1 cuda_hydroCoreDeviceSecondaryStageSetup(): BdyUpdateSteps = 0 
Initializations complete after   1.3374 (s).
Main Time: Advancing simulation timestep = 0... and time =    0.00000

_____________________#######_________  STATE-SUMMARY @ it = 0 _________#######____________________ 

			!!!!!	  HYDRO_CORE 	 !!!!! 
Field 	|	 max	     --(i,j,k)		 |	  min	     --(i,j,k)		 |	 mean
---------------------------------------------------------------------------------------------------------
********-----
 Model Fields -
 ********-----
rho	Rank 0/1:       1.14173782 	 (3,3,3)	 |        0.84174883 	 (3,3,124)	 |       1.03571296 
-----
u	Rank 0/1:       7.79422951 	 (3,3,8)	 |        7.79422855 	 (3,3,11)	 |       7.92935324 
-----
v	Rank 0/1:       4.50000048 	 (3,3,6)	 |        4.49999952 	 (3,3,44)	 |       4.50000000 
-----
w	Rank 0/1:       0.00000000 	 (3,3,3)	 |        0.00000000 	 (3,3,3)	 |       0.00000000 
-----
theta	Rank 0/1:     316.79882812 	 (3,3,124)	 |      299.74884033 	 (14,55,27)	 |     305.85073853 
-----
press	Rank 0/1:       0.00000000 	 (3,3,3)	 |        0.00000000 	 (3,3,3)	 |       0.00000000 
-----
TKE_0	Rank 0/1:       0.00000000 	 (3,3,3)	 |        0.00000000 	 (3,3,3)	 |       0.00000000 
Dumping state at timestep = 0...
Dumped state at timestep = 0...
Rank 0/1: Batch complete results sent via cudaMemcpyDeviceToHost.

			!!!!!	  TIMESTEP PERFORMANCE  	 !!!!! 
 Total Time (s) | Batch Steps 	| Time/step (s) | Comp./step (s) | IO Time (s)
---------------------------------------------------------------------------------------------------------
    56.4276 	|     9720 	|    0.0058 	|    0.0058 	 |   0.275753 

********************************************************************************************************
Main Time: Advancing simulation timestep = 9720... and time =  300.00003

_____________________#######_________  STATE-SUMMARY @ it = 9720 _________#######____________________ 

			!!!!!	  HYDRO_CORE 	 !!!!! 
Field 	|	 max	     --(i,j,k)		 |	  min	     --(i,j,k)		 |	 mean
---------------------------------------------------------------------------------------------------------
********-----
 Model Fields -
 ********-----
rho	Rank 0/1:       1.13842440 	 (14,47,3)	 |        0.84179658 	 (61,50,124)	 |       1.03563833 
-----
u	Rank 0/1:       7.99994898 	 (88,27,29)	 |        4.03532553 	 (43,95,3)	 |       7.83265686 
-----
v	Rank 0/1:       4.78576660 	 (44,58,26)	 |        2.29028606 	 (16,45,3)	 |       4.45386696 
-----
w	Rank 0/1:       0.33019957 	 (99,27,28)	 |       -0.31549206 	 (78,18,29)	 |       0.00011499 
-----
theta	Rank 0/1:     316.80032349 	 (71,57,124)	 |      299.90451050 	 (97,84,28)	 |     305.91989136 
-----
press	Rank 0/1:       9.17187500 	 (101,90,19)	 |        4.41406250 	 (19,61,3)	 |       7.25098562 
-----
TKE_0	Rank 0/1:       0.69361609 	 (18,50,4)	 |        0.00000000 	 (92,101,12)	 |       0.02217574 
Dumping state at timestep = 9720...
Dumped state at timestep = 9720...
Rank 0/1: Batch complete results sent via cudaMemcpyDeviceToHost.

			!!!!!	  TIMESTEP PERFORMANCE  	 !!!!! 
 Total Time (s) | Batch Steps 	| Time/step (s) | Comp./step (s) | IO Time (s)
---------------------------------------------------------------------------------------------------------
    56.4518 	|     9720 	|    0.0058 	|    0.0058 	 |   0.257057 

********************************************************************************************************
Main Time: Advancing simulation timestep = 19440... and time =  600.00006

_____________________#######_________  STATE-SUMMARY @ it = 19440 _________#######____________________ 

			!!!!!	  HYDRO_CORE 	 !!!!! 
Field 	|	 max	     --(i,j,k)		 |	  min	     --(i,j,k)		 |	 mean
---------------------------------------------------------------------------------------------------------
********-----
 Model Fields -
 ********-----
rho	Rank 0/1:       1.14015579 	 (100,53,3)	 |        0.84185314 	 (71,116,124)	 |       1.03516221 
-----
u	Rank 0/1:       8.38307762 	 (109,15,6)	 |        2.81130362 	 (95,43,3)	 |       7.78091002 
-----
v	Rank 0/1:       5.68913174 	 (109,60,7)	 |        1.30027843 	 (67,26,3)	 |       4.42974424 
-----
w	Rank 0/1:       1.70371020 	 (112,64,13)	 |       -1.36054575 	 (98,10,11)	 |       0.00014566 
-----
theta	Rank 0/1:     316.80084229 	 (100,67,124)	 |      299.89807129 	 (70,5,9)	 |     305.96151733 
-----
press	Rank 0/1:      15.89062500 	 (90,124,15)	 |       10.87500000 	 (95,6,3)	 |      14.18269062 
-----
TKE_0	Rank 0/1:       1.15177286 	 (117,13,4)	 |        0.00000000 	 (101,4,7)	 |       0.02490397 
Dumping state at timestep = 19440...
Dumped state at timestep = 19440...
Rank 0/1: Batch complete results sent via cudaMemcpyDeviceToHost.

			!!!!!	  TIMESTEP PERFORMANCE  	 !!!!! 
 Total Time (s) | Batch Steps 	| Time/step (s) | Comp./step (s) | IO Time (s)
---------------------------------------------------------------------------------------------------------
    56.3950 	|     9720 	|    0.0058 	|    0.0058 	 |   0.254887 

********************************************************************************************************
Main Time: Advancing simulation timestep = 29160... and time =  900.00006

_____________________#######_________  STATE-SUMMARY @ it = 29160 _________#######____________________ 

			!!!!!	  HYDRO_CORE 	 !!!!! 
Field 	|	 max	     --(i,j,k)		 |	  min	     --(i,j,k)		 |	 mean
---------------------------------------------------------------------------------------------------------
********-----
 Model Fields -
 ********-----
rho	Rank 0/1:       1.14124084 	 (115,98,3)	 |        0.84190398 	 (18,33,124)	 |       1.03511798 
-----
u	Rank 0/1:       9.29034138 	 (90,75,6)	 |        2.86957955 	 (50,40,3)	 |       7.70557690 
-----
v	Rank 0/1:       6.58387661 	 (59,48,18)	 |        1.27586234 	 (31,18,3)	 |       4.40657377 
-----
w	Rank 0/1:       4.39092064 	 (96,76,44)	 |       -2.43177223 	 (37,74,21)	 |       0.00014898 
-----
theta	Rank 0/1:     316.80090332 	 (116,40,124)	 |      299.81445312 	 (112,97,7)	 |     306.04315186 
-----
press	Rank 0/1:      23.77343750 	 (94,75,47)	 |       13.47656250 	 (61,7,46)	 |      20.09530258 
-----
TKE_0	Rank 0/1:       1.38510442 	 (34,25,4)	 |        0.00000000 	 (94,31,7)	 |       0.03262562 
Dumping state at timestep = 29160...
Dumped state at timestep = 29160...
Rank 0/1: Batch complete results sent via cudaMemcpyDeviceToHost.

			!!!!!	  TIMESTEP PERFORMANCE  	 !!!!! 
 Total Time (s) | Batch Steps 	| Time/step (s) | Comp./step (s) | IO Time (s)
---------------------------------------------------------------------------------------------------------
    56.5742 	|     9720 	|    0.0058 	|    0.0058 	 |   0.255986 

********************************************************************************************************
Main Time: Advancing simulation timestep = 38880... and time = 1200.00012

_____________________#######_________  STATE-SUMMARY @ it = 38880 _________#######____________________ 

			!!!!!	  HYDRO_CORE 	 !!!!! 
Field 	|	 max	     --(i,j,k)		 |	  min	     --(i,j,k)		 |	 mean
---------------------------------------------------------------------------------------------------------
********-----
 Model Fields -
 ********-----
rho	Rank 0/1:       1.14138126 	 (58,41,3)	 |        0.84195489 	 (83,109,124)	 |       1.03509068 
-----
u	Rank 0/1:      10.15295887 	 (55,77,29)	 |        2.63988686 	 (69,56,3)	 |       7.64265680 
-----
v	Rank 0/1:       7.81632710 	 (40,8,60)	 |        0.66462684 	 (10,98,3)	 |       4.38176060 
-----
w	Rank 0/1:       3.95157838 	 (110,61,42)	 |       -2.81623387 	 (26,109,16)	 |       0.00016382 
-----
theta	Rank 0/1:     316.80087280 	 (83,108,124)	 |      299.34643555 	 (47,4,62)	 |     306.14773560 
-----
press	Rank 0/1:      31.71093750 	 (120,89,61)	 |       13.78906250 	 (68,52,8)	 |      26.10907364 
-----
TKE_0	Rank 0/1:       1.52364314 	 (28,37,4)	 |        0.00000000 	 (3,109,6)	 |       0.03924547 
Dumping state at timestep = 38880...
Dumped state at timestep = 38880...
Rank 0/1: Batch complete results sent via cudaMemcpyDeviceToHost.

			!!!!!	  TIMESTEP PERFORMANCE  	 !!!!! 
 Total Time (s) | Batch Steps 	| Time/step (s) | Comp./step (s) | IO Time (s)
---------------------------------------------------------------------------------------------------------
    56.5779 	|     9720 	|    0.0058 	|    0.0058 	 |   0.254723 

********************************************************************************************************
Main Time: Advancing simulation timestep = 48600... and time = 1500.00012

_____________________#######_________  STATE-SUMMARY @ it = 48600 _________#######____________________ 

			!!!!!	  HYDRO_CORE 	 !!!!! 
Field 	|	 max	     --(i,j,k)		 |	  min	     --(i,j,k)		 |	 mean
---------------------------------------------------------------------------------------------------------
********-----
 Model Fields -
 ********-----
rho	Rank 0/1:       1.14138556 	 (39,75,3)	 |        0.84200573 	 (40,118,124)	 |       1.03508008 
-----
u	Rank 0/1:      10.75460339 	 (94,57,33)	 |        2.57190037 	 (20,81,3)	 |       7.59531784 
-----
v	Rank 0/1:       7.64126444 	 (81,4,9)	 |        0.37029019 	 (48,13,3)	 |       4.36531782 
-----
w	Rank 0/1:       3.97355103 	 (67,87,43)	 |       -2.92891645 	 (40,75,14)	 |       0.00018700 
-----
theta	Rank 0/1:     316.80111694 	 (40,118,124)	 |      299.34948730 	 (72,47,61)	 |     306.23217773 
-----
press	Rank 0/1:      37.32812500 	 (53,44,61)	 |       18.37500000 	 (91,58,24)	 |      32.52732086 
-----
TKE_0	Rank 0/1:       1.49282217 	 (40,123,4)	 |        0.00000000 	 (101,10,7)	 |       0.04272455 
Dumping state at timestep = 48600...
Dumped state at timestep = 48600...
Rank 0/1: Batch complete results sent via cudaMemcpyDeviceToHost.

			!!!!!	  TIMESTEP PERFORMANCE  	 !!!!! 
 Total Time (s) | Batch Steps 	| Time/step (s) | Comp./step (s) | IO Time (s)
---------------------------------------------------------------------------------------------------------
    56.5978 	|     9720 	|    0.0058 	|    0.0058 	 |   0.255647 

********************************************************************************************************
Main Time: Advancing simulation timestep = 58320... and time = 1800.00012

_____________________#######_________  STATE-SUMMARY @ it = 58320 _________#######____________________ 

			!!!!!	  HYDRO_CORE 	 !!!!! 
Field 	|	 max	     --(i,j,k)		 |	  min	     --(i,j,k)		 |	 mean
---------------------------------------------------------------------------------------------------------
********-----
 Model Fields -
 ********-----
rho	Rank 0/1:       1.14091218 	 (113,31,3)	 |        0.84205639 	 (3,75,124)	 |       1.03507400 
-----
u	Rank 0/1:      10.30977154 	 (24,40,61)	 |        2.81633425 	 (102,6,3)	 |       7.55522585 
-----
v	Rank 0/1:       7.17589474 	 (71,64,15)	 |        0.49261484 	 (49,24,3)	 |       4.35093641 
-----
w	Rank 0/1:       3.65457606 	 (65,27,48)	 |       -2.92108440 	 (65,36,27)	 |       0.00022904 
-----
theta	Rank 0/1:     316.80157471 	 (75,73,124)	 |      299.67218018 	 (79,80,60)	 |     306.25378418 
-----
press	Rank 0/1:      44.21875000 	 (18,8,65)	 |       27.48437500 	 (116,29,14)	 |      38.78807831 
-----
TKE_0	Rank 0/1:       1.55506575 	 (9,35,4)	 |        0.00000000 	 (55,43,7)	 |       0.04100893 
Dumping state at timestep = 58320...
Dumped state at timestep = 58320...
Rank 0/1: Batch complete results sent via cudaMemcpyDeviceToHost.

			!!!!!	  TIMESTEP PERFORMANCE  	 !!!!! 
 Total Time (s) | Batch Steps 	| Time/step (s) | Comp./step (s) | IO Time (s)
---------------------------------------------------------------------------------------------------------
    56.5589 	|     9720 	|    0.0058 	|    0.0058 	 |   0.250973 

********************************************************************************************************
Main Time: Advancing simulation timestep = 68040... and time = 2100.00024

_____________________#######_________  STATE-SUMMARY @ it = 68040 _________#######____________________ 

			!!!!!	  HYDRO_CORE 	 !!!!! 
Field 	|	 max	     --(i,j,k)		 |	  min	     --(i,j,k)		 |	 mean
---------------------------------------------------------------------------------------------------------
********-----
 Model Fields -
 ********-----
rho	Rank 0/1:       1.14060748 	 (78,33,3)	 |        0.84210837 	 (80,120,124)	 |       1.03504622 
-----
u	Rank 0/1:      10.29165745 	 (79,75,12)	 |        2.43617487 	 (95,91,3)	 |       7.51408386 
-----
v	Rank 0/1:       7.02717972 	 (10,102,7)	 |        0.78167838 	 (120,60,3)	 |       4.33932257 
-----
w	Rank 0/1:       3.72813916 	 (35,44,48)	 |       -3.04964447 	 (7,67,27)	 |       0.00022046 
-----
theta	Rank 0/1:     316.80133057 	 (80,119,124)	 |      299.76525879 	 (73,7,61)	 |     306.25857544 
-----
press	Rank 0/1:      51.43750000 	 (87,11,65)	 |       32.43750000 	 (25,75,8)	 |      45.30898666 
-----
TKE_0	Rank 0/1:       1.42474270 	 (48,19,4)	 |        0.00000000 	 (44,18,7)	 |       0.03758670 
Dumping state at timestep = 68040...
Dumped state at timestep = 68040...
Rank 0/1: Batch complete results sent via cudaMemcpyDeviceToHost.

			!!!!!	  TIMESTEP PERFORMANCE  	 !!!!! 
 Total Time (s) | Batch Steps 	| Time/step (s) | Comp./step (s) | IO Time (s)
---------------------------------------------------------------------------------------------------------
    56.3896 	|     9720 	|    0.0058 	|    0.0058 	 |   0.256022 

********************************************************************************************************
Main Time: Advancing simulation timestep = 77760... and time = 2400.00024

_____________________#######_________  STATE-SUMMARY @ it = 77760 _________#######____________________ 

			!!!!!	  HYDRO_CORE 	 !!!!! 
Field 	|	 max	     --(i,j,k)		 |	  min	     --(i,j,k)		 |	 mean
---------------------------------------------------------------------------------------------------------
********-----
 Model Fields -
 ********-----
rho	Rank 0/1:       1.14050400 	 (58,22,3)	 |        0.84215969 	 (68,39,124)	 |       1.03502440 
-----
u	Rank 0/1:      10.19706631 	 (96,114,24)	 |        2.35378337 	 (69,26,3)	 |       7.47163534 
-----
v	Rank 0/1:       7.45378160 	 (93,114,7)	 |        0.56182092 	 (86,113,3)	 |       4.32932901 
-----
w	Rank 0/1:       3.91344357 	 (64,91,47)	 |       -2.26208353 	 (33,28,46)	 |       0.00022007 
-----
theta	Rank 0/1:     316.80163574 	 (68,39,124)	 |      299.89028931 	 (33,21,61)	 |     306.27798462 
-----
press	Rank 0/1:      58.60937500 	 (29,38,61)	 |       35.10937500 	 (91,113,8)	 |      51.70594406 
-----
TKE_0	Rank 0/1:       1.37309074 	 (24,122,4)	 |        0.00000000 	 (4,41,6)	 |       0.03589720 
Dumping state at timestep = 77760...
Dumped state at timestep = 77760...
Rank 0/1: Batch complete results sent via cudaMemcpyDeviceToHost.

			!!!!!	  TIMESTEP PERFORMANCE  	 !!!!! 
 Total Time (s) | Batch Steps 	| Time/step (s) | Comp./step (s) | IO Time (s)
---------------------------------------------------------------------------------------------------------
    56.3940 	|     9720 	|    0.0058 	|    0.0058 	 |   0.251427 

********************************************************************************************************
Main Time: Advancing simulation timestep = 87480... and time = 2700.00024

_____________________#######_________  STATE-SUMMARY @ it = 87480 _________#######____________________ 

			!!!!!	  HYDRO_CORE 	 !!!!! 
Field 	|	 max	     --(i,j,k)		 |	  min	     --(i,j,k)		 |	 mean
---------------------------------------------------------------------------------------------------------
********-----
 Model Fields -
 ********-----
rho	Rank 0/1:       1.14009821 	 (119,82,3)	 |        0.84221059 	 (60,64,124)	 |       1.03501499 
-----
u	Rank 0/1:      10.30000305 	 (37,28,21)	 |        2.20033288 	 (27,88,3)	 |       7.43000793 
-----
v	Rank 0/1:       7.50386763 	 (17,68,8)	 |        0.29128620 	 (107,14,16)	 |       4.31776953 
-----
w	Rank 0/1:       4.46457720 	 (75,111,33)	 |       -2.83319497 	 (16,63,21)	 |       0.00022966 
-----
theta	Rank 0/1:     316.80184937 	 (106,55,124)	 |      299.57855225 	 (89,83,61)	 |     306.28994751 
-----
press	Rank 0/1:      65.72656250 	 (88,65,65)	 |       42.42187500 	 (37,42,10)	 |      58.41441345 
-----
TKE_0	Rank 0/1:       1.32788110 	 (51,59,4)	 |        0.00000000 	 (13,114,7)	 |       0.03632960 
Dumping state at timestep = 87480...
Dumped state at timestep = 87480...
Rank 0/1: Batch complete results sent via cudaMemcpyDeviceToHost.

			!!!!!	  TIMESTEP PERFORMANCE  	 !!!!! 
 Total Time (s) | Batch Steps 	| Time/step (s) | Comp./step (s) | IO Time (s)
---------------------------------------------------------------------------------------------------------
    56.3923 	|     9720 	|    0.0058 	|    0.0058 	 |   0.254414 

********************************************************************************************************
Main Time: Advancing simulation timestep = 97200... and time = 3000.00024

_____________________#######_________  STATE-SUMMARY @ it = 97200 _________#######____________________ 

			!!!!!	  HYDRO_CORE 	 !!!!! 
Field 	|	 max	     --(i,j,k)		 |	  min	     --(i,j,k)		 |	 mean
---------------------------------------------------------------------------------------------------------
********-----
 Model Fields -
 ********-----
rho	Rank 0/1:       1.14016259 	 (104,30,3)	 |        0.84226286 	 (63,100,124)	 |       1.03494608 
-----
u	Rank 0/1:       9.83200359 	 (109,61,43)	 |        2.23195791 	 (48,37,3)	 |       7.38682079 
-----
v	Rank 0/1:       7.68168163 	 (27,4,60)	 |        0.35886395 	 (98,34,3)	 |       4.30461407 
-----
w	Rank 0/1:       3.92597365 	 (36,77,49)	 |       -2.14915848 	 (38,74,22)	 |       0.00025785 
-----
theta	Rank 0/1:     316.80163574 	 (40,17,124)	 |      299.69778442 	 (47,8,61)	 |     306.29885864 
-----
press	Rank 0/1:      73.24218750 	 (117,71,65)	 |       51.21093750 	 (31,74,12)	 |      64.93494415 
-----
TKE_0	Rank 0/1:       1.39903224 	 (49,31,4)	 |        0.00000000 	 (7,51,7)	 |       0.03602716 
Dumping state at timestep = 97200...
Dumped state at timestep = 97200...
Rank 0/1: Batch complete results sent via cudaMemcpyDeviceToHost.

			!!!!!	  TIMESTEP PERFORMANCE  	 !!!!! 
 Total Time (s) | Batch Steps 	| Time/step (s) | Comp./step (s) | IO Time (s)
---------------------------------------------------------------------------------------------------------
    56.3735 	|     9720 	|    0.0058 	|    0.0058 	 |   0.244890 

********************************************************************************************************
Main Time: Advancing simulation timestep = 106920... and time = 3300.00024

_____________________#######_________  STATE-SUMMARY @ it = 106920 _________#######____________________ 

			!!!!!	  HYDRO_CORE 	 !!!!! 
Field 	|	 max	     --(i,j,k)		 |	  min	     --(i,j,k)		 |	 mean
---------------------------------------------------------------------------------------------------------
********-----
 Model Fields -
 ********-----
rho	Rank 0/1:       1.14025211 	 (84,80,3)	 |        0.84231484 	 (18,23,124)	 |       1.03494132 
-----
u	Rank 0/1:       9.58292770 	 (58,120,45)	 |        2.17629218 	 (5,24,3)	 |       7.35336113 
-----
v	Rank 0/1:       7.36231947 	 (16,24,7)	 |        0.33788106 	 (123,43,3)	 |       4.29142189 
-----
w	Rank 0/1:       3.91159964 	 (117,74,39)	 |       -2.30863333 	 (6,104,37)	 |       0.00024203 
-----
theta	Rank 0/1:     316.80157471 	 (18,23,124)	 |      299.70471191 	 (64,11,61)	 |     306.29910278 
-----
press	Rank 0/1:      79.59375000 	 (61,103,65)	 |       56.05468750 	 (48,74,12)	 |      71.03605652 
-----
TKE_0	Rank 0/1:       1.31167984 	 (29,83,4)	 |        0.00000000 	 (38,11,7)	 |       0.03537605 
Dumping state at timestep = 106920...
Dumped state at timestep = 106920...
Rank 0/1: Batch complete results sent via cudaMemcpyDeviceToHost.

			!!!!!	  TIMESTEP PERFORMANCE  	 !!!!! 
 Total Time (s) | Batch Steps 	| Time/step (s) | Comp./step (s) | IO Time (s)
---------------------------------------------------------------------------------------------------------
    56.3873 	|     9720 	|    0.0058 	|    0.0058 	 |   0.241820 

********************************************************************************************************
Main Time: Advancing simulation timestep = 116640... and time = 3600.00024

_____________________#######_________  STATE-SUMMARY @ it = 116640 _________#######____________________ 

			!!!!!	  HYDRO_CORE 	 !!!!! 
Field 	|	 max	     --(i,j,k)		 |	  min	     --(i,j,k)		 |	 mean
---------------------------------------------------------------------------------------------------------
********-----
 Model Fields -
 ********-----
rho	Rank 0/1:       1.14016461 	 (39,120,3)	 |        0.84236574 	 (51,77,124)	 |       1.03487694 
-----
u	Rank 0/1:      10.25610447 	 (118,109,24)	 |        2.08660293 	 (81,116,3)	 |       7.31533909 
-----
v	Rank 0/1:       7.22819233 	 (50,52,8)	 |        0.27338034 	 (58,102,52)	 |       4.28228426 
-----
w	Rank 0/1:       4.50473928 	 (73,68,36)	 |       -2.43580151 	 (61,100,47)	 |       0.00023573 
-----
theta	Rank 0/1:     316.80178833 	 (51,77,124)	 |      299.91366577 	 (5,102,61)	 |     306.31195068 
-----
press	Rank 0/1:      86.91406250 	 (55,105,65)	 |       62.75000000 	 (41,25,10)	 |      77.41522217 
-----
TKE_0	Rank 0/1:       1.27633047 	 (47,48,4)	 |        0.00000000 	 (36,58,7)	 |       0.03509510 
Dumping state at timestep = 116640...
Dumped state at timestep = 116640...
Rank 0/1: Batch complete results sent via cudaMemcpyDeviceToHost.

			!!!!!	  TIMESTEP PERFORMANCE  	 !!!!! 
 Total Time (s) | Batch Steps 	| Time/step (s) | Comp./step (s) | IO Time (s)
---------------------------------------------------------------------------------------------------------
    56.4013 	|     9720 	|    0.0058 	|    0.0058 	 |   0.256610 

********************************************************************************************************
Main Time: Advancing simulation timestep = 126360... and time = 3900.00024

_____________________#######_________  STATE-SUMMARY @ it = 126360 _________#######____________________ 

			!!!!!	  HYDRO_CORE 	 !!!!! 
Field 	|	 max	     --(i,j,k)		 |	  min	     --(i,j,k)		 |	 mean
---------------------------------------------------------------------------------------------------------
********-----
 Model Fields -
 ********-----
rho	Rank 0/1:       1.13960576 	 (108,47,3)	 |        0.84241658 	 (7,121,124)	 |       1.03487372 
-----
u	Rank 0/1:       9.79787922 	 (122,23,40)	 |        2.03328681 	 (115,24,3)	 |       7.27700853 
-----
v	Rank 0/1:       7.15059757 	 (104,102,28)	 |        0.57411712 	 (111,42,3)	 |       4.27775431 
-----
w	Rank 0/1:       4.23665619 	 (96,98,54)	 |       -2.81775379 	 (107,60,11)	 |       0.00024202 
-----
theta	Rank 0/1:     316.80191040 	 (7,121,124)	 |      300.15402222 	 (24,55,61)	 |     306.32125854 
-----
press	Rank 0/1:      93.80468750 	 (110,3,65)	 |       69.96875000 	 (42,59,3)	 |      83.89662933 
-----
TKE_0	Rank 0/1:       1.37855983 	 (107,103,4)	 |        0.00000000 	 (93,104,7)	 |       0.03451499 
Dumping state at timestep = 126360...
Dumped state at timestep = 126360...
Rank 0/1: Batch complete results sent via cudaMemcpyDeviceToHost.

			!!!!!	  TIMESTEP PERFORMANCE  	 !!!!! 
 Total Time (s) | Batch Steps 	| Time/step (s) | Comp./step (s) | IO Time (s)
---------------------------------------------------------------------------------------------------------
    56.4075 	|     9720 	|    0.0058 	|    0.0058 	 |   0.255476 

********************************************************************************************************
Main Time: Advancing simulation timestep = 136080... and time = 4200.00049

_____________________#######_________  STATE-SUMMARY @ it = 136080 _________#######____________________ 

			!!!!!	  HYDRO_CORE 	 !!!!! 
Field 	|	 max	     --(i,j,k)		 |	  min	     --(i,j,k)		 |	 mean
---------------------------------------------------------------------------------------------------------
********-----
 Model Fields -
 ********-----
rho	Rank 0/1:       1.13948417 	 (79,107,3)	 |        0.84246689 	 (85,45,124)	 |       1.03476453 
-----
u	Rank 0/1:       9.51804829 	 (85,98,7)	 |        1.86603439 	 (107,98,3)	 |       7.24024105 
-----
v	Rank 0/1:       7.12646008 	 (48,61,8)	 |        0.32598019 	 (22,10,3)	 |       4.27273560 
-----
w	Rank 0/1:       4.59114265 	 (86,84,47)	 |       -2.36856222 	 (63,63,22)	 |       0.00027132 
-----
theta	Rank 0/1:     316.80221558 	 (85,45,124)	 |      299.68322754 	 (56,20,61)	 |     306.33584595 
-----
press	Rank 0/1:     100.64843750 	 (76,76,65)	 |       72.60156250 	 (57,8,7)	 |      90.15144348 
-----
TKE_0	Rank 0/1:       1.17777121 	 (120,62,4)	 |        0.00000000 	 (8,118,6)	 |       0.03367851 
Dumping state at timestep = 136080...
Dumped state at timestep = 136080...
Rank 0/1: Batch complete results sent via cudaMemcpyDeviceToHost.

			!!!!!	  TIMESTEP PERFORMANCE  	 !!!!! 
 Total Time (s) | Batch Steps 	| Time/step (s) | Comp./step (s) | IO Time (s)
---------------------------------------------------------------------------------------------------------
    56.4114 	|     9720 	|    0.0058 	|    0.0058 	 |   0.258169 

********************************************************************************************************
Main Time: Advancing simulation timestep = 145800... and time = 4500.00049

_____________________#######_________  STATE-SUMMARY @ it = 145800 _________#######____________________ 

			!!!!!	  HYDRO_CORE 	 !!!!! 
Field 	|	 max	     --(i,j,k)		 |	  min	     --(i,j,k)		 |	 mean
---------------------------------------------------------------------------------------------------------
********-----
 Model Fields -
 ********-----
rho	Rank 0/1:       1.13928306 	 (65,29,3)	 |        0.84251809 	 (5,109,124)	 |       1.03474557 
-----
u	Rank 0/1:       9.28082180 	 (67,46,8)	 |        2.10029912 	 (111,106,3)	 |       7.20045328 
-----
v	Rank 0/1:       7.64029264 	 (80,47,39)	 |        0.40833980 	 (104,57,3)	 |       4.26991940 
-----
w	Rank 0/1:       4.57016563 	 (83,45,34)	 |       -2.32320976 	 (90,88,15)	 |       0.00025084 
-----
theta	Rank 0/1:     316.80221558 	 (5,109,124)	 |      299.80007935 	 (13,117,61)	 |     306.33715820 
-----
press	Rank 0/1:     108.07031250 	 (24,118,65)	 |       79.14062500 	 (111,11,8)	 |      96.84753418 
-----
TKE_0	Rank 0/1:       1.34125423 	 (109,48,4)	 |        0.00000000 	 (107,45,7)	 |       0.03371822 
Dumping state at timestep = 145800...
Dumped state at timestep = 145800...
Rank 0/1: Batch complete results sent via cudaMemcpyDeviceToHost.

			!!!!!	  TIMESTEP PERFORMANCE  	 !!!!! 
 Total Time (s) | Batch Steps 	| Time/step (s) | Comp./step (s) | IO Time (s)
---------------------------------------------------------------------------------------------------------
    56.3978 	|     9720 	|    0.0058 	|    0.0058 	 |   0.252118 

********************************************************************************************************
Main Time: Advancing simulation timestep = 155520... and time = 4800.00049

_____________________#######_________  STATE-SUMMARY @ it = 155520 _________#######____________________ 

			!!!!!	  HYDRO_CORE 	 !!!!! 
Field 	|	 max	     --(i,j,k)		 |	  min	     --(i,j,k)		 |	 mean
---------------------------------------------------------------------------------------------------------
********-----
 Model Fields -
 ********-----
rho	Rank 0/1:       1.13939452 	 (114,15,3)	 |        0.84256953 	 (123,16,124)	 |       1.03470242 
-----
u	Rank 0/1:       9.38607025 	 (18,84,48)	 |        1.97046208 	 (77,36,3)	 |       7.16327477 
-----
v	Rank 0/1:       7.17815876 	 (5,29,37)	 |        0.28344524 	 (38,42,3)	 |       4.26686478 
-----
w	Rank 0/1:       4.33908987 	 (124,77,22)	 |       -2.72388315 	 (39,21,22)	 |       0.00024535 
-----
theta	Rank 0/1:     316.80227661 	 (123,15,124)	 |      300.02703857 	 (23,18,61)	 |     306.35479736 
-----
press	Rank 0/1:     114.69531250 	 (58,24,65)	 |       88.61718750 	 (48,81,18)	 |     102.97355652 
-----
TKE_0	Rank 0/1:       1.40407896 	 (70,80,4)	 |        0.00000000 	 (99,5,7)	 |       0.03340825 
Dumping state at timestep = 155520...
Dumped state at timestep = 155520...
Rank 0/1: Batch complete results sent via cudaMemcpyDeviceToHost.

			!!!!!	  TIMESTEP PERFORMANCE  	 !!!!! 
 Total Time (s) | Batch Steps 	| Time/step (s) | Comp./step (s) | IO Time (s)
---------------------------------------------------------------------------------------------------------
    56.3790 	|     9720 	|    0.0058 	|    0.0058 	 |   0.249952 

********************************************************************************************************
Main Time: Advancing simulation timestep = 165240... and time = 5100.00049

_____________________#######_________  STATE-SUMMARY @ it = 165240 _________#######____________________ 

			!!!!!	  HYDRO_CORE 	 !!!!! 
Field 	|	 max	     --(i,j,k)		 |	  min	     --(i,j,k)		 |	 mean
---------------------------------------------------------------------------------------------------------
********-----
 Model Fields -
 ********-----
rho	Rank 0/1:       1.13935971 	 (67,43,3)	 |        0.84262055 	 (75,28,124)	 |       1.03472435 
-----
u	Rank 0/1:       9.38786697 	 (32,10,37)	 |        1.99072433 	 (30,18,3)	 |       7.12249756 
-----
v	Rank 0/1:       7.33090162 	 (64,122,47)	 |        0.08653682 	 (89,61,3)	 |       4.26457930 
-----
w	Rank 0/1:       4.16638327 	 (120,64,45)	 |       -2.47688866 	 (97,47,14)	 |       0.00024806 
-----
theta	Rank 0/1:     316.80227661 	 (75,28,124)	 |      300.07623291 	 (89,3,61)	 |     306.34814453 
-----
press	Rank 0/1:     121.64062500 	 (81,55,65)	 |       94.32031250 	 (97,49,14)	 |     109.25112915 
-----
TKE_0	Rank 0/1:       1.02797639 	 (99,12,4)	 |        0.00000000 	 (98,9,7)	 |       0.03302424 
Dumping state at timestep = 165240...
Dumped state at timestep = 165240...
Rank 0/1: Batch complete results sent via cudaMemcpyDeviceToHost.

			!!!!!	  TIMESTEP PERFORMANCE  	 !!!!! 
 Total Time (s) | Batch Steps 	| Time/step (s) | Comp./step (s) | IO Time (s)
---------------------------------------------------------------------------------------------------------
    56.3771 	|     9720 	|    0.0058 	|    0.0058 	 |   0.235804 

********************************************************************************************************
Main Time: Advancing simulation timestep = 174960... and time = 5400.00049

_____________________#######_________  STATE-SUMMARY @ it = 174960 _________#######____________________ 

			!!!!!	  HYDRO_CORE 	 !!!!! 
Field 	|	 max	     --(i,j,k)		 |	  min	     --(i,j,k)		 |	 mean
---------------------------------------------------------------------------------------------------------
********-----
 Model Fields -
 ********-----
rho	Rank 0/1:       1.13919497 	 (120,71,3)	 |        0.84267157 	 (68,57,124)	 |       1.03464544 
-----
u	Rank 0/1:       9.07126617 	 (4,95,10)	 |        2.03323865 	 (56,36,3)	 |       7.08674622 
-----
v	Rank 0/1:       7.23540401 	 (31,42,42)	 |        0.08098853 	 (118,99,3)	 |       4.26551723 
-----
w	Rank 0/1:       4.49782753 	 (45,100,44)	 |       -2.25051975 	 (98,50,49)	 |       0.00027257 
-----
theta	Rank 0/1:     316.80236816 	 (68,57,124)	 |      300.06469727 	 (97,110,60)	 |     306.36621094 
-----
press	Rank 0/1:     128.73437500 	 (97,21,65)	 |       97.46875000 	 (120,98,10)	 |     116.22274780 
-----
TKE_0	Rank 0/1:       1.24745345 	 (19,90,4)	 |        0.00000000 	 (17,18,6)	 |       0.03256193 
Dumping state at timestep = 174960...
Dumped state at timestep = 174960...
Rank 0/1: Batch complete results sent via cudaMemcpyDeviceToHost.

			!!!!!	  TIMESTEP PERFORMANCE  	 !!!!! 
 Total Time (s) | Batch Steps 	| Time/step (s) | Comp./step (s) | IO Time (s)
---------------------------------------------------------------------------------------------------------
    56.3830 	|     9720 	|    0.0058 	|    0.0058 	 |   0.241536 

********************************************************************************************************
Main Time: Advancing simulation timestep = 184680... and time = 5700.00049

_____________________#######_________  STATE-SUMMARY @ it = 184680 _________#######____________________ 

			!!!!!	  HYDRO_CORE 	 !!!!! 
Field 	|	 max	     --(i,j,k)		 |	  min	     --(i,j,k)		 |	 mean
---------------------------------------------------------------------------------------------------------
********-----
 Model Fields -
 ********-----
rho	Rank 0/1:       1.13950169 	 (52,112,3)	 |        0.84272248 	 (111,27,124)	 |       1.03466558 
-----
u	Rank 0/1:       9.60354328 	 (105,8,27)	 |        1.86881149 	 (121,12,3)	 |       7.05594683 
-----
v	Rank 0/1:       7.51238632 	 (87,76,28)	 |        0.06038547 	 (109,7,60)	 |       4.26532221 
-----
w	Rank 0/1:       4.31175518 	 (113,22,26)	 |       -2.56261826 	 (43,69,21)	 |       0.00025601 
-----
theta	Rank 0/1:     316.80221558 	 (111,27,124)	 |      300.18353271 	 (108,10,62)	 |     306.36990356 
-----
press	Rank 0/1:     135.86718750 	 (105,10,65)	 |      103.57812500 	 (79,72,11)	 |     121.72106934 
-----
TKE_0	Rank 0/1:       1.13186729 	 (93,82,4)	 |        0.00000000 	 (54,113,6)	 |       0.03236283 
Dumping state at timestep = 184680...
Dumped state at timestep = 184680...
Rank 0/1: Batch complete results sent via cudaMemcpyDeviceToHost.

			!!!!!	  TIMESTEP PERFORMANCE  	 !!!!! 
 Total Time (s) | Batch Steps 	| Time/step (s) | Comp./step (s) | IO Time (s)
---------------------------------------------------------------------------------------------------------
    56.3693 	|     9720 	|    0.0058 	|    0.0058 	 |   0.241226 

********************************************************************************************************
Main Time: Advancing simulation timestep = 194400... and time = 6000.00049

_____________________#######_________  STATE-SUMMARY @ it = 194400 _________#######____________________ 

			!!!!!	  HYDRO_CORE 	 !!!!! 
Field 	|	 max	     --(i,j,k)		 |	  min	     --(i,j,k)		 |	 mean
---------------------------------------------------------------------------------------------------------
********-----
 Model Fields -
 ********-----
rho	Rank 0/1:       1.13888001 	 (80,25,4)	 |        0.84277356 	 (67,73,124)	 |       1.03457320 
-----
u	Rank 0/1:       9.48449707 	 (36,43,42)	 |        1.76308012 	 (63,65,3)	 |       7.01987410 
-----
v	Rank 0/1:       7.83241653 	 (13,118,34)	 |        0.24678503 	 (114,44,3)	 |       4.27113247 
-----
w	Rank 0/1:       3.75234842 	 (56,113,52)	 |       -2.43790197 	 (18,60,25)	 |       0.00024483 
-----
theta	Rank 0/1:     316.80230713 	 (67,73,124)	 |      300.07305908 	 (42,60,62)	 |     306.38769531 
-----
press	Rank 0/1:     142.92187500 	 (52,59,65)	 |      111.70312500 	 (34,109,3)	 |     128.87538147 
-----
TKE_0	Rank 0/1:       1.25786769 	 (30,104,4)	 |        0.00000000 	 (36,6,6)	 |       0.03201517 
Dumping state at timestep = 194400...
Dumped state at timestep = 194400...
Rank 0/1: Batch complete results sent via cudaMemcpyDeviceToHost.

			!!!!!	  TIMESTEP PERFORMANCE  	 !!!!! 
 Total Time (s) | Batch Steps 	| Time/step (s) | Comp./step (s) | IO Time (s)
---------------------------------------------------------------------------------------------------------
    56.3722 	|     9720 	|    0.0058 	|    0.0058 	 |   0.236979 

********************************************************************************************************
Main Time: Advancing simulation timestep = 204120... and time = 6300.00049

_____________________#######_________  STATE-SUMMARY @ it = 204120 _________#######____________________ 

			!!!!!	  HYDRO_CORE 	 !!!!! 
Field 	|	 max	     --(i,j,k)		 |	  min	     --(i,j,k)		 |	 mean
---------------------------------------------------------------------------------------------------------
********-----
 Model Fields -
 ********-----
rho	Rank 0/1:       1.13857961 	 (82,122,3)	 |        0.84282094 	 (22,118,124)	 |       1.03459907 
-----
u	Rank 0/1:       9.15073872 	 (96,93,32)	 |        1.83271241 	 (20,112,3)	 |       6.98560429 
-----
v	Rank 0/1:       7.00740147 	 (94,25,10)	 |        0.37585732 	 (77,40,3)	 |       4.27384090 
-----
w	Rank 0/1:       3.68727922 	 (62,22,31)	 |       -2.51437664 	 (108,10,47)	 |       0.00024564 
-----
theta	Rank 0/1:     316.80288696 	 (22,118,124)	 |      300.25283813 	 (18,109,61)	 |     306.39413452 
-----
press	Rank 0/1:     149.53125000 	 (60,26,65)	 |      116.70312500 	 (86,45,3)	 |     134.88162231 
-----
TKE_0	Rank 0/1:       1.43897247 	 (92,21,4)	 |        0.00000000 	 (24,112,7)	 |       0.03251107 
Dumping state at timestep = 204120...
Dumped state at timestep = 204120...
Rank 0/1: Batch complete results sent via cudaMemcpyDeviceToHost.

			!!!!!	  TIMESTEP PERFORMANCE  	 !!!!! 
 Total Time (s) | Batch Steps 	| Time/step (s) | Comp./step (s) | IO Time (s)
---------------------------------------------------------------------------------------------------------
    56.3663 	|     9720 	|    0.0058 	|    0.0058 	 |   0.239265 

********************************************************************************************************
Main Time: Advancing simulation timestep = 213840... and time = 6600.00049

_____________________#######_________  STATE-SUMMARY @ it = 213840 _________#######____________________ 

			!!!!!	  HYDRO_CORE 	 !!!!! 
Field 	|	 max	     --(i,j,k)		 |	  min	     --(i,j,k)		 |	 mean
---------------------------------------------------------------------------------------------------------
********-----
 Model Fields -
 ********-----
rho	Rank 0/1:       1.13893151 	 (76,43,3)	 |        0.84287244 	 (100,41,124)	 |       1.03447628 
-----
u	Rank 0/1:       9.73571014 	 (32,66,9)	 |        1.59268057 	 (75,97,3)	 |       6.94263649 
-----
v	Rank 0/1:       7.43134737 	 (36,87,59)	 |        0.14247401 	 (123,72,15)	 |       4.27726221 
-----
w	Rank 0/1:       4.50213051 	 (39,15,40)	 |       -2.31207228 	 (103,85,34)	 |       0.00027200 
-----
theta	Rank 0/1:     316.80270386 	 (100,41,124)	 |      300.43142700 	 (69,94,60)	 |     306.41775513 
-----
press	Rank 0/1:     156.36718750 	 (71,33,65)	 |      123.07031250 	 (56,87,3)	 |     140.94113159 
-----
TKE_0	Rank 0/1:       1.18621933 	 (68,24,4)	 |        0.00000000 	 (79,97,7)	 |       0.03194510 
Dumping state at timestep = 213840...
Dumped state at timestep = 213840...
Rank 0/1: Batch complete results sent via cudaMemcpyDeviceToHost.

			!!!!!	  TIMESTEP PERFORMANCE  	 !!!!! 
 Total Time (s) | Batch Steps 	| Time/step (s) | Comp./step (s) | IO Time (s)
---------------------------------------------------------------------------------------------------------
    56.3747 	|     9720 	|    0.0058 	|    0.0058 	 |   0.237904 

********************************************************************************************************
Main Time: Advancing simulation timestep = 223560... and time = 6900.00049

_____________________#######_________  STATE-SUMMARY @ it = 223560 _________#######____________________ 

			!!!!!	  HYDRO_CORE 	 !!!!! 
Field 	|	 max	     --(i,j,k)		 |	  min	     --(i,j,k)		 |	 mean
---------------------------------------------------------------------------------------------------------
********-----
 Model Fields -
 ********-----
rho	Rank 0/1:       1.13834739 	 (109,9,4)	 |        0.84292299 	 (92,38,124)	 |       1.03450692 
-----
u	Rank 0/1:       8.86354351 	 (112,106,28)	 |        1.68817997 	 (9,111,3)	 |       6.91773701 
-----
v	Rank 0/1:       7.90857983 	 (118,108,15)	 |        0.04185542 	 (34,45,3)	 |       4.28110409 
-----
w	Rank 0/1:       4.35649300 	 (113,8,37)	 |       -2.52204275 	 (70,55,41)	 |       0.00025880 
-----
theta	Rank 0/1:     316.80276489 	 (56,85,124)	 |      300.52783203 	 (9,64,60)	 |     306.40905762 
-----
press	Rank 0/1:     163.25000000 	 (33,100,65)	 |      127.53906250 	 (117,112,3)	 |     147.82751465 
-----
TKE_0	Rank 0/1:       1.24461758 	 (119,24,4)	 |        0.00000000 	 (15,81,7)	 |       0.03199779 
Dumping state at timestep = 223560...
Dumped state at timestep = 223560...
Rank 0/1: Batch complete results sent via cudaMemcpyDeviceToHost.

			!!!!!	  TIMESTEP PERFORMANCE  	 !!!!! 
 Total Time (s) | Batch Steps 	| Time/step (s) | Comp./step (s) | IO Time (s)
---------------------------------------------------------------------------------------------------------
    56.3918 	|     9720 	|    0.0058 	|    0.0058 	 |   0.244949 

********************************************************************************************************

_____________________#######_________  STATE-SUMMARY @ it = 233280 _________#######____________________ 

			!!!!!	  HYDRO_CORE 	 !!!!! 
Field 	|	 max	     --(i,j,k)		 |	  min	     --(i,j,k)		 |	 mean
---------------------------------------------------------------------------------------------------------
********-----
 Model Fields -
 ********-----
rho	Rank 0/1:       1.13821149 	 (76,68,3)	 |        0.84297419 	 (13,8,124)	 |       1.03439271 
-----
u	Rank 0/1:       9.24656963 	 (54,21,61)	 |        1.44790769 	 (40,23,3)	 |       6.88389635 
-----
v	Rank 0/1:       7.47541475 	 (43,32,22)	 |        0.44116393 	 (87,76,3)	 |       4.28593063 
-----
w	Rank 0/1:       4.27417850 	 (21,86,55)	 |       -2.46526361 	 (8,16,47)	 |       0.00024620 
-----
theta	Rank 0/1:     316.80270386 	 (13,8,124)	 |      300.15765381 	 (41,43,61)	 |     306.44006348 
-----
press	Rank 0/1:     169.92968750 	 (45,19,65)	 |      134.66406250 	 (6,122,3)	 |     153.51155090 
-----
TKE_0	Rank 0/1:       1.08716154 	 (40,22,4)	 |        0.00000000 	 (124,124,6)	 |       0.03165086 

_____________________#######_________  TOWER-SUMMARY @ it = 233280 _________#######____________________ 
Dumping state at timestep = 233280...
Dumped state at timestep = 233280...

			!!!!!	  TIMESTEP PERFORMANCE  	 !!!!! 
 Total Time (s) | Batch Steps 	| Time/step (s) | Comp./step (s) | IO Time (s)
---------------------------------------------------------------------------------------------------------
     0.2546 	|        0 	|    0.0000 	|    0.0000 	 |   0.195129 

********************************************************************************************************
Your FastEddy simulation is complete!
Cleaning up...
Shutting down MPI...
 Goodbye!
