Obtaining parameters from ./run.in
Successfully opened ./run.in and read 129 lines.
Warning more than 10000 entries were requested for the parameters hash table.
Consider changing the requested table size in the PARAMETERS module.
WARNING: optional parameter ioLPDMmode defaulted to 0.
WARNING: optional parameter ioLPDMfullFrq defaulted to 0.
WARNING: optional parameter lpdmOnlineSelector defaulted to 0.
WARNING: optional parameter lpdmOnlineQueue defaulted to 4.
WARNING: optional parameter lpdmOnlinePause1 defaulted to 0.
WARNING: optional parameter lpdmOnlinePause2 defaulted to 0.
WARNING: optional parameter towerIOSelector defaulted to 0.
WARNING: optional parameter gridFile defaulted to NULL.
WARNING: optional parameter pgfSelector defaulted to 1.
WARNING: optional parameter buoyancySelector defaulted to 1.
WARNING: optional parameter ceilingAdvectionBC defaulted to 0.
WARNING: optional parameter surflayer_stab defaulted to 0.
WARNING: optional parameter surflayer_z0tdyn defaulted to 1.
WARNING: optional parameter surflayer_offshore_visc defaulted to 1.
WARNING: optional parameter canopySelector defaulted to 0.
WARNING: optional parameter cellpertSelector defaulted to 0.
WARNING: optional parameter filter_6thdiff_hori defaulted to 0.
WARNING: optional parameter filter_divdamp defaulted to 0.
WARNING: optional parameter NhydroAuxScalars defaulted to 0.
WARNING: optional parameter physics_oneRKonly defaulted to 1.
Rank 0/1:  [rankXid, rankYid] = [0,0]
mpi_rank_world--0/1 inFile = (null) !!
mpi_rank_world--0/1 Obtaining devices...
Obtaining properties for 1 devices...

mpi_rank_world--0/1 assigned accelerator device 0/1...
Device Number:          0
---------------------------------------------------------------------

__General__
   Name                               : NVIDIA GeForce RTX 5090
   Compute Capability                 : 12.0
   Clock Rate                         : 2512000
   Number of multiprocessors          : 170
   Max Threads/multiprocessor         : 1536
   Concurrent Copy/Execution          : Yes
   Concurrent Kernels                 : 1
   Compute Mode                       : 0
   Kernel Timeout Enabled             : No
   Integrated                         : No
   Host Memory Mapping                : Yes

__Configuration__
   Registers/Block                    : 65536
   Warp Size                          : 32
   Max Threads/Block                  : 1024
   Max Block-extent / Dimension       :         1024         1024           64
   Max Grid-extent / Dimension        :   2147483647        65535        65535

__Memory__
   Tot. Global Memory (GB) / (B)      :   31.35834 / 3605987328
   Shared Mem/Block   (GB) / (B)      :    0.00005 / 49152
   Constant Memory    (GB) / (B)      :    0.00006 / 65536
   Max 1-D Texture                    :       131072
   Max 2-D Texture                    :       131072        65536
   Max 3-D Texture                    :        16384        16384        16384
   Texture Alignment  (B)             : 512
   Max Memory pitch                   : 2147483647

mpi_rank_world--0/1 done!
mpi_rank_world--0/1 Assigning threadPerBlock.[xyz]
mpi_rank_world--0/1 done!
Nxp = 122, Nyp = 122, Nzp = 122
****Spatial loop-index Mins & Maxs ****  (i,j,k)-min = (3,3,3) & (i,j,k)-max = (125,125,125)
Entering hydro_coreInit:------
WARNING: parameter surflayer_qskin_input was not found but was requested for printing.
WARNING: parameter surflayer_offshore_opt was not found but was requested for printing.
WARNING: parameter filter_6thdiff_hori_coeff was not found but was requested for printing.
hydro_coreInit: allocating/registering arrays/fields with IO
hydro_coreInit:hydroFlds[0] = rho stored at 0x7a8804ffe080, has been registered with IO.
hydro_coreInit:hydroFlds[1] = u stored at 0x7a88057fe080, has been registered with IO.
hydro_coreInit:hydroFlds[2] = v stored at 0x7a8805ffe080, has been registered with IO.
hydro_coreInit:hydroFlds[3] = w stored at 0x7a88067fe080, has been registered with IO.
hydro_coreInit:hydroFlds[4] = theta stored at 0x7a8806ffe080, has been registered with IO.
hydro_coreInit:Field = pressure stored at 0x7a88047fd080, has been registered with IO.
hydro_coreInit:sgstkeScalars[0] = TKE_0 stored at 0x7a88017fb080, has been registered with IO.
hydro_coreInit: allocating internal arrays
hydro_coreInit:Field = tskin stored at 0x5b93f5a95f00, has been registered with IO.
hydro_coreInit:Field = fricVel stored at 0x5b93f5a75d80, has been registered with IO.
hydro_coreInit:Field = htFlux stored at 0x5b93f5a85e00, has been registered with IO.
hydro_coreInit:Field = invOblen stored at 0x5b93f5aa5f80, has been registered with IO.
hydro_coreInit:Field = z0m stored at 0x5b93f5ab6000, has been registered with IO.
hydro_coreInit:Field = z0t stored at 0x5b93f5ac6100, has been registered with IO.
mpi_rank_world--0/1: in timeInit(), simTime_it = 0 and simTime =         0.000000 !
:Variable = time stored at 0x5b93d0fadf78, has been registered with IO.

## time_test
Description=seed seed_cbl-shallow_a075: flat uniform convective spin-up, z_i target 450 m, base angle 75 deg # ## A description of this input file.
## FEMPI parameters---
numProcsX=1        # ## Number of cores to be used for horizontal domain decomposition in X
numProcsY=1        # ## Number of cores to be used for horizontal domain decomposition in Y
## IO parameters---
ioOutputMode=0     # ## 0: N-to-1 gather and write to a netCDF file, 1:N-to-N writes of FastEddy binary files
inPath=            # ## Path where initial/restart file is read in from
inFile=            # ## name of the input file for coordinate system and initial or restart conditions
outPath=./output/  # ## Path where output files are to be written
outFileBase=FE_SEED # ## Base name of the output file series as in (outFileBase).element-in-series
frqOutput=9720     # ## frequency (in timesteps) at which to produce output; should be an even multiple of NtBatch
towerIOSelector=0  # (DEFAULTED) ## Virtual Tower IO-Selector: 0=off, 1=on 
## FECUDA parameters---
tBx=1              # ## Number of threads in x-dimension.
tBy=8              # ## Number of threads in y-dimension.
tBz=16             # ## Number of threads in z-dimension.
## GRID parameters---
gridFile=          # (DEFAULTED) ## A file containing a complete grid specification
topoFile=          # ## A file containing terrain(surface elevation in meters ASL)
Nx=122             # ## Number of discretised domain elements in the x (zonal) direction.
Ny=122             # ## Number of discretised domain elements in the y (meridional) direction.
Nz=122             # ## Number of discretised domain elements in the z (vertical) direction.
Nh=3               # ## Number of halo cells to be used (dependent on largest stencil extent).
d_xi=30            # ## Computational domain fixed resolution in the 'i' direction.
d_eta=30           # ## Computational domain fixed resolution in the 'j' direction.
d_zeta=24.6914     # ## Computational domain fixed resolution in the 'k' direction.
coordHorizHalos=1  # ## switch to setup coordinate halos as periodic=1 or gradient-following=0.
verticalDeformSwitch=1 # ## switch to use vertical coordinate deformation 0=off, 1=on
verticalDeformFactor=0.346601 # ## deformation factor (0.0=max compression,  1.0=no compression)
verticalDeformQuadCoeff=0 # ## deformation factor (0.0=max compression,  1.0=no compression)
## HYDRO_CORE parameters---
## ----------: HYDRO_CORE Submodule Selectors ---
## ----------: Boundary Conditions Set ---
hydroBCs=2         # ## Selector for hydro BC set. 1= LAD, Dirichlet lateral, ceiling and surface, 2 = periodic-horizontal & ABL-vertical
hydroForcingWrite=0 # ## Switch for writing output of hydroFldsFrhs for prognostic fields. 0 = off, 1=on
hydroSubGridWrite=0 # ## Switch for writing output of Tauij fields. 0 = off, 1=on
hydroForcingLog=0  # ## Switch for logging Frhs summary metrics. 0 = off, 1=on
## ----------: PRESSURE GRADIENT FORCE ---
pgfSelector=1      # (DEFAULTED) ## Pressure Gradient Force (pgf) selector: 0=off, 1=on
## ----------: BUOYANCY ---
buoyancySelector=1 # (DEFAULTED) ## Buoyancy force  selector: 0=off, 1=on
## ----------: CORIOLIS ---
coriolisSelector=1 # ## Corilis force selector: 0= none, 1= horiz. terms, 2= horiz. & vert. terms
coriolisLatitude=42.9572 # ## Characteristic latitude in degrees from equator of the LES domain
## ----------: TURBULENCE ---
turbulenceSelector=1 # ## turbulence scheme selector: 0= none, 1= Lilly/Smagorinsky 
TKESelector=1      # ## Prognostic TKE selector: 0= none, 1= Prognostic, 2= requires canopySelector=1
TKEAdvSelector=3   # ## advection scheme for SGSTKE equation
TKEAdvSelector_b_hyb=0 # ## hybrid advection scheme parameter
c_k=0.1            # ## Lilly model constant used for turbulenceSelector = 1 and TKESelector > 0
## ----------: ADVECTION ---
advectionSelector=3 # ## advection scheme selector: 0=1st-order upwind, 1=3rd-order QUICK, 2=hybrid 3rd-4th order, 3=hybrid 5th-6th order, 4=3rd-order WENO, 5=5th-order WENO, 6=2nd-order centered
ceilingAdvectionBC=0 # (DEFAULTED) ## selector to allow advection through the domain ceiling 1=on, 0=off (w-ceiling = 0)
b_hyb=0            # ## hybrid advection scheme parameter: 0.0= lower-order upwind, 1.0=higher-order centered, 0.0 < b_hyb < 1.0 = hybrid
## ----------: DIFFUSION ---
diffusionSelector=0 # ## diffusivity selector: 0= none, 1= const.
## ----------: SURFACE LAYER ---
surflayerSelector=1 # ## surfacelayer selector: 0=off, 1=surface kinematic heat flux (surflayer_wth), 2=skin temperature rate (surflayer_tr)
surflayer_z0=0.061489 # ## roughness length (momentum) when surflayerSelector > 0
surflayer_z0t=0.01 # ## roughness length (temperature) when surflayerSelector > 0
surflayer_wth=0.06 # ## kinematic sensible heat flux at the surface when surflayerSelector = 1
surflayer_idealsine=0 # ## selector for idealized sinusoidal surface heat flux or skin temperature forcing: 0= off, 1= on
surflayer_stab=0   # (DEFAULTED) ## exchange coeffcient stability correction selector: 0= on, 1= off
surflayer_z0tdyn=1 # (DEFAULTED) ## dynamic z0t calculation following Zilitinkevich (1995) approach: 0= off, 1= constant Zilitinkevich coeff, 2= variable Zilitinkevich coeff
## ----------: OFFSHORE ROUGHNESS ---
surflayer_offshore=0 # ## offshore selector: 0=off, 1=on
## ----------: CANOPY MODEL ---
canopySelector=0   # (DEFAULTED) ## canopy selector: 0= off, 1= on
## ----------: LARGE-SCALE FORCINGS MODEL ---
lsfSelector=1      # ## large-scale forcings selector: 0= off, 1= on
lsf_w_surf=0       # ## large-scale forcing to w at the first specified level
lsf_w_lev1=-25     # ## large-scale forcing w at height 1
lsf_w_lev2=0       # ## large-scale forcing w at height 2
lsf_w_zlev1=450    # ## large-scale forcing w height 1
lsf_w_zlev2=1000   # ## large-scale forcing w height 2
lsf_th_surf=0      # ## large-scale forcing to theta at the first specified level
lsf_th_lev1=0      # ## large-scale forcing theta at height 1
lsf_th_lev2=0      # ## large-scale forcing theta at height 2
lsf_th_zlev1=500   # ## large-scale forcing theta height 1
lsf_th_zlev2=2000  # ## large-scale forcing theta height 2
lsf_qv_surf=-0.0432 # ## large-scale forcing to qv at the first specified level
lsf_qv_lev1=-0.0432 # ## large-scale forcing qv at height 1
lsf_qv_lev2=0      # ## large-scale forcing qv at height 2
lsf_qv_zlev1=300   # ## large-scale forcing qv height 1
lsf_qv_zlev2=500   # ## large-scale forcing qv height 2
lsf_horMnSubTerms=1 # ## large-scale subsidence terms Switch: 0= off, 1= on
lsf_freq=1         # ## large-scale forcing frequency (seconds)
## ----------: MOISTURE ---
moistureSelector=0 # ## moisture selector: 0= off, 1= on
## ----------: EXPLICIT FILTERS ---
filterSelector=1   # ## explicit filter selector: 0=off, 1=on
filter_6thdiff_vert=1 # ## vertical 6th-order filter on w selector: 0=off, 1=on
filter_6thdiff_vert_coeff=0.03 # ## vertical 6th-order filter factor: 0.0=off, 1.0=full
filter_6thdiff_hori=0 # (DEFAULTED) ## horizontal 6th-order filter on rho,theta,qv selector: 0=off, 1=on
filter_divdamp=0   # (DEFAULTED) ## divergence damping selector: 0=off, 1=on
## ----------: CELL PERTURBATION METHOD ---
cellpertSelector=0 # (DEFAULTED) ## CP method selector: 0= off, 1= on
## ----------: RAYLEIGH DAMPING LAYER ---
dampingLayerSelector=1 # ## Rayleigh damping layer selector: 0= off, 1= on.
dampingLayerDepth=500 # ## Rayleigh damping layer depth in meters
## ----------: AUXILIARY SCALARS ---
NhydroAuxScalars=0 # (DEFAULTED) ## Number of prognostic auxiliary scalar fields
## ----------: BASE-STATE ---
stabilityScheme=2  # ## Scheme used to set hydrostatic, stability-dependent Base-State EOS fields
temp_grnd=298.012  # ## Air Temperature (K) at the ground used to set hydrostatic Base-State EOS fields
pres_grnd=97700    # ## Pressure (Pa) at the ground used to set hydrostatic Base-State EOS fields
zStableBottom=450  # ## Height (m) of the first stable upper-layer when stabilityScheme = 2
stableGradient=0.08 # ## Vertical gradient (K/m) of the first stable upper-layer when stabilityScheme = 2
zStableBottom2=550 # ## Height (m) of the second stable upper-layer when stabilityScheme = 2
zStableBottom3=20000 # ## Height (m) of the third stable upper-layer when stabilityScheme = 2
stableGradient2=0.004 # ## Vertical gradient (K/m) of the second stable upper-layer when stabilityScheme = 2
stableGradient3=0.004 # ## Vertical gradient (K/m) of the third stable upper-layer when stabilityScheme = 2
U_g=1.81173        # ## Zonal (West-East) component of the geostrophic wind (m/s).
V_g=6.76148        # ## Meridional (South-North) component of the geostrophic wind (m/s).
z_Ug=10000         # ## Height (m) above ground for linear geostrophic wind gradient (zonal component).
z_Vg=10000         # ## Height (m) above ground for linear geostrophic wind gradient (meridional component).
Ug_grad=0          # ## U_g gradient above z_Ug (ms-1/m).
Vg_grad=0          # ## V_g gradient above z_Vg (ms-1/m).
thetaPerturbationSwitch=1 # ## Switch to include initial theta perturbations: 0=off, 1=on
thetaHeight=300    # ## Height below which to include initial theta perturbations: (meters)
thetaAmplitude=0.25 # ## Maximum amplitude for theta perturbations: thetaAmplitude*[-1,+1] K
physics_oneRKonly=1 # (DEFAULTED) ## selector to apply physics RHS forcing only at the latest RK stage: 0= off, 1= on
## TIME_INTEGRATION parameters---
timeMethod=0       # ## Selector for time integration method. [0=RK3-WS2002 (default)]
Nt=233280          # ## Number of timesteps to perform.
dt=0.0308642       # ## timestep resolution in seconds.
NtBatch=9720       # ## Number of timesteps to compute in batch launch, must have NtBatch <= Nt.

moistureMPcallTscale = 1.0   # NOT VALIDATED
c_s = 0.18   # NOT VALIDATED
nu_0 = 0.0   # NOT VALIDATED
moistureCond = 3   # NOT VALIDATED
moistureAdvSelectorQi = 2   # NOT VALIDATED
moistureAdvSelectorQv = 2   # NOT VALIDATED
surflayer_qr = 0.0   # NOT VALIDATED
surflayer_tr = -0.0   # NOT VALIDATED
surflayer_wq = 0.0   # NOT VALIDATED
moistureNvars = 2   # NOT VALIDATED
moistureCondTscale = 1.0   # NOT VALIDATED
moistureAdvSelectorQv_b = 0.0   # NOT VALIDATED
surflayer_ideal_qamp = 2.0   # NOT VALIDATED
surflayer_ideal_amp = 4.0   # NOT VALIDATED
surflayer_ideal_qte = 10.0   # NOT VALIDATED
surflayer_ideal_qts = 1.75   # NOT VALIDATED
surflayer_ideal_te = 43200   # NOT VALIDATED
surflayer_ideal_ts = 0.0   # NOT VALIDATED
moistureCondBasePres = 1   # NOT VALIDATED
moistureSGSturb = 1   # NOT VALIDATED
Input parameters passed verification.
No input file has been specified, no gridFile has been specified.
 Using default grid and initial condition schemes.
**** Coordinate generation ****  (i,j,k)-extents = (122,122,122) & (i,j,k)-deltas = (30.000000,30.000000,24.691359)
mpi_rank_world--0/1 grid-Coord-gen(), else-coordHorizHalos = 1!
mpi_rank_world--0/1 coordHalos, Western-Eastern Boundaries!
mpi_rank_world--0/1 coordHalos, Southern-Northern Boundaries!
stabilityScheme == 2: Base State setup complete.
Rank 0/1: Profile preparations complete!
cuda_gridDeviceSetup:-- (i,j,k)Min, ()Max = (3,3,3), (125,125,125)
fecuda_SetBlocksPerGrid: tBlock = {1, 8, 16}
fecuda_SetBlocksPerGrid: grid = {128, 16, 8}
lsf_horMnSubTerms = 1, setting up for 5 phi-fields.cuda_hydroCoreDeviceSetup() complete.
cuda_towersDeviceSetup: NelemsTowers = 0, NelemsTowersSurf = -10884744
0/1 cuda_hydroCoreDeviceSecondaryStageSetup(): BdyUpdateSteps = 0 
Initializations complete after   1.3774 (s).
Main Time: Advancing simulation timestep = 0... and time =    0.00000

_____________________#######_________  STATE-SUMMARY @ it = 0 _________#######____________________ 

			!!!!!	  HYDRO_CORE 	 !!!!! 
Field 	|	 max	     --(i,j,k)		 |	  min	     --(i,j,k)		 |	 mean
---------------------------------------------------------------------------------------------------------
********-----
 Model Fields -
 ********-----
rho	Rank 0/1:       1.14173782 	 (3,3,3)	 |        0.84013647 	 (3,3,124)	 |       1.02843022 
-----
u	Rank 0/1:       1.81173313 	 (3,3,6)	 |        1.81173289 	 (3,3,4)	 |       1.76990795 
-----
v	Rank 0/1:       6.76148129 	 (3,3,8)	 |        6.76148033 	 (3,3,44)	 |       6.91473150 
-----
w	Rank 0/1:       0.00000000 	 (3,3,3)	 |        0.00000000 	 (3,3,3)	 |       0.00000000 
-----
theta	Rank 0/1:     317.79882812 	 (3,3,124)	 |      299.74884033 	 (14,55,27)	 |     308.35418701 
-----
press	Rank 0/1:       0.00000000 	 (3,3,3)	 |        0.00000000 	 (3,3,3)	 |       0.00000000 
-----
TKE_0	Rank 0/1:       0.00000000 	 (3,3,3)	 |        0.00000000 	 (3,3,3)	 |       0.00000000 
Dumping state at timestep = 0...
Dumped state at timestep = 0...
Rank 0/1: Batch complete results sent via cudaMemcpyDeviceToHost.

			!!!!!	  TIMESTEP PERFORMANCE  	 !!!!! 
 Total Time (s) | Batch Steps 	| Time/step (s) | Comp./step (s) | IO Time (s)
---------------------------------------------------------------------------------------------------------
    56.7750 	|     9720 	|    0.0058 	|    0.0058 	 |   0.268455 

********************************************************************************************************
Main Time: Advancing simulation timestep = 9720... and time =  300.00003

_____________________#######_________  STATE-SUMMARY @ it = 9720 _________#######____________________ 

			!!!!!	  HYDRO_CORE 	 !!!!! 
Field 	|	 max	     --(i,j,k)		 |	  min	     --(i,j,k)		 |	 mean
---------------------------------------------------------------------------------------------------------
********-----
 Model Fields -
 ********-----
rho	Rank 0/1:       1.13980746 	 (93,79,3)	 |        0.84016675 	 (28,72,124)	 |       1.02787900 
-----
u	Rank 0/1:       2.05068779 	 (61,57,25)	 |        0.84202987 	 (14,18,3)	 |       1.76583254 
-----
v	Rank 0/1:       7.01538038 	 (106,81,25)	 |        3.71943402 	 (11,16,3)	 |       6.83061314 
-----
w	Rank 0/1:       0.38224161 	 (6,28,20)	 |       -0.37361696 	 (65,32,17)	 |       0.00009041 
-----
theta	Rank 0/1:     317.80044556 	 (92,30,124)	 |      299.89849854 	 (37,106,27)	 |     308.41867065 
-----
press	Rank 0/1:       6.64062500 	 (84,81,13)	 |        2.67968750 	 (63,22,3)	 |       5.02987862 
-----
TKE_0	Rank 0/1:       0.45098019 	 (66,54,4)	 |        0.00000000 	 (83,52,11)	 |       0.01360135 
Dumping state at timestep = 9720...
Dumped state at timestep = 9720...
Rank 0/1: Batch complete results sent via cudaMemcpyDeviceToHost.

			!!!!!	  TIMESTEP PERFORMANCE  	 !!!!! 
 Total Time (s) | Batch Steps 	| Time/step (s) | Comp./step (s) | IO Time (s)
---------------------------------------------------------------------------------------------------------
    56.8298 	|     9720 	|    0.0058 	|    0.0058 	 |   0.255914 

********************************************************************************************************
Main Time: Advancing simulation timestep = 19440... and time =  600.00006

_____________________#######_________  STATE-SUMMARY @ it = 19440 _________#######____________________ 

			!!!!!	  HYDRO_CORE 	 !!!!! 
Field 	|	 max	     --(i,j,k)		 |	  min	     --(i,j,k)		 |	 mean
---------------------------------------------------------------------------------------------------------
********-----
 Model Fields -
 ********-----
rho	Rank 0/1:       1.14007795 	 (91,92,3)	 |        0.84020597 	 (70,34,124)	 |       1.02786899 
-----
u	Rank 0/1:       2.54016876 	 (86,97,6)	 |        0.21395139 	 (84,36,3)	 |       1.75580263 
-----
v	Rank 0/1:       7.12929535 	 (61,17,8)	 |        2.84085393 	 (22,57,3)	 |       6.79083872 
-----
w	Rank 0/1:       1.03004253 	 (28,79,11)	 |       -0.62676728 	 (92,98,11)	 |       0.00009317 
-----
theta	Rank 0/1:     317.80087280 	 (68,81,124)	 |      299.93566895 	 (66,124,10)	 |     308.46212769 
-----
press	Rank 0/1:      11.66406250 	 (90,42,57)	 |        7.72656250 	 (104,89,3)	 |       9.96715450 
-----
TKE_0	Rank 0/1:       0.61089259 	 (93,99,4)	 |        0.00000000 	 (93,97,8)	 |       0.01485474 
Dumping state at timestep = 19440...
Dumped state at timestep = 19440...
Rank 0/1: Batch complete results sent via cudaMemcpyDeviceToHost.

			!!!!!	  TIMESTEP PERFORMANCE  	 !!!!! 
 Total Time (s) | Batch Steps 	| Time/step (s) | Comp./step (s) | IO Time (s)
---------------------------------------------------------------------------------------------------------
    56.7919 	|     9720 	|    0.0058 	|    0.0058 	 |   0.254821 

********************************************************************************************************
Main Time: Advancing simulation timestep = 29160... and time =  900.00006

_____________________#######_________  STATE-SUMMARY @ it = 29160 _________#######____________________ 

			!!!!!	  HYDRO_CORE 	 !!!!! 
Field 	|	 max	     --(i,j,k)		 |	  min	     --(i,j,k)		 |	 mean
---------------------------------------------------------------------------------------------------------
********-----
 Model Fields -
 ********-----
rho	Rank 0/1:       1.14157832 	 (77,108,3)	 |        0.84024054 	 (60,68,124)	 |       1.02785408 
-----
u	Rank 0/1:       3.34323382 	 (113,73,5)	 |       -1.06026590 	 (117,24,23)	 |       1.74819076 
-----
v	Rank 0/1:       7.68830490 	 (54,120,5)	 |        2.75354409 	 (39,61,3)	 |       6.74725056 
-----
w	Rank 0/1:       2.84472966 	 (23,110,22)	 |       -1.59306633 	 (77,109,11)	 |       0.00009252 
-----
theta	Rank 0/1:     317.80117798 	 (86,27,124)	 |      299.87667847 	 (57,7,9)	 |     308.51416016 
-----
press	Rank 0/1:      16.33593750 	 (117,84,52)	 |       10.15625000 	 (116,12,14)	 |      14.18441391 
-----
TKE_0	Rank 0/1:       0.86884058 	 (68,20,4)	 |        0.00000000 	 (54,117,6)	 |       0.01899561 
Dumping state at timestep = 29160...
Dumped state at timestep = 29160...
Rank 0/1: Batch complete results sent via cudaMemcpyDeviceToHost.

			!!!!!	  TIMESTEP PERFORMANCE  	 !!!!! 
 Total Time (s) | Batch Steps 	| Time/step (s) | Comp./step (s) | IO Time (s)
---------------------------------------------------------------------------------------------------------
    56.7536 	|     9720 	|    0.0058 	|    0.0058 	 |   0.255548 

********************************************************************************************************
Main Time: Advancing simulation timestep = 38880... and time = 1200.00012

_____________________#######_________  STATE-SUMMARY @ it = 38880 _________#######____________________ 

			!!!!!	  HYDRO_CORE 	 !!!!! 
Field 	|	 max	     --(i,j,k)		 |	  min	     --(i,j,k)		 |	 mean
---------------------------------------------------------------------------------------------------------
********-----
 Model Fields -
 ********-----
rho	Rank 0/1:       1.14156127 	 (68,69,3)	 |        0.84027362 	 (13,65,124)	 |       1.02777016 
-----
u	Rank 0/1:       4.35810328 	 (50,50,43)	 |       -0.77972335 	 (4,85,24)	 |       1.74227870 
-----
v	Rank 0/1:       8.45052147 	 (35,58,42)	 |        2.83817863 	 (107,115,3)	 |       6.69922781 
-----
w	Rank 0/1:       2.91813827 	 (52,40,35)	 |       -2.32965875 	 (44,43,19)	 |       0.00013612 
-----
theta	Rank 0/1:     317.80163574 	 (13,65,124)	 |      299.34100342 	 (67,92,47)	 |     308.62924194 
-----
press	Rank 0/1:      21.86718750 	 (50,40,46)	 |       12.15625000 	 (37,31,20)	 |      18.22773743 
-----
TKE_0	Rank 0/1:       0.77030522 	 (103,109,4)	 |        0.00000000 	 (53,109,6)	 |       0.02205364 
Dumping state at timestep = 38880...
Dumped state at timestep = 38880...
Rank 0/1: Batch complete results sent via cudaMemcpyDeviceToHost.

			!!!!!	  TIMESTEP PERFORMANCE  	 !!!!! 
 Total Time (s) | Batch Steps 	| Time/step (s) | Comp./step (s) | IO Time (s)
---------------------------------------------------------------------------------------------------------
    56.7448 	|     9720 	|    0.0058 	|    0.0058 	 |   0.253966 

********************************************************************************************************
Main Time: Advancing simulation timestep = 48600... and time = 1500.00012

_____________________#######_________  STATE-SUMMARY @ it = 48600 _________#######____________________ 

			!!!!!	  HYDRO_CORE 	 !!!!! 
Field 	|	 max	     --(i,j,k)		 |	  min	     --(i,j,k)		 |	 mean
---------------------------------------------------------------------------------------------------------
********-----
 Model Fields -
 ********-----
rho	Rank 0/1:       1.14137375 	 (113,84,3)	 |        0.84030604 	 (8,16,124)	 |       1.02785540 
-----
u	Rank 0/1:       3.90149045 	 (47,31,14)	 |       -0.71871459 	 (53,83,3)	 |       1.73266339 
-----
v	Rank 0/1:       8.67120552 	 (71,93,22)	 |        2.72210169 	 (123,30,3)	 |       6.65891075 
-----
w	Rank 0/1:       2.71476960 	 (56,50,35)	 |       -2.19345927 	 (62,41,23)	 |       0.00017601 
-----
theta	Rank 0/1:     317.80178833 	 (8,16,124)	 |      299.66665649 	 (79,50,46)	 |     308.67065430 
-----
press	Rank 0/1:      25.77343750 	 (59,77,50)	 |       16.19531250 	 (9,103,14)	 |      22.42585564 
-----
TKE_0	Rank 0/1:       0.85226738 	 (45,73,4)	 |        0.00000000 	 (26,124,6)	 |       0.02307746 
Dumping state at timestep = 48600...
Dumped state at timestep = 48600...
Rank 0/1: Batch complete results sent via cudaMemcpyDeviceToHost.

			!!!!!	  TIMESTEP PERFORMANCE  	 !!!!! 
 Total Time (s) | Batch Steps 	| Time/step (s) | Comp./step (s) | IO Time (s)
---------------------------------------------------------------------------------------------------------
    56.7582 	|     9720 	|    0.0058 	|    0.0058 	 |   0.254958 

********************************************************************************************************
Main Time: Advancing simulation timestep = 58320... and time = 1800.00012

_____________________#######_________  STATE-SUMMARY @ it = 58320 _________#######____________________ 

			!!!!!	  HYDRO_CORE 	 !!!!! 
Field 	|	 max	     --(i,j,k)		 |	  min	     --(i,j,k)		 |	 mean
---------------------------------------------------------------------------------------------------------
********-----
 Model Fields -
 ********-----
rho	Rank 0/1:       1.14091837 	 (52,124,3)	 |        0.84034121 	 (47,95,124)	 |       1.02785707 
-----
u	Rank 0/1:       3.80787516 	 (22,23,13)	 |       -0.70966262 	 (22,31,3)	 |       1.71876931 
-----
v	Rank 0/1:       8.34426594 	 (15,28,10)	 |        2.55288363 	 (25,55,3)	 |       6.62042856 
-----
w	Rank 0/1:       2.55962682 	 (86,68,39)	 |       -1.56206155 	 (48,81,16)	 |       0.00017695 
-----
theta	Rank 0/1:     317.80206299 	 (47,95,124)	 |      299.87921143 	 (97,109,46)	 |     308.69796753 
-----
press	Rank 0/1:      30.43750000 	 (3,99,56)	 |       20.00000000 	 (22,32,8)	 |      26.84267807 
-----
TKE_0	Rank 0/1:       0.83067143 	 (87,106,4)	 |        0.00000000 	 (19,47,6)	 |       0.02053856 
Dumping state at timestep = 58320...
Dumped state at timestep = 58320...
Rank 0/1: Batch complete results sent via cudaMemcpyDeviceToHost.

			!!!!!	  TIMESTEP PERFORMANCE  	 !!!!! 
 Total Time (s) | Batch Steps 	| Time/step (s) | Comp./step (s) | IO Time (s)
---------------------------------------------------------------------------------------------------------
    56.7680 	|     9720 	|    0.0058 	|    0.0058 	 |   0.252998 

********************************************************************************************************
Main Time: Advancing simulation timestep = 68040... and time = 2100.00024

_____________________#######_________  STATE-SUMMARY @ it = 68040 _________#######____________________ 

			!!!!!	  HYDRO_CORE 	 !!!!! 
Field 	|	 max	     --(i,j,k)		 |	  min	     --(i,j,k)		 |	 mean
---------------------------------------------------------------------------------------------------------
********-----
 Model Fields -
 ********-----
rho	Rank 0/1:       1.14080286 	 (91,115,3)	 |        0.84037608 	 (66,24,124)	 |       1.02782643 
-----
u	Rank 0/1:       3.66203737 	 (38,28,24)	 |       -0.71940416 	 (10,77,8)	 |       1.70280802 
-----
v	Rank 0/1:       7.82013845 	 (40,30,21)	 |        2.19622588 	 (114,71,3)	 |       6.58531094 
-----
w	Rank 0/1:       2.83422780 	 (39,100,32)	 |       -1.80377781 	 (61,84,12)	 |       0.00017090 
-----
theta	Rank 0/1:     317.80197144 	 (66,24,124)	 |      299.92013550 	 (95,7,46)	 |     308.71444702 
-----
press	Rank 0/1:      35.48437500 	 (24,34,52)	 |       25.03125000 	 (10,69,16)	 |      31.42369270 
-----
TKE_0	Rank 0/1:       0.79938996 	 (63,21,4)	 |        0.00000000 	 (119,20,7)	 |       0.01937820 
Dumping state at timestep = 68040...
Dumped state at timestep = 68040...
Rank 0/1: Batch complete results sent via cudaMemcpyDeviceToHost.

			!!!!!	  TIMESTEP PERFORMANCE  	 !!!!! 
 Total Time (s) | Batch Steps 	| Time/step (s) | Comp./step (s) | IO Time (s)
---------------------------------------------------------------------------------------------------------
    56.7571 	|     9720 	|    0.0058 	|    0.0058 	 |   0.252128 

********************************************************************************************************
Main Time: Advancing simulation timestep = 77760... and time = 2400.00024

_____________________#######_________  STATE-SUMMARY @ it = 77760 _________#######____________________ 

			!!!!!	  HYDRO_CORE 	 !!!!! 
Field 	|	 max	     --(i,j,k)		 |	  min	     --(i,j,k)		 |	 mean
---------------------------------------------------------------------------------------------------------
********-----
 Model Fields -
 ********-----
rho	Rank 0/1:       1.14093328 	 (67,114,3)	 |        0.84041113 	 (82,70,124)	 |       1.02780437 
-----
u	Rank 0/1:       3.87948728 	 (24,60,4)	 |       -0.99955958 	 (86,84,20)	 |       1.68942237 
-----
v	Rank 0/1:       7.91026163 	 (73,47,22)	 |        2.33286142 	 (118,69,3)	 |       6.55394411 
-----
w	Rank 0/1:       2.67531538 	 (117,63,29)	 |       -1.70516169 	 (119,25,18)	 |       0.00018503 
-----
theta	Rank 0/1:     317.80191040 	 (82,70,124)	 |      299.50473022 	 (59,39,47)	 |     308.72399902 
-----
press	Rank 0/1:      40.11718750 	 (100,107,52)	 |       28.07031250 	 (10,112,3)	 |      35.85776901 
-----
TKE_0	Rank 0/1:       0.75594419 	 (11,115,4)	 |        0.00000000 	 (78,71,6)	 |       0.01915339 
Dumping state at timestep = 77760...
Dumped state at timestep = 77760...
Rank 0/1: Batch complete results sent via cudaMemcpyDeviceToHost.

			!!!!!	  TIMESTEP PERFORMANCE  	 !!!!! 
 Total Time (s) | Batch Steps 	| Time/step (s) | Comp./step (s) | IO Time (s)
---------------------------------------------------------------------------------------------------------
    56.7586 	|     9720 	|    0.0058 	|    0.0058 	 |   0.244085 

********************************************************************************************************
Main Time: Advancing simulation timestep = 87480... and time = 2700.00024

_____________________#######_________  STATE-SUMMARY @ it = 87480 _________#######____________________ 

			!!!!!	  HYDRO_CORE 	 !!!!! 
Field 	|	 max	     --(i,j,k)		 |	  min	     --(i,j,k)		 |	 mean
---------------------------------------------------------------------------------------------------------
********-----
 Model Fields -
 ********-----
rho	Rank 0/1:       1.14070058 	 (79,45,3)	 |        0.84044701 	 (80,42,124)	 |       1.02778506 
-----
u	Rank 0/1:       3.84701943 	 (33,63,45)	 |       -1.01843023 	 (43,84,22)	 |       1.67595053 
-----
v	Rank 0/1:       7.73892927 	 (11,45,45)	 |        2.38931370 	 (8,121,3)	 |       6.52727985 
-----
w	Rank 0/1:       2.78571653 	 (51,117,31)	 |       -1.94694173 	 (9,113,17)	 |       0.00020187 
-----
theta	Rank 0/1:     317.80172729 	 (41,62,124)	 |      299.91696167 	 (77,122,46)	 |     308.73846436 
-----
press	Rank 0/1:      45.03906250 	 (110,124,52)	 |       32.80468750 	 (116,45,3)	 |      40.25376892 
-----
TKE_0	Rank 0/1:       0.67011499 	 (47,51,4)	 |        0.00000000 	 (31,18,7)	 |       0.01886399 
Dumping state at timestep = 87480...
Dumped state at timestep = 87480...
Rank 0/1: Batch complete results sent via cudaMemcpyDeviceToHost.

			!!!!!	  TIMESTEP PERFORMANCE  	 !!!!! 
 Total Time (s) | Batch Steps 	| Time/step (s) | Comp./step (s) | IO Time (s)
---------------------------------------------------------------------------------------------------------
    56.7562 	|     9720 	|    0.0058 	|    0.0058 	 |   0.252390 

********************************************************************************************************
Main Time: Advancing simulation timestep = 97200... and time = 3000.00024

_____________________#######_________  STATE-SUMMARY @ it = 97200 _________#######____________________ 

			!!!!!	  HYDRO_CORE 	 !!!!! 
Field 	|	 max	     --(i,j,k)		 |	  min	     --(i,j,k)		 |	 mean
---------------------------------------------------------------------------------------------------------
********-----
 Model Fields -
 ********-----
rho	Rank 0/1:       1.14064240 	 (59,29,3)	 |        0.84048158 	 (32,6,124)	 |       1.02776170 
-----
u	Rank 0/1:       3.71139884 	 (118,43,21)	 |       -0.86375576 	 (53,121,3)	 |       1.66411304 
-----
v	Rank 0/1:       7.97097206 	 (45,102,24)	 |        2.29000235 	 (51,122,3)	 |       6.50430822 
-----
w	Rank 0/1:       2.94684792 	 (117,68,32)	 |       -1.79805970 	 (108,22,18)	 |       0.00018354 
-----
theta	Rank 0/1:     317.80200195 	 (32,6,124)	 |      299.80627441 	 (97,56,46)	 |     308.74707031 
-----
press	Rank 0/1:      49.90625000 	 (105,71,56)	 |       36.10937500 	 (106,6,8)	 |      44.48344421 
-----
TKE_0	Rank 0/1:       0.72848582 	 (77,11,4)	 |        0.00000000 	 (90,58,7)	 |       0.01902388 
Dumping state at timestep = 97200...
Dumped state at timestep = 97200...
Rank 0/1: Batch complete results sent via cudaMemcpyDeviceToHost.

			!!!!!	  TIMESTEP PERFORMANCE  	 !!!!! 
 Total Time (s) | Batch Steps 	| Time/step (s) | Comp./step (s) | IO Time (s)
---------------------------------------------------------------------------------------------------------
    56.7515 	|     9720 	|    0.0058 	|    0.0058 	 |   0.239451 

********************************************************************************************************
Main Time: Advancing simulation timestep = 106920... and time = 3300.00024

_____________________#######_________  STATE-SUMMARY @ it = 106920 _________#######____________________ 

			!!!!!	  HYDRO_CORE 	 !!!!! 
Field 	|	 max	     --(i,j,k)		 |	  min	     --(i,j,k)		 |	 mean
---------------------------------------------------------------------------------------------------------
********-----
 Model Fields -
 ********-----
rho	Rank 0/1:       1.14051521 	 (59,34,3)	 |        0.84051722 	 (117,55,124)	 |       1.02772534 
-----
u	Rank 0/1:       3.40346360 	 (74,12,25)	 |       -1.01156747 	 (63,43,12)	 |       1.64888549 
-----
v	Rank 0/1:       7.83089161 	 (32,61,45)	 |        2.36197424 	 (67,52,3)	 |       6.47781181 
-----
w	Rank 0/1:       2.87129474 	 (5,14,35)	 |       -1.62814033 	 (123,76,17)	 |       0.00016186 
-----
theta	Rank 0/1:     317.80187988 	 (117,55,124)	 |      299.88973999 	 (86,123,46)	 |     308.76708984 
-----
press	Rank 0/1:      55.08593750 	 (20,110,52)	 |       40.14062500 	 (6,117,13)	 |      49.25569153 
-----
TKE_0	Rank 0/1:       0.71435720 	 (18,97,4)	 |        0.00000000 	 (60,32,7)	 |       0.01857824 
Dumping state at timestep = 106920...
Dumped state at timestep = 106920...
Rank 0/1: Batch complete results sent via cudaMemcpyDeviceToHost.

			!!!!!	  TIMESTEP PERFORMANCE  	 !!!!! 
 Total Time (s) | Batch Steps 	| Time/step (s) | Comp./step (s) | IO Time (s)
---------------------------------------------------------------------------------------------------------
    56.7429 	|     9720 	|    0.0058 	|    0.0058 	 |   0.245563 

********************************************************************************************************
Main Time: Advancing simulation timestep = 116640... and time = 3600.00024

_____________________#######_________  STATE-SUMMARY @ it = 116640 _________#######____________________ 

			!!!!!	  HYDRO_CORE 	 !!!!! 
Field 	|	 max	     --(i,j,k)		 |	  min	     --(i,j,k)		 |	 mean
---------------------------------------------------------------------------------------------------------
********-----
 Model Fields -
 ********-----
rho	Rank 0/1:       1.14044333 	 (103,38,3)	 |        0.84055108 	 (106,83,124)	 |       1.02770150 
-----
u	Rank 0/1:       3.81987000 	 (80,73,8)	 |       -1.26432633 	 (16,64,21)	 |       1.63284862 
-----
v	Rank 0/1:       7.70066309 	 (26,102,12)	 |        2.35063887 	 (105,83,3)	 |       6.45222235 
-----
w	Rank 0/1:       2.68448091 	 (24,71,31)	 |       -1.96485567 	 (31,17,18)	 |       0.00017134 
-----
theta	Rank 0/1:     317.80191040 	 (106,83,124)	 |      299.83850098 	 (71,101,46)	 |     308.79449463 
-----
press	Rank 0/1:      59.75781250 	 (111,5,52)	 |       44.10937500 	 (112,88,10)	 |      53.28340530 
-----
TKE_0	Rank 0/1:       0.78265929 	 (77,71,4)	 |        0.00000000 	 (47,26,7)	 |       0.01795841 
Dumping state at timestep = 116640...
Dumped state at timestep = 116640...
Rank 0/1: Batch complete results sent via cudaMemcpyDeviceToHost.

			!!!!!	  TIMESTEP PERFORMANCE  	 !!!!! 
 Total Time (s) | Batch Steps 	| Time/step (s) | Comp./step (s) | IO Time (s)
---------------------------------------------------------------------------------------------------------
    56.7474 	|     9720 	|    0.0058 	|    0.0058 	 |   0.240137 

********************************************************************************************************
Main Time: Advancing simulation timestep = 126360... and time = 3900.00024

_____________________#######_________  STATE-SUMMARY @ it = 126360 _________#######____________________ 

			!!!!!	  HYDRO_CORE 	 !!!!! 
Field 	|	 max	     --(i,j,k)		 |	  min	     --(i,j,k)		 |	 mean
---------------------------------------------------------------------------------------------------------
********-----
 Model Fields -
 ********-----
rho	Rank 0/1:       1.14018810 	 (60,80,3)	 |        0.84058625 	 (124,29,124)	 |       1.02769804 
-----
u	Rank 0/1:       3.59410739 	 (92,83,11)	 |       -0.96974105 	 (51,30,26)	 |       1.61771762 
-----
v	Rank 0/1:       7.74566555 	 (26,6,33)	 |        2.12385368 	 (24,114,3)	 |       6.42450190 
-----
w	Rank 0/1:       2.80923772 	 (118,117,27)	 |       -1.72045851 	 (65,42,15)	 |       0.00018517 
-----
theta	Rank 0/1:     317.80200195 	 (103,18,124)	 |      299.80590820 	 (45,10,46)	 |     308.80712891 
-----
press	Rank 0/1:      64.52343750 	 (87,40,52)	 |       48.60156250 	 (113,8,3)	 |      58.13136673 
-----
TKE_0	Rank 0/1:       0.68459898 	 (10,66,4)	 |        0.00000000 	 (60,80,6)	 |       0.01787951 
Dumping state at timestep = 126360...
Dumped state at timestep = 126360...
Rank 0/1: Batch complete results sent via cudaMemcpyDeviceToHost.

			!!!!!	  TIMESTEP PERFORMANCE  	 !!!!! 
 Total Time (s) | Batch Steps 	| Time/step (s) | Comp./step (s) | IO Time (s)
---------------------------------------------------------------------------------------------------------
    56.7486 	|     9720 	|    0.0058 	|    0.0058 	 |   0.246404 

********************************************************************************************************
Main Time: Advancing simulation timestep = 136080... and time = 4200.00049

_____________________#######_________  STATE-SUMMARY @ it = 136080 _________#######____________________ 

			!!!!!	  HYDRO_CORE 	 !!!!! 
Field 	|	 max	     --(i,j,k)		 |	  min	     --(i,j,k)		 |	 mean
---------------------------------------------------------------------------------------------------------
********-----
 Model Fields -
 ********-----
rho	Rank 0/1:       1.14004540 	 (86,54,3)	 |        0.84062195 	 (34,94,124)	 |       1.02766860 
-----
u	Rank 0/1:       3.73641253 	 (20,120,7)	 |       -1.07130671 	 (3,51,34)	 |       1.60262799 
-----
v	Rank 0/1:       7.54174709 	 (8,41,16)	 |        2.09335828 	 (37,37,3)	 |       6.40186882 
-----
w	Rank 0/1:       2.92300510 	 (6,42,21)	 |       -1.67285347 	 (92,60,12)	 |       0.00017286 
-----
theta	Rank 0/1:     317.80178833 	 (62,39,124)	 |      300.00030518 	 (112,15,46)	 |     308.82748413 
-----
press	Rank 0/1:      69.34375000 	 (102,80,54)	 |       52.93750000 	 (24,84,12)	 |      62.23694992 
-----
TKE_0	Rank 0/1:       0.69190854 	 (24,52,4)	 |        0.00000000 	 (87,53,6)	 |       0.01756764 
Dumping state at timestep = 136080...
Dumped state at timestep = 136080...
Rank 0/1: Batch complete results sent via cudaMemcpyDeviceToHost.

			!!!!!	  TIMESTEP PERFORMANCE  	 !!!!! 
 Total Time (s) | Batch Steps 	| Time/step (s) | Comp./step (s) | IO Time (s)
---------------------------------------------------------------------------------------------------------
    56.7576 	|     9720 	|    0.0058 	|    0.0058 	 |   0.240824 

********************************************************************************************************
Main Time: Advancing simulation timestep = 145800... and time = 4500.00049

_____________________#######_________  STATE-SUMMARY @ it = 145800 _________#######____________________ 

			!!!!!	  HYDRO_CORE 	 !!!!! 
Field 	|	 max	     --(i,j,k)		 |	  min	     --(i,j,k)		 |	 mean
---------------------------------------------------------------------------------------------------------
********-----
 Model Fields -
 ********-----
rho	Rank 0/1:       1.13971865 	 (38,17,3)	 |        0.84065604 	 (54,61,124)	 |       1.02765119 
-----
u	Rank 0/1:       3.29235840 	 (110,88,5)	 |       -1.36634016 	 (67,63,3)	 |       1.58758998 
-----
v	Rank 0/1:       7.64214993 	 (13,123,43)	 |        2.14656830 	 (114,87,3)	 |       6.38597250 
-----
w	Rank 0/1:       3.08452225 	 (48,82,35)	 |       -1.59991884 	 (10,93,40)	 |       0.00015264 
-----
theta	Rank 0/1:     317.80197144 	 (121,17,124)	 |      300.25213623 	 (67,33,46)	 |     308.84228516 
-----
press	Rank 0/1:      74.64062500 	 (52,95,52)	 |       55.98437500 	 (40,15,3)	 |      66.80983734 
-----
TKE_0	Rank 0/1:       0.64401001 	 (45,98,4)	 |        0.00000000 	 (109,43,6)	 |       0.01733007 
Dumping state at timestep = 145800...
Dumped state at timestep = 145800...
Rank 0/1: Batch complete results sent via cudaMemcpyDeviceToHost.

			!!!!!	  TIMESTEP PERFORMANCE  	 !!!!! 
 Total Time (s) | Batch Steps 	| Time/step (s) | Comp./step (s) | IO Time (s)
---------------------------------------------------------------------------------------------------------
    56.7510 	|     9720 	|    0.0058 	|    0.0058 	 |   0.241712 

********************************************************************************************************
Main Time: Advancing simulation timestep = 155520... and time = 4800.00049

_____________________#######_________  STATE-SUMMARY @ it = 155520 _________#######____________________ 

			!!!!!	  HYDRO_CORE 	 !!!!! 
Field 	|	 max	     --(i,j,k)		 |	  min	     --(i,j,k)		 |	 mean
---------------------------------------------------------------------------------------------------------
********-----
 Model Fields -
 ********-----
rho	Rank 0/1:       1.13972926 	 (14,31,3)	 |        0.84068960 	 (71,108,124)	 |       1.02764964 
-----
u	Rank 0/1:       3.35348725 	 (11,108,39)	 |       -1.33204114 	 (77,122,8)	 |       1.57069695 
-----
v	Rank 0/1:       7.51341915 	 (57,83,21)	 |        2.14894629 	 (61,30,3)	 |       6.36544561 
-----
w	Rank 0/1:       2.52910972 	 (5,17,34)	 |       -1.88030648 	 (118,105,16)	 |       0.00016566 
-----
theta	Rank 0/1:     317.80239868 	 (71,108,124)	 |      300.15243530 	 (66,39,46)	 |     308.86380005 
-----
press	Rank 0/1:      79.47656250 	 (48,95,51)	 |       59.59375000 	 (75,112,8)	 |      71.26235962 
-----
TKE_0	Rank 0/1:       0.72127199 	 (39,106,4)	 |        0.00000000 	 (14,31,6)	 |       0.01721869 
Dumping state at timestep = 155520...
Dumped state at timestep = 155520...
Rank 0/1: Batch complete results sent via cudaMemcpyDeviceToHost.

			!!!!!	  TIMESTEP PERFORMANCE  	 !!!!! 
 Total Time (s) | Batch Steps 	| Time/step (s) | Comp./step (s) | IO Time (s)
---------------------------------------------------------------------------------------------------------
    56.7472 	|     9720 	|    0.0058 	|    0.0058 	 |   0.245962 

********************************************************************************************************
Main Time: Advancing simulation timestep = 165240... and time = 5100.00049

_____________________#######_________  STATE-SUMMARY @ it = 165240 _________#######____________________ 

			!!!!!	  HYDRO_CORE 	 !!!!! 
Field 	|	 max	     --(i,j,k)		 |	  min	     --(i,j,k)		 |	 mean
---------------------------------------------------------------------------------------------------------
********-----
 Model Fields -
 ********-----
rho	Rank 0/1:       1.13954246 	 (68,121,3)	 |        0.84072489 	 (36,69,124)	 |       1.02763891 
-----
u	Rank 0/1:       3.69288254 	 (86,85,32)	 |       -1.08300173 	 (10,115,11)	 |       1.55430031 
-----
v	Rank 0/1:       7.65954781 	 (122,101,16)	 |        1.81142950 	 (76,76,3)	 |       6.34967518 
-----
w	Rank 0/1:       2.96630335 	 (79,78,30)	 |       -1.69071281 	 (89,41,26)	 |       0.00017853 
-----
theta	Rank 0/1:     317.80215454 	 (36,69,124)	 |      300.30065918 	 (12,122,46)	 |     308.88085938 
-----
press	Rank 0/1:      84.14062500 	 (70,80,52)	 |       64.06250000 	 (16,121,3)	 |      75.49774933 
-----
TKE_0	Rank 0/1:       0.69506592 	 (12,112,4)	 |        0.00000000 	 (87,19,7)	 |       0.01682473 
Dumping state at timestep = 165240...
Dumped state at timestep = 165240...
Rank 0/1: Batch complete results sent via cudaMemcpyDeviceToHost.

			!!!!!	  TIMESTEP PERFORMANCE  	 !!!!! 
 Total Time (s) | Batch Steps 	| Time/step (s) | Comp./step (s) | IO Time (s)
---------------------------------------------------------------------------------------------------------
    56.7411 	|     9720 	|    0.0058 	|    0.0058 	 |   0.243398 

********************************************************************************************************
Main Time: Advancing simulation timestep = 174960... and time = 5400.00049

_____________________#######_________  STATE-SUMMARY @ it = 174960 _________#######____________________ 

			!!!!!	  HYDRO_CORE 	 !!!!! 
Field 	|	 max	     --(i,j,k)		 |	  min	     --(i,j,k)		 |	 mean
---------------------------------------------------------------------------------------------------------
********-----
 Model Fields -
 ********-----
rho	Rank 0/1:       1.13961637 	 (72,97,3)	 |        0.84076029 	 (80,42,124)	 |       1.02759707 
-----
u	Rank 0/1:       3.78267336 	 (95,3,36)	 |       -1.43177450 	 (25,107,3)	 |       1.53752363 
-----
v	Rank 0/1:       7.51197720 	 (93,96,13)	 |        2.01291680 	 (82,115,3)	 |       6.32946825 
-----
w	Rank 0/1:       3.24421334 	 (84,119,23)	 |       -1.91213322 	 (101,53,28)	 |       0.00017429 
-----
theta	Rank 0/1:     317.80215454 	 (80,42,124)	 |      300.19729614 	 (116,95,45)	 |     308.89062500 
-----
press	Rank 0/1:      88.98437500 	 (93,7,51)	 |       67.46093750 	 (49,15,6)	 |      80.05085754 
-----
TKE_0	Rank 0/1:       0.66460472 	 (86,97,4)	 |        0.00000000 	 (80,105,7)	 |       0.01678074 
Dumping state at timestep = 174960...
Dumped state at timestep = 174960...
Rank 0/1: Batch complete results sent via cudaMemcpyDeviceToHost.

			!!!!!	  TIMESTEP PERFORMANCE  	 !!!!! 
 Total Time (s) | Batch Steps 	| Time/step (s) | Comp./step (s) | IO Time (s)
---------------------------------------------------------------------------------------------------------
    56.7333 	|     9720 	|    0.0058 	|    0.0058 	 |   0.235194 

********************************************************************************************************
Main Time: Advancing simulation timestep = 184680... and time = 5700.00049

_____________________#######_________  STATE-SUMMARY @ it = 184680 _________#######____________________ 

			!!!!!	  HYDRO_CORE 	 !!!!! 
Field 	|	 max	     --(i,j,k)		 |	  min	     --(i,j,k)		 |	 mean
---------------------------------------------------------------------------------------------------------
********-----
 Model Fields -
 ********-----
rho	Rank 0/1:       1.13926995 	 (68,87,3)	 |        0.84079421 	 (94,43,124)	 |       1.02755904 
-----
u	Rank 0/1:       3.39802051 	 (105,51,45)	 |       -1.65954781 	 (31,99,8)	 |       1.52190495 
-----
v	Rank 0/1:       7.37936163 	 (39,121,41)	 |        1.94696879 	 (90,29,3)	 |       6.31149483 
-----
w	Rank 0/1:       2.72680259 	 (11,45,32)	 |       -1.78584778 	 (98,45,32)	 |       0.00015127 
-----
theta	Rank 0/1:     317.80209351 	 (94,44,124)	 |      300.25851440 	 (10,25,45)	 |     308.90039062 
-----
press	Rank 0/1:      94.07812500 	 (115,20,52)	 |       71.37500000 	 (31,95,3)	 |      84.57245636 
-----
TKE_0	Rank 0/1:       0.73898214 	 (36,33,4)	 |        0.00000000 	 (33,73,6)	 |       0.01664179 
Dumping state at timestep = 184680...
Dumped state at timestep = 184680...
Rank 0/1: Batch complete results sent via cudaMemcpyDeviceToHost.

			!!!!!	  TIMESTEP PERFORMANCE  	 !!!!! 
 Total Time (s) | Batch Steps 	| Time/step (s) | Comp./step (s) | IO Time (s)
---------------------------------------------------------------------------------------------------------
    56.7368 	|     9720 	|    0.0058 	|    0.0058 	 |   0.246947 

********************************************************************************************************
Main Time: Advancing simulation timestep = 194400... and time = 6000.00049

_____________________#######_________  STATE-SUMMARY @ it = 194400 _________#######____________________ 

			!!!!!	  HYDRO_CORE 	 !!!!! 
Field 	|	 max	     --(i,j,k)		 |	  min	     --(i,j,k)		 |	 mean
---------------------------------------------------------------------------------------------------------
********-----
 Model Fields -
 ********-----
rho	Rank 0/1:       1.13925362 	 (109,92,3)	 |        0.84082776 	 (61,120,124)	 |       1.02753949 
-----
u	Rank 0/1:       3.56048083 	 (64,82,26)	 |       -1.56489646 	 (108,78,5)	 |       1.50578582 
-----
v	Rank 0/1:       7.64715910 	 (52,52,32)	 |        2.00217247 	 (36,28,3)	 |       6.29674339 
-----
w	Rank 0/1:       2.61808348 	 (11,11,19)	 |       -1.70988023 	 (73,16,27)	 |       0.00016409 
-----
theta	Rank 0/1:     317.80230713 	 (114,92,124)	 |      300.22860718 	 (43,108,45)	 |     308.91043091 
-----
press	Rank 0/1:      98.73437500 	 (37,65,52)	 |       75.65625000 	 (59,119,3)	 |      88.54679108 
-----
TKE_0	Rank 0/1:       0.69224739 	 (45,31,4)	 |        0.00000000 	 (109,91,5)	 |       0.01645965 
Dumping state at timestep = 194400...
Dumped state at timestep = 194400...
Rank 0/1: Batch complete results sent via cudaMemcpyDeviceToHost.

			!!!!!	  TIMESTEP PERFORMANCE  	 !!!!! 
 Total Time (s) | Batch Steps 	| Time/step (s) | Comp./step (s) | IO Time (s)
---------------------------------------------------------------------------------------------------------
    56.7379 	|     9720 	|    0.0058 	|    0.0058 	 |   0.241002 

********************************************************************************************************
Main Time: Advancing simulation timestep = 204120... and time = 6300.00049

_____________________#######_________  STATE-SUMMARY @ it = 204120 _________#######____________________ 

			!!!!!	  HYDRO_CORE 	 !!!!! 
Field 	|	 max	     --(i,j,k)		 |	  min	     --(i,j,k)		 |	 mean
---------------------------------------------------------------------------------------------------------
********-----
 Model Fields -
 ********-----
rho	Rank 0/1:       1.13903737 	 (117,56,3)	 |        0.84086269 	 (44,70,124)	 |       1.02757192 
-----
u	Rank 0/1:       3.27634597 	 (118,3,44)	 |       -1.36034882 	 (85,80,27)	 |       1.49024820 
-----
v	Rank 0/1:       7.32243299 	 (102,52,46)	 |        1.94562721 	 (112,33,3)	 |       6.28367138 
-----
w	Rank 0/1:       2.83029795 	 (22,72,26)	 |       -1.73984408 	 (15,62,16)	 |       0.00017704 
-----
theta	Rank 0/1:     317.80249023 	 (44,70,124)	 |      300.41744995 	 (20,71,45)	 |     308.93048096 
-----
press	Rank 0/1:     103.59375000 	 (108,59,52)	 |       78.45312500 	 (73,39,3)	 |      93.05325317 
-----
TKE_0	Rank 0/1:       0.68444240 	 (79,22,4)	 |        0.00000000 	 (103,49,6)	 |       0.01636967 
Dumping state at timestep = 204120...
Dumped state at timestep = 204120...
Rank 0/1: Batch complete results sent via cudaMemcpyDeviceToHost.

			!!!!!	  TIMESTEP PERFORMANCE  	 !!!!! 
 Total Time (s) | Batch Steps 	| Time/step (s) | Comp./step (s) | IO Time (s)
---------------------------------------------------------------------------------------------------------
    56.7334 	|     9720 	|    0.0058 	|    0.0058 	 |   0.240788 

********************************************************************************************************
Main Time: Advancing simulation timestep = 213840... and time = 6600.00049

_____________________#######_________  STATE-SUMMARY @ it = 213840 _________#######____________________ 

			!!!!!	  HYDRO_CORE 	 !!!!! 
Field 	|	 max	     --(i,j,k)		 |	  min	     --(i,j,k)		 |	 mean
---------------------------------------------------------------------------------------------------------
********-----
 Model Fields -
 ********-----
rho	Rank 0/1:       1.13909233 	 (62,118,3)	 |        0.84089780 	 (28,106,124)	 |       1.02762794 
-----
u	Rank 0/1:       3.03627968 	 (48,74,12)	 |       -1.54148602 	 (4,78,4)	 |       1.47466767 
-----
v	Rank 0/1:       7.42416000 	 (79,98,38)	 |        2.07732439 	 (59,12,3)	 |       6.27344418 
-----
w	Rank 0/1:       3.04194021 	 (95,123,36)	 |       -1.68795896 	 (11,50,28)	 |       0.00017866 
-----
theta	Rank 0/1:     317.80230713 	 (28,106,124)	 |      300.46707153 	 (117,109,45)	 |     308.94363403 
-----
press	Rank 0/1:     108.23437500 	 (31,22,51)	 |       83.92187500 	 (47,69,8)	 |      97.65293884 
-----
TKE_0	Rank 0/1:       0.73539966 	 (85,77,4)	 |        0.00000000 	 (69,30,7)	 |       0.01615333 
Dumping state at timestep = 213840...
Dumped state at timestep = 213840...
Rank 0/1: Batch complete results sent via cudaMemcpyDeviceToHost.

			!!!!!	  TIMESTEP PERFORMANCE  	 !!!!! 
 Total Time (s) | Batch Steps 	| Time/step (s) | Comp./step (s) | IO Time (s)
---------------------------------------------------------------------------------------------------------
    56.7331 	|     9720 	|    0.0058 	|    0.0058 	 |   0.240696 

********************************************************************************************************
Main Time: Advancing simulation timestep = 223560... and time = 6900.00049

_____________________#######_________  STATE-SUMMARY @ it = 223560 _________#######____________________ 

			!!!!!	  HYDRO_CORE 	 !!!!! 
Field 	|	 max	     --(i,j,k)		 |	  min	     --(i,j,k)		 |	 mean
---------------------------------------------------------------------------------------------------------
********-----
 Model Fields -
 ********-----
rho	Rank 0/1:       1.13894713 	 (97,107,3)	 |        0.84093124 	 (75,21,124)	 |       1.02783275 
-----
u	Rank 0/1:       3.18433928 	 (72,26,25)	 |       -1.53615844 	 (121,92,33)	 |       1.45790970 
-----
v	Rank 0/1:       7.37803316 	 (35,48,50)	 |        1.99832380 	 (100,15,3)	 |       6.25883675 
-----
w	Rank 0/1:       2.77300096 	 (4,92,25)	 |       -1.97370303 	 (117,93,21)	 |       0.00015262 
-----
theta	Rank 0/1:     317.80258179 	 (75,21,124)	 |      300.41680908 	 (96,23,45)	 |     308.95785522 
-----
press	Rank 0/1:     113.35937500 	 (106,62,52)	 |       87.80468750 	 (102,14,3)	 |     102.12637329 
-----
TKE_0	Rank 0/1:       0.64076418 	 (90,3,4)	 |        0.00000000 	 (53,79,5)	 |       0.01597599 
Dumping state at timestep = 223560...
Dumped state at timestep = 223560...
Rank 0/1: Batch complete results sent via cudaMemcpyDeviceToHost.

			!!!!!	  TIMESTEP PERFORMANCE  	 !!!!! 
 Total Time (s) | Batch Steps 	| Time/step (s) | Comp./step (s) | IO Time (s)
---------------------------------------------------------------------------------------------------------
    56.7273 	|     9720 	|    0.0058 	|    0.0058 	 |   0.239323 

********************************************************************************************************

_____________________#######_________  STATE-SUMMARY @ it = 233280 _________#######____________________ 

			!!!!!	  HYDRO_CORE 	 !!!!! 
Field 	|	 max	     --(i,j,k)		 |	  min	     --(i,j,k)		 |	 mean
---------------------------------------------------------------------------------------------------------
********-----
 Model Fields -
 ********-----
rho	Rank 0/1:       1.13872731 	 (66,21,3)	 |        0.84096563 	 (93,90,124)	 |       1.02794993 
-----
u	Rank 0/1:       2.91700339 	 (78,35,6)	 |       -1.75392914 	 (72,90,24)	 |       1.44081140 
-----
v	Rank 0/1:       7.39852571 	 (22,123,47)	 |        1.93410671 	 (93,67,3)	 |       6.24665260 
-----
w	Rank 0/1:       3.02258563 	 (71,87,30)	 |       -2.01318169 	 (40,7,26)	 |       0.00016237 
-----
theta	Rank 0/1:     317.80218506 	 (93,90,124)	 |      300.19204712 	 (8,51,45)	 |     308.97500610 
-----
press	Rank 0/1:     118.17968750 	 (9,8,51)	 |       91.08593750 	 (78,42,3)	 |     105.89955902 
-----
TKE_0	Rank 0/1:       0.59346473 	 (77,34,4)	 |        0.00000000 	 (66,22,5)	 |       0.01585646 

_____________________#######_________  TOWER-SUMMARY @ it = 233280 _________#######____________________ 
Dumping state at timestep = 233280...
Dumped state at timestep = 233280...

			!!!!!	  TIMESTEP PERFORMANCE  	 !!!!! 
 Total Time (s) | Batch Steps 	| Time/step (s) | Comp./step (s) | IO Time (s)
---------------------------------------------------------------------------------------------------------
     0.2413 	|        0 	|    0.0000 	|    0.0000 	 |   0.181815 

********************************************************************************************************
Your FastEddy simulation is complete!
Cleaning up...
Shutting down MPI...
 Goodbye!
