Obtaining parameters from ./run.in
Successfully opened ./run.in and read 129 lines.
Warning more than 10000 entries were requested for the parameters hash table.
Consider changing the requested table size in the PARAMETERS module.
WARNING: optional parameter ioLPDMmode defaulted to 0.
WARNING: optional parameter ioLPDMfullFrq defaulted to 0.
WARNING: optional parameter lpdmOnlineSelector defaulted to 0.
WARNING: optional parameter lpdmOnlineQueue defaulted to 4.
WARNING: optional parameter lpdmOnlinePause1 defaulted to 0.
WARNING: optional parameter lpdmOnlinePause2 defaulted to 0.
WARNING: optional parameter towerIOSelector defaulted to 0.
WARNING: optional parameter gridFile defaulted to NULL.
WARNING: optional parameter pgfSelector defaulted to 1.
WARNING: optional parameter buoyancySelector defaulted to 1.
WARNING: optional parameter ceilingAdvectionBC defaulted to 0.
WARNING: optional parameter surflayer_stab defaulted to 0.
WARNING: optional parameter surflayer_z0tdyn defaulted to 1.
WARNING: optional parameter surflayer_offshore_visc defaulted to 1.
WARNING: optional parameter canopySelector defaulted to 0.
WARNING: optional parameter cellpertSelector defaulted to 0.
WARNING: optional parameter filter_6thdiff_hori defaulted to 0.
WARNING: optional parameter filter_divdamp defaulted to 0.
WARNING: optional parameter NhydroAuxScalars defaulted to 0.
WARNING: optional parameter physics_oneRKonly defaulted to 1.
Rank 0/1:  [rankXid, rankYid] = [0,0]
mpi_rank_world--0/1 inFile = FE_ACC.0 !!
mpi_rank_world--0/1 Obtaining devices...
Obtaining properties for 1 devices...

mpi_rank_world--0/1 assigned accelerator device 0/1...
Device Number:          0
---------------------------------------------------------------------

__General__
   Name                               : NVIDIA GeForce RTX 5090
   Compute Capability                 : 12.0
   Clock Rate                         : 2512000
   Number of multiprocessors          : 170
   Max Threads/multiprocessor         : 1536
   Concurrent Copy/Execution          : Yes
   Concurrent Kernels                 : 1
   Compute Mode                       : 0
   Kernel Timeout Enabled             : No
   Integrated                         : No
   Host Memory Mapping                : Yes

__Configuration__
   Registers/Block                    : 65536
   Warp Size                          : 32
   Max Threads/Block                  : 1024
   Max Block-extent / Dimension       :         1024         1024           64
   Max Grid-extent / Dimension        :   2147483647        65535        65535

__Memory__
   Tot. Global Memory (GB) / (B)      :   31.35834 / 3605987328
   Shared Mem/Block   (GB) / (B)      :    0.00005 / 49152
   Constant Memory    (GB) / (B)      :    0.00006 / 65536
   Max 1-D Texture                    :       131072
   Max 2-D Texture                    :       131072        65536
   Max 3-D Texture                    :        16384        16384        16384
   Texture Alignment  (B)             : 512
   Max Memory pitch                   : 2147483647

mpi_rank_world--0/1 done!
mpi_rank_world--0/1 Assigning threadPerBlock.[xyz]
mpi_rank_world--0/1 done!
Nxp = 122, Nyp = 122, Nzp = 122
****Spatial loop-index Mins & Maxs ****  (i,j,k)-min = (3,3,3) & (i,j,k)-max = (125,125,125)
Entering hydro_coreInit:------
WARNING: parameter surflayer_qskin_input was not found but was requested for printing.
WARNING: parameter surflayer_offshore_opt was not found but was requested for printing.
WARNING: parameter filter_6thdiff_hori_coeff was not found but was requested for printing.
hydro_coreInit: allocating/registering arrays/fields with IO
hydro_coreInit:hydroFlds[0] = rho stored at 0x7352a77fb080, has been registered with IO.
hydro_coreInit:hydroFlds[1] = u stored at 0x7352a7ffb080, has been registered with IO.
hydro_coreInit:hydroFlds[2] = v stored at 0x7352a87fb080, has been registered with IO.
hydro_coreInit:hydroFlds[3] = w stored at 0x7352a8ffb080, has been registered with IO.
hydro_coreInit:hydroFlds[4] = theta stored at 0x7352a97fb080, has been registered with IO.
hydro_coreInit:Field = pressure stored at 0x7352a6ffa080, has been registered with IO.
hydro_coreInit:sgstkeScalars[0] = TKE_0 stored at 0x7352a3ff8080, has been registered with IO.
hydro_coreInit: allocating internal arrays
hydro_coreInit:Field = tskin stored at 0x565390928100, has been registered with IO.
hydro_coreInit:Field = fricVel stored at 0x565390907f80, has been registered with IO.
hydro_coreInit:Field = htFlux stored at 0x565390918080, has been registered with IO.
hydro_coreInit:Field = invOblen stored at 0x565390938200, has been registered with IO.
hydro_coreInit:Field = z0m stored at 0x565390948280, has been registered with IO.
hydro_coreInit:Field = z0t stored at 0x565390958380, has been registered with IO.
mpi_rank_world--0/1: in timeInit(), simTime_it = 0 and simTime =         0.000000 !
:Variable = time stored at 0x56538d544f78, has been registered with IO.

## time_test
Description=seed seed_nbl-shallow_a015: flat uniform neutral spin-up, z_i target 300 m, base angle 15 deg # ## A description of this input file.
## FEMPI parameters---
numProcsX=1        # ## Number of cores to be used for horizontal domain decomposition in X
numProcsY=1        # ## Number of cores to be used for horizontal domain decomposition in Y
## IO parameters---
ioOutputMode=0     # ## 0: N-to-1 gather and write to a netCDF file, 1:N-to-N writes of FastEddy binary files
inPath=./          # ## Path where initial/restart file is read in from
inFile=FE_ACC.0    # ## name of the input file for coordinate system and initial or restart conditions
outPath=./output/  # ## Path where output files are to be written
outFileBase=FE_SEED # ## Base name of the output file series as in (outFileBase).element-in-series
frqOutput=9720     # ## frequency (in timesteps) at which to produce output; should be an even multiple of NtBatch
towerIOSelector=0  # (DEFAULTED) ## Virtual Tower IO-Selector: 0=off, 1=on 
## FECUDA parameters---
tBx=1              # ## Number of threads in x-dimension.
tBy=8              # ## Number of threads in y-dimension.
tBz=16             # ## Number of threads in z-dimension.
## GRID parameters---
gridFile=          # (DEFAULTED) ## A file containing a complete grid specification
topoFile=          # ## A file containing terrain(surface elevation in meters ASL)
Nx=122             # ## Number of discretised domain elements in the x (zonal) direction.
Ny=122             # ## Number of discretised domain elements in the y (meridional) direction.
Nz=122             # ## Number of discretised domain elements in the z (vertical) direction.
Nh=3               # ## Number of halo cells to be used (dependent on largest stencil extent).
d_xi=30            # ## Computational domain fixed resolution in the 'i' direction.
d_eta=30           # ## Computational domain fixed resolution in the 'j' direction.
d_zeta=24.6914     # ## Computational domain fixed resolution in the 'k' direction.
coordHorizHalos=1  # ## switch to setup coordinate halos as periodic=1 or gradient-following=0.
verticalDeformSwitch=1 # ## switch to use vertical coordinate deformation 0=off, 1=on
verticalDeformFactor=0.346601 # ## deformation factor (0.0=max compression,  1.0=no compression)
verticalDeformQuadCoeff=0 # ## deformation factor (0.0=max compression,  1.0=no compression)
## HYDRO_CORE parameters---
## ----------: HYDRO_CORE Submodule Selectors ---
## ----------: Boundary Conditions Set ---
hydroBCs=2         # ## Selector for hydro BC set. 1= LAD, Dirichlet lateral, ceiling and surface, 2 = periodic-horizontal & ABL-vertical
hydroForcingWrite=0 # ## Switch for writing output of hydroFldsFrhs for prognostic fields. 0 = off, 1=on
hydroSubGridWrite=0 # ## Switch for writing output of Tauij fields. 0 = off, 1=on
hydroForcingLog=0  # ## Switch for logging Frhs summary metrics. 0 = off, 1=on
## ----------: PRESSURE GRADIENT FORCE ---
pgfSelector=1      # (DEFAULTED) ## Pressure Gradient Force (pgf) selector: 0=off, 1=on
## ----------: BUOYANCY ---
buoyancySelector=1 # (DEFAULTED) ## Buoyancy force  selector: 0=off, 1=on
## ----------: CORIOLIS ---
coriolisSelector=1 # ## Corilis force selector: 0= none, 1= horiz. terms, 2= horiz. & vert. terms
coriolisLatitude=42.9572 # ## Characteristic latitude in degrees from equator of the LES domain
## ----------: TURBULENCE ---
turbulenceSelector=1 # ## turbulence scheme selector: 0= none, 1= Lilly/Smagorinsky 
TKESelector=1      # ## Prognostic TKE selector: 0= none, 1= Prognostic, 2= requires canopySelector=1
TKEAdvSelector=3   # ## advection scheme for SGSTKE equation
TKEAdvSelector_b_hyb=0 # ## hybrid advection scheme parameter
c_k=0.1            # ## Lilly model constant used for turbulenceSelector = 1 and TKESelector > 0
## ----------: ADVECTION ---
advectionSelector=3 # ## advection scheme selector: 0=1st-order upwind, 1=3rd-order QUICK, 2=hybrid 3rd-4th order, 3=hybrid 5th-6th order, 4=3rd-order WENO, 5=5th-order WENO, 6=2nd-order centered
ceilingAdvectionBC=0 # (DEFAULTED) ## selector to allow advection through the domain ceiling 1=on, 0=off (w-ceiling = 0)
b_hyb=0            # ## hybrid advection scheme parameter: 0.0= lower-order upwind, 1.0=higher-order centered, 0.0 < b_hyb < 1.0 = hybrid
## ----------: DIFFUSION ---
diffusionSelector=0 # ## diffusivity selector: 0= none, 1= const.
## ----------: SURFACE LAYER ---
surflayerSelector=1 # ## surfacelayer selector: 0=off, 1=surface kinematic heat flux (surflayer_wth), 2=skin temperature rate (surflayer_tr)
surflayer_z0=0.061489 # ## roughness length (momentum) when surflayerSelector > 0
surflayer_z0t=0.01 # ## roughness length (temperature) when surflayerSelector > 0
surflayer_wth=0    # ## kinematic sensible heat flux at the surface when surflayerSelector = 1
surflayer_idealsine=0 # ## selector for idealized sinusoidal surface heat flux or skin temperature forcing: 0= off, 1= on
surflayer_stab=0   # (DEFAULTED) ## exchange coeffcient stability correction selector: 0= on, 1= off
surflayer_z0tdyn=1 # (DEFAULTED) ## dynamic z0t calculation following Zilitinkevich (1995) approach: 0= off, 1= constant Zilitinkevich coeff, 2= variable Zilitinkevich coeff
## ----------: OFFSHORE ROUGHNESS ---
surflayer_offshore=0 # ## offshore selector: 0=off, 1=on
## ----------: CANOPY MODEL ---
canopySelector=0   # (DEFAULTED) ## canopy selector: 0= off, 1= on
## ----------: LARGE-SCALE FORCINGS MODEL ---
lsfSelector=1      # ## large-scale forcings selector: 0= off, 1= on
lsf_w_surf=0       # ## large-scale forcing to w at the first specified level
lsf_w_lev1=0       # ## large-scale forcing w at height 1
lsf_w_lev2=0       # ## large-scale forcing w at height 2
lsf_w_zlev1=300    # ## large-scale forcing w height 1
lsf_w_zlev2=1000   # ## large-scale forcing w height 2
lsf_th_surf=0      # ## large-scale forcing to theta at the first specified level
lsf_th_lev1=0      # ## large-scale forcing theta at height 1
lsf_th_lev2=0      # ## large-scale forcing theta at height 2
lsf_th_zlev1=500   # ## large-scale forcing theta height 1
lsf_th_zlev2=2000  # ## large-scale forcing theta height 2
lsf_qv_surf=-0.0432 # ## large-scale forcing to qv at the first specified level
lsf_qv_lev1=-0.0432 # ## large-scale forcing qv at height 1
lsf_qv_lev2=0      # ## large-scale forcing qv at height 2
lsf_qv_zlev1=300   # ## large-scale forcing qv height 1
lsf_qv_zlev2=500   # ## large-scale forcing qv height 2
lsf_horMnSubTerms=1 # ## large-scale subsidence terms Switch: 0= off, 1= on
lsf_freq=1         # ## large-scale forcing frequency (seconds)
## ----------: MOISTURE ---
moistureSelector=0 # ## moisture selector: 0= off, 1= on
## ----------: EXPLICIT FILTERS ---
filterSelector=1   # ## explicit filter selector: 0=off, 1=on
filter_6thdiff_vert=1 # ## vertical 6th-order filter on w selector: 0=off, 1=on
filter_6thdiff_vert_coeff=0.03 # ## vertical 6th-order filter factor: 0.0=off, 1.0=full
filter_6thdiff_hori=0 # (DEFAULTED) ## horizontal 6th-order filter on rho,theta,qv selector: 0=off, 1=on
filter_divdamp=0   # (DEFAULTED) ## divergence damping selector: 0=off, 1=on
## ----------: CELL PERTURBATION METHOD ---
cellpertSelector=0 # (DEFAULTED) ## CP method selector: 0= off, 1= on
## ----------: RAYLEIGH DAMPING LAYER ---
dampingLayerSelector=1 # ## Rayleigh damping layer selector: 0= off, 1= on.
dampingLayerDepth=500 # ## Rayleigh damping layer depth in meters
## ----------: AUXILIARY SCALARS ---
NhydroAuxScalars=0 # (DEFAULTED) ## Number of prognostic auxiliary scalar fields
## ----------: BASE-STATE ---
stabilityScheme=2  # ## Scheme used to set hydrostatic, stability-dependent Base-State EOS fields
temp_grnd=298.012  # ## Air Temperature (K) at the ground used to set hydrostatic Base-State EOS fields
pres_grnd=97700    # ## Pressure (Pa) at the ground used to set hydrostatic Base-State EOS fields
zStableBottom=300  # ## Height (m) of the first stable upper-layer when stabilityScheme = 2
stableGradient=0.08 # ## Vertical gradient (K/m) of the first stable upper-layer when stabilityScheme = 2
zStableBottom2=400 # ## Height (m) of the second stable upper-layer when stabilityScheme = 2
zStableBottom3=20000 # ## Height (m) of the third stable upper-layer when stabilityScheme = 2
stableGradient2=0.004 # ## Vertical gradient (K/m) of the second stable upper-layer when stabilityScheme = 2
stableGradient3=0.004 # ## Vertical gradient (K/m) of the third stable upper-layer when stabilityScheme = 2
U_g=7.72741        # ## Zonal (West-East) component of the geostrophic wind (m/s).
V_g=2.07055        # ## Meridional (South-North) component of the geostrophic wind (m/s).
z_Ug=10000         # ## Height (m) above ground for linear geostrophic wind gradient (zonal component).
z_Vg=10000         # ## Height (m) above ground for linear geostrophic wind gradient (meridional component).
Ug_grad=0          # ## U_g gradient above z_Ug (ms-1/m).
Vg_grad=0          # ## V_g gradient above z_Vg (ms-1/m).
thetaPerturbationSwitch=1 # ## Switch to include initial theta perturbations: 0=off, 1=on
thetaHeight=240    # ## Height below which to include initial theta perturbations: (meters)
thetaAmplitude=0.25 # ## Maximum amplitude for theta perturbations: thetaAmplitude*[-1,+1] K
physics_oneRKonly=1 # (DEFAULTED) ## selector to apply physics RHS forcing only at the latest RK stage: 0= off, 1= on
## TIME_INTEGRATION parameters---
timeMethod=0       # ## Selector for time integration method. [0=RK3-WS2002 (default)]
Nt=233280          # ## Number of timesteps to perform.
dt=0.0308642       # ## timestep resolution in seconds.
NtBatch=9720       # ## Number of timesteps to compute in batch launch, must have NtBatch <= Nt.

moistureMPcallTscale = 1.0   # NOT VALIDATED
c_s = 0.18   # NOT VALIDATED
nu_0 = 0.0   # NOT VALIDATED
moistureCond = 3   # NOT VALIDATED
moistureAdvSelectorQi = 2   # NOT VALIDATED
moistureAdvSelectorQv = 2   # NOT VALIDATED
surflayer_qr = 0.0   # NOT VALIDATED
surflayer_tr = -0.0   # NOT VALIDATED
surflayer_wq = 0.0   # NOT VALIDATED
moistureNvars = 2   # NOT VALIDATED
moistureCondTscale = 1.0   # NOT VALIDATED
moistureAdvSelectorQv_b = 0.0   # NOT VALIDATED
surflayer_ideal_qamp = 2.0   # NOT VALIDATED
surflayer_ideal_amp = 4.0   # NOT VALIDATED
surflayer_ideal_qte = 10.0   # NOT VALIDATED
surflayer_ideal_qts = 1.75   # NOT VALIDATED
surflayer_ideal_te = 43200   # NOT VALIDATED
surflayer_ideal_ts = 0.0   # NOT VALIDATED
moistureCondBasePres = 1   # NOT VALIDATED
moistureSGSturb = 1   # NOT VALIDATED
Input parameters passed verification.
Reading coordinates and input conditions from FE_ACC.0
Attempting to open inFileName = ./FE_ACC.0
inFileName = ./FE_ACC.0 as 4 dimensions
Opened inFileName = ./FE_ACC.0 with ncid = 65536
Established dimension ids of xIndex,yIndex,zIndex = 3, 2, 1
Reading IO-registered variable fields from inFileName = ./FE_ACC.0
Checking for xPos...
Next registered var in list to get is ptr->name = xPos, from ptr->ncvarid = 3
nc_get_vara() for  ptr->name = xPos, from ptr-ncvarid = 3,
 into ioBuffField = 0x0x7352d810f010, for transpose into field = 0x0x7354e4e7b080 
Variable field = xPos has nDims = 4
Variable field = xPos has dimid(0) = 0: start, count => 0, 1
Variable field = xPos has dimid(1) = 1: start, count => 0, 122
Variable field = xPos has dimid(2) = 2: start, count => 0, 122
Variable field = xPos has dimid(3) = 3: start, count => 0, 122
Attempting for field = xPos with start = 0,0,0,0 and count = 1,122,122,122
Checking for yPos...
Next registered var in list to get is ptr->name = yPos, from ptr->ncvarid = 4
nc_get_vara() for  ptr->name = yPos, from ptr-ncvarid = 4,
 into ioBuffField = 0x0x7352d810f010, for transpose into field = 0x0x7354e467a080 
Variable field = yPos has nDims = 4
Variable field = yPos has dimid(0) = 0: start, count => 0, 1
Variable field = yPos has dimid(1) = 1: start, count => 0, 122
Variable field = yPos has dimid(2) = 2: start, count => 0, 122
Variable field = yPos has dimid(3) = 3: start, count => 0, 122
Attempting for field = yPos with start = 0,0,0,0 and count = 1,122,122,122
Checking for zPos...
Next registered var in list to get is ptr->name = zPos, from ptr->ncvarid = 5
nc_get_vara() for  ptr->name = zPos, from ptr-ncvarid = 5,
 into ioBuffField = 0x0x7352d810f010, for transpose into field = 0x0x7352d97ff080 
Variable field = zPos has nDims = 4
Variable field = zPos has dimid(0) = 0: start, count => 0, 1
Variable field = zPos has dimid(1) = 1: start, count => 0, 122
Variable field = zPos has dimid(2) = 2: start, count => 0, 122
Variable field = zPos has dimid(3) = 3: start, count => 0, 122
Attempting for field = zPos with start = 0,0,0,0 and count = 1,122,122,122
Checking for topoPos...
Next registered var in list to get is ptr->name = topoPos, from ptr->ncvarid = 6
nc_get_vara() for  ptr->name = topoPos, from ptr-ncvarid = 6,
 into ioBuffField = 0x0x7352d810f010, for transpose into field = 0x0x56539088b980 
Variable field = topoPos has nDims = 3
Variable field = topoPos has dimid(0) = 0: start, count => 0, 1
Variable field = topoPos has dimid(1) = 2: start, count => 0, 122
Variable field = topoPos has dimid(2) = 3: start, count => 0, 0
Attempting for field = topoPos with start = 0,0,0,0 and count = 1,122,122,0
Checking for lat...
Next registered var in list to get is ptr->name = lat, from ptr->ncvarid = 7
nc_get_vara() for  ptr->name = lat, from ptr-ncvarid = 7,
 into ioBuffField = 0x0x7352d810f010, for transpose into field = 0x0x5653908ae680 
Variable field = lat has nDims = 3
Variable field = lat has dimid(0) = 0: start, count => 0, 1
Variable field = lat has dimid(1) = 2: start, count => 0, 122
Variable field = lat has dimid(2) = 3: start, count => 0, 0
Attempting for field = lat with start = 0,0,0,0 and count = 1,122,122,0
Checking for lon...
Next registered var in list to get is ptr->name = lon, from ptr->ncvarid = 8
nc_get_vara() for  ptr->name = lon, from ptr-ncvarid = 8,
 into ioBuffField = 0x0x7352d810f010, for transpose into field = 0x0x5653908be700 
Variable field = lon has nDims = 3
Variable field = lon has dimid(0) = 0: start, count => 0, 1
Variable field = lon has dimid(1) = 2: start, count => 0, 122
Variable field = lon has dimid(2) = 3: start, count => 0, 0
Attempting for field = lon with start = 0,0,0,0 and count = 1,122,122,0
Checking for rho...
Next registered var in list to get is ptr->name = rho, from ptr->ncvarid = 9
nc_get_vara() for  ptr->name = rho, from ptr-ncvarid = 9,
 into ioBuffField = 0x0x7352d810f010, for transpose into field = 0x0x7352a77fb080 
Variable field = rho has nDims = 4
Variable field = rho has dimid(0) = 0: start, count => 0, 1
Variable field = rho has dimid(1) = 1: start, count => 0, 122
Variable field = rho has dimid(2) = 2: start, count => 0, 122
Variable field = rho has dimid(3) = 3: start, count => 0, 122
Attempting for field = rho with start = 0,0,0,0 and count = 1,122,122,122
Checking for u...
Next registered var in list to get is ptr->name = u, from ptr->ncvarid = 10
nc_get_vara() for  ptr->name = u, from ptr-ncvarid = 10,
 into ioBuffField = 0x0x7352d810f010, for transpose into field = 0x0x7352a7ffb080 
Variable field = u has nDims = 4
Variable field = u has dimid(0) = 0: start, count => 0, 1
Variable field = u has dimid(1) = 1: start, count => 0, 122
Variable field = u has dimid(2) = 2: start, count => 0, 122
Variable field = u has dimid(3) = 3: start, count => 0, 122
Attempting for field = u with start = 0,0,0,0 and count = 1,122,122,122
Checking for v...
Next registered var in list to get is ptr->name = v, from ptr->ncvarid = 11
nc_get_vara() for  ptr->name = v, from ptr-ncvarid = 11,
 into ioBuffField = 0x0x7352d810f010, for transpose into field = 0x0x7352a87fb080 
Variable field = v has nDims = 4
Variable field = v has dimid(0) = 0: start, count => 0, 1
Variable field = v has dimid(1) = 1: start, count => 0, 122
Variable field = v has dimid(2) = 2: start, count => 0, 122
Variable field = v has dimid(3) = 3: start, count => 0, 122
Attempting for field = v with start = 0,0,0,0 and count = 1,122,122,122
Checking for w...
Next registered var in list to get is ptr->name = w, from ptr->ncvarid = 12
nc_get_vara() for  ptr->name = w, from ptr-ncvarid = 12,
 into ioBuffField = 0x0x7352d810f010, for transpose into field = 0x0x7352a8ffb080 
Variable field = w has nDims = 4
Variable field = w has dimid(0) = 0: start, count => 0, 1
Variable field = w has dimid(1) = 1: start, count => 0, 122
Variable field = w has dimid(2) = 2: start, count => 0, 122
Variable field = w has dimid(3) = 3: start, count => 0, 122
Attempting for field = w with start = 0,0,0,0 and count = 1,122,122,122
Checking for theta...
Next registered var in list to get is ptr->name = theta, from ptr->ncvarid = 13
nc_get_vara() for  ptr->name = theta, from ptr-ncvarid = 13,
 into ioBuffField = 0x0x7352d810f010, for transpose into field = 0x0x7352a97fb080 
Variable field = theta has nDims = 4
Variable field = theta has dimid(0) = 0: start, count => 0, 1
Variable field = theta has dimid(1) = 1: start, count => 0, 122
Variable field = theta has dimid(2) = 2: start, count => 0, 122
Variable field = theta has dimid(3) = 3: start, count => 0, 122
Attempting for field = theta with start = 0,0,0,0 and count = 1,122,122,122
Checking for pressure...
Next registered var in list to get is ptr->name = pressure, from ptr->ncvarid = 14
nc_get_vara() for  ptr->name = pressure, from ptr-ncvarid = 14,
 into ioBuffField = 0x0x7352d810f010, for transpose into field = 0x0x7352a6ffa080 
Variable field = pressure has nDims = 4
Variable field = pressure has dimid(0) = 0: start, count => 0, 1
Variable field = pressure has dimid(1) = 1: start, count => 0, 122
Variable field = pressure has dimid(2) = 2: start, count => 0, 122
Variable field = pressure has dimid(3) = 3: start, count => 0, 122
Attempting for field = pressure with start = 0,0,0,0 and count = 1,122,122,122
Checking for TKE_0...
Next registered var in list to get is ptr->name = TKE_0, from ptr->ncvarid = 15
nc_get_vara() for  ptr->name = TKE_0, from ptr-ncvarid = 15,
 into ioBuffField = 0x0x7352d810f010, for transpose into field = 0x0x7352a3ff8080 
Variable field = TKE_0 has nDims = 4
Variable field = TKE_0 has dimid(0) = 0: start, count => 0, 1
Variable field = TKE_0 has dimid(1) = 1: start, count => 0, 122
Variable field = TKE_0 has dimid(2) = 2: start, count => 0, 122
Variable field = TKE_0 has dimid(3) = 3: start, count => 0, 122
Attempting for field = TKE_0 with start = 0,0,0,0 and count = 1,122,122,122
Checking for tskin...
Next registered var in list to get is ptr->name = tskin, from ptr->ncvarid = 16
nc_get_vara() for  ptr->name = tskin, from ptr-ncvarid = 16,
 into ioBuffField = 0x0x7352d810f010, for transpose into field = 0x0x565390928100 
Variable field = tskin has nDims = 3
Variable field = tskin has dimid(0) = 0: start, count => 0, 1
Variable field = tskin has dimid(1) = 2: start, count => 0, 122
Variable field = tskin has dimid(2) = 3: start, count => 0, 0
Attempting for field = tskin with start = 0,0,0,0 and count = 1,122,122,0
Checking for fricVel...
Next registered var in list to get is ptr->name = fricVel, from ptr->ncvarid = 17
nc_get_vara() for  ptr->name = fricVel, from ptr-ncvarid = 17,
 into ioBuffField = 0x0x7352d810f010, for transpose into field = 0x0x565390907f80 
Variable field = fricVel has nDims = 3
Variable field = fricVel has dimid(0) = 0: start, count => 0, 1
Variable field = fricVel has dimid(1) = 2: start, count => 0, 122
Variable field = fricVel has dimid(2) = 3: start, count => 0, 0
Attempting for field = fricVel with start = 0,0,0,0 and count = 1,122,122,0
Checking for htFlux...
Next registered var in list to get is ptr->name = htFlux, from ptr->ncvarid = 18
nc_get_vara() for  ptr->name = htFlux, from ptr-ncvarid = 18,
 into ioBuffField = 0x0x7352d810f010, for transpose into field = 0x0x565390918080 
Variable field = htFlux has nDims = 3
Variable field = htFlux has dimid(0) = 0: start, count => 0, 1
Variable field = htFlux has dimid(1) = 2: start, count => 0, 122
Variable field = htFlux has dimid(2) = 3: start, count => 0, 0
Attempting for field = htFlux with start = 0,0,0,0 and count = 1,122,122,0
Checking for invOblen...
Next registered var in list to get is ptr->name = invOblen, from ptr->ncvarid = 19
nc_get_vara() for  ptr->name = invOblen, from ptr-ncvarid = 19,
 into ioBuffField = 0x0x7352d810f010, for transpose into field = 0x0x565390938200 
Variable field = invOblen has nDims = 3
Variable field = invOblen has dimid(0) = 0: start, count => 0, 1
Variable field = invOblen has dimid(1) = 2: start, count => 0, 122
Variable field = invOblen has dimid(2) = 3: start, count => 0, 0
Attempting for field = invOblen with start = 0,0,0,0 and count = 1,122,122,0
Checking for z0m...
Next registered var in list to get is ptr->name = z0m, from ptr->ncvarid = 20
nc_get_vara() for  ptr->name = z0m, from ptr-ncvarid = 20,
 into ioBuffField = 0x0x7352d810f010, for transpose into field = 0x0x565390948280 
Variable field = z0m has nDims = 3
Variable field = z0m has dimid(0) = 0: start, count => 0, 1
Variable field = z0m has dimid(1) = 2: start, count => 0, 122
Variable field = z0m has dimid(2) = 3: start, count => 0, 0
Attempting for field = z0m with start = 0,0,0,0 and count = 1,122,122,0
Checking for z0t...
Next registered var in list to get is ptr->name = z0t, from ptr->ncvarid = 21
nc_get_vara() for  ptr->name = z0t, from ptr-ncvarid = 21,
 into ioBuffField = 0x0x7352d810f010, for transpose into field = 0x0x565390958380 
Variable field = z0t has nDims = 3
Variable field = z0t has dimid(0) = 0: start, count => 0, 1
Variable field = z0t has dimid(1) = 2: start, count => 0, 122
Variable field = z0t has dimid(2) = 3: start, count => 0, 0
Attempting for field = z0t with start = 0,0,0,0 and count = 1,122,122,0
Checking for time...
Next registered var in list to get is ptr->name = time, from ptr->ncvarid = 22
nc_get_vara() for  ptr->name = time, from ptr-ncvarid = 22,
 into ioBuffField = 0x0x7352d810f010, for transpose into field = 0x0x56538d544f78 
Variable field = time has nDims = 1
Variable field = time has dimid(0) = 0: start, count => 0, 1
Attempting for field = time with start = 0,0,0,0 and count = 1,122,122,0
Done Reading IO-registered variable fields from inFileName = ./FE_ACC.0
Success in reading from inFileName = ./FE_ACC.0
mpi_rank_world--0/1 grid-Coord-gen(), else-coordHorizHalos = 1!
mpi_rank_world--0/1 coordHalos, Western-Eastern Boundaries!
mpi_rank_world--0/1 coordHalos, Southern-Northern Boundaries!
stabilityScheme == 2: Base State setup complete.
Rank 0/1: Profile preparations complete!
cuda_gridDeviceSetup:-- (i,j,k)Min, ()Max = (3,3,3), (125,125,125)
fecuda_SetBlocksPerGrid: tBlock = {1, 8, 16}
fecuda_SetBlocksPerGrid: grid = {128, 16, 8}
lsf_horMnSubTerms = 1, setting up for 5 phi-fields.cuda_hydroCoreDeviceSetup() complete.
cuda_towersDeviceSetup: NelemsTowers = 0, NelemsTowersSurf = 524196824
0/1 cuda_hydroCoreDeviceSecondaryStageSetup(): BdyUpdateSteps = 0 
Initializations complete after   1.8536 (s).
Main Time: Advancing simulation timestep = 0... and time =    0.00000

_____________________#######_________  STATE-SUMMARY @ it = 0 _________#######____________________ 

			!!!!!	  HYDRO_CORE 	 !!!!! 
Field 	|	 max	     --(i,j,k)		 |	  min	     --(i,j,k)		 |	 mean
---------------------------------------------------------------------------------------------------------
********-----
 Model Fields -
 ********-----
rho	Rank 0/1:       1.13996649 	 (104,32,3)	 |        0.83932412 	 (40,123,124)	 |       1.02552140 
-----
u	Rank 0/1:       8.40689278 	 (81,59,39)	 |        2.37813663 	 (29,87,3)	 |       7.30506182 
-----
v	Rank 0/1:       3.76490903 	 (78,24,29)	 |       -0.55183083 	 (122,27,14)	 |       1.99159360 
-----
w	Rank 0/1:       2.55215645 	 (112,73,25)	 |       -1.62940621 	 (60,50,15)	 |       0.00009009 
-----
theta	Rank 0/1:     318.40151978 	 (40,123,124)	 |      299.91540527 	 (81,60,37)	 |     310.36010742 
-----
press	Rank 0/1:      21.33593750 	 (124,25,35)	 |       11.42968750 	 (123,27,10)	 |      17.06702614 
-----
TKE_0	Rank 0/1:       0.74211222 	 (93,114,4)	 |        0.00000000 	 (40,34,7)	 |       0.01739392 
Dumping state at timestep = 0...
Dumped state at timestep = 0...
Rank 0/1: Batch complete results sent via cudaMemcpyDeviceToHost.

			!!!!!	  TIMESTEP PERFORMANCE  	 !!!!! 
 Total Time (s) | Batch Steps 	| Time/step (s) | Comp./step (s) | IO Time (s)
---------------------------------------------------------------------------------------------------------
    56.6032 	|     9720 	|    0.0058 	|    0.0058 	 |   0.235536 

********************************************************************************************************
Main Time: Advancing simulation timestep = 9720... and time =  300.00003

_____________________#######_________  STATE-SUMMARY @ it = 9720 _________#######____________________ 

			!!!!!	  HYDRO_CORE 	 !!!!! 
Field 	|	 max	     --(i,j,k)		 |	  min	     --(i,j,k)		 |	 mean
---------------------------------------------------------------------------------------------------------
********-----
 Model Fields -
 ********-----
rho	Rank 0/1:       1.14056730 	 (50,69,3)	 |        0.83932114 	 (58,23,124)	 |       1.02553332 
-----
u	Rank 0/1:       8.35694599 	 (91,81,38)	 |        2.58628464 	 (121,102,3)	 |       7.27381468 
-----
v	Rank 0/1:       3.73956990 	 (27,41,32)	 |       -0.36150458 	 (46,83,35)	 |       1.99268413 
-----
w	Rank 0/1:       2.32699919 	 (124,30,22)	 |       -1.48238313 	 (5,37,28)	 |       0.00003477 
-----
theta	Rank 0/1:     318.40136719 	 (58,23,124)	 |      299.66638184 	 (39,45,36)	 |     310.34835815 
-----
press	Rank 0/1:      20.87500000 	 (9,35,35)	 |       11.21093750 	 (76,75,3)	 |      16.63206100 
-----
TKE_0	Rank 0/1:       0.66392249 	 (6,40,4)	 |        0.00000000 	 (35,13,7)	 |       0.01479199 
Dumping state at timestep = 9720...
Dumped state at timestep = 9720...
Rank 0/1: Batch complete results sent via cudaMemcpyDeviceToHost.

			!!!!!	  TIMESTEP PERFORMANCE  	 !!!!! 
 Total Time (s) | Batch Steps 	| Time/step (s) | Comp./step (s) | IO Time (s)
---------------------------------------------------------------------------------------------------------
    56.5715 	|     9720 	|    0.0058 	|    0.0058 	 |   0.235455 

********************************************************************************************************
Main Time: Advancing simulation timestep = 19440... and time =  600.00006

_____________________#######_________  STATE-SUMMARY @ it = 19440 _________#######____________________ 

			!!!!!	  HYDRO_CORE 	 !!!!! 
Field 	|	 max	     --(i,j,k)		 |	  min	     --(i,j,k)		 |	 mean
---------------------------------------------------------------------------------------------------------
********-----
 Model Fields -
 ********-----
rho	Rank 0/1:       1.14036262 	 (108,81,3)	 |        0.83931744 	 (25,14,124)	 |       1.02552485 
-----
u	Rank 0/1:       8.29798603 	 (34,76,39)	 |        2.09350896 	 (68,4,3)	 |       7.24122238 
-----
v	Rank 0/1:       3.61452627 	 (93,63,35)	 |       -0.06427330 	 (108,99,33)	 |       1.99559438 
-----
w	Rank 0/1:       1.36418939 	 (34,18,25)	 |       -1.40556192 	 (85,97,13)	 |       0.00002553 
-----
theta	Rank 0/1:     318.40200806 	 (25,14,124)	 |      299.99917603 	 (124,111,36)	 |     310.34454346 
-----
press	Rank 0/1:      19.84375000 	 (45,119,35)	 |       11.95312500 	 (72,8,3)	 |      16.36024666 
-----
TKE_0	Rank 0/1:       0.55636072 	 (11,85,4)	 |        0.00000000 	 (41,108,8)	 |       0.01301663 
Dumping state at timestep = 19440...
Dumped state at timestep = 19440...
Rank 0/1: Batch complete results sent via cudaMemcpyDeviceToHost.

			!!!!!	  TIMESTEP PERFORMANCE  	 !!!!! 
 Total Time (s) | Batch Steps 	| Time/step (s) | Comp./step (s) | IO Time (s)
---------------------------------------------------------------------------------------------------------
    56.7726 	|     9720 	|    0.0058 	|    0.0058 	 |   0.234450 

********************************************************************************************************
Main Time: Advancing simulation timestep = 29160... and time =  900.00006

_____________________#######_________  STATE-SUMMARY @ it = 29160 _________#######____________________ 

			!!!!!	  HYDRO_CORE 	 !!!!! 
Field 	|	 max	     --(i,j,k)		 |	  min	     --(i,j,k)		 |	 mean
---------------------------------------------------------------------------------------------------------
********-----
 Model Fields -
 ********-----
rho	Rank 0/1:       1.14025295 	 (93,63,3)	 |        0.83931535 	 (40,59,124)	 |       1.02552617 
-----
u	Rank 0/1:       8.17445755 	 (90,85,40)	 |        2.19563365 	 (33,50,3)	 |       7.21747208 
-----
v	Rank 0/1:       3.15470815 	 (67,92,18)	 |        0.30821398 	 (111,15,13)	 |       1.99902880 
-----
w	Rank 0/1:       1.53750587 	 (117,20,19)	 |       -1.11720181 	 (13,30,19)	 |       0.00001625 
-----
theta	Rank 0/1:     318.40225220 	 (90,64,124)	 |      300.17733765 	 (26,28,35)	 |     310.33886719 
-----
press	Rank 0/1:      19.48437500 	 (107,71,35)	 |       12.20312500 	 (4,110,3)	 |      16.14450836 
-----
TKE_0	Rank 0/1:       0.52534652 	 (100,7,4)	 |        0.00000000 	 (100,53,7)	 |       0.01157102 
Dumping state at timestep = 29160...
Dumped state at timestep = 29160...
Rank 0/1: Batch complete results sent via cudaMemcpyDeviceToHost.

			!!!!!	  TIMESTEP PERFORMANCE  	 !!!!! 
 Total Time (s) | Batch Steps 	| Time/step (s) | Comp./step (s) | IO Time (s)
---------------------------------------------------------------------------------------------------------
    56.5679 	|     9720 	|    0.0058 	|    0.0058 	 |   0.234455 

********************************************************************************************************
Main Time: Advancing simulation timestep = 38880... and time = 1200.00012

_____________________#######_________  STATE-SUMMARY @ it = 38880 _________#######____________________ 

			!!!!!	  HYDRO_CORE 	 !!!!! 
Field 	|	 max	     --(i,j,k)		 |	  min	     --(i,j,k)		 |	 mean
---------------------------------------------------------------------------------------------------------
********-----
 Model Fields -
 ********-----
rho	Rank 0/1:       1.14020634 	 (27,82,3)	 |        0.83931345 	 (44,85,124)	 |       1.02552366 
-----
u	Rank 0/1:       8.17240620 	 (59,34,39)	 |        2.07692504 	 (57,59,3)	 |       7.19100094 
-----
v	Rank 0/1:       3.10192370 	 (72,48,24)	 |        0.21196523 	 (25,74,3)	 |       2.00567508 
-----
w	Rank 0/1:       0.99601203 	 (48,4,25)	 |       -1.01123440 	 (37,118,14)	 |       0.00001270 
-----
theta	Rank 0/1:     318.40228271 	 (44,85,124)	 |      300.36541748 	 (98,100,34)	 |     310.33370972 
-----
press	Rank 0/1:      19.29687500 	 (33,12,35)	 |       12.22656250 	 (37,33,3)	 |      15.98051262 
-----
TKE_0	Rank 0/1:       0.45214415 	 (118,112,4)	 |        0.00000000 	 (109,21,9)	 |       0.01042734 
Dumping state at timestep = 38880...
Dumped state at timestep = 38880...
Rank 0/1: Batch complete results sent via cudaMemcpyDeviceToHost.

			!!!!!	  TIMESTEP PERFORMANCE  	 !!!!! 
 Total Time (s) | Batch Steps 	| Time/step (s) | Comp./step (s) | IO Time (s)
---------------------------------------------------------------------------------------------------------
    56.7295 	|     9720 	|    0.0058 	|    0.0058 	 |   0.234037 

********************************************************************************************************
Main Time: Advancing simulation timestep = 48600... and time = 1500.00012

_____________________#######_________  STATE-SUMMARY @ it = 48600 _________#######____________________ 

			!!!!!	  HYDRO_CORE 	 !!!!! 
Field 	|	 max	     --(i,j,k)		 |	  min	     --(i,j,k)		 |	 mean
---------------------------------------------------------------------------------------------------------
********-----
 Model Fields -
 ********-----
rho	Rank 0/1:       1.14015222 	 (64,97,3)	 |        0.83931249 	 (122,105,124)	 |       1.02555072 
-----
u	Rank 0/1:       8.16235828 	 (18,13,38)	 |        1.84532225 	 (73,42,3)	 |       7.17106390 
-----
v	Rank 0/1:       2.99655676 	 (31,30,34)	 |        0.39678371 	 (68,88,3)	 |       2.01146150 
-----
w	Rank 0/1:       0.84617811 	 (98,50,20)	 |       -0.76179940 	 (11,71,21)	 |       0.00000622 
-----
theta	Rank 0/1:     318.40237427 	 (122,105,124)	 |      300.32092285 	 (113,58,35)	 |     310.34283447 
-----
press	Rank 0/1:      19.22656250 	 (117,97,35)	 |       11.91406250 	 (70,88,3)	 |      15.84029865 
-----
TKE_0	Rank 0/1:       0.39435160 	 (112,73,4)	 |        0.00000000 	 (84,42,9)	 |       0.00970166 
Dumping state at timestep = 48600...
Dumped state at timestep = 48600...
Rank 0/1: Batch complete results sent via cudaMemcpyDeviceToHost.

			!!!!!	  TIMESTEP PERFORMANCE  	 !!!!! 
 Total Time (s) | Batch Steps 	| Time/step (s) | Comp./step (s) | IO Time (s)
---------------------------------------------------------------------------------------------------------
    56.7676 	|     9720 	|    0.0058 	|    0.0058 	 |   0.234153 

********************************************************************************************************
Main Time: Advancing simulation timestep = 58320... and time = 1800.00012

_____________________#######_________  STATE-SUMMARY @ it = 58320 _________#######____________________ 

			!!!!!	  HYDRO_CORE 	 !!!!! 
Field 	|	 max	     --(i,j,k)		 |	  min	     --(i,j,k)		 |	 mean
---------------------------------------------------------------------------------------------------------
********-----
 Model Fields -
 ********-----
rho	Rank 0/1:       1.14011633 	 (95,111,3)	 |        0.83931017 	 (78,4,124)	 |       1.02553022 
-----
u	Rank 0/1:       8.09400654 	 (91,46,39)	 |        1.81331670 	 (31,118,3)	 |       7.15057850 
-----
v	Rank 0/1:       3.05475187 	 (14,66,20)	 |        0.29576811 	 (17,114,3)	 |       2.02057934 
-----
w	Rank 0/1:       0.82272881 	 (70,96,17)	 |       -0.73502088 	 (110,24,15)	 |       0.00000436 
-----
theta	Rank 0/1:     318.40292358 	 (78,4,124)	 |      300.39660645 	 (109,77,35)	 |     310.33697510 
-----
press	Rank 0/1:      18.91406250 	 (97,20,35)	 |       12.01562500 	 (10,113,3)	 |      15.71276665 
-----
TKE_0	Rank 0/1:       0.45873517 	 (103,32,4)	 |        0.00000000 	 (20,36,9)	 |       0.00928005 
Dumping state at timestep = 58320...
Dumped state at timestep = 58320...
Rank 0/1: Batch complete results sent via cudaMemcpyDeviceToHost.

			!!!!!	  TIMESTEP PERFORMANCE  	 !!!!! 
 Total Time (s) | Batch Steps 	| Time/step (s) | Comp./step (s) | IO Time (s)
---------------------------------------------------------------------------------------------------------
    56.6942 	|     9720 	|    0.0058 	|    0.0058 	 |   0.234424 

********************************************************************************************************
Main Time: Advancing simulation timestep = 68040... and time = 2100.00024

_____________________#######_________  STATE-SUMMARY @ it = 68040 _________#######____________________ 

			!!!!!	  HYDRO_CORE 	 !!!!! 
Field 	|	 max	     --(i,j,k)		 |	  min	     --(i,j,k)		 |	 mean
---------------------------------------------------------------------------------------------------------
********-----
 Model Fields -
 ********-----
rho	Rank 0/1:       1.14008522 	 (31,14,3)	 |        0.83930826 	 (33,24,124)	 |       1.02555847 
-----
u	Rank 0/1:       8.03811359 	 (26,116,39)	 |        1.75350475 	 (77,11,3)	 |       7.12958527 
-----
v	Rank 0/1:       2.96887064 	 (115,74,36)	 |        0.45531395 	 (62,7,3)	 |       2.02822948 
-----
w	Rank 0/1:       0.80871999 	 (111,109,21)	 |       -0.84820837 	 (41,45,13)	 |       0.00000168 
-----
theta	Rank 0/1:     318.40335083 	 (33,24,124)	 |      300.46115112 	 (31,14,3)	 |     310.33273315 
-----
press	Rank 0/1:      18.70312500 	 (32,119,35)	 |       11.83593750 	 (42,53,3)	 |      15.58949852 
-----
TKE_0	Rank 0/1:       0.36710057 	 (33,38,4)	 |        0.00000000 	 (80,58,11)	 |       0.00887976 
Dumping state at timestep = 68040...
Dumped state at timestep = 68040...
Rank 0/1: Batch complete results sent via cudaMemcpyDeviceToHost.

			!!!!!	  TIMESTEP PERFORMANCE  	 !!!!! 
 Total Time (s) | Batch Steps 	| Time/step (s) | Comp./step (s) | IO Time (s)
---------------------------------------------------------------------------------------------------------
    56.5301 	|     9720 	|    0.0058 	|    0.0058 	 |   0.208269 

********************************************************************************************************
Main Time: Advancing simulation timestep = 77760... and time = 2400.00024

_____________________#######_________  STATE-SUMMARY @ it = 77760 _________#######____________________ 

			!!!!!	  HYDRO_CORE 	 !!!!! 
Field 	|	 max	     --(i,j,k)		 |	  min	     --(i,j,k)		 |	 mean
---------------------------------------------------------------------------------------------------------
********-----
 Model Fields -
 ********-----
rho	Rank 0/1:       1.14005959 	 (82,37,3)	 |        0.83930987 	 (37,58,124)	 |       1.02555430 
-----
u	Rank 0/1:       8.01965904 	 (63,40,39)	 |        1.69931912 	 (66,85,3)	 |       7.11794996 
-----
v	Rank 0/1:       3.11137581 	 (5,102,28)	 |        0.31010598 	 (104,22,3)	 |       2.03858328 
-----
w	Rank 0/1:       0.70360905 	 (89,91,17)	 |       -0.73210651 	 (7,103,25)	 |      -0.00000057 
-----
theta	Rank 0/1:     318.40261841 	 (109,46,124)	 |      300.46646118 	 (101,119,32)	 |     310.33334351 
-----
press	Rank 0/1:      18.65625000 	 (46,52,35)	 |       11.77343750 	 (102,22,3)	 |      15.48495483 
-----
TKE_0	Rank 0/1:       0.35692465 	 (102,28,4)	 |        0.00000000 	 (10,29,10)	 |       0.00858549 
Dumping state at timestep = 77760...
Dumped state at timestep = 77760...
Rank 0/1: Batch complete results sent via cudaMemcpyDeviceToHost.

			!!!!!	  TIMESTEP PERFORMANCE  	 !!!!! 
 Total Time (s) | Batch Steps 	| Time/step (s) | Comp./step (s) | IO Time (s)
---------------------------------------------------------------------------------------------------------
    56.6351 	|     9720 	|    0.0058 	|    0.0058 	 |   0.234285 

********************************************************************************************************
Main Time: Advancing simulation timestep = 87480... and time = 2700.00024

_____________________#######_________  STATE-SUMMARY @ it = 87480 _________#######____________________ 

			!!!!!	  HYDRO_CORE 	 !!!!! 
Field 	|	 max	     --(i,j,k)		 |	  min	     --(i,j,k)		 |	 mean
---------------------------------------------------------------------------------------------------------
********-----
 Model Fields -
 ********-----
rho	Rank 0/1:       1.14004183 	 (5,57,3)	 |        0.83930957 	 (63,67,124)	 |       1.02555835 
-----
u	Rank 0/1:       8.00924873 	 (89,24,39)	 |        1.60491300 	 (80,50,3)	 |       7.10157824 
-----
v	Rank 0/1:       3.11372328 	 (16,115,21)	 |        0.42234510 	 (23,38,3)	 |       2.04879880 
-----
w	Rank 0/1:       0.82902896 	 (20,112,22)	 |       -0.69486177 	 (21,88,16)	 |      -0.00000109 
-----
theta	Rank 0/1:     318.40231323 	 (119,112,124)	 |      300.47088623 	 (73,87,19)	 |     310.32800293 
-----
press	Rank 0/1:      18.49218750 	 (61,64,35)	 |       11.67187500 	 (31,33,3)	 |      15.38522053 
-----
TKE_0	Rank 0/1:       0.40630874 	 (34,98,4)	 |        0.00000000 	 (13,82,11)	 |       0.00845434 
Dumping state at timestep = 87480...
Dumped state at timestep = 87480...
Rank 0/1: Batch complete results sent via cudaMemcpyDeviceToHost.

			!!!!!	  TIMESTEP PERFORMANCE  	 !!!!! 
 Total Time (s) | Batch Steps 	| Time/step (s) | Comp./step (s) | IO Time (s)
---------------------------------------------------------------------------------------------------------
    56.5435 	|     9720 	|    0.0058 	|    0.0058 	 |   0.224420 

********************************************************************************************************
Main Time: Advancing simulation timestep = 97200... and time = 3000.00024

_____________________#######_________  STATE-SUMMARY @ it = 97200 _________#######____________________ 

			!!!!!	  HYDRO_CORE 	 !!!!! 
Field 	|	 max	     --(i,j,k)		 |	  min	     --(i,j,k)		 |	 mean
---------------------------------------------------------------------------------------------------------
********-----
 Model Fields -
 ********-----
rho	Rank 0/1:       1.14002419 	 (51,78,3)	 |        0.83930802 	 (19,87,124)	 |       1.02555382 
-----
u	Rank 0/1:       8.00494480 	 (54,87,39)	 |        1.57457173 	 (40,115,3)	 |       7.08863783 
-----
v	Rank 0/1:       2.96358824 	 (63,8,17)	 |        0.70142424 	 (6,32,3)	 |       2.05861974 
-----
w	Rank 0/1:       0.91136575 	 (79,54,28)	 |       -0.67547023 	 (75,57,16)	 |      -0.00000348 
-----
theta	Rank 0/1:     318.40261841 	 (20,87,124)	 |      300.47531128 	 (8,110,18)	 |     310.33477783 
-----
press	Rank 0/1:      18.37500000 	 (17,86,35)	 |       11.58593750 	 (47,107,3)	 |      15.28186798 
-----
TKE_0	Rank 0/1:       0.36867696 	 (47,99,4)	 |        0.00000000 	 (80,33,11)	 |       0.00843054 
Dumping state at timestep = 97200...
Dumped state at timestep = 97200...
Rank 0/1: Batch complete results sent via cudaMemcpyDeviceToHost.

			!!!!!	  TIMESTEP PERFORMANCE  	 !!!!! 
 Total Time (s) | Batch Steps 	| Time/step (s) | Comp./step (s) | IO Time (s)
---------------------------------------------------------------------------------------------------------
    56.5540 	|     9720 	|    0.0058 	|    0.0058 	 |   0.198530 

********************************************************************************************************
Main Time: Advancing simulation timestep = 106920... and time = 3300.00024

_____________________#######_________  STATE-SUMMARY @ it = 106920 _________#######____________________ 

			!!!!!	  HYDRO_CORE 	 !!!!! 
Field 	|	 max	     --(i,j,k)		 |	  min	     --(i,j,k)		 |	 mean
---------------------------------------------------------------------------------------------------------
********-----
 Model Fields -
 ********-----
rho	Rank 0/1:       1.14001262 	 (57,88,3)	 |        0.83930761 	 (96,107,124)	 |       1.02556169 
-----
u	Rank 0/1:       8.00898170 	 (73,83,39)	 |        1.54853678 	 (78,9,3)	 |       7.07284927 
-----
v	Rank 0/1:       3.39131141 	 (11,84,9)	 |        0.57079828 	 (6,74,3)	 |       2.07040262 
-----
w	Rank 0/1:       0.79280084 	 (8,77,18)	 |       -0.75091821 	 (124,75,13)	 |      -0.00000310 
-----
theta	Rank 0/1:     318.40234375 	 (96,108,124)	 |      300.46746826 	 (12,75,33)	 |     310.32382202 
-----
press	Rank 0/1:      18.35156250 	 (31,25,35)	 |       11.40625000 	 (38,86,3)	 |      15.17533588 
-----
TKE_0	Rank 0/1:       0.38280186 	 (26,20,4)	 |        0.00000000 	 (7,79,9)	 |       0.00839132 
Dumping state at timestep = 106920...
Dumped state at timestep = 106920...
Rank 0/1: Batch complete results sent via cudaMemcpyDeviceToHost.

			!!!!!	  TIMESTEP PERFORMANCE  	 !!!!! 
 Total Time (s) | Batch Steps 	| Time/step (s) | Comp./step (s) | IO Time (s)
---------------------------------------------------------------------------------------------------------
    56.7144 	|     9720 	|    0.0058 	|    0.0058 	 |   0.198735 

********************************************************************************************************
Main Time: Advancing simulation timestep = 116640... and time = 3600.00024

_____________________#######_________  STATE-SUMMARY @ it = 116640 _________#######____________________ 

			!!!!!	  HYDRO_CORE 	 !!!!! 
Field 	|	 max	     --(i,j,k)		 |	  min	     --(i,j,k)		 |	 mean
---------------------------------------------------------------------------------------------------------
********-----
 Model Fields -
 ********-----
rho	Rank 0/1:       1.14000249 	 (103,108,3)	 |        0.83930588 	 (51,7,124)	 |       1.02556741 
-----
u	Rank 0/1:       7.99917412 	 (66,25,39)	 |        1.47738838 	 (40,35,3)	 |       7.06343222 
-----
v	Rank 0/1:       3.17981911 	 (91,115,12)	 |        0.61906439 	 (50,93,3)	 |       2.08119702 
-----
w	Rank 0/1:       0.93801051 	 (55,95,18)	 |       -0.80038285 	 (60,94,20)	 |      -0.00000322 
-----
theta	Rank 0/1:     318.40283203 	 (51,7,124)	 |      300.45425415 	 (40,31,34)	 |     310.33489990 
-----
press	Rank 0/1:      18.17968750 	 (18,50,35)	 |       11.30468750 	 (55,91,3)	 |      15.07305241 
-----
TKE_0	Rank 0/1:       0.41217351 	 (3,35,4)	 |        0.00000000 	 (52,35,11)	 |       0.00832910 
Dumping state at timestep = 116640...
Dumped state at timestep = 116640...
Rank 0/1: Batch complete results sent via cudaMemcpyDeviceToHost.

			!!!!!	  TIMESTEP PERFORMANCE  	 !!!!! 
 Total Time (s) | Batch Steps 	| Time/step (s) | Comp./step (s) | IO Time (s)
---------------------------------------------------------------------------------------------------------
    56.7141 	|     9720 	|    0.0058 	|    0.0058 	 |   0.198884 

********************************************************************************************************
Main Time: Advancing simulation timestep = 126360... and time = 3900.00024

_____________________#######_________  STATE-SUMMARY @ it = 126360 _________#######____________________ 

			!!!!!	  HYDRO_CORE 	 !!!!! 
Field 	|	 max	     --(i,j,k)		 |	  min	     --(i,j,k)		 |	 mean
---------------------------------------------------------------------------------------------------------
********-----
 Model Fields -
 ********-----
rho	Rank 0/1:       1.13999176 	 (39,9,3)	 |        0.83930439 	 (6,28,124)	 |       1.02557218 
-----
u	Rank 0/1:       7.91256666 	 (24,16,40)	 |        1.47511637 	 (123,59,3)	 |       7.04789209 
-----
v	Rank 0/1:       3.28447437 	 (53,54,31)	 |        0.60727453 	 (18,37,3)	 |       2.09271049 
-----
w	Rank 0/1:       1.05528498 	 (94,109,21)	 |       -0.71387434 	 (25,17,16)	 |      -0.00000368 
-----
theta	Rank 0/1:     318.40289307 	 (6,28,124)	 |      300.46871948 	 (99,58,34)	 |     310.32656860 
-----
press	Rank 0/1:      17.95312500 	 (11,112,35)	 |       11.17968750 	 (52,55,3)	 |      14.96998787 
-----
TKE_0	Rank 0/1:       0.38627806 	 (41,54,4)	 |        0.00000000 	 (29,11,8)	 |       0.00833627 
Dumping state at timestep = 126360...
Dumped state at timestep = 126360...
Rank 0/1: Batch complete results sent via cudaMemcpyDeviceToHost.

			!!!!!	  TIMESTEP PERFORMANCE  	 !!!!! 
 Total Time (s) | Batch Steps 	| Time/step (s) | Comp./step (s) | IO Time (s)
---------------------------------------------------------------------------------------------------------
    56.7125 	|     9720 	|    0.0058 	|    0.0058 	 |   0.198834 

********************************************************************************************************
Main Time: Advancing simulation timestep = 136080... and time = 4200.00049

_____________________#######_________  STATE-SUMMARY @ it = 136080 _________#######____________________ 

			!!!!!	  HYDRO_CORE 	 !!!!! 
Field 	|	 max	     --(i,j,k)		 |	  min	     --(i,j,k)		 |	 mean
---------------------------------------------------------------------------------------------------------
********-----
 Model Fields -
 ********-----
rho	Rank 0/1:       1.13998091 	 (85,31,3)	 |        0.83930445 	 (16,32,124)	 |       1.02555263 
-----
u	Rank 0/1:       7.98040295 	 (94,24,39)	 |        1.40100014 	 (35,75,3)	 |       7.03908205 
-----
v	Rank 0/1:       3.61601925 	 (113,77,34)	 |        0.66608995 	 (69,63,3)	 |       2.10432243 
-----
w	Rank 0/1:       0.85049731 	 (61,36,29)	 |       -0.82950926 	 (67,35,23)	 |      -0.00000359 
-----
theta	Rank 0/1:     318.40280151 	 (16,33,124)	 |      300.41979980 	 (113,76,35)	 |     310.32940674 
-----
press	Rank 0/1:      17.81250000 	 (4,96,35)	 |       10.92187500 	 (68,63,3)	 |      14.87309074 
-----
TKE_0	Rank 0/1:       0.41141209 	 (69,65,4)	 |        0.00000000 	 (66,66,11)	 |       0.00839085 
Dumping state at timestep = 136080...
Dumped state at timestep = 136080...
Rank 0/1: Batch complete results sent via cudaMemcpyDeviceToHost.

			!!!!!	  TIMESTEP PERFORMANCE  	 !!!!! 
 Total Time (s) | Batch Steps 	| Time/step (s) | Comp./step (s) | IO Time (s)
---------------------------------------------------------------------------------------------------------
    56.5013 	|     9720 	|    0.0058 	|    0.0058 	 |   0.198925 

********************************************************************************************************
Main Time: Advancing simulation timestep = 145800... and time = 4500.00049

_____________________#######_________  STATE-SUMMARY @ it = 145800 _________#######____________________ 

			!!!!!	  HYDRO_CORE 	 !!!!! 
Field 	|	 max	     --(i,j,k)		 |	  min	     --(i,j,k)		 |	 mean
---------------------------------------------------------------------------------------------------------
********-----
 Model Fields -
 ********-----
rho	Rank 0/1:       1.13996935 	 (5,51,3)	 |        0.83930242 	 (94,53,124)	 |       1.02554655 
-----
u	Rank 0/1:       7.96723604 	 (44,96,40)	 |        1.43449390 	 (60,89,3)	 |       7.02780008 
-----
v	Rank 0/1:       3.37240052 	 (48,103,34)	 |        0.72601134 	 (88,48,3)	 |       2.11597276 
-----
w	Rank 0/1:       0.87497407 	 (3,81,20)	 |       -0.87959260 	 (108,53,18)	 |      -0.00000376 
-----
theta	Rank 0/1:     318.40313721 	 (95,53,124)	 |      300.39028931 	 (117,57,35)	 |     310.32211304 
-----
press	Rank 0/1:      17.84375000 	 (71,114,35)	 |       10.75781250 	 (112,78,3)	 |      14.76731110 
-----
TKE_0	Rank 0/1:       0.38444439 	 (106,84,4)	 |        0.00000000 	 (78,111,11)	 |       0.00832402 
Dumping state at timestep = 145800...
Dumped state at timestep = 145800...
Rank 0/1: Batch complete results sent via cudaMemcpyDeviceToHost.

			!!!!!	  TIMESTEP PERFORMANCE  	 !!!!! 
 Total Time (s) | Batch Steps 	| Time/step (s) | Comp./step (s) | IO Time (s)
---------------------------------------------------------------------------------------------------------
    56.7203 	|     9720 	|    0.0058 	|    0.0058 	 |   0.203294 

********************************************************************************************************
Main Time: Advancing simulation timestep = 155520... and time = 4800.00049

_____________________#######_________  STATE-SUMMARY @ it = 155520 _________#######____________________ 

			!!!!!	  HYDRO_CORE 	 !!!!! 
Field 	|	 max	     --(i,j,k)		 |	  min	     --(i,j,k)		 |	 mean
---------------------------------------------------------------------------------------------------------
********-----
 Model Fields -
 ********-----
rho	Rank 0/1:       1.13995862 	 (13,52,3)	 |        0.83930182 	 (42,102,124)	 |       1.02556098 
-----
u	Rank 0/1:       7.98692083 	 (121,89,39)	 |        1.45490670 	 (67,96,3)	 |       7.01821375 
-----
v	Rank 0/1:       3.38744473 	 (56,109,33)	 |        0.79034376 	 (56,90,3)	 |       2.12803507 
-----
w	Rank 0/1:       0.81455284 	 (12,67,28)	 |       -0.68906242 	 (50,109,13)	 |      -0.00000393 
-----
theta	Rank 0/1:     318.40310669 	 (42,102,124)	 |      300.46679688 	 (16,35,34)	 |     310.31930542 
-----
press	Rank 0/1:      17.64843750 	 (117,111,35)	 |       10.79687500 	 (45,114,3)	 |      14.66113377 
-----
TKE_0	Rank 0/1:       0.31446078 	 (48,106,4)	 |        0.00000000 	 (40,76,10)	 |       0.00833433 
Dumping state at timestep = 155520...
Dumped state at timestep = 155520...
Rank 0/1: Batch complete results sent via cudaMemcpyDeviceToHost.

			!!!!!	  TIMESTEP PERFORMANCE  	 !!!!! 
 Total Time (s) | Batch Steps 	| Time/step (s) | Comp./step (s) | IO Time (s)
---------------------------------------------------------------------------------------------------------
    56.5041 	|     9720 	|    0.0058 	|    0.0058 	 |   0.203283 

********************************************************************************************************
Main Time: Advancing simulation timestep = 165240... and time = 5100.00049

_____________________#######_________  STATE-SUMMARY @ it = 165240 _________#######____________________ 

			!!!!!	  HYDRO_CORE 	 !!!!! 
Field 	|	 max	     --(i,j,k)		 |	  min	     --(i,j,k)		 |	 mean
---------------------------------------------------------------------------------------------------------
********-----
 Model Fields -
 ********-----
rho	Rank 0/1:       1.13995051 	 (58,76,3)	 |        0.83930057 	 (56,72,124)	 |       1.02554810 
-----
u	Rank 0/1:       7.98161650 	 (15,93,39)	 |        1.42437506 	 (5,34,3)	 |       7.00858498 
-----
v	Rank 0/1:       3.66634130 	 (116,12,31)	 |        0.77929235 	 (99,112,3)	 |       2.14130187 
-----
w	Rank 0/1:       0.93190384 	 (85,28,21)	 |       -0.76626682 	 (92,30,16)	 |      -0.00000500 
-----
theta	Rank 0/1:     318.40316772 	 (56,71,124)	 |      300.45455933 	 (47,22,34)	 |     310.32565308 
-----
press	Rank 0/1:      17.50000000 	 (97,97,35)	 |       10.59375000 	 (4,33,3)	 |      14.54677200 
-----
TKE_0	Rank 0/1:       0.36432239 	 (87,5,4)	 |        0.00000000 	 (100,11,10)	 |       0.00840514 
Dumping state at timestep = 165240...
Dumped state at timestep = 165240...
Rank 0/1: Batch complete results sent via cudaMemcpyDeviceToHost.

			!!!!!	  TIMESTEP PERFORMANCE  	 !!!!! 
 Total Time (s) | Batch Steps 	| Time/step (s) | Comp./step (s) | IO Time (s)
---------------------------------------------------------------------------------------------------------
    56.5015 	|     9720 	|    0.0058 	|    0.0058 	 |   0.203019 

********************************************************************************************************
Main Time: Advancing simulation timestep = 174960... and time = 5400.00049

_____________________#######_________  STATE-SUMMARY @ it = 174960 _________#######____________________ 

			!!!!!	  HYDRO_CORE 	 !!!!! 
Field 	|	 max	     --(i,j,k)		 |	  min	     --(i,j,k)		 |	 mean
---------------------------------------------------------------------------------------------------------
********-----
 Model Fields -
 ********-----
rho	Rank 0/1:       1.13994384 	 (101,97,3)	 |        0.83929980 	 (24,9,124)	 |       1.02555799 
-----
u	Rank 0/1:       7.99448919 	 (52,99,39)	 |        1.45169973 	 (18,44,3)	 |       7.00303173 
-----
v	Rank 0/1:       3.44019723 	 (50,51,18)	 |        0.77087122 	 (36,54,3)	 |       2.15223193 
-----
w	Rank 0/1:       0.98454314 	 (50,64,17)	 |       -0.77100039 	 (46,54,12)	 |      -0.00000504 
-----
theta	Rank 0/1:     318.40316772 	 (24,9,124)	 |      300.41549683 	 (4,123,35)	 |     310.32144165 
-----
press	Rank 0/1:      17.45312500 	 (83,88,35)	 |       10.33593750 	 (46,55,3)	 |      14.41377735 
-----
TKE_0	Rank 0/1:       0.44464236 	 (72,59,4)	 |        0.00000000 	 (15,66,12)	 |       0.00847575 
Dumping state at timestep = 174960...
Dumped state at timestep = 174960...
Rank 0/1: Batch complete results sent via cudaMemcpyDeviceToHost.

			!!!!!	  TIMESTEP PERFORMANCE  	 !!!!! 
 Total Time (s) | Batch Steps 	| Time/step (s) | Comp./step (s) | IO Time (s)
---------------------------------------------------------------------------------------------------------
    56.5057 	|     9720 	|    0.0058 	|    0.0058 	 |   0.202894 

********************************************************************************************************
Main Time: Advancing simulation timestep = 184680... and time = 5700.00049

_____________________#######_________  STATE-SUMMARY @ it = 184680 _________#######____________________ 

			!!!!!	  HYDRO_CORE 	 !!!!! 
Field 	|	 max	     --(i,j,k)		 |	  min	     --(i,j,k)		 |	 mean
---------------------------------------------------------------------------------------------------------
********-----
 Model Fields -
 ********-----
rho	Rank 0/1:       1.13993669 	 (9,113,3)	 |        0.83929694 	 (36,13,124)	 |       1.02556431 
-----
u	Rank 0/1:       7.96911335 	 (88,11,40)	 |        1.48400176 	 (13,10,3)	 |       6.99173641 
-----
v	Rank 0/1:       3.82053685 	 (95,95,25)	 |        0.87165099 	 (78,77,3)	 |       2.16533995 
-----
w	Rank 0/1:       1.18882966 	 (99,92,26)	 |       -0.91516489 	 (58,88,18)	 |      -0.00000523 
-----
theta	Rank 0/1:     318.40383911 	 (36,13,124)	 |      300.32641602 	 (97,36,35)	 |     310.33071899 
-----
press	Rank 0/1:      17.52343750 	 (47,76,35)	 |       10.34375000 	 (101,87,3)	 |      14.27406216 
-----
TKE_0	Rank 0/1:       0.40993491 	 (76,62,4)	 |        0.00000000 	 (63,57,9)	 |       0.00856792 
Dumping state at timestep = 184680...
Dumped state at timestep = 184680...
Rank 0/1: Batch complete results sent via cudaMemcpyDeviceToHost.

			!!!!!	  TIMESTEP PERFORMANCE  	 !!!!! 
 Total Time (s) | Batch Steps 	| Time/step (s) | Comp./step (s) | IO Time (s)
---------------------------------------------------------------------------------------------------------
    56.7191 	|     9720 	|    0.0058 	|    0.0058 	 |   0.203054 

********************************************************************************************************
Main Time: Advancing simulation timestep = 194400... and time = 6000.00049

_____________________#######_________  STATE-SUMMARY @ it = 194400 _________#######____________________ 

			!!!!!	  HYDRO_CORE 	 !!!!! 
Field 	|	 max	     --(i,j,k)		 |	  min	     --(i,j,k)		 |	 mean
---------------------------------------------------------------------------------------------------------
********-----
 Model Fields -
 ********-----
rho	Rank 0/1:       1.13992989 	 (43,10,3)	 |        0.83929598 	 (114,33,124)	 |       1.02557421 
-----
u	Rank 0/1:       8.01753902 	 (12,94,40)	 |        1.44389629 	 (46,28,3)	 |       6.98639345 
-----
v	Rank 0/1:       4.04772997 	 (30,112,17)	 |        0.82322133 	 (100,41,3)	 |       2.17698789 
-----
w	Rank 0/1:       0.94924164 	 (110,90,19)	 |       -0.78563398 	 (116,93,14)	 |      -0.00000532 
-----
theta	Rank 0/1:     318.40374756 	 (114,33,124)	 |      300.36431885 	 (38,116,35)	 |     310.32183838 
-----
press	Rank 0/1:      17.17968750 	 (102,96,35)	 |       10.14843750 	 (26,79,3)	 |      14.13199329 
-----
TKE_0	Rank 0/1:       0.39992303 	 (113,83,4)	 |        0.00000000 	 (107,87,9)	 |       0.00859670 
Dumping state at timestep = 194400...
Dumped state at timestep = 194400...
Rank 0/1: Batch complete results sent via cudaMemcpyDeviceToHost.

			!!!!!	  TIMESTEP PERFORMANCE  	 !!!!! 
 Total Time (s) | Batch Steps 	| Time/step (s) | Comp./step (s) | IO Time (s)
---------------------------------------------------------------------------------------------------------
    56.7206 	|     9720 	|    0.0058 	|    0.0058 	 |   0.203251 

********************************************************************************************************
Main Time: Advancing simulation timestep = 204120... and time = 6300.00049

_____________________#######_________  STATE-SUMMARY @ it = 204120 _________#######____________________ 

			!!!!!	  HYDRO_CORE 	 !!!!! 
Field 	|	 max	     --(i,j,k)		 |	  min	     --(i,j,k)		 |	 mean
---------------------------------------------------------------------------------------------------------
********-----
 Model Fields -
 ********-----
rho	Rank 0/1:       1.13992357 	 (69,25,3)	 |        0.83929563 	 (68,109,124)	 |       1.02553654 
-----
u	Rank 0/1:       8.10931873 	 (84,120,40)	 |        1.41996598 	 (119,119,3)	 |       6.97492981 
-----
v	Rank 0/1:       3.92765927 	 (46,96,14)	 |        0.83100468 	 (15,62,3)	 |       2.18928528 
-----
w	Rank 0/1:       0.90416145 	 (46,102,28)	 |       -0.84509265 	 (46,95,16)	 |      -0.00000583 
-----
theta	Rank 0/1:     318.40359497 	 (68,109,124)	 |      300.38427734 	 (84,119,35)	 |     310.33029175 
-----
press	Rank 0/1:      17.13281250 	 (34,121,35)	 |        9.73437500 	 (68,103,3)	 |      13.98107815 
-----
TKE_0	Rank 0/1:       0.40629858 	 (56,104,4)	 |        0.00000000 	 (28,110,9)	 |       0.00866074 
Dumping state at timestep = 204120...
Dumped state at timestep = 204120...
Rank 0/1: Batch complete results sent via cudaMemcpyDeviceToHost.

			!!!!!	  TIMESTEP PERFORMANCE  	 !!!!! 
 Total Time (s) | Batch Steps 	| Time/step (s) | Comp./step (s) | IO Time (s)
---------------------------------------------------------------------------------------------------------
    56.7218 	|     9720 	|    0.0058 	|    0.0058 	 |   0.203070 

********************************************************************************************************
Main Time: Advancing simulation timestep = 213840... and time = 6600.00049

_____________________#######_________  STATE-SUMMARY @ it = 213840 _________#######____________________ 

			!!!!!	  HYDRO_CORE 	 !!!!! 
Field 	|	 max	     --(i,j,k)		 |	  min	     --(i,j,k)		 |	 mean
---------------------------------------------------------------------------------------------------------
********-----
 Model Fields -
 ********-----
rho	Rank 0/1:       1.13991487 	 (94,41,3)	 |        0.83929431 	 (37,47,124)	 |       1.02555633 
-----
u	Rank 0/1:       8.07787609 	 (34,93,39)	 |        1.37073982 	 (45,26,3)	 |       6.97372150 
-----
v	Rank 0/1:       3.72516727 	 (8,20,14)	 |        0.95258099 	 (69,79,3)	 |       2.20146942 
-----
w	Rank 0/1:       0.94543296 	 (109,119,29)	 |       -0.76435626 	 (7,30,16)	 |      -0.00000501 
-----
theta	Rank 0/1:     318.40371704 	 (37,47,124)	 |      300.34243774 	 (106,20,35)	 |     310.31851196 
-----
press	Rank 0/1:      16.89062500 	 (51,11,35)	 |        9.69531250 	 (108,3,3)	 |      13.83119106 
-----
TKE_0	Rank 0/1:       0.40151095 	 (54,120,4)	 |        0.00000000 	 (43,117,11)	 |       0.00866099 
Dumping state at timestep = 213840...
Dumped state at timestep = 213840...
Rank 0/1: Batch complete results sent via cudaMemcpyDeviceToHost.

			!!!!!	  TIMESTEP PERFORMANCE  	 !!!!! 
 Total Time (s) | Batch Steps 	| Time/step (s) | Comp./step (s) | IO Time (s)
---------------------------------------------------------------------------------------------------------
    56.7200 	|     9720 	|    0.0058 	|    0.0058 	 |   0.203152 

********************************************************************************************************
Main Time: Advancing simulation timestep = 223560... and time = 6900.00049

_____________________#######_________  STATE-SUMMARY @ it = 223560 _________#######____________________ 

			!!!!!	  HYDRO_CORE 	 !!!!! 
Field 	|	 max	     --(i,j,k)		 |	  min	     --(i,j,k)		 |	 mean
---------------------------------------------------------------------------------------------------------
********-----
 Model Fields -
 ********-----
rho	Rank 0/1:       1.13990998 	 (106,102,3)	 |        0.83929402 	 (114,29,124)	 |       1.02554429 
-----
u	Rank 0/1:       8.06730270 	 (98,110,39)	 |        1.41455853 	 (62,41,3)	 |       6.95816422 
-----
v	Rank 0/1:       3.83333182 	 (52,44,8)	 |        0.90993756 	 (101,98,3)	 |       2.21443939 
-----
w	Rank 0/1:       0.89088273 	 (107,79,23)	 |       -0.86147922 	 (71,113,15)	 |      -0.00000500 
-----
theta	Rank 0/1:     318.40353394 	 (100,96,124)	 |      300.32345581 	 (93,118,36)	 |     310.32098389 
-----
press	Rank 0/1:      16.86718750 	 (80,52,35)	 |        9.59375000 	 (45,39,3)	 |      13.68005466 
-----
TKE_0	Rank 0/1:       0.39761746 	 (86,18,4)	 |        0.00000000 	 (36,122,9)	 |       0.00861791 
Dumping state at timestep = 223560...
Dumped state at timestep = 223560...
Rank 0/1: Batch complete results sent via cudaMemcpyDeviceToHost.

			!!!!!	  TIMESTEP PERFORMANCE  	 !!!!! 
 Total Time (s) | Batch Steps 	| Time/step (s) | Comp./step (s) | IO Time (s)
---------------------------------------------------------------------------------------------------------
    56.7378 	|     9720 	|    0.0058 	|    0.0058 	 |   0.203107 

********************************************************************************************************

_____________________#######_________  STATE-SUMMARY @ it = 233280 _________#######____________________ 

			!!!!!	  HYDRO_CORE 	 !!!!! 
Field 	|	 max	     --(i,j,k)		 |	  min	     --(i,j,k)		 |	 mean
---------------------------------------------------------------------------------------------------------
********-----
 Model Fields -
 ********-----
rho	Rank 0/1:       1.13990474 	 (23,124,3)	 |        0.83929282 	 (57,116,124)	 |       1.02555215 
-----
u	Rank 0/1:       8.01386642 	 (97,69,40)	 |        1.36125505 	 (41,25,3)	 |       6.95923281 
-----
v	Rank 0/1:       3.83534598 	 (27,24,25)	 |        0.78295064 	 (85,57,3)	 |       2.22632599 
-----
w	Rank 0/1:       0.96023560 	 (30,6,22)	 |       -0.81195617 	 (34,11,16)	 |      -0.00000590 
-----
theta	Rank 0/1:     318.40359497 	 (56,116,124)	 |      300.31512451 	 (97,51,35)	 |     310.31921387 
-----
press	Rank 0/1:      16.75000000 	 (118,36,35)	 |        9.50000000 	 (96,62,3)	 |      13.54311848 
-----
TKE_0	Rank 0/1:       0.46991575 	 (17,122,4)	 |        0.00000000 	 (63,108,9)	 |       0.00878042 

_____________________#######_________  TOWER-SUMMARY @ it = 233280 _________#######____________________ 
Dumping state at timestep = 233280...
Dumped state at timestep = 233280...

			!!!!!	  TIMESTEP PERFORMANCE  	 !!!!! 
 Total Time (s) | Batch Steps 	| Time/step (s) | Comp./step (s) | IO Time (s)
---------------------------------------------------------------------------------------------------------
     0.2249 	|        0 	|    0.0000 	|    0.0000 	 |   0.165066 

********************************************************************************************************
Your FastEddy simulation is complete!
Cleaning up...
Shutting down MPI...
 Goodbye!
