Obtaining parameters from ./run.in
Successfully opened ./run.in and read 129 lines.
Warning more than 10000 entries were requested for the parameters hash table.
Consider changing the requested table size in the PARAMETERS module.
WARNING: optional parameter ioLPDMmode defaulted to 0.
WARNING: optional parameter ioLPDMfullFrq defaulted to 0.
WARNING: optional parameter lpdmOnlineSelector defaulted to 0.
WARNING: optional parameter lpdmOnlineQueue defaulted to 4.
WARNING: optional parameter lpdmOnlinePause1 defaulted to 0.
WARNING: optional parameter lpdmOnlinePause2 defaulted to 0.
WARNING: optional parameter towerIOSelector defaulted to 0.
WARNING: optional parameter gridFile defaulted to NULL.
WARNING: optional parameter pgfSelector defaulted to 1.
WARNING: optional parameter buoyancySelector defaulted to 1.
WARNING: optional parameter ceilingAdvectionBC defaulted to 0.
WARNING: optional parameter surflayer_stab defaulted to 0.
WARNING: optional parameter surflayer_z0tdyn defaulted to 1.
WARNING: optional parameter surflayer_offshore_visc defaulted to 1.
WARNING: optional parameter canopySelector defaulted to 0.
WARNING: optional parameter cellpertSelector defaulted to 0.
WARNING: optional parameter filter_6thdiff_hori defaulted to 0.
WARNING: optional parameter filter_divdamp defaulted to 0.
WARNING: optional parameter NhydroAuxScalars defaulted to 0.
WARNING: optional parameter physics_oneRKonly defaulted to 1.
Rank 0/1:  [rankXid, rankYid] = [0,0]
mpi_rank_world--0/1 inFile = (null) !!
mpi_rank_world--0/1 Obtaining devices...
Obtaining properties for 1 devices...

mpi_rank_world--0/1 assigned accelerator device 0/1...
Device Number:          0
---------------------------------------------------------------------

__General__
   Name                               : NVIDIA GeForce RTX 5090
   Compute Capability                 : 12.0
   Clock Rate                         : 2512000
   Number of multiprocessors          : 170
   Max Threads/multiprocessor         : 1536
   Concurrent Copy/Execution          : Yes
   Concurrent Kernels                 : 1
   Compute Mode                       : 0
   Kernel Timeout Enabled             : No
   Integrated                         : No
   Host Memory Mapping                : Yes

__Configuration__
   Registers/Block                    : 65536
   Warp Size                          : 32
   Max Threads/Block                  : 1024
   Max Block-extent / Dimension       :         1024         1024           64
   Max Grid-extent / Dimension        :   2147483647        65535        65535

__Memory__
   Tot. Global Memory (GB) / (B)      :   31.35834 / 3605987328
   Shared Mem/Block   (GB) / (B)      :    0.00005 / 49152
   Constant Memory    (GB) / (B)      :    0.00006 / 65536
   Max 1-D Texture                    :       131072
   Max 2-D Texture                    :       131072        65536
   Max 3-D Texture                    :        16384        16384        16384
   Texture Alignment  (B)             : 512
   Max Memory pitch                   : 2147483647

mpi_rank_world--0/1 done!
mpi_rank_world--0/1 Assigning threadPerBlock.[xyz]
mpi_rank_world--0/1 done!
Nxp = 122, Nyp = 122, Nzp = 122
****Spatial loop-index Mins & Maxs ****  (i,j,k)-min = (3,3,3) & (i,j,k)-max = (125,125,125)
Entering hydro_coreInit:------
WARNING: parameter surflayer_qskin_input was not found but was requested for printing.
WARNING: parameter surflayer_offshore_opt was not found but was requested for printing.
WARNING: parameter filter_6thdiff_hori_coeff was not found but was requested for printing.
hydro_coreInit: allocating/registering arrays/fields with IO
hydro_coreInit:hydroFlds[0] = rho stored at 0x725e607fd080, has been registered with IO.
hydro_coreInit:hydroFlds[1] = u stored at 0x725e60ffd080, has been registered with IO.
hydro_coreInit:hydroFlds[2] = v stored at 0x725e617fd080, has been registered with IO.
hydro_coreInit:hydroFlds[3] = w stored at 0x725e61ffd080, has been registered with IO.
hydro_coreInit:hydroFlds[4] = theta stored at 0x725e627fd080, has been registered with IO.
hydro_coreInit:Field = pressure stored at 0x725e5fffc080, has been registered with IO.
hydro_coreInit:sgstkeScalars[0] = TKE_0 stored at 0x725e5cffa080, has been registered with IO.
hydro_coreInit: allocating internal arrays
hydro_coreInit:Field = tskin stored at 0x5fa217cb8d80, has been registered with IO.
hydro_coreInit:Field = fricVel stored at 0x5fa217c98c00, has been registered with IO.
hydro_coreInit:Field = htFlux stored at 0x5fa217ca8c80, has been registered with IO.
hydro_coreInit:Field = invOblen stored at 0x5fa217cc8e00, has been registered with IO.
hydro_coreInit:Field = z0m stored at 0x5fa217cd8f00, has been registered with IO.
hydro_coreInit:Field = z0t stored at 0x5fa217ce8f80, has been registered with IO.
mpi_rank_world--0/1: in timeInit(), simTime_it = 0 and simTime =         0.000000 !
:Variable = time stored at 0x5fa1feb86f78, has been registered with IO.

## time_test
Description=seed seed_cbl-shallow_a045: flat uniform convective spin-up, z_i target 450 m, base angle 45 deg # ## A description of this input file.
## FEMPI parameters---
numProcsX=1        # ## Number of cores to be used for horizontal domain decomposition in X
numProcsY=1        # ## Number of cores to be used for horizontal domain decomposition in Y
## IO parameters---
ioOutputMode=0     # ## 0: N-to-1 gather and write to a netCDF file, 1:N-to-N writes of FastEddy binary files
inPath=            # ## Path where initial/restart file is read in from
inFile=            # ## name of the input file for coordinate system and initial or restart conditions
outPath=./output/  # ## Path where output files are to be written
outFileBase=FE_SEED # ## Base name of the output file series as in (outFileBase).element-in-series
frqOutput=9720     # ## frequency (in timesteps) at which to produce output; should be an even multiple of NtBatch
towerIOSelector=0  # (DEFAULTED) ## Virtual Tower IO-Selector: 0=off, 1=on 
## FECUDA parameters---
tBx=1              # ## Number of threads in x-dimension.
tBy=8              # ## Number of threads in y-dimension.
tBz=16             # ## Number of threads in z-dimension.
## GRID parameters---
gridFile=          # (DEFAULTED) ## A file containing a complete grid specification
topoFile=          # ## A file containing terrain(surface elevation in meters ASL)
Nx=122             # ## Number of discretised domain elements in the x (zonal) direction.
Ny=122             # ## Number of discretised domain elements in the y (meridional) direction.
Nz=122             # ## Number of discretised domain elements in the z (vertical) direction.
Nh=3               # ## Number of halo cells to be used (dependent on largest stencil extent).
d_xi=30            # ## Computational domain fixed resolution in the 'i' direction.
d_eta=30           # ## Computational domain fixed resolution in the 'j' direction.
d_zeta=24.6914     # ## Computational domain fixed resolution in the 'k' direction.
coordHorizHalos=1  # ## switch to setup coordinate halos as periodic=1 or gradient-following=0.
verticalDeformSwitch=1 # ## switch to use vertical coordinate deformation 0=off, 1=on
verticalDeformFactor=0.346601 # ## deformation factor (0.0=max compression,  1.0=no compression)
verticalDeformQuadCoeff=0 # ## deformation factor (0.0=max compression,  1.0=no compression)
## HYDRO_CORE parameters---
## ----------: HYDRO_CORE Submodule Selectors ---
## ----------: Boundary Conditions Set ---
hydroBCs=2         # ## Selector for hydro BC set. 1= LAD, Dirichlet lateral, ceiling and surface, 2 = periodic-horizontal & ABL-vertical
hydroForcingWrite=0 # ## Switch for writing output of hydroFldsFrhs for prognostic fields. 0 = off, 1=on
hydroSubGridWrite=0 # ## Switch for writing output of Tauij fields. 0 = off, 1=on
hydroForcingLog=0  # ## Switch for logging Frhs summary metrics. 0 = off, 1=on
## ----------: PRESSURE GRADIENT FORCE ---
pgfSelector=1      # (DEFAULTED) ## Pressure Gradient Force (pgf) selector: 0=off, 1=on
## ----------: BUOYANCY ---
buoyancySelector=1 # (DEFAULTED) ## Buoyancy force  selector: 0=off, 1=on
## ----------: CORIOLIS ---
coriolisSelector=1 # ## Corilis force selector: 0= none, 1= horiz. terms, 2= horiz. & vert. terms
coriolisLatitude=42.9572 # ## Characteristic latitude in degrees from equator of the LES domain
## ----------: TURBULENCE ---
turbulenceSelector=1 # ## turbulence scheme selector: 0= none, 1= Lilly/Smagorinsky 
TKESelector=1      # ## Prognostic TKE selector: 0= none, 1= Prognostic, 2= requires canopySelector=1
TKEAdvSelector=3   # ## advection scheme for SGSTKE equation
TKEAdvSelector_b_hyb=0 # ## hybrid advection scheme parameter
c_k=0.1            # ## Lilly model constant used for turbulenceSelector = 1 and TKESelector > 0
## ----------: ADVECTION ---
advectionSelector=3 # ## advection scheme selector: 0=1st-order upwind, 1=3rd-order QUICK, 2=hybrid 3rd-4th order, 3=hybrid 5th-6th order, 4=3rd-order WENO, 5=5th-order WENO, 6=2nd-order centered
ceilingAdvectionBC=0 # (DEFAULTED) ## selector to allow advection through the domain ceiling 1=on, 0=off (w-ceiling = 0)
b_hyb=0            # ## hybrid advection scheme parameter: 0.0= lower-order upwind, 1.0=higher-order centered, 0.0 < b_hyb < 1.0 = hybrid
## ----------: DIFFUSION ---
diffusionSelector=0 # ## diffusivity selector: 0= none, 1= const.
## ----------: SURFACE LAYER ---
surflayerSelector=1 # ## surfacelayer selector: 0=off, 1=surface kinematic heat flux (surflayer_wth), 2=skin temperature rate (surflayer_tr)
surflayer_z0=0.061489 # ## roughness length (momentum) when surflayerSelector > 0
surflayer_z0t=0.01 # ## roughness length (temperature) when surflayerSelector > 0
surflayer_wth=0.06 # ## kinematic sensible heat flux at the surface when surflayerSelector = 1
surflayer_idealsine=0 # ## selector for idealized sinusoidal surface heat flux or skin temperature forcing: 0= off, 1= on
surflayer_stab=0   # (DEFAULTED) ## exchange coeffcient stability correction selector: 0= on, 1= off
surflayer_z0tdyn=1 # (DEFAULTED) ## dynamic z0t calculation following Zilitinkevich (1995) approach: 0= off, 1= constant Zilitinkevich coeff, 2= variable Zilitinkevich coeff
## ----------: OFFSHORE ROUGHNESS ---
surflayer_offshore=0 # ## offshore selector: 0=off, 1=on
## ----------: CANOPY MODEL ---
canopySelector=0   # (DEFAULTED) ## canopy selector: 0= off, 1= on
## ----------: LARGE-SCALE FORCINGS MODEL ---
lsfSelector=1      # ## large-scale forcings selector: 0= off, 1= on
lsf_w_surf=0       # ## large-scale forcing to w at the first specified level
lsf_w_lev1=-25     # ## large-scale forcing w at height 1
lsf_w_lev2=0       # ## large-scale forcing w at height 2
lsf_w_zlev1=450    # ## large-scale forcing w height 1
lsf_w_zlev2=1000   # ## large-scale forcing w height 2
lsf_th_surf=0      # ## large-scale forcing to theta at the first specified level
lsf_th_lev1=0      # ## large-scale forcing theta at height 1
lsf_th_lev2=0      # ## large-scale forcing theta at height 2
lsf_th_zlev1=500   # ## large-scale forcing theta height 1
lsf_th_zlev2=2000  # ## large-scale forcing theta height 2
lsf_qv_surf=-0.0432 # ## large-scale forcing to qv at the first specified level
lsf_qv_lev1=-0.0432 # ## large-scale forcing qv at height 1
lsf_qv_lev2=0      # ## large-scale forcing qv at height 2
lsf_qv_zlev1=300   # ## large-scale forcing qv height 1
lsf_qv_zlev2=500   # ## large-scale forcing qv height 2
lsf_horMnSubTerms=1 # ## large-scale subsidence terms Switch: 0= off, 1= on
lsf_freq=1         # ## large-scale forcing frequency (seconds)
## ----------: MOISTURE ---
moistureSelector=0 # ## moisture selector: 0= off, 1= on
## ----------: EXPLICIT FILTERS ---
filterSelector=1   # ## explicit filter selector: 0=off, 1=on
filter_6thdiff_vert=1 # ## vertical 6th-order filter on w selector: 0=off, 1=on
filter_6thdiff_vert_coeff=0.03 # ## vertical 6th-order filter factor: 0.0=off, 1.0=full
filter_6thdiff_hori=0 # (DEFAULTED) ## horizontal 6th-order filter on rho,theta,qv selector: 0=off, 1=on
filter_divdamp=0   # (DEFAULTED) ## divergence damping selector: 0=off, 1=on
## ----------: CELL PERTURBATION METHOD ---
cellpertSelector=0 # (DEFAULTED) ## CP method selector: 0= off, 1= on
## ----------: RAYLEIGH DAMPING LAYER ---
dampingLayerSelector=1 # ## Rayleigh damping layer selector: 0= off, 1= on.
dampingLayerDepth=500 # ## Rayleigh damping layer depth in meters
## ----------: AUXILIARY SCALARS ---
NhydroAuxScalars=0 # (DEFAULTED) ## Number of prognostic auxiliary scalar fields
## ----------: BASE-STATE ---
stabilityScheme=2  # ## Scheme used to set hydrostatic, stability-dependent Base-State EOS fields
temp_grnd=298.012  # ## Air Temperature (K) at the ground used to set hydrostatic Base-State EOS fields
pres_grnd=97700    # ## Pressure (Pa) at the ground used to set hydrostatic Base-State EOS fields
zStableBottom=450  # ## Height (m) of the first stable upper-layer when stabilityScheme = 2
stableGradient=0.08 # ## Vertical gradient (K/m) of the first stable upper-layer when stabilityScheme = 2
zStableBottom2=550 # ## Height (m) of the second stable upper-layer when stabilityScheme = 2
zStableBottom3=20000 # ## Height (m) of the third stable upper-layer when stabilityScheme = 2
stableGradient2=0.004 # ## Vertical gradient (K/m) of the second stable upper-layer when stabilityScheme = 2
stableGradient3=0.004 # ## Vertical gradient (K/m) of the third stable upper-layer when stabilityScheme = 2
U_g=4.94975        # ## Zonal (West-East) component of the geostrophic wind (m/s).
V_g=4.94975        # ## Meridional (South-North) component of the geostrophic wind (m/s).
z_Ug=10000         # ## Height (m) above ground for linear geostrophic wind gradient (zonal component).
z_Vg=10000         # ## Height (m) above ground for linear geostrophic wind gradient (meridional component).
Ug_grad=0          # ## U_g gradient above z_Ug (ms-1/m).
Vg_grad=0          # ## V_g gradient above z_Vg (ms-1/m).
thetaPerturbationSwitch=1 # ## Switch to include initial theta perturbations: 0=off, 1=on
thetaHeight=300    # ## Height below which to include initial theta perturbations: (meters)
thetaAmplitude=0.25 # ## Maximum amplitude for theta perturbations: thetaAmplitude*[-1,+1] K
physics_oneRKonly=1 # (DEFAULTED) ## selector to apply physics RHS forcing only at the latest RK stage: 0= off, 1= on
## TIME_INTEGRATION parameters---
timeMethod=0       # ## Selector for time integration method. [0=RK3-WS2002 (default)]
Nt=233280          # ## Number of timesteps to perform.
dt=0.0308642       # ## timestep resolution in seconds.
NtBatch=9720       # ## Number of timesteps to compute in batch launch, must have NtBatch <= Nt.

moistureMPcallTscale = 1.0   # NOT VALIDATED
c_s = 0.18   # NOT VALIDATED
nu_0 = 0.0   # NOT VALIDATED
moistureCond = 3   # NOT VALIDATED
moistureAdvSelectorQi = 2   # NOT VALIDATED
moistureAdvSelectorQv = 2   # NOT VALIDATED
surflayer_qr = 0.0   # NOT VALIDATED
surflayer_tr = -0.0   # NOT VALIDATED
surflayer_wq = 0.0   # NOT VALIDATED
moistureNvars = 2   # NOT VALIDATED
moistureCondTscale = 1.0   # NOT VALIDATED
moistureAdvSelectorQv_b = 0.0   # NOT VALIDATED
surflayer_ideal_qamp = 2.0   # NOT VALIDATED
surflayer_ideal_amp = 4.0   # NOT VALIDATED
surflayer_ideal_qte = 10.0   # NOT VALIDATED
surflayer_ideal_qts = 1.75   # NOT VALIDATED
surflayer_ideal_te = 43200   # NOT VALIDATED
surflayer_ideal_ts = 0.0   # NOT VALIDATED
moistureCondBasePres = 1   # NOT VALIDATED
moistureSGSturb = 1   # NOT VALIDATED
Input parameters passed verification.
No input file has been specified, no gridFile has been specified.
 Using default grid and initial condition schemes.
**** Coordinate generation ****  (i,j,k)-extents = (122,122,122) & (i,j,k)-deltas = (30.000000,30.000000,24.691359)
mpi_rank_world--0/1 grid-Coord-gen(), else-coordHorizHalos = 1!
mpi_rank_world--0/1 coordHalos, Western-Eastern Boundaries!
mpi_rank_world--0/1 coordHalos, Southern-Northern Boundaries!
stabilityScheme == 2: Base State setup complete.
Rank 0/1: Profile preparations complete!
cuda_gridDeviceSetup:-- (i,j,k)Min, ()Max = (3,3,3), (125,125,125)
fecuda_SetBlocksPerGrid: tBlock = {1, 8, 16}
fecuda_SetBlocksPerGrid: grid = {128, 16, 8}
lsf_horMnSubTerms = 1, setting up for 5 phi-fields.cuda_hydroCoreDeviceSetup() complete.
cuda_towersDeviceSetup: NelemsTowers = 0, NelemsTowersSurf = -201674936
0/1 cuda_hydroCoreDeviceSecondaryStageSetup(): BdyUpdateSteps = 0 
Initializations complete after  19.1721 (s).
Main Time: Advancing simulation timestep = 0... and time =    0.00000

_____________________#######_________  STATE-SUMMARY @ it = 0 _________#######____________________ 

			!!!!!	  HYDRO_CORE 	 !!!!! 
Field 	|	 max	     --(i,j,k)		 |	  min	     --(i,j,k)		 |	 mean
---------------------------------------------------------------------------------------------------------
********-----
 Model Fields -
 ********-----
rho	Rank 0/1:       1.14173782 	 (3,3,3)	 |        0.84013647 	 (3,3,124)	 |       1.02843022 
-----
u	Rank 0/1:       4.94974756 	 (3,3,9)	 |        4.94974661 	 (3,3,7)	 |       4.99312401 
-----
v	Rank 0/1:       4.94974756 	 (3,3,9)	 |        4.94974661 	 (3,3,7)	 |       4.99312401 
-----
w	Rank 0/1:       0.00000000 	 (3,3,3)	 |        0.00000000 	 (3,3,3)	 |       0.00000000 
-----
theta	Rank 0/1:     317.79882812 	 (3,3,124)	 |      299.74884033 	 (14,55,27)	 |     308.35418701 
-----
press	Rank 0/1:       0.00000000 	 (3,3,3)	 |        0.00000000 	 (3,3,3)	 |       0.00000000 
-----
TKE_0	Rank 0/1:       0.00000000 	 (3,3,3)	 |        0.00000000 	 (3,3,3)	 |       0.00000000 
Dumping state at timestep = 0...
Dumped state at timestep = 0...
Rank 0/1: Batch complete results sent via cudaMemcpyDeviceToHost.

			!!!!!	  TIMESTEP PERFORMANCE  	 !!!!! 
 Total Time (s) | Batch Steps 	| Time/step (s) | Comp./step (s) | IO Time (s)
---------------------------------------------------------------------------------------------------------
    56.4332 	|     9720 	|    0.0058 	|    0.0058 	 |   0.243997 

********************************************************************************************************
Main Time: Advancing simulation timestep = 9720... and time =  300.00003

_____________________#######_________  STATE-SUMMARY @ it = 9720 _________#######____________________ 

			!!!!!	  HYDRO_CORE 	 !!!!! 
Field 	|	 max	     --(i,j,k)		 |	  min	     --(i,j,k)		 |	 mean
---------------------------------------------------------------------------------------------------------
********-----
 Model Fields -
 ********-----
rho	Rank 0/1:       1.13980150 	 (111,52,3)	 |        0.84016752 	 (49,69,124)	 |       1.02787995 
-----
u	Rank 0/1:       5.16100264 	 (60,31,29)	 |        2.68155575 	 (101,114,3)	 |       4.94526529 
-----
v	Rank 0/1:       5.21179342 	 (16,63,26)	 |        2.72947145 	 (44,10,3)	 |       4.94623852 
-----
w	Rank 0/1:       0.34245777 	 (71,32,28)	 |       -0.32355306 	 (50,23,29)	 |       0.00008883 
-----
theta	Rank 0/1:     317.80065918 	 (92,56,124)	 |      299.89981079 	 (69,88,27)	 |     308.41580200 
-----
press	Rank 0/1:       6.65625000 	 (115,63,11)	 |        2.69531250 	 (94,4,3)	 |       5.03446531 
-----
TKE_0	Rank 0/1:       0.44066489 	 (114,55,4)	 |        0.00000000 	 (59,55,11)	 |       0.01356123 
Dumping state at timestep = 9720...
Dumped state at timestep = 9720...
Rank 0/1: Batch complete results sent via cudaMemcpyDeviceToHost.

			!!!!!	  TIMESTEP PERFORMANCE  	 !!!!! 
 Total Time (s) | Batch Steps 	| Time/step (s) | Comp./step (s) | IO Time (s)
---------------------------------------------------------------------------------------------------------
    56.5899 	|     9720 	|    0.0058 	|    0.0058 	 |   0.250547 

********************************************************************************************************
Main Time: Advancing simulation timestep = 19440... and time =  600.00006

_____________________#######_________  STATE-SUMMARY @ it = 19440 _________#######____________________ 

			!!!!!	  HYDRO_CORE 	 !!!!! 
Field 	|	 max	     --(i,j,k)		 |	  min	     --(i,j,k)		 |	 mean
---------------------------------------------------------------------------------------------------------
********-----
 Model Fields -
 ********-----
rho	Rank 0/1:       1.14024425 	 (16,37,3)	 |        0.84020638 	 (23,31,124)	 |       1.02786982 
-----
u	Rank 0/1:       5.43428373 	 (8,86,11)	 |        1.89789057 	 (48,89,3)	 |       4.91620445 
-----
v	Rank 0/1:       5.44107628 	 (23,45,7)	 |        1.94750261 	 (74,114,3)	 |       4.91977119 
-----
w	Rank 0/1:       1.01230621 	 (22,47,12)	 |       -0.70248812 	 (23,43,10)	 |       0.00008935 
-----
theta	Rank 0/1:     317.80072021 	 (23,31,124)	 |      299.91732788 	 (23,43,7)	 |     308.45150757 
-----
press	Rank 0/1:      11.66406250 	 (66,17,57)	 |        7.76562500 	 (44,54,3)	 |       9.96472263 
-----
TKE_0	Rank 0/1:       0.57673293 	 (23,44,4)	 |        0.00000000 	 (23,43,8)	 |       0.01474344 
Dumping state at timestep = 19440...
Dumped state at timestep = 19440...
Rank 0/1: Batch complete results sent via cudaMemcpyDeviceToHost.

			!!!!!	  TIMESTEP PERFORMANCE  	 !!!!! 
 Total Time (s) | Batch Steps 	| Time/step (s) | Comp./step (s) | IO Time (s)
---------------------------------------------------------------------------------------------------------
    56.6004 	|     9720 	|    0.0058 	|    0.0058 	 |   0.249463 

********************************************************************************************************
Main Time: Advancing simulation timestep = 29160... and time =  900.00006

_____________________#######_________  STATE-SUMMARY @ it = 29160 _________#######____________________ 

			!!!!!	  HYDRO_CORE 	 !!!!! 
Field 	|	 max	     --(i,j,k)		 |	  min	     --(i,j,k)		 |	 mean
---------------------------------------------------------------------------------------------------------
********-----
 Model Fields -
 ********-----
rho	Rank 0/1:       1.14146042 	 (98,79,3)	 |        0.84023917 	 (111,51,124)	 |       1.02785599 
-----
u	Rank 0/1:       6.15191269 	 (96,19,8)	 |        1.49285543 	 (121,84,3)	 |       4.88530159 
-----
v	Rank 0/1:       6.20841360 	 (68,92,26)	 |        1.69271994 	 (25,124,3)	 |       4.89246655 
-----
w	Rank 0/1:       2.67353892 	 (45,103,24)	 |       -1.77451313 	 (89,71,12)	 |       0.00009215 
-----
theta	Rank 0/1:     317.80130005 	 (111,51,124)	 |      299.88925171 	 (13,29,10)	 |     308.51126099 
-----
press	Rank 0/1:      16.32031250 	 (92,31,52)	 |       10.32031250 	 (15,15,12)	 |      14.18518066 
-----
TKE_0	Rank 0/1:       0.80131960 	 (100,110,4)	 |        0.00000000 	 (91,33,6)	 |       0.01867517 
Dumping state at timestep = 29160...
Dumped state at timestep = 29160...
Rank 0/1: Batch complete results sent via cudaMemcpyDeviceToHost.

			!!!!!	  TIMESTEP PERFORMANCE  	 !!!!! 
 Total Time (s) | Batch Steps 	| Time/step (s) | Comp./step (s) | IO Time (s)
---------------------------------------------------------------------------------------------------------
    56.6507 	|     9720 	|    0.0058 	|    0.0058 	 |   0.247507 

********************************************************************************************************
Main Time: Advancing simulation timestep = 38880... and time = 1200.00012

_____________________#######_________  STATE-SUMMARY @ it = 38880 _________#######____________________ 

			!!!!!	  HYDRO_CORE 	 !!!!! 
Field 	|	 max	     --(i,j,k)		 |	  min	     --(i,j,k)		 |	 mean
---------------------------------------------------------------------------------------------------------
********-----
 Model Fields -
 ********-----
rho	Rank 0/1:       1.14142835 	 (104,71,3)	 |        0.84027350 	 (122,8,124)	 |       1.02774692 
-----
u	Rank 0/1:       6.64530468 	 (113,39,44)	 |        1.58595133 	 (82,105,3)	 |       4.85540342 
-----
v	Rank 0/1:       6.83250332 	 (64,70,46)	 |        1.60223138 	 (120,67,3)	 |       4.86498880 
-----
w	Rank 0/1:       3.08022499 	 (61,42,39)	 |       -2.19663239 	 (116,72,14)	 |       0.00013695 
-----
theta	Rank 0/1:     317.80126953 	 (122,8,124)	 |      299.62698364 	 (4,28,46)	 |     308.63275146 
-----
press	Rank 0/1:      21.78906250 	 (96,48,46)	 |       11.82031250 	 (75,79,8)	 |      18.29510498 
-----
TKE_0	Rank 0/1:       0.71419978 	 (45,81,4)	 |        0.00000000 	 (4,79,6)	 |       0.02084923 
Dumping state at timestep = 38880...
Dumped state at timestep = 38880...
Rank 0/1: Batch complete results sent via cudaMemcpyDeviceToHost.

			!!!!!	  TIMESTEP PERFORMANCE  	 !!!!! 
 Total Time (s) | Batch Steps 	| Time/step (s) | Comp./step (s) | IO Time (s)
---------------------------------------------------------------------------------------------------------
    56.6332 	|     9720 	|    0.0058 	|    0.0058 	 |   0.238213 

********************************************************************************************************
Main Time: Advancing simulation timestep = 48600... and time = 1500.00012

_____________________#######_________  STATE-SUMMARY @ it = 48600 _________#######____________________ 

			!!!!!	  HYDRO_CORE 	 !!!!! 
Field 	|	 max	     --(i,j,k)		 |	  min	     --(i,j,k)		 |	 mean
---------------------------------------------------------------------------------------------------------
********-----
 Model Fields -
 ********-----
rho	Rank 0/1:       1.14151573 	 (41,76,3)	 |        0.84030837 	 (39,52,124)	 |       1.02782750 
-----
u	Rank 0/1:       6.90821600 	 (103,88,8)	 |        1.53065145 	 (97,105,3)	 |       4.82648945 
-----
v	Rank 0/1:       7.14492607 	 (99,103,6)	 |        1.47311807 	 (115,74,3)	 |       4.84277010 
-----
w	Rank 0/1:       2.80340767 	 (33,10,34)	 |       -2.26001024 	 (72,9,19)	 |       0.00017789 
-----
theta	Rank 0/1:     317.80108643 	 (49,57,124)	 |      299.70840454 	 (24,16,47)	 |     308.66876221 
-----
press	Rank 0/1:      25.69531250 	 (14,22,52)	 |       15.46093750 	 (94,106,9)	 |      22.48900223 
-----
TKE_0	Rank 0/1:       0.93924874 	 (35,117,4)	 |        0.00000000 	 (43,77,6)	 |       0.02229458 
Dumping state at timestep = 48600...
Dumped state at timestep = 48600...
Rank 0/1: Batch complete results sent via cudaMemcpyDeviceToHost.

			!!!!!	  TIMESTEP PERFORMANCE  	 !!!!! 
 Total Time (s) | Batch Steps 	| Time/step (s) | Comp./step (s) | IO Time (s)
---------------------------------------------------------------------------------------------------------
    56.6542 	|     9720 	|    0.0058 	|    0.0058 	 |   0.234706 

********************************************************************************************************
Main Time: Advancing simulation timestep = 58320... and time = 1800.00012

_____________________#######_________  STATE-SUMMARY @ it = 58320 _________#######____________________ 

			!!!!!	  HYDRO_CORE 	 !!!!! 
Field 	|	 max	     --(i,j,k)		 |	  min	     --(i,j,k)		 |	 mean
---------------------------------------------------------------------------------------------------------
********-----
 Model Fields -
 ********-----
rho	Rank 0/1:       1.14097118 	 (44,119,3)	 |        0.84034401 	 (69,64,124)	 |       1.02781940 
-----
u	Rank 0/1:       6.66363525 	 (47,101,8)	 |        1.26203620 	 (5,103,3)	 |       4.79872751 
-----
v	Rank 0/1:       6.58003569 	 (99,120,9)	 |        1.38202846 	 (71,104,3)	 |       4.82313490 
-----
w	Rank 0/1:       2.74744415 	 (42,91,33)	 |       -1.67775762 	 (103,124,27)	 |       0.00017855 
-----
theta	Rank 0/1:     317.80151367 	 (70,65,124)	 |      299.83123779 	 (28,90,46)	 |     308.69897461 
-----
press	Rank 0/1:      30.61718750 	 (39,8,56)	 |       21.09375000 	 (111,65,12)	 |      26.92291641 
-----
TKE_0	Rank 0/1:       0.78831846 	 (113,110,4)	 |        0.00000000 	 (83,71,7)	 |       0.02096447 
Dumping state at timestep = 58320...
Dumped state at timestep = 58320...
Rank 0/1: Batch complete results sent via cudaMemcpyDeviceToHost.

			!!!!!	  TIMESTEP PERFORMANCE  	 !!!!! 
 Total Time (s) | Batch Steps 	| Time/step (s) | Comp./step (s) | IO Time (s)
---------------------------------------------------------------------------------------------------------
    56.6676 	|     9720 	|    0.0058 	|    0.0058 	 |   0.239176 

********************************************************************************************************
Main Time: Advancing simulation timestep = 68040... and time = 2100.00024

_____________________#######_________  STATE-SUMMARY @ it = 68040 _________#######____________________ 

			!!!!!	  HYDRO_CORE 	 !!!!! 
Field 	|	 max	     --(i,j,k)		 |	  min	     --(i,j,k)		 |	 mean
---------------------------------------------------------------------------------------------------------
********-----
 Model Fields -
 ********-----
rho	Rank 0/1:       1.14062083 	 (69,115,3)	 |        0.84037948 	 (71,53,124)	 |       1.02782345 
-----
u	Rank 0/1:       6.37275505 	 (97,16,7)	 |        1.32524359 	 (46,86,3)	 |       4.77062511 
-----
v	Rank 0/1:       7.04003954 	 (109,26,23)	 |        1.50412977 	 (86,26,3)	 |       4.80314445 
-----
w	Rank 0/1:       2.60903406 	 (43,24,29)	 |       -1.67281294 	 (43,37,28)	 |       0.00017418 
-----
theta	Rank 0/1:     317.80139160 	 (95,94,124)	 |      299.81570435 	 (50,118,45)	 |     308.71185303 
-----
press	Rank 0/1:      35.75781250 	 (34,39,52)	 |       24.04687500 	 (102,18,18)	 |      31.56265640 
-----
TKE_0	Rank 0/1:       0.76136512 	 (22,74,4)	 |        0.00000000 	 (85,38,7)	 |       0.01939297 
Dumping state at timestep = 68040...
Dumped state at timestep = 68040...
Rank 0/1: Batch complete results sent via cudaMemcpyDeviceToHost.

			!!!!!	  TIMESTEP PERFORMANCE  	 !!!!! 
 Total Time (s) | Batch Steps 	| Time/step (s) | Comp./step (s) | IO Time (s)
---------------------------------------------------------------------------------------------------------
    56.6623 	|     9720 	|    0.0058 	|    0.0058 	 |   0.233708 

********************************************************************************************************
Main Time: Advancing simulation timestep = 77760... and time = 2400.00024

_____________________#######_________  STATE-SUMMARY @ it = 77760 _________#######____________________ 

			!!!!!	  HYDRO_CORE 	 !!!!! 
Field 	|	 max	     --(i,j,k)		 |	  min	     --(i,j,k)		 |	 mean
---------------------------------------------------------------------------------------------------------
********-----
 Model Fields -
 ********-----
rho	Rank 0/1:       1.14068985 	 (106,33,3)	 |        0.84041339 	 (31,59,124)	 |       1.02780211 
-----
u	Rank 0/1:       6.37103748 	 (9,60,9)	 |        1.43710744 	 (112,99,3)	 |       4.74529409 
-----
v	Rank 0/1:       6.43197155 	 (66,56,30)	 |        1.39110804 	 (22,61,3)	 |       4.78630209 
-----
w	Rank 0/1:       2.62830138 	 (82,5,35)	 |       -1.76981771 	 (63,56,27)	 |       0.00018778 
-----
theta	Rank 0/1:     317.80157471 	 (31,59,124)	 |      299.83587646 	 (8,8,46)	 |     308.72271729 
-----
press	Rank 0/1:      40.43750000 	 (119,57,52)	 |       28.66406250 	 (79,4,10)	 |      36.05244827 
-----
TKE_0	Rank 0/1:       0.77944398 	 (78,5,4)	 |        0.00000000 	 (46,31,7)	 |       0.01887852 
Dumping state at timestep = 77760...
Dumped state at timestep = 77760...
Rank 0/1: Batch complete results sent via cudaMemcpyDeviceToHost.

			!!!!!	  TIMESTEP PERFORMANCE  	 !!!!! 
 Total Time (s) | Batch Steps 	| Time/step (s) | Comp./step (s) | IO Time (s)
---------------------------------------------------------------------------------------------------------
    56.6587 	|     9720 	|    0.0058 	|    0.0058 	 |   0.239830 

********************************************************************************************************
Main Time: Advancing simulation timestep = 87480... and time = 2700.00024

_____________________#######_________  STATE-SUMMARY @ it = 87480 _________#######____________________ 

			!!!!!	  HYDRO_CORE 	 !!!!! 
Field 	|	 max	     --(i,j,k)		 |	  min	     --(i,j,k)		 |	 mean
---------------------------------------------------------------------------------------------------------
********-----
 Model Fields -
 ********-----
rho	Rank 0/1:       1.14068425 	 (79,84,3)	 |        0.84044957 	 (74,72,124)	 |       1.02779913 
-----
u	Rank 0/1:       6.72795773 	 (41,28,45)	 |        1.23774326 	 (11,112,3)	 |       4.71883726 
-----
v	Rank 0/1:       6.74758720 	 (56,99,44)	 |        1.24766695 	 (42,98,3)	 |       4.77082205 
-----
w	Rank 0/1:       2.73676848 	 (59,92,34)	 |       -1.83753812 	 (108,6,24)	 |       0.00020261 
-----
theta	Rank 0/1:     317.80169678 	 (74,72,124)	 |      299.72421265 	 (59,93,47)	 |     308.73754883 
-----
press	Rank 0/1:      45.34375000 	 (61,62,52)	 |       32.45312500 	 (74,109,9)	 |      40.45698166 
-----
TKE_0	Rank 0/1:       0.76390630 	 (103,42,4)	 |        0.00000000 	 (80,84,6)	 |       0.01867768 
Dumping state at timestep = 87480...
Dumped state at timestep = 87480...
Rank 0/1: Batch complete results sent via cudaMemcpyDeviceToHost.

			!!!!!	  TIMESTEP PERFORMANCE  	 !!!!! 
 Total Time (s) | Batch Steps 	| Time/step (s) | Comp./step (s) | IO Time (s)
---------------------------------------------------------------------------------------------------------
    56.6478 	|     9720 	|    0.0058 	|    0.0058 	 |   0.232836 

********************************************************************************************************
Main Time: Advancing simulation timestep = 97200... and time = 3000.00024

_____________________#######_________  STATE-SUMMARY @ it = 97200 _________#######____________________ 

			!!!!!	  HYDRO_CORE 	 !!!!! 
Field 	|	 max	     --(i,j,k)		 |	  min	     --(i,j,k)		 |	 mean
---------------------------------------------------------------------------------------------------------
********-----
 Model Fields -
 ********-----
rho	Rank 0/1:       1.14078748 	 (75,43,3)	 |        0.84048420 	 (9,36,124)	 |       1.02778208 
-----
u	Rank 0/1:       6.71014404 	 (64,55,32)	 |        1.22691941 	 (53,17,3)	 |       4.69500637 
-----
v	Rank 0/1:       6.33879805 	 (74,5,37)	 |        1.29075992 	 (93,26,3)	 |       4.75704002 
-----
w	Rank 0/1:       3.11228490 	 (93,7,33)	 |       -1.80104339 	 (13,37,19)	 |       0.00018588 
-----
theta	Rank 0/1:     317.80197144 	 (9,36,124)	 |      299.64428711 	 (87,9,46)	 |     308.75024414 
-----
press	Rank 0/1:      50.20312500 	 (101,76,56)	 |       37.03906250 	 (105,91,8)	 |      44.72735596 
-----
TKE_0	Rank 0/1:       0.76596761 	 (123,51,4)	 |        0.00000000 	 (58,68,7)	 |       0.01846759 
Dumping state at timestep = 97200...
Dumped state at timestep = 97200...
Rank 0/1: Batch complete results sent via cudaMemcpyDeviceToHost.

			!!!!!	  TIMESTEP PERFORMANCE  	 !!!!! 
 Total Time (s) | Batch Steps 	| Time/step (s) | Comp./step (s) | IO Time (s)
---------------------------------------------------------------------------------------------------------
    56.6559 	|     9720 	|    0.0058 	|    0.0058 	 |   0.238878 

********************************************************************************************************
Main Time: Advancing simulation timestep = 106920... and time = 3300.00024

_____________________#######_________  STATE-SUMMARY @ it = 106920 _________#######____________________ 

			!!!!!	  HYDRO_CORE 	 !!!!! 
Field 	|	 max	     --(i,j,k)		 |	  min	     --(i,j,k)		 |	 mean
---------------------------------------------------------------------------------------------------------
********-----
 Model Fields -
 ********-----
rho	Rank 0/1:       1.14035749 	 (108,86,3)	 |        0.84051937 	 (58,86,124)	 |       1.02777982 
-----
u	Rank 0/1:       6.19580221 	 (103,116,9)	 |        1.14289391 	 (107,110,3)	 |       4.66859388 
-----
v	Rank 0/1:       6.32472038 	 (68,90,7)	 |        1.34022760 	 (7,90,3)	 |       4.74560165 
-----
w	Rank 0/1:       2.67303610 	 (68,57,30)	 |       -1.65664053 	 (107,50,34)	 |       0.00017007 
-----
theta	Rank 0/1:     317.80175781 	 (88,76,124)	 |      299.99203491 	 (69,94,46)	 |     308.76272583 
-----
press	Rank 0/1:      55.63281250 	 (10,46,52)	 |       41.42187500 	 (15,84,3)	 |      49.62751389 
-----
TKE_0	Rank 0/1:       0.67689019 	 (35,94,4)	 |        0.00000000 	 (43,37,7)	 |       0.01796136 
Dumping state at timestep = 106920...
Dumped state at timestep = 106920...
Rank 0/1: Batch complete results sent via cudaMemcpyDeviceToHost.

			!!!!!	  TIMESTEP PERFORMANCE  	 !!!!! 
 Total Time (s) | Batch Steps 	| Time/step (s) | Comp./step (s) | IO Time (s)
---------------------------------------------------------------------------------------------------------
    56.6529 	|     9720 	|    0.0058 	|    0.0058 	 |   0.233470 

********************************************************************************************************
Main Time: Advancing simulation timestep = 116640... and time = 3600.00024

_____________________#######_________  STATE-SUMMARY @ it = 116640 _________#######____________________ 

			!!!!!	  HYDRO_CORE 	 !!!!! 
Field 	|	 max	     --(i,j,k)		 |	  min	     --(i,j,k)		 |	 mean
---------------------------------------------------------------------------------------------------------
********-----
 Model Fields -
 ********-----
rho	Rank 0/1:       1.14023244 	 (35,116,3)	 |        0.84055483 	 (105,102,124)	 |       1.02770472 
-----
u	Rank 0/1:       6.34436083 	 (44,46,46)	 |        0.92073721 	 (120,104,3)	 |       4.64234066 
-----
v	Rank 0/1:       6.36011267 	 (120,124,32)	 |        1.17362380 	 (45,93,3)	 |       4.73579121 
-----
w	Rank 0/1:       2.78048134 	 (77,112,25)	 |       -1.76552820 	 (75,122,21)	 |       0.00017807 
-----
theta	Rank 0/1:     317.80175781 	 (105,102,124)	 |      300.06011963 	 (42,49,45)	 |     308.77862549 
-----
press	Rank 0/1:      60.25000000 	 (45,88,52)	 |       45.01562500 	 (98,79,3)	 |      53.68542862 
-----
TKE_0	Rank 0/1:       0.67503268 	 (55,3,4)	 |        0.00000000 	 (36,116,6)	 |       0.01754420 
Dumping state at timestep = 116640...
Dumped state at timestep = 116640...
Rank 0/1: Batch complete results sent via cudaMemcpyDeviceToHost.

			!!!!!	  TIMESTEP PERFORMANCE  	 !!!!! 
 Total Time (s) | Batch Steps 	| Time/step (s) | Comp./step (s) | IO Time (s)
---------------------------------------------------------------------------------------------------------
    56.6541 	|     9720 	|    0.0058 	|    0.0058 	 |   0.233208 

********************************************************************************************************
Main Time: Advancing simulation timestep = 126360... and time = 3900.00024

_____________________#######_________  STATE-SUMMARY @ it = 126360 _________#######____________________ 

			!!!!!	  HYDRO_CORE 	 !!!!! 
Field 	|	 max	     --(i,j,k)		 |	  min	     --(i,j,k)		 |	 mean
---------------------------------------------------------------------------------------------------------
********-----
 Model Fields -
 ********-----
rho	Rank 0/1:       1.14023769 	 (100,71,3)	 |        0.84059066 	 (38,64,124)	 |       1.02771652 
-----
u	Rank 0/1:       5.98266077 	 (25,12,19)	 |        1.07132125 	 (100,111,3)	 |       4.61812687 
-----
v	Rank 0/1:       6.56204939 	 (121,99,43)	 |        1.32303751 	 (81,11,3)	 |       4.72545290 
-----
w	Rank 0/1:       2.83464098 	 (17,8,26)	 |       -1.60396361 	 (109,43,30)	 |       0.00018771 
-----
theta	Rank 0/1:     317.80187988 	 (38,64,124)	 |      300.07235718 	 (17,6,46)	 |     308.80145264 
-----
press	Rank 0/1:      65.19531250 	 (15,121,52)	 |       48.96093750 	 (11,117,3)	 |      58.61707306 
-----
TKE_0	Rank 0/1:       0.66950125 	 (103,74,4)	 |        0.00000000 	 (50,66,6)	 |       0.01723599 
Dumping state at timestep = 126360...
Dumped state at timestep = 126360...
Rank 0/1: Batch complete results sent via cudaMemcpyDeviceToHost.

			!!!!!	  TIMESTEP PERFORMANCE  	 !!!!! 
 Total Time (s) | Batch Steps 	| Time/step (s) | Comp./step (s) | IO Time (s)
---------------------------------------------------------------------------------------------------------
    56.6492 	|     9720 	|    0.0058 	|    0.0058 	 |   0.234937 

********************************************************************************************************
Main Time: Advancing simulation timestep = 136080... and time = 4200.00049

_____________________#######_________  STATE-SUMMARY @ it = 136080 _________#######____________________ 

			!!!!!	  HYDRO_CORE 	 !!!!! 
Field 	|	 max	     --(i,j,k)		 |	  min	     --(i,j,k)		 |	 mean
---------------------------------------------------------------------------------------------------------
********-----
 Model Fields -
 ********-----
rho	Rank 0/1:       1.13991952 	 (43,71,3)	 |        0.84062618 	 (85,111,124)	 |       1.02768040 
-----
u	Rank 0/1:       6.56757545 	 (53,45,18)	 |        0.86638170 	 (123,34,3)	 |       4.59560394 
-----
v	Rank 0/1:       6.71131420 	 (86,30,45)	 |        1.21129692 	 (113,49,3)	 |       4.71429825 
-----
w	Rank 0/1:       2.90199232 	 (73,11,21)	 |       -1.64902890 	 (97,103,15)	 |       0.00017524 
-----
theta	Rank 0/1:     317.80175781 	 (82,80,124)	 |      300.04260254 	 (53,52,46)	 |     308.82168579 
-----
press	Rank 0/1:      70.04687500 	 (85,5,54)	 |       50.74218750 	 (108,37,14)	 |      62.85633087 
-----
TKE_0	Rank 0/1:       0.68733448 	 (48,6,4)	 |        0.00000000 	 (56,115,7)	 |       0.01736527 
Dumping state at timestep = 136080...
Dumped state at timestep = 136080...
Rank 0/1: Batch complete results sent via cudaMemcpyDeviceToHost.

			!!!!!	  TIMESTEP PERFORMANCE  	 !!!!! 
 Total Time (s) | Batch Steps 	| Time/step (s) | Comp./step (s) | IO Time (s)
---------------------------------------------------------------------------------------------------------
    56.6496 	|     9720 	|    0.0058 	|    0.0058 	 |   0.235862 

********************************************************************************************************
Main Time: Advancing simulation timestep = 145800... and time = 4500.00049

_____________________#######_________  STATE-SUMMARY @ it = 145800 _________#######____________________ 

			!!!!!	  HYDRO_CORE 	 !!!!! 
Field 	|	 max	     --(i,j,k)		 |	  min	     --(i,j,k)		 |	 mean
---------------------------------------------------------------------------------------------------------
********-----
 Model Fields -
 ********-----
rho	Rank 0/1:       1.13982105 	 (19,119,3)	 |        0.84066153 	 (81,90,124)	 |       1.02763486 
-----
u	Rank 0/1:       6.10795259 	 (109,42,33)	 |        0.85279429 	 (28,71,3)	 |       4.57363415 
-----
v	Rank 0/1:       6.86380529 	 (15,25,8)	 |        1.19879389 	 (17,75,3)	 |       4.70520735 
-----
w	Rank 0/1:       3.01112533 	 (86,89,24)	 |       -1.87558389 	 (6,18,17)	 |       0.00015510 
-----
theta	Rank 0/1:     317.80148315 	 (81,90,124)	 |      300.12484741 	 (104,5,46)	 |     308.82931519 
-----
press	Rank 0/1:      75.63281250 	 (112,8,52)	 |       55.94531250 	 (61,106,5)	 |      67.37475586 
-----
TKE_0	Rank 0/1:       0.77723569 	 (101,102,4)	 |        0.00000000 	 (78,79,6)	 |       0.01724411 
Dumping state at timestep = 145800...
Dumped state at timestep = 145800...
Rank 0/1: Batch complete results sent via cudaMemcpyDeviceToHost.

			!!!!!	  TIMESTEP PERFORMANCE  	 !!!!! 
 Total Time (s) | Batch Steps 	| Time/step (s) | Comp./step (s) | IO Time (s)
---------------------------------------------------------------------------------------------------------
    56.6491 	|     9720 	|    0.0058 	|    0.0058 	 |   0.233707 

********************************************************************************************************
Main Time: Advancing simulation timestep = 155520... and time = 4800.00049

_____________________#######_________  STATE-SUMMARY @ it = 155520 _________#######____________________ 

			!!!!!	  HYDRO_CORE 	 !!!!! 
Field 	|	 max	     --(i,j,k)		 |	  min	     --(i,j,k)		 |	 mean
---------------------------------------------------------------------------------------------------------
********-----
 Model Fields -
 ********-----
rho	Rank 0/1:       1.13969564 	 (95,69,3)	 |        0.84069532 	 (66,90,124)	 |       1.02762616 
-----
u	Rank 0/1:       6.10405159 	 (67,31,17)	 |        0.88763338 	 (67,90,3)	 |       4.55064917 
-----
v	Rank 0/1:       6.31942892 	 (51,124,37)	 |        1.14937639 	 (110,43,3)	 |       4.69756460 
-----
w	Rank 0/1:       2.85527301 	 (73,120,19)	 |       -1.78419828 	 (5,103,17)	 |       0.00016573 
-----
theta	Rank 0/1:     317.80197144 	 (66,90,124)	 |      300.03524780 	 (58,64,46)	 |     308.85754395 
-----
press	Rank 0/1:      79.86718750 	 (105,89,52)	 |       59.96875000 	 (13,43,3)	 |      71.85398865 
-----
TKE_0	Rank 0/1:       0.64597875 	 (12,42,4)	 |        0.00000000 	 (6,68,7)	 |       0.01686962 
Dumping state at timestep = 155520...
Dumped state at timestep = 155520...
Rank 0/1: Batch complete results sent via cudaMemcpyDeviceToHost.

			!!!!!	  TIMESTEP PERFORMANCE  	 !!!!! 
 Total Time (s) | Batch Steps 	| Time/step (s) | Comp./step (s) | IO Time (s)
---------------------------------------------------------------------------------------------------------
    56.6464 	|     9720 	|    0.0058 	|    0.0058 	 |   0.234610 

********************************************************************************************************
Main Time: Advancing simulation timestep = 165240... and time = 5100.00049

_____________________#######_________  STATE-SUMMARY @ it = 165240 _________#######____________________ 

			!!!!!	  HYDRO_CORE 	 !!!!! 
Field 	|	 max	     --(i,j,k)		 |	  min	     --(i,j,k)		 |	 mean
---------------------------------------------------------------------------------------------------------
********-----
 Model Fields -
 ********-----
rho	Rank 0/1:       1.13956451 	 (75,102,3)	 |        0.84072995 	 (109,105,124)	 |       1.02760696 
-----
u	Rank 0/1:       6.13210058 	 (62,58,43)	 |        0.72573102 	 (90,121,3)	 |       4.52867746 
-----
v	Rank 0/1:       6.28225660 	 (20,88,43)	 |        1.33819985 	 (82,117,3)	 |       4.69017649 
-----
w	Rank 0/1:       2.98362756 	 (19,78,22)	 |       -1.57711959 	 (45,58,31)	 |       0.00017824 
-----
theta	Rank 0/1:     317.80187988 	 (109,106,124)	 |      300.20419312 	 (19,124,46)	 |     308.86495972 
-----
press	Rank 0/1:      84.87500000 	 (95,114,52)	 |       63.98437500 	 (47,4,3)	 |      76.04901886 
-----
TKE_0	Rank 0/1:       0.62282753 	 (67,115,4)	 |        0.00000000 	 (87,6,6)	 |       0.01661261 
Dumping state at timestep = 165240...
Dumped state at timestep = 165240...
Rank 0/1: Batch complete results sent via cudaMemcpyDeviceToHost.

			!!!!!	  TIMESTEP PERFORMANCE  	 !!!!! 
 Total Time (s) | Batch Steps 	| Time/step (s) | Comp./step (s) | IO Time (s)
---------------------------------------------------------------------------------------------------------
    56.6405 	|     9720 	|    0.0058 	|    0.0058 	 |   0.233421 

********************************************************************************************************
Main Time: Advancing simulation timestep = 174960... and time = 5400.00049

_____________________#######_________  STATE-SUMMARY @ it = 174960 _________#######____________________ 

			!!!!!	  HYDRO_CORE 	 !!!!! 
Field 	|	 max	     --(i,j,k)		 |	  min	     --(i,j,k)		 |	 mean
---------------------------------------------------------------------------------------------------------
********-----
 Model Fields -
 ********-----
rho	Rank 0/1:       1.13967991 	 (33,97,3)	 |        0.84076595 	 (75,14,124)	 |       1.02755964 
-----
u	Rank 0/1:       5.86583757 	 (122,30,28)	 |        0.64424968 	 (9,68,3)	 |       4.50755024 
-----
v	Rank 0/1:       6.80063295 	 (80,42,10)	 |        1.26409864 	 (59,121,3)	 |       4.68420076 
-----
w	Rank 0/1:       2.66489911 	 (120,34,32)	 |       -1.68949163 	 (39,17,30)	 |       0.00017129 
-----
theta	Rank 0/1:     317.80166626 	 (90,3,124)	 |      300.41412354 	 (36,11,45)	 |     308.88580322 
-----
press	Rank 0/1:      89.70312500 	 (9,34,54)	 |       67.41406250 	 (81,42,6)	 |      80.61817169 
-----
TKE_0	Rank 0/1:       0.59996444 	 (24,17,4)	 |        0.00000000 	 (34,98,6)	 |       0.01657245 
Dumping state at timestep = 174960...
Dumped state at timestep = 174960...
Rank 0/1: Batch complete results sent via cudaMemcpyDeviceToHost.

			!!!!!	  TIMESTEP PERFORMANCE  	 !!!!! 
 Total Time (s) | Batch Steps 	| Time/step (s) | Comp./step (s) | IO Time (s)
---------------------------------------------------------------------------------------------------------
    56.6435 	|     9720 	|    0.0058 	|    0.0058 	 |   0.235089 

********************************************************************************************************
Main Time: Advancing simulation timestep = 184680... and time = 5700.00049

_____________________#######_________  STATE-SUMMARY @ it = 184680 _________#######____________________ 

			!!!!!	  HYDRO_CORE 	 !!!!! 
Field 	|	 max	     --(i,j,k)		 |	  min	     --(i,j,k)		 |	 mean
---------------------------------------------------------------------------------------------------------
********-----
 Model Fields -
 ********-----
rho	Rank 0/1:       1.13943362 	 (49,123,3)	 |        0.84079850 	 (47,110,124)	 |       1.02751493 
-----
u	Rank 0/1:       5.97845888 	 (48,82,41)	 |        0.46998900 	 (31,61,3)	 |       4.48450899 
-----
v	Rank 0/1:       6.72068691 	 (31,61,8)	 |        1.23960471 	 (49,120,3)	 |       4.67884111 
-----
w	Rank 0/1:       2.62461710 	 (34,119,27)	 |       -1.66974068 	 (79,55,13)	 |       0.00015130 
-----
theta	Rank 0/1:     317.80233765 	 (74,63,124)	 |      300.27987671 	 (19,100,45)	 |     308.89132690 
-----
press	Rank 0/1:      94.67187500 	 (54,121,52)	 |       72.50781250 	 (31,62,3)	 |      85.20333099 
-----
TKE_0	Rank 0/1:       0.73526555 	 (43,117,4)	 |        0.00000000 	 (56,110,6)	 |       0.01615991 
Dumping state at timestep = 184680...
Dumped state at timestep = 184680...
Rank 0/1: Batch complete results sent via cudaMemcpyDeviceToHost.

			!!!!!	  TIMESTEP PERFORMANCE  	 !!!!! 
 Total Time (s) | Batch Steps 	| Time/step (s) | Comp./step (s) | IO Time (s)
---------------------------------------------------------------------------------------------------------
    56.6411 	|     9720 	|    0.0058 	|    0.0058 	 |   0.234980 

********************************************************************************************************
Main Time: Advancing simulation timestep = 194400... and time = 6000.00049

_____________________#######_________  STATE-SUMMARY @ it = 194400 _________#######____________________ 

			!!!!!	  HYDRO_CORE 	 !!!!! 
Field 	|	 max	     --(i,j,k)		 |	  min	     --(i,j,k)		 |	 mean
---------------------------------------------------------------------------------------------------------
********-----
 Model Fields -
 ********-----
rho	Rank 0/1:       1.13925898 	 (44,77,3)	 |        0.84083205 	 (97,37,124)	 |       1.02756655 
-----
u	Rank 0/1:       5.76456642 	 (60,13,17)	 |        0.52671295 	 (28,69,3)	 |       4.46257687 
-----
v	Rank 0/1:       6.50799561 	 (61,100,9)	 |        1.07385349 	 (29,75,3)	 |       4.67425632 
-----
w	Rank 0/1:       3.16161299 	 (60,102,18)	 |       -1.70635891 	 (58,34,35)	 |       0.00016256 
-----
theta	Rank 0/1:     317.80258179 	 (97,37,124)	 |      300.45300293 	 (63,122,45)	 |     308.90875244 
-----
press	Rank 0/1:      99.20312500 	 (68,43,52)	 |       75.24218750 	 (60,100,12)	 |      89.10410309 
-----
TKE_0	Rank 0/1:       0.68924361 	 (122,121,4)	 |        0.00000000 	 (14,66,6)	 |       0.01615140 
Dumping state at timestep = 194400...
Dumped state at timestep = 194400...
Rank 0/1: Batch complete results sent via cudaMemcpyDeviceToHost.

			!!!!!	  TIMESTEP PERFORMANCE  	 !!!!! 
 Total Time (s) | Batch Steps 	| Time/step (s) | Comp./step (s) | IO Time (s)
---------------------------------------------------------------------------------------------------------
    56.6427 	|     9720 	|    0.0058 	|    0.0058 	 |   0.235027 

********************************************************************************************************
Main Time: Advancing simulation timestep = 204120... and time = 6300.00049

_____________________#######_________  STATE-SUMMARY @ it = 204120 _________#######____________________ 

			!!!!!	  HYDRO_CORE 	 !!!!! 
Field 	|	 max	     --(i,j,k)		 |	  min	     --(i,j,k)		 |	 mean
---------------------------------------------------------------------------------------------------------
********-----
 Model Fields -
 ********-----
rho	Rank 0/1:       1.13913858 	 (9,80,3)	 |        0.84086668 	 (24,87,124)	 |       1.02754772 
-----
u	Rank 0/1:       5.89933729 	 (92,53,12)	 |        0.50596517 	 (96,60,3)	 |       4.44236040 
-----
v	Rank 0/1:       6.66816235 	 (12,9,13)	 |        1.15369427 	 (86,18,3)	 |       4.66995621 
-----
w	Rank 0/1:       2.53607535 	 (116,65,24)	 |       -1.83597100 	 (98,59,14)	 |       0.00017826 
-----
theta	Rank 0/1:     317.80252075 	 (24,87,124)	 |      300.25555420 	 (28,100,46)	 |     308.91766357 
-----
press	Rank 0/1:     104.18750000 	 (61,116,52)	 |       78.05468750 	 (92,53,8)	 |      93.55127716 
-----
TKE_0	Rank 0/1:       0.75317693 	 (85,19,4)	 |        0.00000000 	 (29,17,6)	 |       0.01589858 
Dumping state at timestep = 204120...
Dumped state at timestep = 204120...
Rank 0/1: Batch complete results sent via cudaMemcpyDeviceToHost.

			!!!!!	  TIMESTEP PERFORMANCE  	 !!!!! 
 Total Time (s) | Batch Steps 	| Time/step (s) | Comp./step (s) | IO Time (s)
---------------------------------------------------------------------------------------------------------
    56.6418 	|     9720 	|    0.0058 	|    0.0058 	 |   0.234230 

********************************************************************************************************
Main Time: Advancing simulation timestep = 213840... and time = 6600.00049

_____________________#######_________  STATE-SUMMARY @ it = 213840 _________#######____________________ 

			!!!!!	  HYDRO_CORE 	 !!!!! 
Field 	|	 max	     --(i,j,k)		 |	  min	     --(i,j,k)		 |	 mean
---------------------------------------------------------------------------------------------------------
********-----
 Model Fields -
 ********-----
rho	Rank 0/1:       1.13902581 	 (10,22,3)	 |        0.84090161 	 (112,109,124)	 |       1.02771604 
-----
u	Rank 0/1:       5.64916134 	 (20,58,44)	 |        0.71729648 	 (9,62,3)	 |       4.42119217 
-----
v	Rank 0/1:       6.44003201 	 (9,97,11)	 |        0.99079400 	 (80,75,3)	 |       4.66641092 
-----
w	Rank 0/1:       2.35783839 	 (8,59,34)	 |       -1.85362875 	 (6,93,13)	 |       0.00017641 
-----
theta	Rank 0/1:     317.80245972 	 (112,109,124)	 |      300.33630371 	 (73,8,46)	 |     308.93811035 
-----
press	Rank 0/1:     108.78125000 	 (14,80,51)	 |       82.72656250 	 (66,17,3)	 |      98.31629181 
-----
TKE_0	Rank 0/1:       0.64693850 	 (91,64,4)	 |        0.00000000 	 (11,22,6)	 |       0.01548649 
Dumping state at timestep = 213840...
Dumped state at timestep = 213840...
Rank 0/1: Batch complete results sent via cudaMemcpyDeviceToHost.

			!!!!!	  TIMESTEP PERFORMANCE  	 !!!!! 
 Total Time (s) | Batch Steps 	| Time/step (s) | Comp./step (s) | IO Time (s)
---------------------------------------------------------------------------------------------------------
    56.6472 	|     9720 	|    0.0058 	|    0.0058 	 |   0.235256 

********************************************************************************************************
Main Time: Advancing simulation timestep = 223560... and time = 6900.00049

_____________________#######_________  STATE-SUMMARY @ it = 223560 _________#######____________________ 

			!!!!!	  HYDRO_CORE 	 !!!!! 
Field 	|	 max	     --(i,j,k)		 |	  min	     --(i,j,k)		 |	 mean
---------------------------------------------------------------------------------------------------------
********-----
 Model Fields -
 ********-----
rho	Rank 0/1:       1.13877940 	 (98,92,3)	 |        0.84093595 	 (13,116,124)	 |       1.02781248 
-----
u	Rank 0/1:       5.71234608 	 (41,90,25)	 |        0.70675552 	 (35,92,3)	 |       4.40019608 
-----
v	Rank 0/1:       6.15075254 	 (71,88,12)	 |        1.22848701 	 (36,39,3)	 |       4.66343927 
-----
w	Rank 0/1:       2.52549052 	 (6,111,35)	 |       -1.51761484 	 (87,64,26)	 |       0.00015041 
-----
theta	Rank 0/1:     317.80224609 	 (14,116,124)	 |      300.54861450 	 (76,35,44)	 |     308.95745850 
-----
press	Rank 0/1:     113.78906250 	 (72,14,52)	 |       88.10156250 	 (71,88,3)	 |     102.59607697 
-----
TKE_0	Rank 0/1:       0.61528540 	 (109,44,4)	 |        0.00000000 	 (98,92,5)	 |       0.01534222 
Dumping state at timestep = 223560...
Dumped state at timestep = 223560...
Rank 0/1: Batch complete results sent via cudaMemcpyDeviceToHost.

			!!!!!	  TIMESTEP PERFORMANCE  	 !!!!! 
 Total Time (s) | Batch Steps 	| Time/step (s) | Comp./step (s) | IO Time (s)
---------------------------------------------------------------------------------------------------------
    56.6428 	|     9720 	|    0.0058 	|    0.0058 	 |   0.236241 

********************************************************************************************************

_____________________#######_________  STATE-SUMMARY @ it = 233280 _________#######____________________ 

			!!!!!	  HYDRO_CORE 	 !!!!! 
Field 	|	 max	     --(i,j,k)		 |	  min	     --(i,j,k)		 |	 mean
---------------------------------------------------------------------------------------------------------
********-----
 Model Fields -
 ********-----
rho	Rank 0/1:       1.13867903 	 (81,43,3)	 |        0.84096998 	 (90,86,124)	 |       1.02797341 
-----
u	Rank 0/1:       5.75010252 	 (7,117,11)	 |        0.48282367 	 (65,29,3)	 |       4.38044024 
-----
v	Rank 0/1:       6.23287630 	 (15,35,45)	 |        1.14583993 	 (10,83,3)	 |       4.66450214 
-----
w	Rank 0/1:       2.84058952 	 (11,85,20)	 |       -1.70630527 	 (15,46,16)	 |       0.00016472 
-----
theta	Rank 0/1:     317.80203247 	 (90,86,124)	 |      300.61422729 	 (15,105,45)	 |     308.98788452 
-----
press	Rank 0/1:     118.40625000 	 (108,51,52)	 |       91.65625000 	 (105,15,3)	 |     106.36759186 
-----
TKE_0	Rank 0/1:       0.68887991 	 (105,10,4)	 |        0.00000000 	 (47,31,6)	 |       0.01549272 

_____________________#######_________  TOWER-SUMMARY @ it = 233280 _________#######____________________ 
Dumping state at timestep = 233280...
Dumped state at timestep = 233280...

			!!!!!	  TIMESTEP PERFORMANCE  	 !!!!! 
 Total Time (s) | Batch Steps 	| Time/step (s) | Comp./step (s) | IO Time (s)
---------------------------------------------------------------------------------------------------------
     0.2374 	|        0 	|    0.0000 	|    0.0000 	 |   0.177312 

********************************************************************************************************
Your FastEddy simulation is complete!
Cleaning up...
Shutting down MPI...
 Goodbye!
