Obtaining parameters from ./run.in
Successfully opened ./run.in and read 129 lines.
Warning more than 10000 entries were requested for the parameters hash table.
Consider changing the requested table size in the PARAMETERS module.
WARNING: optional parameter ioLPDMmode defaulted to 0.
WARNING: optional parameter ioLPDMfullFrq defaulted to 0.
WARNING: optional parameter lpdmOnlineSelector defaulted to 0.
WARNING: optional parameter lpdmOnlineQueue defaulted to 4.
WARNING: optional parameter lpdmOnlinePause1 defaulted to 0.
WARNING: optional parameter lpdmOnlinePause2 defaulted to 0.
WARNING: optional parameter towerIOSelector defaulted to 0.
WARNING: optional parameter gridFile defaulted to NULL.
WARNING: optional parameter pgfSelector defaulted to 1.
WARNING: optional parameter buoyancySelector defaulted to 1.
WARNING: optional parameter ceilingAdvectionBC defaulted to 0.
WARNING: optional parameter surflayer_stab defaulted to 0.
WARNING: optional parameter surflayer_z0tdyn defaulted to 1.
WARNING: optional parameter surflayer_offshore_visc defaulted to 1.
WARNING: optional parameter canopySelector defaulted to 0.
WARNING: optional parameter cellpertSelector defaulted to 0.
WARNING: optional parameter filter_6thdiff_hori defaulted to 0.
WARNING: optional parameter filter_divdamp defaulted to 0.
WARNING: optional parameter NhydroAuxScalars defaulted to 0.
WARNING: optional parameter physics_oneRKonly defaulted to 1.
Rank 0/1:  [rankXid, rankYid] = [0,0]
mpi_rank_world--0/1 inFile = (null) !!
mpi_rank_world--0/1 Obtaining devices...
Obtaining properties for 1 devices...

mpi_rank_world--0/1 assigned accelerator device 0/1...
Device Number:          0
---------------------------------------------------------------------

__General__
   Name                               : NVIDIA GeForce RTX 5090
   Compute Capability                 : 12.0
   Clock Rate                         : 2512000
   Number of multiprocessors          : 170
   Max Threads/multiprocessor         : 1536
   Concurrent Copy/Execution          : Yes
   Concurrent Kernels                 : 1
   Compute Mode                       : 0
   Kernel Timeout Enabled             : No
   Integrated                         : No
   Host Memory Mapping                : Yes

__Configuration__
   Registers/Block                    : 65536
   Warp Size                          : 32
   Max Threads/Block                  : 1024
   Max Block-extent / Dimension       :         1024         1024           64
   Max Grid-extent / Dimension        :   2147483647        65535        65535

__Memory__
   Tot. Global Memory (GB) / (B)      :   31.35834 / 3605987328
   Shared Mem/Block   (GB) / (B)      :    0.00005 / 49152
   Constant Memory    (GB) / (B)      :    0.00006 / 65536
   Max 1-D Texture                    :       131072
   Max 2-D Texture                    :       131072        65536
   Max 3-D Texture                    :        16384        16384        16384
   Texture Alignment  (B)             : 512
   Max Memory pitch                   : 2147483647

mpi_rank_world--0/1 done!
mpi_rank_world--0/1 Assigning threadPerBlock.[xyz]
mpi_rank_world--0/1 done!
Nxp = 122, Nyp = 122, Nzp = 122
****Spatial loop-index Mins & Maxs ****  (i,j,k)-min = (3,3,3) & (i,j,k)-max = (125,125,125)
Entering hydro_coreInit:------
WARNING: parameter surflayer_qskin_input was not found but was requested for printing.
WARNING: parameter surflayer_offshore_opt was not found but was requested for printing.
WARNING: parameter filter_6thdiff_hori_coeff was not found but was requested for printing.
hydro_coreInit: allocating/registering arrays/fields with IO
hydro_coreInit:hydroFlds[0] = rho stored at 0x78480dff8080, has been registered with IO.
hydro_coreInit:hydroFlds[1] = u stored at 0x78480e7f8080, has been registered with IO.
hydro_coreInit:hydroFlds[2] = v stored at 0x78480eff8080, has been registered with IO.
hydro_coreInit:hydroFlds[3] = w stored at 0x78480f7f8080, has been registered with IO.
hydro_coreInit:hydroFlds[4] = theta stored at 0x78480fff8080, has been registered with IO.
hydro_coreInit:Field = pressure stored at 0x78480d7f7080, has been registered with IO.
hydro_coreInit:sgstkeScalars[0] = TKE_0 stored at 0x78480a7f5080, has been registered with IO.
hydro_coreInit: allocating internal arrays
hydro_coreInit:Field = tskin stored at 0x64265fdcc280, has been registered with IO.
hydro_coreInit:Field = fricVel stored at 0x64265fdac100, has been registered with IO.
hydro_coreInit:Field = htFlux stored at 0x64265fdbc180, has been registered with IO.
hydro_coreInit:Field = invOblen stored at 0x64265fddc300, has been registered with IO.
hydro_coreInit:Field = z0m stored at 0x64265fdec400, has been registered with IO.
hydro_coreInit:Field = z0t stored at 0x64265fdfc480, has been registered with IO.
mpi_rank_world--0/1: in timeInit(), simTime_it = 0 and simTime =         0.000000 !
:Variable = time stored at 0x642648d9af78, has been registered with IO.

## time_test
Description=seed seed_cbl-mid_a075: flat uniform convective spin-up, z_i target 700 m, base angle 75 deg # ## A description of this input file.
## FEMPI parameters---
numProcsX=1        # ## Number of cores to be used for horizontal domain decomposition in X
numProcsY=1        # ## Number of cores to be used for horizontal domain decomposition in Y
## IO parameters---
ioOutputMode=0     # ## 0: N-to-1 gather and write to a netCDF file, 1:N-to-N writes of FastEddy binary files
inPath=            # ## Path where initial/restart file is read in from
inFile=            # ## name of the input file for coordinate system and initial or restart conditions
outPath=./output/  # ## Path where output files are to be written
outFileBase=FE_SEED # ## Base name of the output file series as in (outFileBase).element-in-series
frqOutput=9720     # ## frequency (in timesteps) at which to produce output; should be an even multiple of NtBatch
towerIOSelector=0  # (DEFAULTED) ## Virtual Tower IO-Selector: 0=off, 1=on 
## FECUDA parameters---
tBx=1              # ## Number of threads in x-dimension.
tBy=8              # ## Number of threads in y-dimension.
tBz=16             # ## Number of threads in z-dimension.
## GRID parameters---
gridFile=          # (DEFAULTED) ## A file containing a complete grid specification
topoFile=          # ## A file containing terrain(surface elevation in meters ASL)
Nx=122             # ## Number of discretised domain elements in the x (zonal) direction.
Ny=122             # ## Number of discretised domain elements in the y (meridional) direction.
Nz=122             # ## Number of discretised domain elements in the z (vertical) direction.
Nh=3               # ## Number of halo cells to be used (dependent on largest stencil extent).
d_xi=30            # ## Computational domain fixed resolution in the 'i' direction.
d_eta=30           # ## Computational domain fixed resolution in the 'j' direction.
d_zeta=24.6914     # ## Computational domain fixed resolution in the 'k' direction.
coordHorizHalos=1  # ## switch to setup coordinate halos as periodic=1 or gradient-following=0.
verticalDeformSwitch=1 # ## switch to use vertical coordinate deformation 0=off, 1=on
verticalDeformFactor=0.346601 # ## deformation factor (0.0=max compression,  1.0=no compression)
verticalDeformQuadCoeff=0 # ## deformation factor (0.0=max compression,  1.0=no compression)
## HYDRO_CORE parameters---
## ----------: HYDRO_CORE Submodule Selectors ---
## ----------: Boundary Conditions Set ---
hydroBCs=2         # ## Selector for hydro BC set. 1= LAD, Dirichlet lateral, ceiling and surface, 2 = periodic-horizontal & ABL-vertical
hydroForcingWrite=0 # ## Switch for writing output of hydroFldsFrhs for prognostic fields. 0 = off, 1=on
hydroSubGridWrite=0 # ## Switch for writing output of Tauij fields. 0 = off, 1=on
hydroForcingLog=0  # ## Switch for logging Frhs summary metrics. 0 = off, 1=on
## ----------: PRESSURE GRADIENT FORCE ---
pgfSelector=1      # (DEFAULTED) ## Pressure Gradient Force (pgf) selector: 0=off, 1=on
## ----------: BUOYANCY ---
buoyancySelector=1 # (DEFAULTED) ## Buoyancy force  selector: 0=off, 1=on
## ----------: CORIOLIS ---
coriolisSelector=1 # ## Corilis force selector: 0= none, 1= horiz. terms, 2= horiz. & vert. terms
coriolisLatitude=42.9572 # ## Characteristic latitude in degrees from equator of the LES domain
## ----------: TURBULENCE ---
turbulenceSelector=1 # ## turbulence scheme selector: 0= none, 1= Lilly/Smagorinsky 
TKESelector=1      # ## Prognostic TKE selector: 0= none, 1= Prognostic, 2= requires canopySelector=1
TKEAdvSelector=3   # ## advection scheme for SGSTKE equation
TKEAdvSelector_b_hyb=0 # ## hybrid advection scheme parameter
c_k=0.1            # ## Lilly model constant used for turbulenceSelector = 1 and TKESelector > 0
## ----------: ADVECTION ---
advectionSelector=3 # ## advection scheme selector: 0=1st-order upwind, 1=3rd-order QUICK, 2=hybrid 3rd-4th order, 3=hybrid 5th-6th order, 4=3rd-order WENO, 5=5th-order WENO, 6=2nd-order centered
ceilingAdvectionBC=0 # (DEFAULTED) ## selector to allow advection through the domain ceiling 1=on, 0=off (w-ceiling = 0)
b_hyb=0            # ## hybrid advection scheme parameter: 0.0= lower-order upwind, 1.0=higher-order centered, 0.0 < b_hyb < 1.0 = hybrid
## ----------: DIFFUSION ---
diffusionSelector=0 # ## diffusivity selector: 0= none, 1= const.
## ----------: SURFACE LAYER ---
surflayerSelector=1 # ## surfacelayer selector: 0=off, 1=surface kinematic heat flux (surflayer_wth), 2=skin temperature rate (surflayer_tr)
surflayer_z0=0.061489 # ## roughness length (momentum) when surflayerSelector > 0
surflayer_z0t=0.01 # ## roughness length (temperature) when surflayerSelector > 0
surflayer_wth=0.11 # ## kinematic sensible heat flux at the surface when surflayerSelector = 1
surflayer_idealsine=0 # ## selector for idealized sinusoidal surface heat flux or skin temperature forcing: 0= off, 1= on
surflayer_stab=0   # (DEFAULTED) ## exchange coeffcient stability correction selector: 0= on, 1= off
surflayer_z0tdyn=1 # (DEFAULTED) ## dynamic z0t calculation following Zilitinkevich (1995) approach: 0= off, 1= constant Zilitinkevich coeff, 2= variable Zilitinkevich coeff
## ----------: OFFSHORE ROUGHNESS ---
surflayer_offshore=0 # ## offshore selector: 0=off, 1=on
## ----------: CANOPY MODEL ---
canopySelector=0   # (DEFAULTED) ## canopy selector: 0= off, 1= on
## ----------: LARGE-SCALE FORCINGS MODEL ---
lsfSelector=1      # ## large-scale forcings selector: 0= off, 1= on
lsf_w_surf=0       # ## large-scale forcing to w at the first specified level
lsf_w_lev1=-25     # ## large-scale forcing w at height 1
lsf_w_lev2=0       # ## large-scale forcing w at height 2
lsf_w_zlev1=700    # ## large-scale forcing w height 1
lsf_w_zlev2=1400   # ## large-scale forcing w height 2
lsf_th_surf=0      # ## large-scale forcing to theta at the first specified level
lsf_th_lev1=0      # ## large-scale forcing theta at height 1
lsf_th_lev2=0      # ## large-scale forcing theta at height 2
lsf_th_zlev1=500   # ## large-scale forcing theta height 1
lsf_th_zlev2=2000  # ## large-scale forcing theta height 2
lsf_qv_surf=-0.0432 # ## large-scale forcing to qv at the first specified level
lsf_qv_lev1=-0.0432 # ## large-scale forcing qv at height 1
lsf_qv_lev2=0      # ## large-scale forcing qv at height 2
lsf_qv_zlev1=300   # ## large-scale forcing qv height 1
lsf_qv_zlev2=500   # ## large-scale forcing qv height 2
lsf_horMnSubTerms=1 # ## large-scale subsidence terms Switch: 0= off, 1= on
lsf_freq=1         # ## large-scale forcing frequency (seconds)
## ----------: MOISTURE ---
moistureSelector=0 # ## moisture selector: 0= off, 1= on
## ----------: EXPLICIT FILTERS ---
filterSelector=1   # ## explicit filter selector: 0=off, 1=on
filter_6thdiff_vert=1 # ## vertical 6th-order filter on w selector: 0=off, 1=on
filter_6thdiff_vert_coeff=0.03 # ## vertical 6th-order filter factor: 0.0=off, 1.0=full
filter_6thdiff_hori=0 # (DEFAULTED) ## horizontal 6th-order filter on rho,theta,qv selector: 0=off, 1=on
filter_divdamp=0   # (DEFAULTED) ## divergence damping selector: 0=off, 1=on
## ----------: CELL PERTURBATION METHOD ---
cellpertSelector=0 # (DEFAULTED) ## CP method selector: 0= off, 1= on
## ----------: RAYLEIGH DAMPING LAYER ---
dampingLayerSelector=1 # ## Rayleigh damping layer selector: 0= off, 1= on.
dampingLayerDepth=500 # ## Rayleigh damping layer depth in meters
## ----------: AUXILIARY SCALARS ---
NhydroAuxScalars=0 # (DEFAULTED) ## Number of prognostic auxiliary scalar fields
## ----------: BASE-STATE ---
stabilityScheme=2  # ## Scheme used to set hydrostatic, stability-dependent Base-State EOS fields
temp_grnd=298.012  # ## Air Temperature (K) at the ground used to set hydrostatic Base-State EOS fields
pres_grnd=97700    # ## Pressure (Pa) at the ground used to set hydrostatic Base-State EOS fields
zStableBottom=700  # ## Height (m) of the first stable upper-layer when stabilityScheme = 2
stableGradient=0.08 # ## Vertical gradient (K/m) of the first stable upper-layer when stabilityScheme = 2
zStableBottom2=800 # ## Height (m) of the second stable upper-layer when stabilityScheme = 2
zStableBottom3=20000 # ## Height (m) of the third stable upper-layer when stabilityScheme = 2
stableGradient2=0.004 # ## Vertical gradient (K/m) of the second stable upper-layer when stabilityScheme = 2
stableGradient3=0.004 # ## Vertical gradient (K/m) of the third stable upper-layer when stabilityScheme = 2
U_g=2.32937        # ## Zonal (West-East) component of the geostrophic wind (m/s).
V_g=8.69333        # ## Meridional (South-North) component of the geostrophic wind (m/s).
z_Ug=10000         # ## Height (m) above ground for linear geostrophic wind gradient (zonal component).
z_Vg=10000         # ## Height (m) above ground for linear geostrophic wind gradient (meridional component).
Ug_grad=0          # ## U_g gradient above z_Ug (ms-1/m).
Vg_grad=0          # ## V_g gradient above z_Vg (ms-1/m).
thetaPerturbationSwitch=1 # ## Switch to include initial theta perturbations: 0=off, 1=on
thetaHeight=300    # ## Height below which to include initial theta perturbations: (meters)
thetaAmplitude=0.25 # ## Maximum amplitude for theta perturbations: thetaAmplitude*[-1,+1] K
physics_oneRKonly=1 # (DEFAULTED) ## selector to apply physics RHS forcing only at the latest RK stage: 0= off, 1= on
## TIME_INTEGRATION parameters---
timeMethod=0       # ## Selector for time integration method. [0=RK3-WS2002 (default)]
Nt=233280          # ## Number of timesteps to perform.
dt=0.0308642       # ## timestep resolution in seconds.
NtBatch=9720       # ## Number of timesteps to compute in batch launch, must have NtBatch <= Nt.

moistureMPcallTscale = 1.0   # NOT VALIDATED
c_s = 0.18   # NOT VALIDATED
nu_0 = 0.0   # NOT VALIDATED
moistureCond = 3   # NOT VALIDATED
moistureAdvSelectorQi = 2   # NOT VALIDATED
moistureAdvSelectorQv = 2   # NOT VALIDATED
surflayer_qr = 0.0   # NOT VALIDATED
surflayer_tr = -0.0   # NOT VALIDATED
surflayer_wq = 0.0   # NOT VALIDATED
moistureNvars = 2   # NOT VALIDATED
moistureCondTscale = 1.0   # NOT VALIDATED
moistureAdvSelectorQv_b = 0.0   # NOT VALIDATED
surflayer_ideal_qamp = 2.0   # NOT VALIDATED
surflayer_ideal_amp = 4.0   # NOT VALIDATED
surflayer_ideal_qte = 10.0   # NOT VALIDATED
surflayer_ideal_qts = 1.75   # NOT VALIDATED
surflayer_ideal_te = 43200   # NOT VALIDATED
surflayer_ideal_ts = 0.0   # NOT VALIDATED
moistureCondBasePres = 1   # NOT VALIDATED
moistureSGSturb = 1   # NOT VALIDATED
Input parameters passed verification.
No input file has been specified, no gridFile has been specified.
 Using default grid and initial condition schemes.
**** Coordinate generation ****  (i,j,k)-extents = (122,122,122) & (i,j,k)-deltas = (30.000000,30.000000,24.691359)
mpi_rank_world--0/1 grid-Coord-gen(), else-coordHorizHalos = 1!
mpi_rank_world--0/1 coordHalos, Western-Eastern Boundaries!
mpi_rank_world--0/1 coordHalos, Southern-Northern Boundaries!
stabilityScheme == 2: Base State setup complete.
Rank 0/1: Profile preparations complete!
cuda_gridDeviceSetup:-- (i,j,k)Min, ()Max = (3,3,3), (125,125,125)
fecuda_SetBlocksPerGrid: tBlock = {1, 8, 16}
fecuda_SetBlocksPerGrid: grid = {128, 16, 8}
lsf_horMnSubTerms = 1, setting up for 5 phi-fields.cuda_hydroCoreDeviceSetup() complete.
cuda_towersDeviceSetup: NelemsTowers = 0, NelemsTowersSurf = 255834632
0/1 cuda_hydroCoreDeviceSecondaryStageSetup(): BdyUpdateSteps = 0 
Initializations complete after   1.3102 (s).
Main Time: Advancing simulation timestep = 0... and time =    0.00000

_____________________#######_________  STATE-SUMMARY @ it = 0 _________#######____________________ 

			!!!!!	  HYDRO_CORE 	 !!!!! 
Field 	|	 max	     --(i,j,k)		 |	  min	     --(i,j,k)		 |	 mean
---------------------------------------------------------------------------------------------------------
********-----
 Model Fields -
 ********-----
rho	Rank 0/1:       1.14173782 	 (3,3,3)	 |        0.84174883 	 (3,3,124)	 |       1.03571296 
-----
u	Rank 0/1:       2.32937121 	 (3,3,9)	 |        2.32937074 	 (3,3,40)	 |       2.29882669 
-----
v	Rank 0/1:       8.69333267 	 (3,3,9)	 |        8.69333076 	 (3,3,14)	 |       8.79391384 
-----
w	Rank 0/1:       0.00000000 	 (3,3,3)	 |        0.00000000 	 (3,3,3)	 |       0.00000000 
-----
theta	Rank 0/1:     316.79882812 	 (3,3,124)	 |      299.74884033 	 (14,55,27)	 |     305.85073853 
-----
press	Rank 0/1:       0.00000000 	 (3,3,3)	 |        0.00000000 	 (3,3,3)	 |       0.00000000 
-----
TKE_0	Rank 0/1:       0.00000000 	 (3,3,3)	 |        0.00000000 	 (3,3,3)	 |       0.00000000 
Dumping state at timestep = 0...
Dumped state at timestep = 0...
Rank 0/1: Batch complete results sent via cudaMemcpyDeviceToHost.

			!!!!!	  TIMESTEP PERFORMANCE  	 !!!!! 
 Total Time (s) | Batch Steps 	| Time/step (s) | Comp./step (s) | IO Time (s)
---------------------------------------------------------------------------------------------------------
    56.6397 	|     9720 	|    0.0058 	|    0.0058 	 |   0.263489 

********************************************************************************************************
Main Time: Advancing simulation timestep = 9720... and time =  300.00003

_____________________#######_________  STATE-SUMMARY @ it = 9720 _________#######____________________ 

			!!!!!	  HYDRO_CORE 	 !!!!! 
Field 	|	 max	     --(i,j,k)		 |	  min	     --(i,j,k)		 |	 mean
---------------------------------------------------------------------------------------------------------
********-----
 Model Fields -
 ********-----
rho	Rank 0/1:       1.13842523 	 (98,96,3)	 |        0.84179646 	 (65,14,124)	 |       1.03563786 
-----
u	Rank 0/1:       2.55592394 	 (28,79,19)	 |        1.04126322 	 (17,32,3)	 |       2.27783775 
-----
v	Rank 0/1:       8.94488335 	 (111,100,26)	 |        4.49592209 	 (15,30,3)	 |       8.69819260 
-----
w	Rank 0/1:       0.36860478 	 (11,47,20)	 |       -0.35196775 	 (71,51,18)	 |       0.00011553 
-----
theta	Rank 0/1:     316.80023193 	 (92,113,124)	 |      299.90310669 	 (42,3,27)	 |     305.91909790 
-----
press	Rank 0/1:       9.14062500 	 (47,9,17)	 |        4.47656250 	 (86,102,3)	 |       7.24895239 
-----
TKE_0	Rank 0/1:       0.69545275 	 (98,98,4)	 |        0.00000000 	 (39,79,11)	 |       0.02220985 
Dumping state at timestep = 9720...
Dumped state at timestep = 9720...
Rank 0/1: Batch complete results sent via cudaMemcpyDeviceToHost.

			!!!!!	  TIMESTEP PERFORMANCE  	 !!!!! 
 Total Time (s) | Batch Steps 	| Time/step (s) | Comp./step (s) | IO Time (s)
---------------------------------------------------------------------------------------------------------
    56.6667 	|     9720 	|    0.0058 	|    0.0058 	 |   0.256028 

********************************************************************************************************
Main Time: Advancing simulation timestep = 19440... and time =  600.00006

_____________________#######_________  STATE-SUMMARY @ it = 19440 _________#######____________________ 

			!!!!!	  HYDRO_CORE 	 !!!!! 
Field 	|	 max	     --(i,j,k)		 |	  min	     --(i,j,k)		 |	 mean
---------------------------------------------------------------------------------------------------------
********-----
 Model Fields -
 ********-----
rho	Rank 0/1:       1.14004827 	 (32,109,3)	 |        0.84185243 	 (98,64,124)	 |       1.03516138 
-----
u	Rank 0/1:       3.55123258 	 (34,109,6)	 |       -0.00310547 	 (18,83,3)	 |       2.26510000 
-----
v	Rank 0/1:       9.32113361 	 (70,88,6)	 |        3.18751216 	 (12,69,3)	 |       8.64351845 
-----
w	Rank 0/1:       1.90237570 	 (37,113,14)	 |       -1.13407004 	 (73,95,10)	 |       0.00014677 
-----
theta	Rank 0/1:     316.80062866 	 (5,30,124)	 |      299.90847778 	 (118,121,8)	 |     305.95886230 
-----
press	Rank 0/1:      15.92187500 	 (83,69,19)	 |       10.95312500 	 (102,4,3)	 |      14.18384838 
-----
TKE_0	Rank 0/1:       1.12417519 	 (79,28,4)	 |        0.00000000 	 (35,118,7)	 |       0.02511569 
Dumping state at timestep = 19440...
Dumped state at timestep = 19440...
Rank 0/1: Batch complete results sent via cudaMemcpyDeviceToHost.

			!!!!!	  TIMESTEP PERFORMANCE  	 !!!!! 
 Total Time (s) | Batch Steps 	| Time/step (s) | Comp./step (s) | IO Time (s)
---------------------------------------------------------------------------------------------------------
    56.6118 	|     9720 	|    0.0058 	|    0.0058 	 |   0.253708 

********************************************************************************************************
Main Time: Advancing simulation timestep = 29160... and time =  900.00006

_____________________#######_________  STATE-SUMMARY @ it = 29160 _________#######____________________ 

			!!!!!	  HYDRO_CORE 	 !!!!! 
Field 	|	 max	     --(i,j,k)		 |	  min	     --(i,j,k)		 |	 mean
---------------------------------------------------------------------------------------------------------
********-----
 Model Fields -
 ********-----
rho	Rank 0/1:       1.14132726 	 (10,59,3)	 |        0.84190303 	 (48,23,124)	 |       1.03511834 
-----
u	Rank 0/1:       4.68379021 	 (116,90,15)	 |       -1.35176229 	 (119,96,35)	 |       2.25561690 
-----
v	Rank 0/1:      10.23817730 	 (43,121,25)	 |        3.80897379 	 (49,76,3)	 |       8.57179832 
-----
w	Rank 0/1:       4.43361473 	 (71,6,51)	 |       -2.60490227 	 (84,99,17)	 |       0.00015109 
-----
theta	Rank 0/1:     316.80099487 	 (36,66,124)	 |      299.83218384 	 (30,84,11)	 |     306.03530884 
-----
press	Rank 0/1:      24.07812500 	 (30,74,37)	 |       12.35156250 	 (16,93,26)	 |      20.06860733 
-----
TKE_0	Rank 0/1:       1.20644724 	 (21,114,4)	 |        0.00000000 	 (46,27,6)	 |       0.03384634 
Dumping state at timestep = 29160...
Dumped state at timestep = 29160...
Rank 0/1: Batch complete results sent via cudaMemcpyDeviceToHost.

			!!!!!	  TIMESTEP PERFORMANCE  	 !!!!! 
 Total Time (s) | Batch Steps 	| Time/step (s) | Comp./step (s) | IO Time (s)
---------------------------------------------------------------------------------------------------------
    56.5897 	|     9720 	|    0.0058 	|    0.0058 	 |   0.255287 

********************************************************************************************************
Main Time: Advancing simulation timestep = 38880... and time = 1200.00012

_____________________#######_________  STATE-SUMMARY @ it = 38880 _________#######____________________ 

			!!!!!	  HYDRO_CORE 	 !!!!! 
Field 	|	 max	     --(i,j,k)		 |	  min	     --(i,j,k)		 |	 mean
---------------------------------------------------------------------------------------------------------
********-----
 Model Fields -
 ********-----
rho	Rank 0/1:       1.14124751 	 (24,9,3)	 |        0.84195387 	 (105,19,124)	 |       1.03506207 
-----
u	Rank 0/1:       5.25255966 	 (99,64,13)	 |       -1.13917744 	 (67,104,19)	 |       2.24063110 
-----
v	Rank 0/1:      11.21494865 	 (102,70,25)	 |        3.49005556 	 (10,121,3)	 |       8.50539589 
-----
w	Rank 0/1:       3.69589639 	 (98,4,46)	 |       -2.76264596 	 (49,107,15)	 |       0.00016313 
-----
theta	Rank 0/1:     316.80136108 	 (88,123,124)	 |      299.58502197 	 (78,37,62)	 |     306.17529297 
-----
press	Rank 0/1:      32.45312500 	 (78,62,61)	 |       16.01562500 	 (93,22,10)	 |      26.11073303 
-----
TKE_0	Rank 0/1:       1.43866491 	 (97,11,4)	 |        0.00000000 	 (73,37,7)	 |       0.04117705 
Dumping state at timestep = 38880...
Dumped state at timestep = 38880...
Rank 0/1: Batch complete results sent via cudaMemcpyDeviceToHost.

			!!!!!	  TIMESTEP PERFORMANCE  	 !!!!! 
 Total Time (s) | Batch Steps 	| Time/step (s) | Comp./step (s) | IO Time (s)
---------------------------------------------------------------------------------------------------------
    56.5907 	|     9720 	|    0.0058 	|    0.0058 	 |   0.253945 

********************************************************************************************************
Main Time: Advancing simulation timestep = 48600... and time = 1500.00012

_____________________#######_________  STATE-SUMMARY @ it = 48600 _________#######____________________ 

			!!!!!	  HYDRO_CORE 	 !!!!! 
Field 	|	 max	     --(i,j,k)		 |	  min	     --(i,j,k)		 |	 mean
---------------------------------------------------------------------------------------------------------
********-----
 Model Fields -
 ********-----
rho	Rank 0/1:       1.14128554 	 (113,6,3)	 |        0.84200567 	 (14,121,124)	 |       1.03507519 
-----
u	Rank 0/1:       5.25459385 	 (26,11,16)	 |       -0.99430245 	 (124,41,3)	 |       2.22229314 
-----
v	Rank 0/1:      11.10521984 	 (42,44,16)	 |        3.16519380 	 (38,124,3)	 |       8.45854473 
-----
w	Rank 0/1:       4.20970917 	 (49,109,44)	 |       -3.17902851 	 (106,87,28)	 |       0.00018644 
-----
theta	Rank 0/1:     316.80123901 	 (112,87,124)	 |      299.59060669 	 (46,64,61)	 |     306.23446655 
-----
press	Rank 0/1:      38.03906250 	 (117,95,61)	 |       22.27343750 	 (93,89,18)	 |      32.51124954 
-----
TKE_0	Rank 0/1:       1.42112315 	 (114,11,4)	 |        0.00000000 	 (112,6,7)	 |       0.04321333 
Dumping state at timestep = 48600...
Dumped state at timestep = 48600...
Rank 0/1: Batch complete results sent via cudaMemcpyDeviceToHost.

			!!!!!	  TIMESTEP PERFORMANCE  	 !!!!! 
 Total Time (s) | Batch Steps 	| Time/step (s) | Comp./step (s) | IO Time (s)
---------------------------------------------------------------------------------------------------------
    56.5925 	|     9720 	|    0.0058 	|    0.0058 	 |   0.253103 

********************************************************************************************************
Main Time: Advancing simulation timestep = 58320... and time = 1800.00012

_____________________#######_________  STATE-SUMMARY @ it = 58320 _________#######____________________ 

			!!!!!	  HYDRO_CORE 	 !!!!! 
Field 	|	 max	     --(i,j,k)		 |	  min	     --(i,j,k)		 |	 mean
---------------------------------------------------------------------------------------------------------
********-----
 Model Fields -
 ********-----
rho	Rank 0/1:       1.14069557 	 (88,99,3)	 |        0.84205610 	 (14,52,124)	 |       1.03502154 
-----
u	Rank 0/1:       5.25536394 	 (52,80,14)	 |       -1.47392166 	 (111,22,7)	 |       2.20491409 
-----
v	Rank 0/1:      11.20240879 	 (29,42,10)	 |        2.99476457 	 (48,53,3)	 |       8.42106056 
-----
w	Rank 0/1:       3.58920336 	 (3,91,49)	 |       -2.64892268 	 (40,45,20)	 |       0.00022640 
-----
theta	Rank 0/1:     316.80136108 	 (12,17,124)	 |      299.58963013 	 (26,55,61)	 |     306.25888062 
-----
press	Rank 0/1:      44.35156250 	 (69,98,63)	 |       27.67968750 	 (46,90,25)	 |      38.79373932 
-----
TKE_0	Rank 0/1:       1.30437648 	 (74,116,4)	 |        0.00000000 	 (15,42,6)	 |       0.04198680 
Dumping state at timestep = 58320...
Dumped state at timestep = 58320...
Rank 0/1: Batch complete results sent via cudaMemcpyDeviceToHost.

			!!!!!	  TIMESTEP PERFORMANCE  	 !!!!! 
 Total Time (s) | Batch Steps 	| Time/step (s) | Comp./step (s) | IO Time (s)
---------------------------------------------------------------------------------------------------------
    56.6024 	|     9720 	|    0.0058 	|    0.0058 	 |   0.249325 

********************************************************************************************************
Main Time: Advancing simulation timestep = 68040... and time = 2100.00024

_____________________#######_________  STATE-SUMMARY @ it = 68040 _________#######____________________ 

			!!!!!	  HYDRO_CORE 	 !!!!! 
Field 	|	 max	     --(i,j,k)		 |	  min	     --(i,j,k)		 |	 mean
---------------------------------------------------------------------------------------------------------
********-----
 Model Fields -
 ********-----
rho	Rank 0/1:       1.14055610 	 (48,116,3)	 |        0.84210759 	 (71,17,124)	 |       1.03499651 
-----
u	Rank 0/1:       5.31290054 	 (120,112,4)	 |       -1.27943766 	 (8,4,11)	 |       2.18222356 
-----
v	Rank 0/1:      10.72175217 	 (89,48,26)	 |        2.72412491 	 (29,63,3)	 |       8.38331985 
-----
w	Rank 0/1:       4.10969877 	 (112,101,32)	 |       -2.34661436 	 (64,24,22)	 |       0.00021969 
-----
theta	Rank 0/1:     316.80154419 	 (71,17,124)	 |      299.86215210 	 (18,62,61)	 |     306.27102661 
-----
press	Rank 0/1:      51.06250000 	 (78,112,65)	 |       33.79687500 	 (63,51,8)	 |      45.18580246 
-----
TKE_0	Rank 0/1:       1.47713113 	 (100,117,4)	 |        0.00000000 	 (111,62,7)	 |       0.03859350 
Dumping state at timestep = 68040...
Dumped state at timestep = 68040...
Rank 0/1: Batch complete results sent via cudaMemcpyDeviceToHost.

			!!!!!	  TIMESTEP PERFORMANCE  	 !!!!! 
 Total Time (s) | Batch Steps 	| Time/step (s) | Comp./step (s) | IO Time (s)
---------------------------------------------------------------------------------------------------------
    56.5912 	|     9720 	|    0.0058 	|    0.0058 	 |   0.248823 

********************************************************************************************************
Main Time: Advancing simulation timestep = 77760... and time = 2400.00024

_____________________#######_________  STATE-SUMMARY @ it = 77760 _________#######____________________ 

			!!!!!	  HYDRO_CORE 	 !!!!! 
Field 	|	 max	     --(i,j,k)		 |	  min	     --(i,j,k)		 |	 mean
---------------------------------------------------------------------------------------------------------
********-----
 Model Fields -
 ********-----
rho	Rank 0/1:       1.14041340 	 (50,97,3)	 |        0.84215826 	 (104,124,124)	 |       1.03497183 
-----
u	Rank 0/1:       5.06280613 	 (29,68,42)	 |       -1.45644534 	 (93,90,33)	 |       2.16142082 
-----
v	Rank 0/1:      11.19889069 	 (43,123,31)	 |        2.77220058 	 (14,59,3)	 |       8.34653187 
-----
w	Rank 0/1:       4.01663303 	 (14,53,24)	 |       -2.52731490 	 (22,53,27)	 |       0.00022250 
-----
theta	Rank 0/1:     316.80203247 	 (104,124,124)	 |      299.93203735 	 (106,74,61)	 |     306.28833008 
-----
press	Rank 0/1:      58.41406250 	 (5,28,61)	 |       39.59375000 	 (20,54,27)	 |      51.57437897 
-----
TKE_0	Rank 0/1:       1.30988550 	 (14,20,4)	 |        0.00000000 	 (10,48,7)	 |       0.03706764 
Dumping state at timestep = 77760...
Dumped state at timestep = 77760...
Rank 0/1: Batch complete results sent via cudaMemcpyDeviceToHost.

			!!!!!	  TIMESTEP PERFORMANCE  	 !!!!! 
 Total Time (s) | Batch Steps 	| Time/step (s) | Comp./step (s) | IO Time (s)
---------------------------------------------------------------------------------------------------------
    56.6038 	|     9720 	|    0.0058 	|    0.0058 	 |   0.247096 

********************************************************************************************************
Main Time: Advancing simulation timestep = 87480... and time = 2700.00024

_____________________#######_________  STATE-SUMMARY @ it = 87480 _________#######____________________ 

			!!!!!	  HYDRO_CORE 	 !!!!! 
Field 	|	 max	     --(i,j,k)		 |	  min	     --(i,j,k)		 |	 mean
---------------------------------------------------------------------------------------------------------
********-----
 Model Fields -
 ********-----
rho	Rank 0/1:       1.14064312 	 (24,61,3)	 |        0.84221131 	 (118,68,124)	 |       1.03497744 
-----
u	Rank 0/1:       5.94447374 	 (110,17,15)	 |       -1.93973482 	 (29,19,31)	 |       2.14304042 
-----
v	Rank 0/1:      10.66159153 	 (9,52,9)	 |        2.90419436 	 (32,14,3)	 |       8.31007195 
-----
w	Rank 0/1:       4.91590071 	 (67,87,44)	 |       -2.50475931 	 (81,58,24)	 |       0.00022980 
-----
theta	Rank 0/1:     316.80184937 	 (118,68,124)	 |      299.68725586 	 (78,30,61)	 |     306.29397583 
-----
press	Rank 0/1:      65.78125000 	 (31,5,65)	 |       43.97656250 	 (8,51,10)	 |      58.31078720 
-----
TKE_0	Rank 0/1:       1.24725914 	 (103,10,4)	 |        0.00000000 	 (21,84,7)	 |       0.03658179 
Dumping state at timestep = 87480...
Dumped state at timestep = 87480...
Rank 0/1: Batch complete results sent via cudaMemcpyDeviceToHost.

			!!!!!	  TIMESTEP PERFORMANCE  	 !!!!! 
 Total Time (s) | Batch Steps 	| Time/step (s) | Comp./step (s) | IO Time (s)
---------------------------------------------------------------------------------------------------------
    56.6046 	|     9720 	|    0.0058 	|    0.0058 	 |   0.247634 

********************************************************************************************************
Main Time: Advancing simulation timestep = 97200... and time = 3000.00024

_____________________#######_________  STATE-SUMMARY @ it = 97200 _________#######____________________ 

			!!!!!	  HYDRO_CORE 	 !!!!! 
Field 	|	 max	     --(i,j,k)		 |	  min	     --(i,j,k)		 |	 mean
---------------------------------------------------------------------------------------------------------
********-----
 Model Fields -
 ********-----
rho	Rank 0/1:       1.14028573 	 (117,99,3)	 |        0.84226239 	 (39,26,124)	 |       1.03493702 
-----
u	Rank 0/1:       5.61571550 	 (50,42,31)	 |       -1.16039002 	 (5,63,44)	 |       2.12248278 
-----
v	Rank 0/1:      10.72005653 	 (8,96,9)	 |        2.87448955 	 (56,96,3)	 |       8.27661324 
-----
w	Rank 0/1:       4.11337996 	 (44,46,44)	 |       -2.45170283 	 (123,64,38)	 |       0.00026130 
-----
theta	Rank 0/1:     316.80197144 	 (39,26,124)	 |      299.86267090 	 (40,58,61)	 |     306.30657959 
-----
press	Rank 0/1:      72.75000000 	 (85,51,65)	 |       51.87500000 	 (119,106,16)	 |      64.91176605 
-----
TKE_0	Rank 0/1:       1.27906001 	 (16,5,4)	 |        0.00000000 	 (16,124,6)	 |       0.03644391 
Dumping state at timestep = 97200...
Dumped state at timestep = 97200...
Rank 0/1: Batch complete results sent via cudaMemcpyDeviceToHost.

			!!!!!	  TIMESTEP PERFORMANCE  	 !!!!! 
 Total Time (s) | Batch Steps 	| Time/step (s) | Comp./step (s) | IO Time (s)
---------------------------------------------------------------------------------------------------------
    56.5844 	|     9720 	|    0.0058 	|    0.0058 	 |   0.239281 

********************************************************************************************************
Main Time: Advancing simulation timestep = 106920... and time = 3300.00024

_____________________#######_________  STATE-SUMMARY @ it = 106920 _________#######____________________ 

			!!!!!	  HYDRO_CORE 	 !!!!! 
Field 	|	 max	     --(i,j,k)		 |	  min	     --(i,j,k)		 |	 mean
---------------------------------------------------------------------------------------------------------
********-----
 Model Fields -
 ********-----
rho	Rank 0/1:       1.14007819 	 (123,93,3)	 |        0.84231424 	 (10,117,124)	 |       1.03494000 
-----
u	Rank 0/1:       6.13930321 	 (23,50,19)	 |       -1.69166684 	 (36,83,10)	 |       2.10158181 
-----
v	Rank 0/1:      11.42074203 	 (67,48,36)	 |        2.93576956 	 (99,110,3)	 |       8.24261951 
-----
w	Rank 0/1:       3.73450994 	 (71,47,41)	 |       -2.47573853 	 (91,113,50)	 |       0.00024119 
-----
theta	Rank 0/1:     316.80191040 	 (10,117,124)	 |      299.82720947 	 (64,39,61)	 |     306.29949951 
-----
press	Rank 0/1:      79.57031250 	 (50,51,65)	 |       56.98437500 	 (23,50,16)	 |      71.13032532 
-----
TKE_0	Rank 0/1:       1.28093755 	 (15,57,4)	 |        0.00000000 	 (116,70,7)	 |       0.03605162 
Dumping state at timestep = 106920...
Dumped state at timestep = 106920...
Rank 0/1: Batch complete results sent via cudaMemcpyDeviceToHost.

			!!!!!	  TIMESTEP PERFORMANCE  	 !!!!! 
 Total Time (s) | Batch Steps 	| Time/step (s) | Comp./step (s) | IO Time (s)
---------------------------------------------------------------------------------------------------------
    56.5787 	|     9720 	|    0.0058 	|    0.0058 	 |   0.235601 

********************************************************************************************************
Main Time: Advancing simulation timestep = 116640... and time = 3600.00024

_____________________#######_________  STATE-SUMMARY @ it = 116640 _________#######____________________ 

			!!!!!	  HYDRO_CORE 	 !!!!! 
Field 	|	 max	     --(i,j,k)		 |	  min	     --(i,j,k)		 |	 mean
---------------------------------------------------------------------------------------------------------
********-----
 Model Fields -
 ********-----
rho	Rank 0/1:       1.13994992 	 (7,22,3)	 |        0.84236372 	 (33,82,124)	 |       1.03489137 
-----
u	Rank 0/1:       4.66411066 	 (78,71,18)	 |       -1.57056296 	 (64,44,12)	 |       2.07806444 
-----
v	Rank 0/1:      10.70927429 	 (74,60,15)	 |        2.99084067 	 (117,30,3)	 |       8.20630741 
-----
w	Rank 0/1:       3.44364500 	 (86,104,30)	 |       -2.46168160 	 (58,68,19)	 |       0.00023524 
-----
theta	Rank 0/1:     316.80270386 	 (33,82,124)	 |      299.99645996 	 (94,123,61)	 |     306.32214355 
-----
press	Rank 0/1:      86.55468750 	 (36,103,63)	 |       63.35937500 	 (122,37,12)	 |      77.54888153 
-----
TKE_0	Rank 0/1:       1.13655603 	 (80,58,4)	 |        0.00000000 	 (101,108,6)	 |       0.03568539 
Dumping state at timestep = 116640...
Dumped state at timestep = 116640...
Rank 0/1: Batch complete results sent via cudaMemcpyDeviceToHost.

			!!!!!	  TIMESTEP PERFORMANCE  	 !!!!! 
 Total Time (s) | Batch Steps 	| Time/step (s) | Comp./step (s) | IO Time (s)
---------------------------------------------------------------------------------------------------------
    56.5865 	|     9720 	|    0.0058 	|    0.0058 	 |   0.234082 

********************************************************************************************************
Main Time: Advancing simulation timestep = 126360... and time = 3900.00024

_____________________#######_________  STATE-SUMMARY @ it = 126360 _________#######____________________ 

			!!!!!	  HYDRO_CORE 	 !!!!! 
Field 	|	 max	     --(i,j,k)		 |	  min	     --(i,j,k)		 |	 mean
---------------------------------------------------------------------------------------------------------
********-----
 Model Fields -
 ********-----
rho	Rank 0/1:       1.13985240 	 (94,89,3)	 |        0.84241718 	 (46,90,124)	 |       1.03483641 
-----
u	Rank 0/1:       5.17356348 	 (107,73,12)	 |       -1.73133802 	 (17,55,17)	 |       2.05485678 
-----
v	Rank 0/1:      11.34267998 	 (23,116,26)	 |        2.69948483 	 (58,16,3)	 |       8.17182255 
-----
w	Rank 0/1:       4.37560797 	 (3,93,41)	 |       -2.38937044 	 (32,31,44)	 |       0.00024037 
-----
theta	Rank 0/1:     316.80194092 	 (53,44,124)	 |      299.99420166 	 (60,117,61)	 |     306.32635498 
-----
press	Rank 0/1:      93.68750000 	 (35,116,65)	 |       69.53125000 	 (21,115,27)	 |      83.94793701 
-----
TKE_0	Rank 0/1:       1.51522601 	 (57,76,4)	 |        0.00000000 	 (51,116,7)	 |       0.03511428 
Dumping state at timestep = 126360...
Dumped state at timestep = 126360...
Rank 0/1: Batch complete results sent via cudaMemcpyDeviceToHost.

			!!!!!	  TIMESTEP PERFORMANCE  	 !!!!! 
 Total Time (s) | Batch Steps 	| Time/step (s) | Comp./step (s) | IO Time (s)
---------------------------------------------------------------------------------------------------------
    56.5898 	|     9720 	|    0.0058 	|    0.0058 	 |   0.237958 

********************************************************************************************************
Main Time: Advancing simulation timestep = 136080... and time = 4200.00049

_____________________#######_________  STATE-SUMMARY @ it = 136080 _________#######____________________ 

			!!!!!	  HYDRO_CORE 	 !!!!! 
Field 	|	 max	     --(i,j,k)		 |	  min	     --(i,j,k)		 |	 mean
---------------------------------------------------------------------------------------------------------
********-----
 Model Fields -
 ********-----
rho	Rank 0/1:       1.13953042 	 (94,3,3)	 |        0.84246719 	 (80,12,124)	 |       1.03479719 
-----
u	Rank 0/1:       5.23655462 	 (44,12,5)	 |       -2.05556440 	 (65,74,18)	 |       2.03590751 
-----
v	Rank 0/1:      10.51640320 	 (69,27,28)	 |        3.05711722 	 (9,14,3)	 |       8.13698578 
-----
w	Rank 0/1:       4.37486696 	 (75,54,48)	 |       -2.39239216 	 (64,86,41)	 |       0.00026777 
-----
theta	Rank 0/1:     316.80212402 	 (80,12,124)	 |      300.19424438 	 (78,118,61)	 |     306.33996582 
-----
press	Rank 0/1:     100.75000000 	 (112,104,65)	 |       75.03906250 	 (44,10,7)	 |      90.14113617 
-----
TKE_0	Rank 0/1:       1.28352392 	 (101,70,4)	 |        0.00000000 	 (122,22,7)	 |       0.03453612 
Dumping state at timestep = 136080...
Dumped state at timestep = 136080...
Rank 0/1: Batch complete results sent via cudaMemcpyDeviceToHost.

			!!!!!	  TIMESTEP PERFORMANCE  	 !!!!! 
 Total Time (s) | Batch Steps 	| Time/step (s) | Comp./step (s) | IO Time (s)
---------------------------------------------------------------------------------------------------------
    56.5839 	|     9720 	|    0.0058 	|    0.0058 	 |   0.239893 

********************************************************************************************************
Main Time: Advancing simulation timestep = 145800... and time = 4500.00049

_____________________#######_________  STATE-SUMMARY @ it = 145800 _________#######____________________ 

			!!!!!	  HYDRO_CORE 	 !!!!! 
Field 	|	 max	     --(i,j,k)		 |	  min	     --(i,j,k)		 |	 mean
---------------------------------------------------------------------------------------------------------
********-----
 Model Fields -
 ********-----
rho	Rank 0/1:       1.13954496 	 (24,88,3)	 |        0.84251922 	 (103,100,124)	 |       1.03475523 
-----
u	Rank 0/1:       4.57890892 	 (68,80,5)	 |       -1.72414660 	 (52,7,3)	 |       2.01579928 
-----
v	Rank 0/1:      10.74209213 	 (97,103,16)	 |        2.71800590 	 (42,32,3)	 |       8.10802841 
-----
w	Rank 0/1:       3.97061396 	 (44,26,34)	 |       -2.35734057 	 (21,107,27)	 |       0.00024908 
-----
theta	Rank 0/1:     316.80191040 	 (100,43,124)	 |      300.07626343 	 (96,64,61)	 |     306.34020996 
-----
press	Rank 0/1:     107.76562500 	 (24,102,65)	 |       82.12500000 	 (52,7,10)	 |      96.86708832 
-----
TKE_0	Rank 0/1:       1.11418760 	 (110,67,4)	 |        0.00000000 	 (40,9,7)	 |       0.03440750 
Dumping state at timestep = 145800...
Dumped state at timestep = 145800...
Rank 0/1: Batch complete results sent via cudaMemcpyDeviceToHost.

			!!!!!	  TIMESTEP PERFORMANCE  	 !!!!! 
 Total Time (s) | Batch Steps 	| Time/step (s) | Comp./step (s) | IO Time (s)
---------------------------------------------------------------------------------------------------------
    56.5868 	|     9720 	|    0.0058 	|    0.0058 	 |   0.238514 

********************************************************************************************************
Main Time: Advancing simulation timestep = 155520... and time = 4800.00049

_____________________#######_________  STATE-SUMMARY @ it = 155520 _________#######____________________ 

			!!!!!	  HYDRO_CORE 	 !!!!! 
Field 	|	 max	     --(i,j,k)		 |	  min	     --(i,j,k)		 |	 mean
---------------------------------------------------------------------------------------------------------
********-----
 Model Fields -
 ********-----
rho	Rank 0/1:       1.13929677 	 (103,69,3)	 |        0.84256953 	 (124,7,124)	 |       1.03470480 
-----
u	Rank 0/1:       5.24457169 	 (64,71,33)	 |       -1.48552859 	 (92,102,37)	 |       1.99106026 
-----
v	Rank 0/1:      10.67820930 	 (65,72,27)	 |        2.87943292 	 (109,117,3)	 |       8.08130169 
-----
w	Rank 0/1:       4.80576372 	 (63,75,35)	 |       -2.38402748 	 (3,93,13)	 |       0.00023888 
-----
theta	Rank 0/1:     316.80212402 	 (124,7,124)	 |      300.15744019 	 (43,26,61)	 |     306.35388184 
-----
press	Rank 0/1:     114.40625000 	 (18,108,65)	 |       87.30468750 	 (64,72,31)	 |     102.91324615 
-----
TKE_0	Rank 0/1:       1.30332565 	 (85,91,4)	 |        0.00000000 	 (67,120,6)	 |       0.03420214 
Dumping state at timestep = 155520...
Dumped state at timestep = 155520...
Rank 0/1: Batch complete results sent via cudaMemcpyDeviceToHost.

			!!!!!	  TIMESTEP PERFORMANCE  	 !!!!! 
 Total Time (s) | Batch Steps 	| Time/step (s) | Comp./step (s) | IO Time (s)
---------------------------------------------------------------------------------------------------------
    56.5954 	|     9720 	|    0.0058 	|    0.0058 	 |   0.235898 

********************************************************************************************************
Main Time: Advancing simulation timestep = 165240... and time = 5100.00049

_____________________#######_________  STATE-SUMMARY @ it = 165240 _________#######____________________ 

			!!!!!	  HYDRO_CORE 	 !!!!! 
Field 	|	 max	     --(i,j,k)		 |	  min	     --(i,j,k)		 |	 mean
---------------------------------------------------------------------------------------------------------
********-----
 Model Fields -
 ********-----
rho	Rank 0/1:       1.13945615 	 (23,31,3)	 |        0.84261972 	 (47,12,124)	 |       1.03470063 
-----
u	Rank 0/1:       5.97989655 	 (84,19,23)	 |       -1.86769664 	 (5,27,14)	 |       1.96586895 
-----
v	Rank 0/1:      10.68766880 	 (85,26,40)	 |        2.75823045 	 (115,57,3)	 |       8.05103683 
-----
w	Rank 0/1:       4.12616491 	 (79,30,41)	 |       -2.56612730 	 (114,103,17)	 |       0.00024123 
-----
theta	Rank 0/1:     316.80212402 	 (47,12,124)	 |      300.03781128 	 (65,71,61)	 |     306.35748291 
-----
press	Rank 0/1:     121.64843750 	 (37,57,65)	 |       93.75000000 	 (84,20,18)	 |     109.12510681 
-----
TKE_0	Rank 0/1:       1.23198557 	 (15,19,4)	 |        0.00000000 	 (26,107,7)	 |       0.03397083 
Dumping state at timestep = 165240...
Dumped state at timestep = 165240...
Rank 0/1: Batch complete results sent via cudaMemcpyDeviceToHost.

			!!!!!	  TIMESTEP PERFORMANCE  	 !!!!! 
 Total Time (s) | Batch Steps 	| Time/step (s) | Comp./step (s) | IO Time (s)
---------------------------------------------------------------------------------------------------------
    56.6048 	|     9720 	|    0.0058 	|    0.0058 	 |   0.240211 

********************************************************************************************************
Main Time: Advancing simulation timestep = 174960... and time = 5400.00049

_____________________#######_________  STATE-SUMMARY @ it = 174960 _________#######____________________ 

			!!!!!	  HYDRO_CORE 	 !!!!! 
Field 	|	 max	     --(i,j,k)		 |	  min	     --(i,j,k)		 |	 mean
---------------------------------------------------------------------------------------------------------
********-----
 Model Fields -
 ********-----
rho	Rank 0/1:       1.13906920 	 (84,47,4)	 |        0.84266949 	 (69,100,124)	 |       1.03465772 
-----
u	Rank 0/1:       4.86895895 	 (98,84,34)	 |       -1.93556547 	 (24,58,3)	 |       1.93957686 
-----
v	Rank 0/1:      10.14822960 	 (74,49,49)	 |        2.10959458 	 (36,20,3)	 |       8.03041553 
-----
w	Rank 0/1:       3.54314590 	 (78,112,38)	 |       -2.19218135 	 (65,30,12)	 |       0.00027041 
-----
theta	Rank 0/1:     316.80245972 	 (69,100,124)	 |      300.16693115 	 (87,110,61)	 |     306.37002563 
-----
press	Rank 0/1:     128.22656250 	 (111,72,65)	 |       98.10937500 	 (6,111,16)	 |     116.10634613 
-----
TKE_0	Rank 0/1:       1.13662100 	 (25,110,4)	 |        0.00000000 	 (101,24,6)	 |       0.03331097 
Dumping state at timestep = 174960...
Dumped state at timestep = 174960...
Rank 0/1: Batch complete results sent via cudaMemcpyDeviceToHost.

			!!!!!	  TIMESTEP PERFORMANCE  	 !!!!! 
 Total Time (s) | Batch Steps 	| Time/step (s) | Comp./step (s) | IO Time (s)
---------------------------------------------------------------------------------------------------------
    56.6047 	|     9720 	|    0.0058 	|    0.0058 	 |   0.233773 

********************************************************************************************************
Main Time: Advancing simulation timestep = 184680... and time = 5700.00049

_____________________#######_________  STATE-SUMMARY @ it = 184680 _________#######____________________ 

			!!!!!	  HYDRO_CORE 	 !!!!! 
Field 	|	 max	     --(i,j,k)		 |	  min	     --(i,j,k)		 |	 mean
---------------------------------------------------------------------------------------------------------
********-----
 Model Fields -
 ********-----
rho	Rank 0/1:       1.13926315 	 (111,94,3)	 |        0.84272027 	 (41,11,124)	 |       1.03463483 
-----
u	Rank 0/1:       4.95944595 	 (28,119,14)	 |       -2.09127426 	 (7,55,32)	 |       1.91320515 
-----
v	Rank 0/1:      11.03475285 	 (30,121,9)	 |        2.28980708 	 (10,64,3)	 |       8.00798225 
-----
w	Rank 0/1:       3.81917953 	 (93,84,31)	 |       -2.29957485 	 (59,123,29)	 |       0.00025266 
-----
theta	Rank 0/1:     316.80239868 	 (41,11,124)	 |      300.45883179 	 (25,31,61)	 |     306.38180542 
-----
press	Rank 0/1:     135.17187500 	 (29,82,65)	 |       97.76562500 	 (29,120,11)	 |     121.58451080 
-----
TKE_0	Rank 0/1:       1.13470900 	 (5,52,4)	 |        0.00000000 	 (66,113,6)	 |       0.03311488 
Dumping state at timestep = 184680...
Dumped state at timestep = 184680...
Rank 0/1: Batch complete results sent via cudaMemcpyDeviceToHost.

			!!!!!	  TIMESTEP PERFORMANCE  	 !!!!! 
 Total Time (s) | Batch Steps 	| Time/step (s) | Comp./step (s) | IO Time (s)
---------------------------------------------------------------------------------------------------------
    56.6026 	|     9720 	|    0.0058 	|    0.0058 	 |   0.234427 

********************************************************************************************************
Main Time: Advancing simulation timestep = 194400... and time = 6000.00049

_____________________#######_________  STATE-SUMMARY @ it = 194400 _________#######____________________ 

			!!!!!	  HYDRO_CORE 	 !!!!! 
Field 	|	 max	     --(i,j,k)		 |	  min	     --(i,j,k)		 |	 mean
---------------------------------------------------------------------------------------------------------
********-----
 Model Fields -
 ********-----
rho	Rank 0/1:       1.13876712 	 (112,31,4)	 |        0.84277099 	 (23,101,124)	 |       1.03462327 
-----
u	Rank 0/1:       4.64636278 	 (86,60,16)	 |       -2.06186891 	 (111,51,11)	 |       1.88503706 
-----
v	Rank 0/1:      10.88307667 	 (17,8,20)	 |        2.33957434 	 (39,67,3)	 |       7.98476887 
-----
w	Rank 0/1:       4.62909174 	 (26,121,36)	 |       -2.45702195 	 (75,70,25)	 |       0.00023848 
-----
theta	Rank 0/1:     316.80255127 	 (23,101,124)	 |      300.20956421 	 (102,21,60)	 |     306.38525391 
-----
press	Rank 0/1:     142.10156250 	 (23,119,65)	 |      105.39062500 	 (21,120,10)	 |     128.43139648 
-----
TKE_0	Rank 0/1:       1.18180013 	 (113,38,4)	 |        0.00000000 	 (29,106,7)	 |       0.03357645 
Dumping state at timestep = 194400...
Dumped state at timestep = 194400...
Rank 0/1: Batch complete results sent via cudaMemcpyDeviceToHost.

			!!!!!	  TIMESTEP PERFORMANCE  	 !!!!! 
 Total Time (s) | Batch Steps 	| Time/step (s) | Comp./step (s) | IO Time (s)
---------------------------------------------------------------------------------------------------------
    56.6011 	|     9720 	|    0.0058 	|    0.0058 	 |   0.235069 

********************************************************************************************************
Main Time: Advancing simulation timestep = 204120... and time = 6300.00049

_____________________#######_________  STATE-SUMMARY @ it = 204120 _________#######____________________ 

			!!!!!	  HYDRO_CORE 	 !!!!! 
Field 	|	 max	     --(i,j,k)		 |	  min	     --(i,j,k)		 |	 mean
---------------------------------------------------------------------------------------------------------
********-----
 Model Fields -
 ********-----
rho	Rank 0/1:       1.13900042 	 (53,17,3)	 |        0.84282118 	 (46,66,124)	 |       1.03456426 
-----
u	Rank 0/1:       5.10348463 	 (37,74,15)	 |       -2.78248358 	 (33,70,27)	 |       1.86158311 
-----
v	Rank 0/1:      10.30667686 	 (30,73,33)	 |        2.41250420 	 (32,78,3)	 |       7.96329832 
-----
w	Rank 0/1:       3.98051453 	 (33,71,26)	 |       -2.80757523 	 (25,74,37)	 |       0.00023978 
-----
theta	Rank 0/1:     316.80233765 	 (46,66,124)	 |      300.02947998 	 (7,78,61)	 |     306.39697266 
-----
press	Rank 0/1:     149.11718750 	 (10,60,65)	 |      115.72656250 	 (35,72,10)	 |     134.57728577 
-----
TKE_0	Rank 0/1:       1.19441807 	 (43,68,4)	 |        0.00000000 	 (4,42,6)	 |       0.03360967 
Dumping state at timestep = 204120...
Dumped state at timestep = 204120...
Rank 0/1: Batch complete results sent via cudaMemcpyDeviceToHost.

			!!!!!	  TIMESTEP PERFORMANCE  	 !!!!! 
 Total Time (s) | Batch Steps 	| Time/step (s) | Comp./step (s) | IO Time (s)
---------------------------------------------------------------------------------------------------------
    56.6027 	|     9720 	|    0.0058 	|    0.0058 	 |   0.235171 

********************************************************************************************************
Main Time: Advancing simulation timestep = 213840... and time = 6600.00049

_____________________#######_________  STATE-SUMMARY @ it = 213840 _________#######____________________ 

			!!!!!	  HYDRO_CORE 	 !!!!! 
Field 	|	 max	     --(i,j,k)		 |	  min	     --(i,j,k)		 |	 mean
---------------------------------------------------------------------------------------------------------
********-----
 Model Fields -
 ********-----
rho	Rank 0/1:       1.13898742 	 (46,53,3)	 |        0.84287035 	 (69,30,124)	 |       1.03449988 
-----
u	Rank 0/1:       4.40672016 	 (69,122,50)	 |       -2.10705686 	 (38,11,29)	 |       1.83703005 
-----
v	Rank 0/1:      10.54744434 	 (97,33,28)	 |        2.13681984 	 (74,8,3)	 |       7.94469023 
-----
w	Rank 0/1:       4.27183867 	 (40,5,35)	 |       -2.31121063 	 (43,12,37)	 |       0.00026964 
-----
theta	Rank 0/1:     316.80252075 	 (69,30,124)	 |      300.43469238 	 (93,60,61)	 |     306.42202759 
-----
press	Rank 0/1:     155.78906250 	 (108,40,65)	 |      120.08593750 	 (77,9,3)	 |     140.47680664 
-----
TKE_0	Rank 0/1:       1.19422030 	 (100,48,4)	 |        0.00000000 	 (46,55,6)	 |       0.03344303 
Dumping state at timestep = 213840...
Dumped state at timestep = 213840...
Rank 0/1: Batch complete results sent via cudaMemcpyDeviceToHost.

			!!!!!	  TIMESTEP PERFORMANCE  	 !!!!! 
 Total Time (s) | Batch Steps 	| Time/step (s) | Comp./step (s) | IO Time (s)
---------------------------------------------------------------------------------------------------------
    56.3986 	|     9720 	|    0.0058 	|    0.0058 	 |   0.234572 

********************************************************************************************************
Main Time: Advancing simulation timestep = 223560... and time = 6900.00049

_____________________#######_________  STATE-SUMMARY @ it = 223560 _________#######____________________ 

			!!!!!	  HYDRO_CORE 	 !!!!! 
Field 	|	 max	     --(i,j,k)		 |	  min	     --(i,j,k)		 |	 mean
---------------------------------------------------------------------------------------------------------
********-----
 Model Fields -
 ********-----
rho	Rank 0/1:       1.13819218 	 (67,88,3)	 |        0.84292012 	 (94,117,124)	 |       1.03444207 
-----
u	Rank 0/1:       4.64530420 	 (112,113,4)	 |       -1.79373360 	 (77,67,3)	 |       1.81332588 
-----
v	Rank 0/1:      10.98545837 	 (89,31,17)	 |        2.09355497 	 (79,73,3)	 |       7.92859697 
-----
w	Rank 0/1:       4.28202534 	 (76,40,44)	 |       -2.49550533 	 (83,63,25)	 |       0.00025318 
-----
theta	Rank 0/1:     316.80291748 	 (94,117,124)	 |      300.30801392 	 (45,64,61)	 |     306.43649292 
-----
press	Rank 0/1:     162.60156250 	 (81,47,65)	 |      125.78906250 	 (112,111,3)	 |     147.28469849 
-----
TKE_0	Rank 0/1:       1.11039257 	 (65,81,4)	 |        0.00000000 	 (103,23,7)	 |       0.03344982 
Dumping state at timestep = 223560...
Dumped state at timestep = 223560...
Rank 0/1: Batch complete results sent via cudaMemcpyDeviceToHost.

			!!!!!	  TIMESTEP PERFORMANCE  	 !!!!! 
 Total Time (s) | Batch Steps 	| Time/step (s) | Comp./step (s) | IO Time (s)
---------------------------------------------------------------------------------------------------------
    56.4099 	|     9720 	|    0.0058 	|    0.0058 	 |   0.234548 

********************************************************************************************************

_____________________#######_________  STATE-SUMMARY @ it = 233280 _________#######____________________ 

			!!!!!	  HYDRO_CORE 	 !!!!! 
Field 	|	 max	     --(i,j,k)		 |	  min	     --(i,j,k)		 |	 mean
---------------------------------------------------------------------------------------------------------
********-----
 Model Fields -
 ********-----
rho	Rank 0/1:       1.13830769 	 (100,95,3)	 |        0.84297109 	 (116,82,124)	 |       1.03439701 
-----
u	Rank 0/1:       4.80389690 	 (20,69,14)	 |       -2.36759639 	 (19,117,18)	 |       1.78556180 
-----
v	Rank 0/1:       9.67657089 	 (120,61,28)	 |        2.33433199 	 (34,61,3)	 |       7.91037941 
-----
w	Rank 0/1:       3.83263588 	 (67,22,25)	 |       -2.40087605 	 (62,27,27)	 |       0.00023732 
-----
theta	Rank 0/1:     316.80230713 	 (116,82,124)	 |      300.49224854 	 (111,74,60)	 |     306.43914795 
-----
press	Rank 0/1:     169.66406250 	 (5,95,65)	 |      127.69531250 	 (20,70,9)	 |     152.91972351 
-----
TKE_0	Rank 0/1:       1.24852681 	 (31,25,4)	 |        0.00000000 	 (75,80,7)	 |       0.03244621 

_____________________#######_________  TOWER-SUMMARY @ it = 233280 _________#######____________________ 
Dumping state at timestep = 233280...
Dumped state at timestep = 233280...

			!!!!!	  TIMESTEP PERFORMANCE  	 !!!!! 
 Total Time (s) | Batch Steps 	| Time/step (s) | Comp./step (s) | IO Time (s)
---------------------------------------------------------------------------------------------------------
     0.2457 	|        0 	|    0.0000 	|    0.0000 	 |   0.186061 

********************************************************************************************************
Your FastEddy simulation is complete!
Cleaning up...
Shutting down MPI...
 Goodbye!
