Obtaining parameters from ./accel.in
Successfully opened ./accel.in and read 129 lines.
Warning more than 10000 entries were requested for the parameters hash table.
Consider changing the requested table size in the PARAMETERS module.
WARNING: optional parameter ioLPDMmode defaulted to 0.
WARNING: optional parameter ioLPDMfullFrq defaulted to 0.
WARNING: optional parameter lpdmOnlineSelector defaulted to 0.
WARNING: optional parameter lpdmOnlineQueue defaulted to 4.
WARNING: optional parameter lpdmOnlinePause1 defaulted to 0.
WARNING: optional parameter lpdmOnlinePause2 defaulted to 0.
WARNING: optional parameter towerIOSelector defaulted to 0.
WARNING: optional parameter gridFile defaulted to NULL.
WARNING: optional parameter pgfSelector defaulted to 1.
WARNING: optional parameter buoyancySelector defaulted to 1.
WARNING: optional parameter ceilingAdvectionBC defaulted to 0.
WARNING: optional parameter surflayer_stab defaulted to 0.
WARNING: optional parameter surflayer_z0tdyn defaulted to 1.
WARNING: optional parameter surflayer_offshore_visc defaulted to 1.
WARNING: optional parameter canopySelector defaulted to 0.
WARNING: optional parameter cellpertSelector defaulted to 0.
WARNING: optional parameter filter_6thdiff_hori defaulted to 0.
WARNING: optional parameter filter_divdamp defaulted to 0.
WARNING: optional parameter NhydroAuxScalars defaulted to 0.
WARNING: optional parameter physics_oneRKonly defaulted to 1.
Rank 0/1:  [rankXid, rankYid] = [0,0]
mpi_rank_world--0/1 inFile = (null) !!
mpi_rank_world--0/1 Obtaining devices...
Obtaining properties for 1 devices...

mpi_rank_world--0/1 assigned accelerator device 0/1...
Device Number:          0
---------------------------------------------------------------------

__General__
   Name                               : NVIDIA GeForce RTX 5090
   Compute Capability                 : 12.0
   Clock Rate                         : 2407000
   Number of multiprocessors          : 170
   Max Threads/multiprocessor         : 1536
   Concurrent Copy/Execution          : Yes
   Concurrent Kernels                 : 1
   Compute Mode                       : 0
   Kernel Timeout Enabled             : No
   Integrated                         : No
   Host Memory Mapping                : Yes

__Configuration__
   Registers/Block                    : 65536
   Warp Size                          : 32
   Max Threads/Block                  : 1024
   Max Block-extent / Dimension       :         1024         1024           64
   Max Grid-extent / Dimension        :   2147483647        65535        65535

__Memory__
   Tot. Global Memory (GB) / (B)      :   31.35834 / 3605987328
   Shared Mem/Block   (GB) / (B)      :    0.00005 / 49152
   Constant Memory    (GB) / (B)      :    0.00006 / 65536
   Max 1-D Texture                    :       131072
   Max 2-D Texture                    :       131072        65536
   Max 3-D Texture                    :        16384        16384        16384
   Texture Alignment  (B)             : 512
   Max Memory pitch                   : 2147483647

mpi_rank_world--0/1 done!
mpi_rank_world--0/1 Assigning threadPerBlock.[xyz]
mpi_rank_world--0/1 done!
Nxp = 122, Nyp = 122, Nzp = 122
****Spatial loop-index Mins & Maxs ****  (i,j,k)-min = (3,3,3) & (i,j,k)-max = (125,125,125)
Entering hydro_coreInit:------
WARNING: parameter surflayer_qskin_input was not found but was requested for printing.
WARNING: parameter surflayer_offshore_opt was not found but was requested for printing.
WARNING: parameter filter_6thdiff_hori_coeff was not found but was requested for printing.
hydro_coreInit: allocating/registering arrays/fields with IO
hydro_coreInit:hydroFlds[0] = rho stored at 0x7db18affa080, has been registered with IO.
hydro_coreInit:hydroFlds[1] = u stored at 0x7db18b7fa080, has been registered with IO.
hydro_coreInit:hydroFlds[2] = v stored at 0x7db18bffa080, has been registered with IO.
hydro_coreInit:hydroFlds[3] = w stored at 0x7db18c7fa080, has been registered with IO.
hydro_coreInit:hydroFlds[4] = theta stored at 0x7db18cffa080, has been registered with IO.
hydro_coreInit:Field = pressure stored at 0x7db18a7f9080, has been registered with IO.
hydro_coreInit:sgstkeScalars[0] = TKE_0 stored at 0x7db1877f7080, has been registered with IO.
hydro_coreInit: allocating internal arrays
hydro_coreInit:Field = tskin stored at 0x5847e2b25100, has been registered with IO.
hydro_coreInit:Field = fricVel stored at 0x5847e2b04f80, has been registered with IO.
hydro_coreInit:Field = htFlux stored at 0x5847e2b15080, has been registered with IO.
hydro_coreInit:Field = invOblen stored at 0x5847e2b35200, has been registered with IO.
hydro_coreInit:Field = z0m stored at 0x5847e2b45280, has been registered with IO.
hydro_coreInit:Field = z0t stored at 0x5847e2b55380, has been registered with IO.
mpi_rank_world--0/1: in timeInit(), simTime_it = 0 and simTime =         0.000000 !
:Variable = time stored at 0x5847b8999f78, has been registered with IO.

## time_test
Description=seed seed_nbl-shallow_a075: flat uniform neutral spin-up, z_i target 300 m, base angle 75 deg # ## A description of this input file.
## FEMPI parameters---
numProcsX=1        # ## Number of cores to be used for horizontal domain decomposition in X
numProcsY=1        # ## Number of cores to be used for horizontal domain decomposition in Y
## IO parameters---
ioOutputMode=0     # ## 0: N-to-1 gather and write to a netCDF file, 1:N-to-N writes of FastEddy binary files
inPath=            # ## Path where initial/restart file is read in from
inFile=            # ## name of the input file for coordinate system and initial or restart conditions
outPath=./output/  # ## Path where output files are to be written
outFileBase=FE_SEED_ACC # ## Base name of the output file series as in (outFileBase).element-in-series
frqOutput=9720     # ## frequency (in timesteps) at which to produce output; should be an even multiple of NtBatch
towerIOSelector=0  # (DEFAULTED) ## Virtual Tower IO-Selector: 0=off, 1=on 
## FECUDA parameters---
tBx=1              # ## Number of threads in x-dimension.
tBy=8              # ## Number of threads in y-dimension.
tBz=16             # ## Number of threads in z-dimension.
## GRID parameters---
gridFile=          # (DEFAULTED) ## A file containing a complete grid specification
topoFile=          # ## A file containing terrain(surface elevation in meters ASL)
Nx=122             # ## Number of discretised domain elements in the x (zonal) direction.
Ny=122             # ## Number of discretised domain elements in the y (meridional) direction.
Nz=122             # ## Number of discretised domain elements in the z (vertical) direction.
Nh=3               # ## Number of halo cells to be used (dependent on largest stencil extent).
d_xi=30            # ## Computational domain fixed resolution in the 'i' direction.
d_eta=30           # ## Computational domain fixed resolution in the 'j' direction.
d_zeta=24.6914     # ## Computational domain fixed resolution in the 'k' direction.
coordHorizHalos=1  # ## switch to setup coordinate halos as periodic=1 or gradient-following=0.
verticalDeformSwitch=1 # ## switch to use vertical coordinate deformation 0=off, 1=on
verticalDeformFactor=0.346601 # ## deformation factor (0.0=max compression,  1.0=no compression)
verticalDeformQuadCoeff=0 # ## deformation factor (0.0=max compression,  1.0=no compression)
## HYDRO_CORE parameters---
## ----------: HYDRO_CORE Submodule Selectors ---
## ----------: Boundary Conditions Set ---
hydroBCs=2         # ## Selector for hydro BC set. 1= LAD, Dirichlet lateral, ceiling and surface, 2 = periodic-horizontal & ABL-vertical
hydroForcingWrite=0 # ## Switch for writing output of hydroFldsFrhs for prognostic fields. 0 = off, 1=on
hydroSubGridWrite=0 # ## Switch for writing output of Tauij fields. 0 = off, 1=on
hydroForcingLog=0  # ## Switch for logging Frhs summary metrics. 0 = off, 1=on
## ----------: PRESSURE GRADIENT FORCE ---
pgfSelector=1      # (DEFAULTED) ## Pressure Gradient Force (pgf) selector: 0=off, 1=on
## ----------: BUOYANCY ---
buoyancySelector=1 # (DEFAULTED) ## Buoyancy force  selector: 0=off, 1=on
## ----------: CORIOLIS ---
coriolisSelector=1 # ## Corilis force selector: 0= none, 1= horiz. terms, 2= horiz. & vert. terms
coriolisLatitude=42.9572 # ## Characteristic latitude in degrees from equator of the LES domain
## ----------: TURBULENCE ---
turbulenceSelector=1 # ## turbulence scheme selector: 0= none, 1= Lilly/Smagorinsky 
TKESelector=1      # ## Prognostic TKE selector: 0= none, 1= Prognostic, 2= requires canopySelector=1
TKEAdvSelector=3   # ## advection scheme for SGSTKE equation
TKEAdvSelector_b_hyb=0 # ## hybrid advection scheme parameter
c_k=0.1            # ## Lilly model constant used for turbulenceSelector = 1 and TKESelector > 0
## ----------: ADVECTION ---
advectionSelector=3 # ## advection scheme selector: 0=1st-order upwind, 1=3rd-order QUICK, 2=hybrid 3rd-4th order, 3=hybrid 5th-6th order, 4=3rd-order WENO, 5=5th-order WENO, 6=2nd-order centered
ceilingAdvectionBC=0 # (DEFAULTED) ## selector to allow advection through the domain ceiling 1=on, 0=off (w-ceiling = 0)
b_hyb=0            # ## hybrid advection scheme parameter: 0.0= lower-order upwind, 1.0=higher-order centered, 0.0 < b_hyb < 1.0 = hybrid
## ----------: DIFFUSION ---
diffusionSelector=0 # ## diffusivity selector: 0= none, 1= const.
## ----------: SURFACE LAYER ---
surflayerSelector=1 # ## surfacelayer selector: 0=off, 1=surface kinematic heat flux (surflayer_wth), 2=skin temperature rate (surflayer_tr)
surflayer_z0=0.061489 # ## roughness length (momentum) when surflayerSelector > 0
surflayer_z0t=0.01 # ## roughness length (temperature) when surflayerSelector > 0
surflayer_wth=0.05 # ## kinematic sensible heat flux at the surface when surflayerSelector = 1
surflayer_idealsine=0 # ## selector for idealized sinusoidal surface heat flux or skin temperature forcing: 0= off, 1= on
surflayer_stab=0   # (DEFAULTED) ## exchange coeffcient stability correction selector: 0= on, 1= off
surflayer_z0tdyn=1 # (DEFAULTED) ## dynamic z0t calculation following Zilitinkevich (1995) approach: 0= off, 1= constant Zilitinkevich coeff, 2= variable Zilitinkevich coeff
## ----------: OFFSHORE ROUGHNESS ---
surflayer_offshore=0 # ## offshore selector: 0=off, 1=on
## ----------: CANOPY MODEL ---
canopySelector=0   # (DEFAULTED) ## canopy selector: 0= off, 1= on
## ----------: LARGE-SCALE FORCINGS MODEL ---
lsfSelector=1      # ## large-scale forcings selector: 0= off, 1= on
lsf_w_surf=0       # ## large-scale forcing to w at the first specified level
lsf_w_lev1=0       # ## large-scale forcing w at height 1
lsf_w_lev2=0       # ## large-scale forcing w at height 2
lsf_w_zlev1=300    # ## large-scale forcing w height 1
lsf_w_zlev2=1000   # ## large-scale forcing w height 2
lsf_th_surf=0      # ## large-scale forcing to theta at the first specified level
lsf_th_lev1=0      # ## large-scale forcing theta at height 1
lsf_th_lev2=0      # ## large-scale forcing theta at height 2
lsf_th_zlev1=500   # ## large-scale forcing theta height 1
lsf_th_zlev2=2000  # ## large-scale forcing theta height 2
lsf_qv_surf=-0.0432 # ## large-scale forcing to qv at the first specified level
lsf_qv_lev1=-0.0432 # ## large-scale forcing qv at height 1
lsf_qv_lev2=0      # ## large-scale forcing qv at height 2
lsf_qv_zlev1=300   # ## large-scale forcing qv height 1
lsf_qv_zlev2=500   # ## large-scale forcing qv height 2
lsf_horMnSubTerms=1 # ## large-scale subsidence terms Switch: 0= off, 1= on
lsf_freq=1         # ## large-scale forcing frequency (seconds)
## ----------: MOISTURE ---
moistureSelector=0 # ## moisture selector: 0= off, 1= on
## ----------: EXPLICIT FILTERS ---
filterSelector=1   # ## explicit filter selector: 0=off, 1=on
filter_6thdiff_vert=1 # ## vertical 6th-order filter on w selector: 0=off, 1=on
filter_6thdiff_vert_coeff=0.03 # ## vertical 6th-order filter factor: 0.0=off, 1.0=full
filter_6thdiff_hori=0 # (DEFAULTED) ## horizontal 6th-order filter on rho,theta,qv selector: 0=off, 1=on
filter_divdamp=0   # (DEFAULTED) ## divergence damping selector: 0=off, 1=on
## ----------: CELL PERTURBATION METHOD ---
cellpertSelector=0 # (DEFAULTED) ## CP method selector: 0= off, 1= on
## ----------: RAYLEIGH DAMPING LAYER ---
dampingLayerSelector=1 # ## Rayleigh damping layer selector: 0= off, 1= on.
dampingLayerDepth=500 # ## Rayleigh damping layer depth in meters
## ----------: AUXILIARY SCALARS ---
NhydroAuxScalars=0 # (DEFAULTED) ## Number of prognostic auxiliary scalar fields
## ----------: BASE-STATE ---
stabilityScheme=2  # ## Scheme used to set hydrostatic, stability-dependent Base-State EOS fields
temp_grnd=298.012  # ## Air Temperature (K) at the ground used to set hydrostatic Base-State EOS fields
pres_grnd=97700    # ## Pressure (Pa) at the ground used to set hydrostatic Base-State EOS fields
zStableBottom=300  # ## Height (m) of the first stable upper-layer when stabilityScheme = 2
stableGradient=0.08 # ## Vertical gradient (K/m) of the first stable upper-layer when stabilityScheme = 2
zStableBottom2=400 # ## Height (m) of the second stable upper-layer when stabilityScheme = 2
zStableBottom3=20000 # ## Height (m) of the third stable upper-layer when stabilityScheme = 2
stableGradient2=0.004 # ## Vertical gradient (K/m) of the second stable upper-layer when stabilityScheme = 2
stableGradient3=0.004 # ## Vertical gradient (K/m) of the third stable upper-layer when stabilityScheme = 2
U_g=2.07055        # ## Zonal (West-East) component of the geostrophic wind (m/s).
V_g=7.72741        # ## Meridional (South-North) component of the geostrophic wind (m/s).
z_Ug=10000         # ## Height (m) above ground for linear geostrophic wind gradient (zonal component).
z_Vg=10000         # ## Height (m) above ground for linear geostrophic wind gradient (meridional component).
Ug_grad=0          # ## U_g gradient above z_Ug (ms-1/m).
Vg_grad=0          # ## V_g gradient above z_Vg (ms-1/m).
thetaPerturbationSwitch=1 # ## Switch to include initial theta perturbations: 0=off, 1=on
thetaHeight=240    # ## Height below which to include initial theta perturbations: (meters)
thetaAmplitude=0.25 # ## Maximum amplitude for theta perturbations: thetaAmplitude*[-1,+1] K
physics_oneRKonly=1 # (DEFAULTED) ## selector to apply physics RHS forcing only at the latest RK stage: 0= off, 1= on
## TIME_INTEGRATION parameters---
timeMethod=0       # ## Selector for time integration method. [0=RK3-WS2002 (default)]
Nt=97200           # ## Number of timesteps to perform.
dt=0.0308642       # ## timestep resolution in seconds.
NtBatch=9720       # ## Number of timesteps to compute in batch launch, must have NtBatch <= Nt.

moistureMPcallTscale = 1.0   # NOT VALIDATED
c_s = 0.18   # NOT VALIDATED
nu_0 = 0.0   # NOT VALIDATED
moistureCond = 3   # NOT VALIDATED
moistureAdvSelectorQi = 2   # NOT VALIDATED
moistureAdvSelectorQv = 2   # NOT VALIDATED
surflayer_qr = 0.0   # NOT VALIDATED
surflayer_tr = -0.0   # NOT VALIDATED
surflayer_wq = 0.0   # NOT VALIDATED
moistureNvars = 2   # NOT VALIDATED
moistureCondTscale = 1.0   # NOT VALIDATED
moistureAdvSelectorQv_b = 0.0   # NOT VALIDATED
surflayer_ideal_qamp = 2.0   # NOT VALIDATED
surflayer_ideal_amp = 4.0   # NOT VALIDATED
surflayer_ideal_qte = 10.0   # NOT VALIDATED
surflayer_ideal_qts = 1.75   # NOT VALIDATED
surflayer_ideal_te = 43200   # NOT VALIDATED
surflayer_ideal_ts = 0.0   # NOT VALIDATED
moistureCondBasePres = 1   # NOT VALIDATED
moistureSGSturb = 1   # NOT VALIDATED
Input parameters passed verification.
No input file has been specified, no gridFile has been specified.
 Using default grid and initial condition schemes.
**** Coordinate generation ****  (i,j,k)-extents = (122,122,122) & (i,j,k)-deltas = (30.000000,30.000000,24.691359)
mpi_rank_world--0/1 grid-Coord-gen(), else-coordHorizHalos = 1!
mpi_rank_world--0/1 coordHalos, Western-Eastern Boundaries!
mpi_rank_world--0/1 coordHalos, Southern-Northern Boundaries!
stabilityScheme == 2: Base State setup complete.
Rank 0/1: Profile preparations complete!
cuda_gridDeviceSetup:-- (i,j,k)Min, ()Max = (3,3,3), (125,125,125)
fecuda_SetBlocksPerGrid: tBlock = {1, 8, 16}
fecuda_SetBlocksPerGrid: grid = {128, 16, 8}
lsf_horMnSubTerms = 1, setting up for 5 phi-fields.cuda_hydroCoreDeviceSetup() complete.
cuda_towersDeviceSetup: NelemsTowers = 0, NelemsTowersSurf = -437582632
0/1 cuda_hydroCoreDeviceSecondaryStageSetup(): BdyUpdateSteps = 0 
Initializations complete after  19.5016 (s).
Main Time: Advancing simulation timestep = 0... and time =    0.00000

_____________________#######_________  STATE-SUMMARY @ it = 0 _________#######____________________ 

			!!!!!	  HYDRO_CORE 	 !!!!! 
Field 	|	 max	     --(i,j,k)		 |	  min	     --(i,j,k)		 |	 mean
---------------------------------------------------------------------------------------------------------
********-----
 Model Fields -
 ********-----
rho	Rank 0/1:       1.14173782 	 (3,3,3)	 |        0.83920121 	 (3,3,124)	 |       1.02509058 
-----
u	Rank 0/1:       2.07055235 	 (3,3,9)	 |        2.07055187 	 (3,3,35)	 |       2.05225754 
-----
v	Rank 0/1:       7.72740746 	 (3,3,11)	 |        7.72740650 	 (3,3,7)	 |       7.77052164 
-----
w	Rank 0/1:       0.00000000 	 (3,3,3)	 |        0.00000000 	 (3,3,3)	 |       0.00000000 
-----
theta	Rank 0/1:     318.39883423 	 (3,3,124)	 |      299.74884033 	 (6,21,26)	 |     310.26196289 
-----
press	Rank 0/1:       0.00000000 	 (3,3,3)	 |        0.00000000 	 (3,3,3)	 |       0.00000000 
-----
TKE_0	Rank 0/1:       0.00000000 	 (3,3,3)	 |        0.00000000 	 (3,3,3)	 |       0.00000000 
Dumping state at timestep = 0...
Dumped state at timestep = 0...
Rank 0/1: Batch complete results sent via cudaMemcpyDeviceToHost.

			!!!!!	  TIMESTEP PERFORMANCE  	 !!!!! 
 Total Time (s) | Batch Steps 	| Time/step (s) | Comp./step (s) | IO Time (s)
---------------------------------------------------------------------------------------------------------
    57.5257 	|     9720 	|    0.0059 	|    0.0059 	 |   0.243197 

********************************************************************************************************
Main Time: Advancing simulation timestep = 9720... and time =  300.00003

_____________________#######_________  STATE-SUMMARY @ it = 9720 _________#######____________________ 

			!!!!!	  HYDRO_CORE 	 !!!!! 
Field 	|	 max	     --(i,j,k)		 |	  min	     --(i,j,k)		 |	 mean
---------------------------------------------------------------------------------------------------------
********-----
 Model Fields -
 ********-----
rho	Rank 0/1:       1.14020228 	 (20,66,3)	 |        0.83920789 	 (82,38,124)	 |       1.02501953 
-----
u	Rank 0/1:       2.30276656 	 (11,36,17)	 |        0.99865192 	 (61,40,3)	 |       2.03262520 
-----
v	Rank 0/1:       7.92473221 	 (106,19,22)	 |        4.22255754 	 (111,20,3)	 |       7.69888115 
-----
w	Rank 0/1:       0.32886463 	 (19,32,25)	 |       -0.37278229 	 (22,120,14)	 |       0.00005038 
-----
theta	Rank 0/1:     318.40054321 	 (90,35,124)	 |      299.90808105 	 (78,5,24)	 |     310.31637573 
-----
press	Rank 0/1:       3.91406250 	 (23,67,13)	 |        0.21875000 	 (76,39,3)	 |       2.18254399 
-----
TKE_0	Rank 0/1:       0.53751451 	 (105,60,4)	 |        0.00000000 	 (14,14,11)	 |       0.01642069 
Dumping state at timestep = 9720...
Dumped state at timestep = 9720...
Rank 0/1: Batch complete results sent via cudaMemcpyDeviceToHost.

			!!!!!	  TIMESTEP PERFORMANCE  	 !!!!! 
 Total Time (s) | Batch Steps 	| Time/step (s) | Comp./step (s) | IO Time (s)
---------------------------------------------------------------------------------------------------------
    57.8132 	|     9720 	|    0.0059 	|    0.0059 	 |   0.244938 

********************************************************************************************************
Main Time: Advancing simulation timestep = 19440... and time =  600.00006

_____________________#######_________  STATE-SUMMARY @ it = 19440 _________#######____________________ 

			!!!!!	  HYDRO_CORE 	 !!!!! 
Field 	|	 max	     --(i,j,k)		 |	  min	     --(i,j,k)		 |	 mean
---------------------------------------------------------------------------------------------------------
********-----
 Model Fields -
 ********-----
rho	Rank 0/1:       1.13981605 	 (76,112,3)	 |        0.83922583 	 (17,95,124)	 |       1.02501547 
-----
u	Rank 0/1:       2.62618852 	 (45,74,10)	 |        0.50300175 	 (49,90,3)	 |       2.02179313 
-----
v	Rank 0/1:       8.04609680 	 (92,117,9)	 |        3.17430854 	 (44,79,3)	 |       7.65754700 
-----
w	Rank 0/1:       0.50705463 	 (46,83,12)	 |       -0.45761043 	 (49,82,11)	 |       0.00006397 
-----
theta	Rank 0/1:     318.40075684 	 (17,95,124)	 |      299.93811035 	 (4,30,11)	 |     310.34182739 
-----
press	Rank 0/1:       5.42187500 	 (27,44,13)	 |        2.66406250 	 (47,24,3)	 |       4.31543732 
-----
TKE_0	Rank 0/1:       0.62649542 	 (23,6,4)	 |        0.00000000 	 (4,30,11)	 |       0.01717787 
Dumping state at timestep = 19440...
Dumped state at timestep = 19440...
Rank 0/1: Batch complete results sent via cudaMemcpyDeviceToHost.

			!!!!!	  TIMESTEP PERFORMANCE  	 !!!!! 
 Total Time (s) | Batch Steps 	| Time/step (s) | Comp./step (s) | IO Time (s)
---------------------------------------------------------------------------------------------------------
    57.7508 	|     9720 	|    0.0059 	|    0.0059 	 |   0.248381 

********************************************************************************************************
Main Time: Advancing simulation timestep = 29160... and time =  900.00006

_____________________#######_________  STATE-SUMMARY @ it = 29160 _________#######____________________ 

			!!!!!	  HYDRO_CORE 	 !!!!! 
Field 	|	 max	     --(i,j,k)		 |	  min	     --(i,j,k)		 |	 mean
---------------------------------------------------------------------------------------------------------
********-----
 Model Fields -
 ********-----
rho	Rank 0/1:       1.14129877 	 (121,16,3)	 |        0.83923966 	 (91,43,124)	 |       1.02544308 
-----
u	Rank 0/1:       3.29198527 	 (93,82,5)	 |       -0.23146284 	 (59,57,15)	 |       2.01089644 
-----
v	Rank 0/1:       8.61988831 	 (8,56,6)	 |        2.68259311 	 (101,98,3)	 |       7.61752510 
-----
w	Rank 0/1:       2.23346901 	 (46,73,18)	 |       -1.36731350 	 (81,87,12)	 |       0.00005831 
-----
theta	Rank 0/1:     318.40097046 	 (97,23,124)	 |      299.88027954 	 (24,25,34)	 |     310.37579346 
-----
press	Rank 0/1:       8.24218750 	 (63,28,33)	 |        3.04687500 	 (11,92,3)	 |       5.94403172 
-----
TKE_0	Rank 0/1:       0.99069297 	 (33,111,4)	 |        0.00000000 	 (63,36,7)	 |       0.02151171 
Dumping state at timestep = 29160...
Dumped state at timestep = 29160...
Rank 0/1: Batch complete results sent via cudaMemcpyDeviceToHost.

			!!!!!	  TIMESTEP PERFORMANCE  	 !!!!! 
 Total Time (s) | Batch Steps 	| Time/step (s) | Comp./step (s) | IO Time (s)
---------------------------------------------------------------------------------------------------------
    57.9095 	|     9720 	|    0.0060 	|    0.0059 	 |   0.249412 

********************************************************************************************************
Main Time: Advancing simulation timestep = 38880... and time = 1200.00012

_____________________#######_________  STATE-SUMMARY @ it = 38880 _________#######____________________ 

			!!!!!	  HYDRO_CORE 	 !!!!! 
Field 	|	 max	     --(i,j,k)		 |	  min	     --(i,j,k)		 |	 mean
---------------------------------------------------------------------------------------------------------
********-----
 Model Fields -
 ********-----
rho	Rank 0/1:       1.14142454 	 (108,15,3)	 |        0.83925128 	 (47,3,124)	 |       1.02551699 
-----
u	Rank 0/1:       4.04141808 	 (47,36,20)	 |       -0.98477322 	 (99,88,33)	 |       1.99729526 
-----
v	Rank 0/1:       8.98104191 	 (65,41,34)	 |        3.14900970 	 (84,99,3)	 |       7.56522369 
-----
w	Rank 0/1:       2.40172720 	 (64,20,27)	 |       -2.16822219 	 (111,79,17)	 |       0.00007704 
-----
theta	Rank 0/1:     318.40097046 	 (46,112,124)	 |      299.56826782 	 (65,21,37)	 |     310.37420654 
-----
press	Rank 0/1:      10.32031250 	 (13,13,35)	 |        3.31250000 	 (29,96,12)	 |       7.26248932 
-----
TKE_0	Rank 0/1:       0.98871797 	 (70,22,4)	 |        0.00000000 	 (50,76,7)	 |       0.02309055 
Dumping state at timestep = 38880...
Dumped state at timestep = 38880...
Rank 0/1: Batch complete results sent via cudaMemcpyDeviceToHost.

			!!!!!	  TIMESTEP PERFORMANCE  	 !!!!! 
 Total Time (s) | Batch Steps 	| Time/step (s) | Comp./step (s) | IO Time (s)
---------------------------------------------------------------------------------------------------------
    57.6684 	|     9720 	|    0.0059 	|    0.0059 	 |   0.247665 

********************************************************************************************************
Main Time: Advancing simulation timestep = 48600... and time = 1500.00012

_____________________#######_________  STATE-SUMMARY @ it = 48600 _________#######____________________ 

			!!!!!	  HYDRO_CORE 	 !!!!! 
Field 	|	 max	     --(i,j,k)		 |	  min	     --(i,j,k)		 |	 mean
---------------------------------------------------------------------------------------------------------
********-----
 Model Fields -
 ********-----
rho	Rank 0/1:       1.14124560 	 (98,4,3)	 |        0.83926237 	 (45,88,124)	 |       1.02552164 
-----
u	Rank 0/1:       3.92409134 	 (117,17,4)	 |       -0.55576050 	 (82,43,9)	 |       1.97742450 
-----
v	Rank 0/1:       8.74782848 	 (119,64,14)	 |        3.03785014 	 (110,64,3)	 |       7.51355791 
-----
w	Rank 0/1:       2.03625393 	 (93,5,15)	 |       -1.76882732 	 (98,6,15)	 |       0.00008707 
-----
theta	Rank 0/1:     318.40118408 	 (45,88,124)	 |      299.76062012 	 (25,70,36)	 |     310.37036133 
-----
press	Rank 0/1:      11.38281250 	 (50,69,35)	 |        3.81250000 	 (117,16,6)	 |       8.82280445 
-----
TKE_0	Rank 0/1:       0.87897503 	 (55,109,4)	 |        0.00000000 	 (45,101,7)	 |       0.02127837 
Dumping state at timestep = 48600...
Dumped state at timestep = 48600...
Rank 0/1: Batch complete results sent via cudaMemcpyDeviceToHost.

			!!!!!	  TIMESTEP PERFORMANCE  	 !!!!! 
 Total Time (s) | Batch Steps 	| Time/step (s) | Comp./step (s) | IO Time (s)
---------------------------------------------------------------------------------------------------------
    57.6865 	|     9720 	|    0.0059 	|    0.0059 	 |   0.247037 

********************************************************************************************************
Main Time: Advancing simulation timestep = 58320... and time = 1800.00012

_____________________#######_________  STATE-SUMMARY @ it = 58320 _________#######____________________ 

			!!!!!	  HYDRO_CORE 	 !!!!! 
Field 	|	 max	     --(i,j,k)		 |	  min	     --(i,j,k)		 |	 mean
---------------------------------------------------------------------------------------------------------
********-----
 Model Fields -
 ********-----
rho	Rank 0/1:       1.14066875 	 (66,23,3)	 |        0.83927470 	 (39,87,124)	 |       1.02549219 
-----
u	Rank 0/1:       3.70675373 	 (80,77,15)	 |       -0.40465620 	 (28,87,3)	 |       1.95856047 
-----
v	Rank 0/1:       8.46813869 	 (11,84,7)	 |        2.93895531 	 (83,42,3)	 |       7.47086430 
-----
w	Rank 0/1:       2.07715678 	 (64,5,18)	 |       -1.63193309 	 (60,38,11)	 |       0.00009159 
-----
theta	Rank 0/1:     318.40139771 	 (39,87,124)	 |      299.86398315 	 (11,48,37)	 |     310.37063599 
-----
press	Rank 0/1:      13.41406250 	 (9,44,35)	 |        6.17187500 	 (49,24,3)	 |      10.51994324 
-----
TKE_0	Rank 0/1:       0.86768425 	 (124,45,4)	 |        0.00000000 	 (93,97,7)	 |       0.01905777 
Dumping state at timestep = 58320...
Dumped state at timestep = 58320...
Rank 0/1: Batch complete results sent via cudaMemcpyDeviceToHost.

			!!!!!	  TIMESTEP PERFORMANCE  	 !!!!! 
 Total Time (s) | Batch Steps 	| Time/step (s) | Comp./step (s) | IO Time (s)
---------------------------------------------------------------------------------------------------------
    57.7034 	|     9720 	|    0.0059 	|    0.0059 	 |   0.248484 

********************************************************************************************************
Main Time: Advancing simulation timestep = 68040... and time = 2100.00024

_____________________#######_________  STATE-SUMMARY @ it = 68040 _________#######____________________ 

			!!!!!	  HYDRO_CORE 	 !!!!! 
Field 	|	 max	     --(i,j,k)		 |	  min	     --(i,j,k)		 |	 mean
---------------------------------------------------------------------------------------------------------
********-----
 Model Fields -
 ********-----
rho	Rank 0/1:       1.14046907 	 (39,24,3)	 |        0.83928639 	 (82,94,124)	 |       1.02549100 
-----
u	Rank 0/1:       3.48171759 	 (84,33,35)	 |       -0.69618016 	 (107,26,10)	 |       1.93998289 
-----
v	Rank 0/1:       8.59741116 	 (12,108,38)	 |        2.62900209 	 (55,35,3)	 |       7.43617249 
-----
w	Rank 0/1:       2.39533353 	 (40,103,16)	 |       -1.36430621 	 (52,100,16)	 |       0.00008996 
-----
theta	Rank 0/1:     318.40164185 	 (82,95,124)	 |      299.80429077 	 (81,34,37)	 |     310.36871338 
-----
press	Rank 0/1:      15.79687500 	 (78,26,35)	 |        7.21093750 	 (40,97,3)	 |      12.18930817 
-----
TKE_0	Rank 0/1:       0.79733884 	 (105,74,4)	 |        0.00000000 	 (71,71,7)	 |       0.01837886 
Dumping state at timestep = 68040...
Dumped state at timestep = 68040...
Rank 0/1: Batch complete results sent via cudaMemcpyDeviceToHost.

			!!!!!	  TIMESTEP PERFORMANCE  	 !!!!! 
 Total Time (s) | Batch Steps 	| Time/step (s) | Comp./step (s) | IO Time (s)
---------------------------------------------------------------------------------------------------------
    57.6949 	|     9720 	|    0.0059 	|    0.0059 	 |   0.243118 

********************************************************************************************************
Main Time: Advancing simulation timestep = 77760... and time = 2400.00024

_____________________#######_________  STATE-SUMMARY @ it = 77760 _________#######____________________ 

			!!!!!	  HYDRO_CORE 	 !!!!! 
Field 	|	 max	     --(i,j,k)		 |	  min	     --(i,j,k)		 |	 mean
---------------------------------------------------------------------------------------------------------
********-----
 Model Fields -
 ********-----
rho	Rank 0/1:       1.14031577 	 (45,7,3)	 |        0.83929980 	 (8,67,124)	 |       1.02549505 
-----
u	Rank 0/1:       3.72461390 	 (81,36,36)	 |       -0.71793449 	 (122,99,30)	 |       1.92212629 
-----
v	Rank 0/1:       8.57210541 	 (29,53,37)	 |        2.55909491 	 (64,88,3)	 |       7.40452099 
-----
w	Rank 0/1:       2.24071097 	 (124,91,22)	 |       -1.58691335 	 (40,91,13)	 |       0.00008962 
-----
theta	Rank 0/1:     318.40145874 	 (8,67,124)	 |      299.92352295 	 (18,11,36)	 |     310.36819458 
-----
press	Rank 0/1:      17.64843750 	 (78,44,35)	 |        8.80468750 	 (118,84,3)	 |      13.80857277 
-----
TKE_0	Rank 0/1:       0.72667801 	 (71,124,4)	 |        0.00000000 	 (62,16,7)	 |       0.01820996 
Dumping state at timestep = 77760...
Dumped state at timestep = 77760...
Rank 0/1: Batch complete results sent via cudaMemcpyDeviceToHost.

			!!!!!	  TIMESTEP PERFORMANCE  	 !!!!! 
 Total Time (s) | Batch Steps 	| Time/step (s) | Comp./step (s) | IO Time (s)
---------------------------------------------------------------------------------------------------------
    57.6807 	|     9720 	|    0.0059 	|    0.0059 	 |   0.239165 

********************************************************************************************************
Main Time: Advancing simulation timestep = 87480... and time = 2700.00024

_____________________#######_________  STATE-SUMMARY @ it = 87480 _________#######____________________ 

			!!!!!	  HYDRO_CORE 	 !!!!! 
Field 	|	 max	     --(i,j,k)		 |	  min	     --(i,j,k)		 |	 mean
---------------------------------------------------------------------------------------------------------
********-----
 Model Fields -
 ********-----
rho	Rank 0/1:       1.14045525 	 (26,121,3)	 |        0.83931231 	 (99,21,124)	 |       1.02552176 
-----
u	Rank 0/1:       3.86281586 	 (20,36,35)	 |       -0.70567697 	 (98,64,13)	 |       1.90316594 
-----
v	Rank 0/1:       8.49290752 	 (22,50,38)	 |        2.60388899 	 (66,111,3)	 |       7.37244511 
-----
w	Rank 0/1:       2.42356515 	 (13,25,26)	 |       -1.73613513 	 (115,117,12)	 |       0.00008883 
-----
theta	Rank 0/1:     318.40133667 	 (107,40,124)	 |      299.84710693 	 (98,113,37)	 |     310.36254883 
-----
press	Rank 0/1:      19.96875000 	 (95,83,35)	 |       10.45312500 	 (119,42,3)	 |      15.44542027 
-----
TKE_0	Rank 0/1:       0.76172382 	 (18,105,4)	 |        0.00000000 	 (43,120,7)	 |       0.01780964 
Dumping state at timestep = 87480...
Dumped state at timestep = 87480...
Rank 0/1: Batch complete results sent via cudaMemcpyDeviceToHost.

			!!!!!	  TIMESTEP PERFORMANCE  	 !!!!! 
 Total Time (s) | Batch Steps 	| Time/step (s) | Comp./step (s) | IO Time (s)
---------------------------------------------------------------------------------------------------------
    57.6695 	|     9720 	|    0.0059 	|    0.0059 	 |   0.238559 

********************************************************************************************************

_____________________#######_________  STATE-SUMMARY @ it = 97200 _________#######____________________ 

			!!!!!	  HYDRO_CORE 	 !!!!! 
Field 	|	 max	     --(i,j,k)		 |	  min	     --(i,j,k)		 |	 mean
---------------------------------------------------------------------------------------------------------
********-----
 Model Fields -
 ********-----
rho	Rank 0/1:       1.14033747 	 (29,13,3)	 |        0.83932477 	 (23,84,124)	 |       1.02553666 
-----
u	Rank 0/1:       3.46597934 	 (106,102,34)	 |       -0.66001254 	 (34,6,33)	 |       1.88340163 
-----
v	Rank 0/1:       8.49320221 	 (113,30,38)	 |        2.44772959 	 (116,87,3)	 |       7.34050560 
-----
w	Rank 0/1:       2.19510865 	 (74,38,21)	 |       -1.41813791 	 (92,71,24)	 |       0.00008968 
-----
theta	Rank 0/1:     318.40136719 	 (23,84,124)	 |      299.89224243 	 (56,90,37)	 |     310.35546875 
-----
press	Rank 0/1:      21.37500000 	 (76,40,35)	 |       12.18750000 	 (26,83,10)	 |      17.15619278 
-----
TKE_0	Rank 0/1:       0.69811928 	 (93,109,4)	 |        0.00000000 	 (93,107,6)	 |       0.01738801 

_____________________#######_________  TOWER-SUMMARY @ it = 97200 _________#######____________________ 
Dumping state at timestep = 97200...
Dumped state at timestep = 97200...

			!!!!!	  TIMESTEP PERFORMANCE  	 !!!!! 
 Total Time (s) | Batch Steps 	| Time/step (s) | Comp./step (s) | IO Time (s)
---------------------------------------------------------------------------------------------------------
     0.2469 	|        0 	|    0.0000 	|    0.0000 	 |   0.187497 

********************************************************************************************************
Your FastEddy simulation is complete!
Cleaning up...
Shutting down MPI...
 Goodbye!
