Obtaining parameters from ./run.in
Successfully opened ./run.in and read 129 lines.
Warning more than 10000 entries were requested for the parameters hash table.
Consider changing the requested table size in the PARAMETERS module.
WARNING: optional parameter ioLPDMmode defaulted to 0.
WARNING: optional parameter ioLPDMfullFrq defaulted to 0.
WARNING: optional parameter lpdmOnlineSelector defaulted to 0.
WARNING: optional parameter lpdmOnlineQueue defaulted to 4.
WARNING: optional parameter lpdmOnlinePause1 defaulted to 0.
WARNING: optional parameter lpdmOnlinePause2 defaulted to 0.
WARNING: optional parameter towerIOSelector defaulted to 0.
WARNING: optional parameter gridFile defaulted to NULL.
WARNING: optional parameter pgfSelector defaulted to 1.
WARNING: optional parameter buoyancySelector defaulted to 1.
WARNING: optional parameter ceilingAdvectionBC defaulted to 0.
WARNING: optional parameter surflayer_stab defaulted to 0.
WARNING: optional parameter surflayer_z0tdyn defaulted to 1.
WARNING: optional parameter surflayer_offshore_visc defaulted to 1.
WARNING: optional parameter canopySelector defaulted to 0.
WARNING: optional parameter cellpertSelector defaulted to 0.
WARNING: optional parameter filter_6thdiff_hori defaulted to 0.
WARNING: optional parameter filter_divdamp defaulted to 0.
WARNING: optional parameter NhydroAuxScalars defaulted to 0.
WARNING: optional parameter physics_oneRKonly defaulted to 1.
Rank 0/1:  [rankXid, rankYid] = [0,0]
mpi_rank_world--0/1 inFile = FE_ACC.0 !!
mpi_rank_world--0/1 Obtaining devices...
Obtaining properties for 1 devices...

mpi_rank_world--0/1 assigned accelerator device 0/1...
Device Number:          0
---------------------------------------------------------------------

__General__
   Name                               : NVIDIA GeForce RTX 5090
   Compute Capability                 : 12.0
   Clock Rate                         : 2407000
   Number of multiprocessors          : 170
   Max Threads/multiprocessor         : 1536
   Concurrent Copy/Execution          : Yes
   Concurrent Kernels                 : 1
   Compute Mode                       : 0
   Kernel Timeout Enabled             : No
   Integrated                         : No
   Host Memory Mapping                : Yes

__Configuration__
   Registers/Block                    : 65536
   Warp Size                          : 32
   Max Threads/Block                  : 1024
   Max Block-extent / Dimension       :         1024         1024           64
   Max Grid-extent / Dimension        :   2147483647        65535        65535

__Memory__
   Tot. Global Memory (GB) / (B)      :   31.35834 / 3605987328
   Shared Mem/Block   (GB) / (B)      :    0.00005 / 49152
   Constant Memory    (GB) / (B)      :    0.00006 / 65536
   Max 1-D Texture                    :       131072
   Max 2-D Texture                    :       131072        65536
   Max 3-D Texture                    :        16384        16384        16384
   Texture Alignment  (B)             : 512
   Max Memory pitch                   : 2147483647

mpi_rank_world--0/1 done!
mpi_rank_world--0/1 Assigning threadPerBlock.[xyz]
mpi_rank_world--0/1 done!
Nxp = 122, Nyp = 122, Nzp = 122
****Spatial loop-index Mins & Maxs ****  (i,j,k)-min = (3,3,3) & (i,j,k)-max = (125,125,125)
Entering hydro_coreInit:------
WARNING: parameter surflayer_qskin_input was not found but was requested for printing.
WARNING: parameter surflayer_offshore_opt was not found but was requested for printing.
WARNING: parameter filter_6thdiff_hori_coeff was not found but was requested for printing.
hydro_coreInit: allocating/registering arrays/fields with IO
hydro_coreInit:hydroFlds[0] = rho stored at 0x77b464ffe080, has been registered with IO.
hydro_coreInit:hydroFlds[1] = u stored at 0x77b4657fe080, has been registered with IO.
hydro_coreInit:hydroFlds[2] = v stored at 0x77b465ffe080, has been registered with IO.
hydro_coreInit:hydroFlds[3] = w stored at 0x77b4667fe080, has been registered with IO.
hydro_coreInit:hydroFlds[4] = theta stored at 0x77b466ffe080, has been registered with IO.
hydro_coreInit:Field = pressure stored at 0x77b4647fd080, has been registered with IO.
hydro_coreInit:sgstkeScalars[0] = TKE_0 stored at 0x77b4617fb080, has been registered with IO.
hydro_coreInit: allocating internal arrays
hydro_coreInit:Field = tskin stored at 0x653bd7279e00, has been registered with IO.
hydro_coreInit:Field = fricVel stored at 0x653bd7259c80, has been registered with IO.
hydro_coreInit:Field = htFlux stored at 0x653bd7269d00, has been registered with IO.
hydro_coreInit:Field = invOblen stored at 0x653bd7289e80, has been registered with IO.
hydro_coreInit:Field = z0m stored at 0x653bd7299f80, has been registered with IO.
hydro_coreInit:Field = z0t stored at 0x653bd72aa000, has been registered with IO.
mpi_rank_world--0/1: in timeInit(), simTime_it = 0 and simTime =         0.000000 !
:Variable = time stored at 0x653baa53bf78, has been registered with IO.

## time_test
Description=seed seed_nbl-shallow_a075: flat uniform neutral spin-up, z_i target 300 m, base angle 75 deg # ## A description of this input file.
## FEMPI parameters---
numProcsX=1        # ## Number of cores to be used for horizontal domain decomposition in X
numProcsY=1        # ## Number of cores to be used for horizontal domain decomposition in Y
## IO parameters---
ioOutputMode=0     # ## 0: N-to-1 gather and write to a netCDF file, 1:N-to-N writes of FastEddy binary files
inPath=./          # ## Path where initial/restart file is read in from
inFile=FE_ACC.0    # ## name of the input file for coordinate system and initial or restart conditions
outPath=./output/  # ## Path where output files are to be written
outFileBase=FE_SEED # ## Base name of the output file series as in (outFileBase).element-in-series
frqOutput=9720     # ## frequency (in timesteps) at which to produce output; should be an even multiple of NtBatch
towerIOSelector=0  # (DEFAULTED) ## Virtual Tower IO-Selector: 0=off, 1=on 
## FECUDA parameters---
tBx=1              # ## Number of threads in x-dimension.
tBy=8              # ## Number of threads in y-dimension.
tBz=16             # ## Number of threads in z-dimension.
## GRID parameters---
gridFile=          # (DEFAULTED) ## A file containing a complete grid specification
topoFile=          # ## A file containing terrain(surface elevation in meters ASL)
Nx=122             # ## Number of discretised domain elements in the x (zonal) direction.
Ny=122             # ## Number of discretised domain elements in the y (meridional) direction.
Nz=122             # ## Number of discretised domain elements in the z (vertical) direction.
Nh=3               # ## Number of halo cells to be used (dependent on largest stencil extent).
d_xi=30            # ## Computational domain fixed resolution in the 'i' direction.
d_eta=30           # ## Computational domain fixed resolution in the 'j' direction.
d_zeta=24.6914     # ## Computational domain fixed resolution in the 'k' direction.
coordHorizHalos=1  # ## switch to setup coordinate halos as periodic=1 or gradient-following=0.
verticalDeformSwitch=1 # ## switch to use vertical coordinate deformation 0=off, 1=on
verticalDeformFactor=0.346601 # ## deformation factor (0.0=max compression,  1.0=no compression)
verticalDeformQuadCoeff=0 # ## deformation factor (0.0=max compression,  1.0=no compression)
## HYDRO_CORE parameters---
## ----------: HYDRO_CORE Submodule Selectors ---
## ----------: Boundary Conditions Set ---
hydroBCs=2         # ## Selector for hydro BC set. 1= LAD, Dirichlet lateral, ceiling and surface, 2 = periodic-horizontal & ABL-vertical
hydroForcingWrite=0 # ## Switch for writing output of hydroFldsFrhs for prognostic fields. 0 = off, 1=on
hydroSubGridWrite=0 # ## Switch for writing output of Tauij fields. 0 = off, 1=on
hydroForcingLog=0  # ## Switch for logging Frhs summary metrics. 0 = off, 1=on
## ----------: PRESSURE GRADIENT FORCE ---
pgfSelector=1      # (DEFAULTED) ## Pressure Gradient Force (pgf) selector: 0=off, 1=on
## ----------: BUOYANCY ---
buoyancySelector=1 # (DEFAULTED) ## Buoyancy force  selector: 0=off, 1=on
## ----------: CORIOLIS ---
coriolisSelector=1 # ## Corilis force selector: 0= none, 1= horiz. terms, 2= horiz. & vert. terms
coriolisLatitude=42.9572 # ## Characteristic latitude in degrees from equator of the LES domain
## ----------: TURBULENCE ---
turbulenceSelector=1 # ## turbulence scheme selector: 0= none, 1= Lilly/Smagorinsky 
TKESelector=1      # ## Prognostic TKE selector: 0= none, 1= Prognostic, 2= requires canopySelector=1
TKEAdvSelector=3   # ## advection scheme for SGSTKE equation
TKEAdvSelector_b_hyb=0 # ## hybrid advection scheme parameter
c_k=0.1            # ## Lilly model constant used for turbulenceSelector = 1 and TKESelector > 0
## ----------: ADVECTION ---
advectionSelector=3 # ## advection scheme selector: 0=1st-order upwind, 1=3rd-order QUICK, 2=hybrid 3rd-4th order, 3=hybrid 5th-6th order, 4=3rd-order WENO, 5=5th-order WENO, 6=2nd-order centered
ceilingAdvectionBC=0 # (DEFAULTED) ## selector to allow advection through the domain ceiling 1=on, 0=off (w-ceiling = 0)
b_hyb=0            # ## hybrid advection scheme parameter: 0.0= lower-order upwind, 1.0=higher-order centered, 0.0 < b_hyb < 1.0 = hybrid
## ----------: DIFFUSION ---
diffusionSelector=0 # ## diffusivity selector: 0= none, 1= const.
## ----------: SURFACE LAYER ---
surflayerSelector=1 # ## surfacelayer selector: 0=off, 1=surface kinematic heat flux (surflayer_wth), 2=skin temperature rate (surflayer_tr)
surflayer_z0=0.061489 # ## roughness length (momentum) when surflayerSelector > 0
surflayer_z0t=0.01 # ## roughness length (temperature) when surflayerSelector > 0
surflayer_wth=0    # ## kinematic sensible heat flux at the surface when surflayerSelector = 1
surflayer_idealsine=0 # ## selector for idealized sinusoidal surface heat flux or skin temperature forcing: 0= off, 1= on
surflayer_stab=0   # (DEFAULTED) ## exchange coeffcient stability correction selector: 0= on, 1= off
surflayer_z0tdyn=1 # (DEFAULTED) ## dynamic z0t calculation following Zilitinkevich (1995) approach: 0= off, 1= constant Zilitinkevich coeff, 2= variable Zilitinkevich coeff
## ----------: OFFSHORE ROUGHNESS ---
surflayer_offshore=0 # ## offshore selector: 0=off, 1=on
## ----------: CANOPY MODEL ---
canopySelector=0   # (DEFAULTED) ## canopy selector: 0= off, 1= on
## ----------: LARGE-SCALE FORCINGS MODEL ---
lsfSelector=1      # ## large-scale forcings selector: 0= off, 1= on
lsf_w_surf=0       # ## large-scale forcing to w at the first specified level
lsf_w_lev1=0       # ## large-scale forcing w at height 1
lsf_w_lev2=0       # ## large-scale forcing w at height 2
lsf_w_zlev1=300    # ## large-scale forcing w height 1
lsf_w_zlev2=1000   # ## large-scale forcing w height 2
lsf_th_surf=0      # ## large-scale forcing to theta at the first specified level
lsf_th_lev1=0      # ## large-scale forcing theta at height 1
lsf_th_lev2=0      # ## large-scale forcing theta at height 2
lsf_th_zlev1=500   # ## large-scale forcing theta height 1
lsf_th_zlev2=2000  # ## large-scale forcing theta height 2
lsf_qv_surf=-0.0432 # ## large-scale forcing to qv at the first specified level
lsf_qv_lev1=-0.0432 # ## large-scale forcing qv at height 1
lsf_qv_lev2=0      # ## large-scale forcing qv at height 2
lsf_qv_zlev1=300   # ## large-scale forcing qv height 1
lsf_qv_zlev2=500   # ## large-scale forcing qv height 2
lsf_horMnSubTerms=1 # ## large-scale subsidence terms Switch: 0= off, 1= on
lsf_freq=1         # ## large-scale forcing frequency (seconds)
## ----------: MOISTURE ---
moistureSelector=0 # ## moisture selector: 0= off, 1= on
## ----------: EXPLICIT FILTERS ---
filterSelector=1   # ## explicit filter selector: 0=off, 1=on
filter_6thdiff_vert=1 # ## vertical 6th-order filter on w selector: 0=off, 1=on
filter_6thdiff_vert_coeff=0.03 # ## vertical 6th-order filter factor: 0.0=off, 1.0=full
filter_6thdiff_hori=0 # (DEFAULTED) ## horizontal 6th-order filter on rho,theta,qv selector: 0=off, 1=on
filter_divdamp=0   # (DEFAULTED) ## divergence damping selector: 0=off, 1=on
## ----------: CELL PERTURBATION METHOD ---
cellpertSelector=0 # (DEFAULTED) ## CP method selector: 0= off, 1= on
## ----------: RAYLEIGH DAMPING LAYER ---
dampingLayerSelector=1 # ## Rayleigh damping layer selector: 0= off, 1= on.
dampingLayerDepth=500 # ## Rayleigh damping layer depth in meters
## ----------: AUXILIARY SCALARS ---
NhydroAuxScalars=0 # (DEFAULTED) ## Number of prognostic auxiliary scalar fields
## ----------: BASE-STATE ---
stabilityScheme=2  # ## Scheme used to set hydrostatic, stability-dependent Base-State EOS fields
temp_grnd=298.012  # ## Air Temperature (K) at the ground used to set hydrostatic Base-State EOS fields
pres_grnd=97700    # ## Pressure (Pa) at the ground used to set hydrostatic Base-State EOS fields
zStableBottom=300  # ## Height (m) of the first stable upper-layer when stabilityScheme = 2
stableGradient=0.08 # ## Vertical gradient (K/m) of the first stable upper-layer when stabilityScheme = 2
zStableBottom2=400 # ## Height (m) of the second stable upper-layer when stabilityScheme = 2
zStableBottom3=20000 # ## Height (m) of the third stable upper-layer when stabilityScheme = 2
stableGradient2=0.004 # ## Vertical gradient (K/m) of the second stable upper-layer when stabilityScheme = 2
stableGradient3=0.004 # ## Vertical gradient (K/m) of the third stable upper-layer when stabilityScheme = 2
U_g=2.07055        # ## Zonal (West-East) component of the geostrophic wind (m/s).
V_g=7.72741        # ## Meridional (South-North) component of the geostrophic wind (m/s).
z_Ug=10000         # ## Height (m) above ground for linear geostrophic wind gradient (zonal component).
z_Vg=10000         # ## Height (m) above ground for linear geostrophic wind gradient (meridional component).
Ug_grad=0          # ## U_g gradient above z_Ug (ms-1/m).
Vg_grad=0          # ## V_g gradient above z_Vg (ms-1/m).
thetaPerturbationSwitch=1 # ## Switch to include initial theta perturbations: 0=off, 1=on
thetaHeight=240    # ## Height below which to include initial theta perturbations: (meters)
thetaAmplitude=0.25 # ## Maximum amplitude for theta perturbations: thetaAmplitude*[-1,+1] K
physics_oneRKonly=1 # (DEFAULTED) ## selector to apply physics RHS forcing only at the latest RK stage: 0= off, 1= on
## TIME_INTEGRATION parameters---
timeMethod=0       # ## Selector for time integration method. [0=RK3-WS2002 (default)]
Nt=233280          # ## Number of timesteps to perform.
dt=0.0308642       # ## timestep resolution in seconds.
NtBatch=9720       # ## Number of timesteps to compute in batch launch, must have NtBatch <= Nt.

moistureMPcallTscale = 1.0   # NOT VALIDATED
c_s = 0.18   # NOT VALIDATED
nu_0 = 0.0   # NOT VALIDATED
moistureCond = 3   # NOT VALIDATED
moistureAdvSelectorQi = 2   # NOT VALIDATED
moistureAdvSelectorQv = 2   # NOT VALIDATED
surflayer_qr = 0.0   # NOT VALIDATED
surflayer_tr = -0.0   # NOT VALIDATED
surflayer_wq = 0.0   # NOT VALIDATED
moistureNvars = 2   # NOT VALIDATED
moistureCondTscale = 1.0   # NOT VALIDATED
moistureAdvSelectorQv_b = 0.0   # NOT VALIDATED
surflayer_ideal_qamp = 2.0   # NOT VALIDATED
surflayer_ideal_amp = 4.0   # NOT VALIDATED
surflayer_ideal_qte = 10.0   # NOT VALIDATED
surflayer_ideal_qts = 1.75   # NOT VALIDATED
surflayer_ideal_te = 43200   # NOT VALIDATED
surflayer_ideal_ts = 0.0   # NOT VALIDATED
moistureCondBasePres = 1   # NOT VALIDATED
moistureSGSturb = 1   # NOT VALIDATED
Input parameters passed verification.
Reading coordinates and input conditions from FE_ACC.0
Attempting to open inFileName = ./FE_ACC.0
inFileName = ./FE_ACC.0 as 4 dimensions
Opened inFileName = ./FE_ACC.0 with ncid = 65536
Established dimension ids of xIndex,yIndex,zIndex = 3, 2, 1
Reading IO-registered variable fields from inFileName = ./FE_ACC.0
Checking for xPos...
Next registered var in list to get is ptr->name = xPos, from ptr->ncvarid = 3
nc_get_vara() for  ptr->name = xPos, from ptr-ncvarid = 3,
 into ioBuffField = 0x0x77b46c10a010, for transpose into field = 0x0x77b499afd080 
Variable field = xPos has nDims = 4
Variable field = xPos has dimid(0) = 0: start, count => 0, 1
Variable field = xPos has dimid(1) = 1: start, count => 0, 122
Variable field = xPos has dimid(2) = 2: start, count => 0, 122
Variable field = xPos has dimid(3) = 3: start, count => 0, 122
Attempting for field = xPos with start = 0,0,0,0 and count = 1,122,122,122
Checking for yPos...
Next registered var in list to get is ptr->name = yPos, from ptr->ncvarid = 4
nc_get_vara() for  ptr->name = yPos, from ptr-ncvarid = 4,
 into ioBuffField = 0x0x77b46c10a010, for transpose into field = 0x0x77b4992fc080 
Variable field = yPos has nDims = 4
Variable field = yPos has dimid(0) = 0: start, count => 0, 1
Variable field = yPos has dimid(1) = 1: start, count => 0, 122
Variable field = yPos has dimid(2) = 2: start, count => 0, 122
Variable field = yPos has dimid(3) = 3: start, count => 0, 122
Attempting for field = yPos with start = 0,0,0,0 and count = 1,122,122,122
Checking for zPos...
Next registered var in list to get is ptr->name = zPos, from ptr->ncvarid = 5
nc_get_vara() for  ptr->name = zPos, from ptr-ncvarid = 5,
 into ioBuffField = 0x0x77b46c10a010, for transpose into field = 0x0x77b498afb080 
Variable field = zPos has nDims = 4
Variable field = zPos has dimid(0) = 0: start, count => 0, 1
Variable field = zPos has dimid(1) = 1: start, count => 0, 122
Variable field = zPos has dimid(2) = 2: start, count => 0, 122
Variable field = zPos has dimid(3) = 3: start, count => 0, 122
Attempting for field = zPos with start = 0,0,0,0 and count = 1,122,122,122
Checking for topoPos...
Next registered var in list to get is ptr->name = topoPos, from ptr->ncvarid = 6
nc_get_vara() for  ptr->name = topoPos, from ptr-ncvarid = 6,
 into ioBuffField = 0x0x77b46c10a010, for transpose into field = 0x0x653bd71dd600 
Variable field = topoPos has nDims = 3
Variable field = topoPos has dimid(0) = 0: start, count => 0, 1
Variable field = topoPos has dimid(1) = 2: start, count => 0, 122
Variable field = topoPos has dimid(2) = 3: start, count => 0, 0
Attempting for field = topoPos with start = 0,0,0,0 and count = 1,122,122,0
Checking for lat...
Next registered var in list to get is ptr->name = lat, from ptr->ncvarid = 7
nc_get_vara() for  ptr->name = lat, from ptr-ncvarid = 7,
 into ioBuffField = 0x0x77b46c10a010, for transpose into field = 0x0x653bd7200300 
Variable field = lat has nDims = 3
Variable field = lat has dimid(0) = 0: start, count => 0, 1
Variable field = lat has dimid(1) = 2: start, count => 0, 122
Variable field = lat has dimid(2) = 3: start, count => 0, 0
Attempting for field = lat with start = 0,0,0,0 and count = 1,122,122,0
Checking for lon...
Next registered var in list to get is ptr->name = lon, from ptr->ncvarid = 8
nc_get_vara() for  ptr->name = lon, from ptr-ncvarid = 8,
 into ioBuffField = 0x0x77b46c10a010, for transpose into field = 0x0x653bd7210380 
Variable field = lon has nDims = 3
Variable field = lon has dimid(0) = 0: start, count => 0, 1
Variable field = lon has dimid(1) = 2: start, count => 0, 122
Variable field = lon has dimid(2) = 3: start, count => 0, 0
Attempting for field = lon with start = 0,0,0,0 and count = 1,122,122,0
Checking for rho...
Next registered var in list to get is ptr->name = rho, from ptr->ncvarid = 9
nc_get_vara() for  ptr->name = rho, from ptr-ncvarid = 9,
 into ioBuffField = 0x0x77b46c10a010, for transpose into field = 0x0x77b464ffe080 
Variable field = rho has nDims = 4
Variable field = rho has dimid(0) = 0: start, count => 0, 1
Variable field = rho has dimid(1) = 1: start, count => 0, 122
Variable field = rho has dimid(2) = 2: start, count => 0, 122
Variable field = rho has dimid(3) = 3: start, count => 0, 122
Attempting for field = rho with start = 0,0,0,0 and count = 1,122,122,122
Checking for u...
Next registered var in list to get is ptr->name = u, from ptr->ncvarid = 10
nc_get_vara() for  ptr->name = u, from ptr-ncvarid = 10,
 into ioBuffField = 0x0x77b46c10a010, for transpose into field = 0x0x77b4657fe080 
Variable field = u has nDims = 4
Variable field = u has dimid(0) = 0: start, count => 0, 1
Variable field = u has dimid(1) = 1: start, count => 0, 122
Variable field = u has dimid(2) = 2: start, count => 0, 122
Variable field = u has dimid(3) = 3: start, count => 0, 122
Attempting for field = u with start = 0,0,0,0 and count = 1,122,122,122
Checking for v...
Next registered var in list to get is ptr->name = v, from ptr->ncvarid = 11
nc_get_vara() for  ptr->name = v, from ptr-ncvarid = 11,
 into ioBuffField = 0x0x77b46c10a010, for transpose into field = 0x0x77b465ffe080 
Variable field = v has nDims = 4
Variable field = v has dimid(0) = 0: start, count => 0, 1
Variable field = v has dimid(1) = 1: start, count => 0, 122
Variable field = v has dimid(2) = 2: start, count => 0, 122
Variable field = v has dimid(3) = 3: start, count => 0, 122
Attempting for field = v with start = 0,0,0,0 and count = 1,122,122,122
Checking for w...
Next registered var in list to get is ptr->name = w, from ptr->ncvarid = 12
nc_get_vara() for  ptr->name = w, from ptr-ncvarid = 12,
 into ioBuffField = 0x0x77b46c10a010, for transpose into field = 0x0x77b4667fe080 
Variable field = w has nDims = 4
Variable field = w has dimid(0) = 0: start, count => 0, 1
Variable field = w has dimid(1) = 1: start, count => 0, 122
Variable field = w has dimid(2) = 2: start, count => 0, 122
Variable field = w has dimid(3) = 3: start, count => 0, 122
Attempting for field = w with start = 0,0,0,0 and count = 1,122,122,122
Checking for theta...
Next registered var in list to get is ptr->name = theta, from ptr->ncvarid = 13
nc_get_vara() for  ptr->name = theta, from ptr-ncvarid = 13,
 into ioBuffField = 0x0x77b46c10a010, for transpose into field = 0x0x77b466ffe080 
Variable field = theta has nDims = 4
Variable field = theta has dimid(0) = 0: start, count => 0, 1
Variable field = theta has dimid(1) = 1: start, count => 0, 122
Variable field = theta has dimid(2) = 2: start, count => 0, 122
Variable field = theta has dimid(3) = 3: start, count => 0, 122
Attempting for field = theta with start = 0,0,0,0 and count = 1,122,122,122
Checking for pressure...
Next registered var in list to get is ptr->name = pressure, from ptr->ncvarid = 14
nc_get_vara() for  ptr->name = pressure, from ptr-ncvarid = 14,
 into ioBuffField = 0x0x77b46c10a010, for transpose into field = 0x0x77b4647fd080 
Variable field = pressure has nDims = 4
Variable field = pressure has dimid(0) = 0: start, count => 0, 1
Variable field = pressure has dimid(1) = 1: start, count => 0, 122
Variable field = pressure has dimid(2) = 2: start, count => 0, 122
Variable field = pressure has dimid(3) = 3: start, count => 0, 122
Attempting for field = pressure with start = 0,0,0,0 and count = 1,122,122,122
Checking for TKE_0...
Next registered var in list to get is ptr->name = TKE_0, from ptr->ncvarid = 15
nc_get_vara() for  ptr->name = TKE_0, from ptr-ncvarid = 15,
 into ioBuffField = 0x0x77b46c10a010, for transpose into field = 0x0x77b4617fb080 
Variable field = TKE_0 has nDims = 4
Variable field = TKE_0 has dimid(0) = 0: start, count => 0, 1
Variable field = TKE_0 has dimid(1) = 1: start, count => 0, 122
Variable field = TKE_0 has dimid(2) = 2: start, count => 0, 122
Variable field = TKE_0 has dimid(3) = 3: start, count => 0, 122
Attempting for field = TKE_0 with start = 0,0,0,0 and count = 1,122,122,122
Checking for tskin...
Next registered var in list to get is ptr->name = tskin, from ptr->ncvarid = 16
nc_get_vara() for  ptr->name = tskin, from ptr-ncvarid = 16,
 into ioBuffField = 0x0x77b46c10a010, for transpose into field = 0x0x653bd7279e00 
Variable field = tskin has nDims = 3
Variable field = tskin has dimid(0) = 0: start, count => 0, 1
Variable field = tskin has dimid(1) = 2: start, count => 0, 122
Variable field = tskin has dimid(2) = 3: start, count => 0, 0
Attempting for field = tskin with start = 0,0,0,0 and count = 1,122,122,0
Checking for fricVel...
Next registered var in list to get is ptr->name = fricVel, from ptr->ncvarid = 17
nc_get_vara() for  ptr->name = fricVel, from ptr-ncvarid = 17,
 into ioBuffField = 0x0x77b46c10a010, for transpose into field = 0x0x653bd7259c80 
Variable field = fricVel has nDims = 3
Variable field = fricVel has dimid(0) = 0: start, count => 0, 1
Variable field = fricVel has dimid(1) = 2: start, count => 0, 122
Variable field = fricVel has dimid(2) = 3: start, count => 0, 0
Attempting for field = fricVel with start = 0,0,0,0 and count = 1,122,122,0
Checking for htFlux...
Next registered var in list to get is ptr->name = htFlux, from ptr->ncvarid = 18
nc_get_vara() for  ptr->name = htFlux, from ptr-ncvarid = 18,
 into ioBuffField = 0x0x77b46c10a010, for transpose into field = 0x0x653bd7269d00 
Variable field = htFlux has nDims = 3
Variable field = htFlux has dimid(0) = 0: start, count => 0, 1
Variable field = htFlux has dimid(1) = 2: start, count => 0, 122
Variable field = htFlux has dimid(2) = 3: start, count => 0, 0
Attempting for field = htFlux with start = 0,0,0,0 and count = 1,122,122,0
Checking for invOblen...
Next registered var in list to get is ptr->name = invOblen, from ptr->ncvarid = 19
nc_get_vara() for  ptr->name = invOblen, from ptr-ncvarid = 19,
 into ioBuffField = 0x0x77b46c10a010, for transpose into field = 0x0x653bd7289e80 
Variable field = invOblen has nDims = 3
Variable field = invOblen has dimid(0) = 0: start, count => 0, 1
Variable field = invOblen has dimid(1) = 2: start, count => 0, 122
Variable field = invOblen has dimid(2) = 3: start, count => 0, 0
Attempting for field = invOblen with start = 0,0,0,0 and count = 1,122,122,0
Checking for z0m...
Next registered var in list to get is ptr->name = z0m, from ptr->ncvarid = 20
nc_get_vara() for  ptr->name = z0m, from ptr-ncvarid = 20,
 into ioBuffField = 0x0x77b46c10a010, for transpose into field = 0x0x653bd7299f80 
Variable field = z0m has nDims = 3
Variable field = z0m has dimid(0) = 0: start, count => 0, 1
Variable field = z0m has dimid(1) = 2: start, count => 0, 122
Variable field = z0m has dimid(2) = 3: start, count => 0, 0
Attempting for field = z0m with start = 0,0,0,0 and count = 1,122,122,0
Checking for z0t...
Next registered var in list to get is ptr->name = z0t, from ptr->ncvarid = 21
nc_get_vara() for  ptr->name = z0t, from ptr-ncvarid = 21,
 into ioBuffField = 0x0x77b46c10a010, for transpose into field = 0x0x653bd72aa000 
Variable field = z0t has nDims = 3
Variable field = z0t has dimid(0) = 0: start, count => 0, 1
Variable field = z0t has dimid(1) = 2: start, count => 0, 122
Variable field = z0t has dimid(2) = 3: start, count => 0, 0
Attempting for field = z0t with start = 0,0,0,0 and count = 1,122,122,0
Checking for time...
Next registered var in list to get is ptr->name = time, from ptr->ncvarid = 22
nc_get_vara() for  ptr->name = time, from ptr-ncvarid = 22,
 into ioBuffField = 0x0x77b46c10a010, for transpose into field = 0x0x653baa53bf78 
Variable field = time has nDims = 1
Variable field = time has dimid(0) = 0: start, count => 0, 1
Attempting for field = time with start = 0,0,0,0 and count = 1,122,122,0
Done Reading IO-registered variable fields from inFileName = ./FE_ACC.0
Success in reading from inFileName = ./FE_ACC.0
mpi_rank_world--0/1 grid-Coord-gen(), else-coordHorizHalos = 1!
mpi_rank_world--0/1 coordHalos, Western-Eastern Boundaries!
mpi_rank_world--0/1 coordHalos, Southern-Northern Boundaries!
stabilityScheme == 2: Base State setup complete.
Rank 0/1: Profile preparations complete!
cuda_gridDeviceSetup:-- (i,j,k)Min, ()Max = (3,3,3), (125,125,125)
fecuda_SetBlocksPerGrid: tBlock = {1, 8, 16}
fecuda_SetBlocksPerGrid: grid = {128, 16, 8}
lsf_horMnSubTerms = 1, setting up for 5 phi-fields.cuda_hydroCoreDeviceSetup() complete.
cuda_towersDeviceSetup: NelemsTowers = 0, NelemsTowersSurf = -1272182088
0/1 cuda_hydroCoreDeviceSecondaryStageSetup(): BdyUpdateSteps = 0 
Initializations complete after   1.3944 (s).
Main Time: Advancing simulation timestep = 0... and time =    0.00000

_____________________#######_________  STATE-SUMMARY @ it = 0 _________#######____________________ 

			!!!!!	  HYDRO_CORE 	 !!!!! 
Field 	|	 max	     --(i,j,k)		 |	  min	     --(i,j,k)		 |	 mean
---------------------------------------------------------------------------------------------------------
********-----
 Model Fields -
 ********-----
rho	Rank 0/1:       1.14033747 	 (29,13,3)	 |        0.83932477 	 (23,84,124)	 |       1.02553666 
-----
u	Rank 0/1:       3.46597934 	 (106,102,34)	 |       -0.66001254 	 (34,6,33)	 |       1.88340163 
-----
v	Rank 0/1:       8.49320221 	 (113,30,38)	 |        2.44772959 	 (116,87,3)	 |       7.34050560 
-----
w	Rank 0/1:       2.19510865 	 (74,38,21)	 |       -1.41813791 	 (92,71,24)	 |       0.00008968 
-----
theta	Rank 0/1:     318.40136719 	 (23,84,124)	 |      299.89224243 	 (56,90,37)	 |     310.35546875 
-----
press	Rank 0/1:      21.37500000 	 (76,40,35)	 |       12.18750000 	 (26,83,10)	 |      17.15619278 
-----
TKE_0	Rank 0/1:       0.69811928 	 (93,109,4)	 |        0.00000000 	 (93,107,6)	 |       0.01738801 
Dumping state at timestep = 0...
Dumped state at timestep = 0...
Rank 0/1: Batch complete results sent via cudaMemcpyDeviceToHost.

			!!!!!	  TIMESTEP PERFORMANCE  	 !!!!! 
 Total Time (s) | Batch Steps 	| Time/step (s) | Comp./step (s) | IO Time (s)
---------------------------------------------------------------------------------------------------------
    58.0282 	|     9720 	|    0.0060 	|    0.0059 	 |   0.277612 

********************************************************************************************************
Main Time: Advancing simulation timestep = 9720... and time =  300.00003

_____________________#######_________  STATE-SUMMARY @ it = 9720 _________#######____________________ 

			!!!!!	  HYDRO_CORE 	 !!!!! 
Field 	|	 max	     --(i,j,k)		 |	  min	     --(i,j,k)		 |	 mean
---------------------------------------------------------------------------------------------------------
********-----
 Model Fields -
 ********-----
rho	Rank 0/1:       1.14043808 	 (41,83,3)	 |        0.83932078 	 (64,82,124)	 |       1.02553058 
-----
u	Rank 0/1:       3.22174859 	 (91,94,32)	 |       -0.87872052 	 (59,25,30)	 |       1.86440384 
-----
v	Rank 0/1:       8.44300938 	 (3,104,39)	 |        2.45602250 	 (90,103,3)	 |       7.31347513 
-----
w	Rank 0/1:       1.90979481 	 (98,120,18)	 |       -1.42666161 	 (16,10,11)	 |       0.00003311 
-----
theta	Rank 0/1:     318.40161133 	 (64,82,124)	 |      299.87579346 	 (50,50,37)	 |     310.34597778 
-----
press	Rank 0/1:      21.13281250 	 (73,37,35)	 |       11.65625000 	 (32,86,3)	 |      16.71189690 
-----
TKE_0	Rank 0/1:       0.61676192 	 (50,104,4)	 |        0.00000000 	 (120,46,7)	 |       0.01477078 
Dumping state at timestep = 9720...
Dumped state at timestep = 9720...
Rank 0/1: Batch complete results sent via cudaMemcpyDeviceToHost.

			!!!!!	  TIMESTEP PERFORMANCE  	 !!!!! 
 Total Time (s) | Batch Steps 	| Time/step (s) | Comp./step (s) | IO Time (s)
---------------------------------------------------------------------------------------------------------
    57.7938 	|     9720 	|    0.0059 	|    0.0059 	 |   0.308483 

********************************************************************************************************
Main Time: Advancing simulation timestep = 19440... and time =  600.00006

_____________________#######_________  STATE-SUMMARY @ it = 19440 _________#######____________________ 

			!!!!!	  HYDRO_CORE 	 !!!!! 
Field 	|	 max	     --(i,j,k)		 |	  min	     --(i,j,k)		 |	 mean
---------------------------------------------------------------------------------------------------------
********-----
 Model Fields -
 ********-----
rho	Rank 0/1:       1.14044762 	 (121,5,3)	 |        0.83931881 	 (45,25,124)	 |       1.02552509 
-----
u	Rank 0/1:       2.99236917 	 (99,19,35)	 |       -0.38226417 	 (85,103,19)	 |       1.84517467 
-----
v	Rank 0/1:       8.33688545 	 (6,114,38)	 |        2.33111954 	 (115,75,3)	 |       7.28763962 
-----
w	Rank 0/1:       1.40384781 	 (90,6,23)	 |       -1.18748665 	 (104,25,30)	 |       0.00002271 
-----
theta	Rank 0/1:     318.40167236 	 (45,25,124)	 |      300.15435791 	 (12,119,35)	 |     310.33795166 
-----
press	Rank 0/1:      19.86718750 	 (71,96,35)	 |       12.26562500 	 (93,35,3)	 |      16.41840172 
-----
TKE_0	Rank 0/1:       0.55813658 	 (81,25,4)	 |        0.00000000 	 (109,72,7)	 |       0.01311136 
Dumping state at timestep = 19440...
Dumped state at timestep = 19440...
Rank 0/1: Batch complete results sent via cudaMemcpyDeviceToHost.

			!!!!!	  TIMESTEP PERFORMANCE  	 !!!!! 
 Total Time (s) | Batch Steps 	| Time/step (s) | Comp./step (s) | IO Time (s)
---------------------------------------------------------------------------------------------------------
    57.6496 	|     9720 	|    0.0059 	|    0.0059 	 |   0.241903 

********************************************************************************************************
Main Time: Advancing simulation timestep = 29160... and time =  900.00006

_____________________#######_________  STATE-SUMMARY @ it = 29160 _________#######____________________ 

			!!!!!	  HYDRO_CORE 	 !!!!! 
Field 	|	 max	     --(i,j,k)		 |	  min	     --(i,j,k)		 |	 mean
---------------------------------------------------------------------------------------------------------
********-----
 Model Fields -
 ********-----
rho	Rank 0/1:       1.14035106 	 (18,68,3)	 |        0.83931643 	 (20,81,124)	 |       1.02553058 
-----
u	Rank 0/1:       2.75471735 	 (52,123,39)	 |       -0.17904791 	 (27,54,12)	 |       1.82647991 
-----
v	Rank 0/1:       8.24498844 	 (51,47,39)	 |        2.22660995 	 (35,116,3)	 |       7.26274300 
-----
w	Rank 0/1:       1.15606856 	 (7,24,22)	 |       -1.00845456 	 (116,83,27)	 |       0.00001804 
-----
theta	Rank 0/1:     318.40167236 	 (20,81,124)	 |      300.26858521 	 (112,77,35)	 |     310.33789062 
-----
press	Rank 0/1:      19.65625000 	 (36,110,37)	 |       12.28125000 	 (27,41,3)	 |      16.19295311 
-----
TKE_0	Rank 0/1:       0.49408832 	 (93,77,4)	 |        0.00000000 	 (123,4,7)	 |       0.01166520 
Dumping state at timestep = 29160...
Dumped state at timestep = 29160...
Rank 0/1: Batch complete results sent via cudaMemcpyDeviceToHost.

			!!!!!	  TIMESTEP PERFORMANCE  	 !!!!! 
 Total Time (s) | Batch Steps 	| Time/step (s) | Comp./step (s) | IO Time (s)
---------------------------------------------------------------------------------------------------------
    57.6445 	|     9720 	|    0.0059 	|    0.0059 	 |   0.242244 

********************************************************************************************************
Main Time: Advancing simulation timestep = 38880... and time = 1200.00012

_____________________#######_________  STATE-SUMMARY @ it = 38880 _________#######____________________ 

			!!!!!	  HYDRO_CORE 	 !!!!! 
Field 	|	 max	     --(i,j,k)		 |	  min	     --(i,j,k)		 |	 mean
---------------------------------------------------------------------------------------------------------
********-----
 Model Fields -
 ********-----
rho	Rank 0/1:       1.14019322 	 (21,106,3)	 |        0.83931595 	 (88,60,124)	 |       1.02553582 
-----
u	Rank 0/1:       2.68744159 	 (64,57,38)	 |       -0.39148077 	 (55,28,14)	 |       1.80768061 
-----
v	Rank 0/1:       8.17174530 	 (74,8,39)	 |        2.12716460 	 (103,56,3)	 |       7.24549818 
-----
w	Rank 0/1:       0.93572795 	 (117,21,27)	 |       -0.91803831 	 (62,3,21)	 |       0.00001120 
-----
theta	Rank 0/1:     318.40151978 	 (88,60,124)	 |      300.32141113 	 (53,48,34)	 |     310.32955933 
-----
press	Rank 0/1:      19.34375000 	 (3,65,35)	 |       12.06250000 	 (51,48,3)	 |      16.00872993 
-----
TKE_0	Rank 0/1:       0.47831473 	 (108,13,4)	 |        0.00000000 	 (40,21,9)	 |       0.01057707 
Dumping state at timestep = 38880...
Dumped state at timestep = 38880...
Rank 0/1: Batch complete results sent via cudaMemcpyDeviceToHost.

			!!!!!	  TIMESTEP PERFORMANCE  	 !!!!! 
 Total Time (s) | Batch Steps 	| Time/step (s) | Comp./step (s) | IO Time (s)
---------------------------------------------------------------------------------------------------------
    57.6359 	|     9720 	|    0.0059 	|    0.0059 	 |   0.241148 

********************************************************************************************************
Main Time: Advancing simulation timestep = 48600... and time = 1500.00012

_____________________#######_________  STATE-SUMMARY @ it = 48600 _________#######____________________ 

			!!!!!	  HYDRO_CORE 	 !!!!! 
Field 	|	 max	     --(i,j,k)		 |	  min	     --(i,j,k)		 |	 mean
---------------------------------------------------------------------------------------------------------
********-----
 Model Fields -
 ********-----
rho	Rank 0/1:       1.14013875 	 (28,24,3)	 |        0.83931351 	 (62,113,124)	 |       1.02553713 
-----
u	Rank 0/1:       2.69063568 	 (111,108,39)	 |       -0.23741484 	 (58,67,11)	 |       1.79009604 
-----
v	Rank 0/1:       8.08669186 	 (117,104,39)	 |        1.97996283 	 (76,69,3)	 |       7.23343372 
-----
w	Rank 0/1:       1.09095967 	 (57,62,15)	 |       -0.80739993 	 (49,44,11)	 |       0.00000543 
-----
theta	Rank 0/1:     318.40203857 	 (62,113,124)	 |      300.40237427 	 (3,29,35)	 |     310.32614136 
-----
press	Rank 0/1:      19.22656250 	 (114,10,35)	 |       12.15625000 	 (57,9,3)	 |      15.85818481 
-----
TKE_0	Rank 0/1:       0.43115920 	 (93,48,4)	 |        0.00000000 	 (48,66,9)	 |       0.00985451 
Dumping state at timestep = 48600...
Dumped state at timestep = 48600...
Rank 0/1: Batch complete results sent via cudaMemcpyDeviceToHost.

			!!!!!	  TIMESTEP PERFORMANCE  	 !!!!! 
 Total Time (s) | Batch Steps 	| Time/step (s) | Comp./step (s) | IO Time (s)
---------------------------------------------------------------------------------------------------------
    57.6290 	|     9720 	|    0.0059 	|    0.0059 	 |   0.236367 

********************************************************************************************************
Main Time: Advancing simulation timestep = 58320... and time = 1800.00012

_____________________#######_________  STATE-SUMMARY @ it = 58320 _________#######____________________ 

			!!!!!	  HYDRO_CORE 	 !!!!! 
Field 	|	 max	     --(i,j,k)		 |	  min	     --(i,j,k)		 |	 mean
---------------------------------------------------------------------------------------------------------
********-----
 Model Fields -
 ********-----
rho	Rank 0/1:       1.14009774 	 (37,76,3)	 |        0.83931255 	 (6,91,124)	 |       1.02554047 
-----
u	Rank 0/1:       2.59465504 	 (118,23,38)	 |       -0.27179971 	 (120,36,10)	 |       1.77240932 
-----
v	Rank 0/1:       8.11713600 	 (86,62,39)	 |        1.99187613 	 (124,43,3)	 |       7.21812296 
-----
w	Rank 0/1:       0.90045840 	 (120,31,12)	 |       -0.73691064 	 (70,3,16)	 |       0.00000179 
-----
theta	Rank 0/1:     318.40216064 	 (6,91,124)	 |      300.42102051 	 (40,41,35)	 |     310.32501221 
-----
press	Rank 0/1:      18.92187500 	 (28,59,35)	 |       11.97656250 	 (118,23,3)	 |      15.72389793 
-----
TKE_0	Rank 0/1:       0.39621133 	 (60,10,4)	 |        0.00000000 	 (58,121,9)	 |       0.00929302 
Dumping state at timestep = 58320...
Dumped state at timestep = 58320...
Rank 0/1: Batch complete results sent via cudaMemcpyDeviceToHost.

			!!!!!	  TIMESTEP PERFORMANCE  	 !!!!! 
 Total Time (s) | Batch Steps 	| Time/step (s) | Comp./step (s) | IO Time (s)
---------------------------------------------------------------------------------------------------------
    58.0289 	|     9720 	|    0.0060 	|    0.0059 	 |   0.241604 

********************************************************************************************************
Main Time: Advancing simulation timestep = 68040... and time = 2100.00024

_____________________#######_________  STATE-SUMMARY @ it = 68040 _________#######____________________ 

			!!!!!	  HYDRO_CORE 	 !!!!! 
Field 	|	 max	     --(i,j,k)		 |	  min	     --(i,j,k)		 |	 mean
---------------------------------------------------------------------------------------------------------
********-----
 Model Fields -
 ********-----
rho	Rank 0/1:       1.14006627 	 (45,3,3)	 |        0.83931053 	 (26,44,124)	 |       1.02554834 
-----
u	Rank 0/1:       2.43509626 	 (11,33,39)	 |       -0.17468889 	 (92,76,16)	 |       1.75641918 
-----
v	Rank 0/1:       8.08437347 	 (39,43,38)	 |        1.90315485 	 (92,44,3)	 |       7.20691061 
-----
w	Rank 0/1:       0.82354945 	 (8,73,15)	 |       -0.74988639 	 (13,100,16)	 |       0.00000109 
-----
theta	Rank 0/1:     318.40261841 	 (26,45,124)	 |      300.38253784 	 (29,79,34)	 |     310.32952881 
-----
press	Rank 0/1:      18.83593750 	 (28,83,35)	 |       11.92968750 	 (112,51,3)	 |      15.59681225 
-----
TKE_0	Rank 0/1:       0.37854347 	 (4,82,4)	 |        0.00000000 	 (97,94,9)	 |       0.00895440 
Dumping state at timestep = 68040...
Dumped state at timestep = 68040...
Rank 0/1: Batch complete results sent via cudaMemcpyDeviceToHost.

			!!!!!	  TIMESTEP PERFORMANCE  	 !!!!! 
 Total Time (s) | Batch Steps 	| Time/step (s) | Comp./step (s) | IO Time (s)
---------------------------------------------------------------------------------------------------------
    58.0706 	|     9720 	|    0.0060 	|    0.0059 	 |   0.241252 

********************************************************************************************************
Main Time: Advancing simulation timestep = 77760... and time = 2400.00024

_____________________#######_________  STATE-SUMMARY @ it = 77760 _________#######____________________ 

			!!!!!	  HYDRO_CORE 	 !!!!! 
Field 	|	 max	     --(i,j,k)		 |	  min	     --(i,j,k)		 |	 mean
---------------------------------------------------------------------------------------------------------
********-----
 Model Fields -
 ********-----
rho	Rank 0/1:       1.14004171 	 (49,38,3)	 |        0.83930969 	 (112,55,124)	 |       1.02556360 
-----
u	Rank 0/1:       2.53536391 	 (18,107,39)	 |       -0.31251386 	 (16,19,14)	 |       1.73958135 
-----
v	Rank 0/1:       8.03066921 	 (60,77,40)	 |        1.92564297 	 (33,73,3)	 |       7.19671965 
-----
w	Rank 0/1:       0.78285289 	 (102,120,14)	 |       -0.71250492 	 (102,14,14)	 |      -0.00000063 
-----
theta	Rank 0/1:     318.40252686 	 (112,54,124)	 |      300.45025635 	 (85,79,34)	 |     310.31845093 
-----
press	Rank 0/1:      18.80468750 	 (58,90,35)	 |       11.70312500 	 (21,26,3)	 |      15.49085808 
-----
TKE_0	Rank 0/1:       0.45152876 	 (20,9,4)	 |        0.00000000 	 (23,111,9)	 |       0.00871467 
Dumping state at timestep = 77760...
Dumped state at timestep = 77760...
Rank 0/1: Batch complete results sent via cudaMemcpyDeviceToHost.

			!!!!!	  TIMESTEP PERFORMANCE  	 !!!!! 
 Total Time (s) | Batch Steps 	| Time/step (s) | Comp./step (s) | IO Time (s)
---------------------------------------------------------------------------------------------------------
    57.6407 	|     9720 	|    0.0059 	|    0.0059 	 |   0.241443 

********************************************************************************************************
Main Time: Advancing simulation timestep = 87480... and time = 2700.00024

_____________________#######_________  STATE-SUMMARY @ it = 87480 _________#######____________________ 

			!!!!!	  HYDRO_CORE 	 !!!!! 
Field 	|	 max	     --(i,j,k)		 |	  min	     --(i,j,k)		 |	 mean
---------------------------------------------------------------------------------------------------------
********-----
 Model Fields -
 ********-----
rho	Rank 0/1:       1.14002812 	 (55,84,3)	 |        0.83930939 	 (10,9,124)	 |       1.02555501 
-----
u	Rank 0/1:       2.48190069 	 (20,5,40)	 |       -0.67764032 	 (19,46,11)	 |       1.72357726 
-----
v	Rank 0/1:       8.00408363 	 (30,55,39)	 |        1.89407527 	 (107,76,3)	 |       7.18900633 
-----
w	Rank 0/1:       0.99124485 	 (24,75,23)	 |       -0.77220017 	 (20,49,11)	 |      -0.00000137 
-----
theta	Rank 0/1:     318.40243530 	 (10,9,124)	 |      300.47396851 	 (95,13,34)	 |     310.32342529 
-----
press	Rank 0/1:      18.70312500 	 (50,121,35)	 |       11.40625000 	 (21,49,3)	 |      15.39516544 
-----
TKE_0	Rank 0/1:       0.36681098 	 (28,56,4)	 |        0.00000000 	 (27,48,9)	 |       0.00855443 
Dumping state at timestep = 87480...
Dumped state at timestep = 87480...
Rank 0/1: Batch complete results sent via cudaMemcpyDeviceToHost.

			!!!!!	  TIMESTEP PERFORMANCE  	 !!!!! 
 Total Time (s) | Batch Steps 	| Time/step (s) | Comp./step (s) | IO Time (s)
---------------------------------------------------------------------------------------------------------
    57.9523 	|     9720 	|    0.0060 	|    0.0059 	 |   0.232516 

********************************************************************************************************
Main Time: Advancing simulation timestep = 97200... and time = 3000.00024

_____________________#######_________  STATE-SUMMARY @ it = 97200 _________#######____________________ 

			!!!!!	  HYDRO_CORE 	 !!!!! 
Field 	|	 max	     --(i,j,k)		 |	  min	     --(i,j,k)		 |	 mean
---------------------------------------------------------------------------------------------------------
********-----
 Model Fields -
 ********-----
rho	Rank 0/1:       1.14001322 	 (55,106,3)	 |        0.83930820 	 (31,85,124)	 |       1.02555847 
-----
u	Rank 0/1:       2.47729492 	 (29,73,39)	 |       -0.65110677 	 (94,94,15)	 |       1.70714808 
-----
v	Rank 0/1:       8.03528500 	 (19,6,39)	 |        1.82415009 	 (45,97,3)	 |       7.18227053 
-----
w	Rank 0/1:       1.19391191 	 (89,64,20)	 |       -0.68675482 	 (89,70,15)	 |      -0.00000297 
-----
theta	Rank 0/1:     318.40258789 	 (31,85,124)	 |      300.47671509 	 (52,123,32)	 |     310.32409668 
-----
press	Rank 0/1:      18.64062500 	 (64,59,35)	 |       11.43750000 	 (92,60,3)	 |      15.30615902 
-----
TKE_0	Rank 0/1:       0.42377490 	 (86,62,4)	 |        0.00000000 	 (113,92,10)	 |       0.00860121 
Dumping state at timestep = 97200...
Dumped state at timestep = 97200...
Rank 0/1: Batch complete results sent via cudaMemcpyDeviceToHost.

			!!!!!	  TIMESTEP PERFORMANCE  	 !!!!! 
 Total Time (s) | Batch Steps 	| Time/step (s) | Comp./step (s) | IO Time (s)
---------------------------------------------------------------------------------------------------------
    57.6195 	|     9720 	|    0.0059 	|    0.0059 	 |   0.233004 

********************************************************************************************************
Main Time: Advancing simulation timestep = 106920... and time = 3300.00024

_____________________#######_________  STATE-SUMMARY @ it = 106920 _________#######____________________ 

			!!!!!	  HYDRO_CORE 	 !!!!! 
Field 	|	 max	     --(i,j,k)		 |	  min	     --(i,j,k)		 |	 mean
---------------------------------------------------------------------------------------------------------
********-----
 Model Fields -
 ********-----
rho	Rank 0/1:       1.14000022 	 (63,52,3)	 |        0.83930832 	 (109,109,124)	 |       1.02557373 
-----
u	Rank 0/1:       2.47535229 	 (16,90,40)	 |       -0.54855460 	 (31,81,12)	 |       1.69159853 
-----
v	Rank 0/1:       8.03686333 	 (83,29,40)	 |        1.75604975 	 (102,33,3)	 |       7.17808819 
-----
w	Rank 0/1:       0.85435170 	 (33,54,22)	 |       -0.77767092 	 (101,121,21)	 |      -0.00000296 
-----
theta	Rank 0/1:     318.40222168 	 (109,109,124)	 |      300.48263550 	 (63,52,3)	 |     310.32513428 
-----
press	Rank 0/1:      18.46093750 	 (29,30,35)	 |       11.48437500 	 (111,36,3)	 |      15.21427059 
-----
TKE_0	Rank 0/1:       0.40260834 	 (32,29,4)	 |        0.00000000 	 (91,115,9)	 |       0.00860844 
Dumping state at timestep = 106920...
Dumped state at timestep = 106920...
Rank 0/1: Batch complete results sent via cudaMemcpyDeviceToHost.

			!!!!!	  TIMESTEP PERFORMANCE  	 !!!!! 
 Total Time (s) | Batch Steps 	| Time/step (s) | Comp./step (s) | IO Time (s)
---------------------------------------------------------------------------------------------------------
    58.0334 	|     9720 	|    0.0060 	|    0.0059 	 |   0.233162 

********************************************************************************************************
Main Time: Advancing simulation timestep = 116640... and time = 3600.00024

_____________________#######_________  STATE-SUMMARY @ it = 116640 _________#######____________________ 

			!!!!!	  HYDRO_CORE 	 !!!!! 
Field 	|	 max	     --(i,j,k)		 |	  min	     --(i,j,k)		 |	 mean
---------------------------------------------------------------------------------------------------------
********-----
 Model Fields -
 ********-----
rho	Rank 0/1:       1.13998711 	 (64,90,3)	 |        0.83930600 	 (8,65,124)	 |       1.02555859 
-----
u	Rank 0/1:       2.45513272 	 (39,8,39)	 |       -0.71465623 	 (34,63,8)	 |       1.67549396 
-----
v	Rank 0/1:       8.04683971 	 (71,109,39)	 |        1.74930608 	 (116,116,3)	 |       7.17268562 
-----
w	Rank 0/1:       0.88734549 	 (104,61,27)	 |       -0.77237487 	 (41,102,12)	 |      -0.00000304 
-----
theta	Rank 0/1:     318.40267944 	 (8,65,124)	 |      300.47045898 	 (13,75,34)	 |     310.31680298 
-----
press	Rank 0/1:      18.25000000 	 (89,16,35)	 |       11.24218750 	 (39,112,3)	 |      15.11938858 
-----
TKE_0	Rank 0/1:       0.42615926 	 (97,25,4)	 |        0.00000000 	 (42,27,9)	 |       0.00853578 
Dumping state at timestep = 116640...
Dumped state at timestep = 116640...
Rank 0/1: Batch complete results sent via cudaMemcpyDeviceToHost.

			!!!!!	  TIMESTEP PERFORMANCE  	 !!!!! 
 Total Time (s) | Batch Steps 	| Time/step (s) | Comp./step (s) | IO Time (s)
---------------------------------------------------------------------------------------------------------
    57.6076 	|     9720 	|    0.0059 	|    0.0059 	 |   0.228253 

********************************************************************************************************
Main Time: Advancing simulation timestep = 126360... and time = 3900.00024

_____________________#######_________  STATE-SUMMARY @ it = 126360 _________#######____________________ 

			!!!!!	  HYDRO_CORE 	 !!!!! 
Field 	|	 max	     --(i,j,k)		 |	  min	     --(i,j,k)		 |	 mean
---------------------------------------------------------------------------------------------------------
********-----
 Model Fields -
 ********-----
rho	Rank 0/1:       1.13997769 	 (61,115,3)	 |        0.83930653 	 (19,105,124)	 |       1.02555656 
-----
u	Rank 0/1:       2.46709037 	 (46,83,39)	 |       -0.76468778 	 (6,109,8)	 |       1.65956593 
-----
v	Rank 0/1:       7.98299026 	 (68,38,40)	 |        1.75071609 	 (120,40,3)	 |       7.16710043 
-----
w	Rank 0/1:       0.96287274 	 (9,14,17)	 |       -1.00655806 	 (7,113,10)	 |      -0.00000455 
-----
theta	Rank 0/1:     318.40237427 	 (52,110,124)	 |      300.39923096 	 (54,62,35)	 |     310.32116699 
-----
press	Rank 0/1:      18.07031250 	 (24,60,35)	 |       10.89843750 	 (9,114,3)	 |      15.00457859 
-----
TKE_0	Rank 0/1:       0.43370157 	 (124,112,4)	 |        0.00000000 	 (10,123,9)	 |       0.00865219 
Dumping state at timestep = 126360...
Dumped state at timestep = 126360...
Rank 0/1: Batch complete results sent via cudaMemcpyDeviceToHost.

			!!!!!	  TIMESTEP PERFORMANCE  	 !!!!! 
 Total Time (s) | Batch Steps 	| Time/step (s) | Comp./step (s) | IO Time (s)
---------------------------------------------------------------------------------------------------------
    58.0350 	|     9720 	|    0.0060 	|    0.0059 	 |   0.232997 

********************************************************************************************************
Main Time: Advancing simulation timestep = 136080... and time = 4200.00049

_____________________#######_________  STATE-SUMMARY @ it = 136080 _________#######____________________ 

			!!!!!	  HYDRO_CORE 	 !!!!! 
Field 	|	 max	     --(i,j,k)		 |	  min	     --(i,j,k)		 |	 mean
---------------------------------------------------------------------------------------------------------
********-----
 Model Fields -
 ********-----
rho	Rank 0/1:       1.13996625 	 (66,48,3)	 |        0.83930403 	 (73,65,124)	 |       1.02555573 
-----
u	Rank 0/1:       2.41792178 	 (97,90,39)	 |       -0.70693207 	 (113,69,5)	 |       1.64403880 
-----
v	Rank 0/1:       8.01804638 	 (79,14,40)	 |        1.73024392 	 (116,111,3)	 |       7.16344166 
-----
w	Rank 0/1:       1.10427654 	 (16,71,20)	 |       -0.85756433 	 (14,41,12)	 |      -0.00000593 
-----
theta	Rank 0/1:     318.40261841 	 (73,65,124)	 |      300.37231445 	 (63,23,35)	 |     310.31832886 
-----
press	Rank 0/1:      17.95312500 	 (21,60,35)	 |       10.87500000 	 (106,42,3)	 |      14.88230801 
-----
TKE_0	Rank 0/1:       0.42501217 	 (39,36,4)	 |        0.00000000 	 (14,46,8)	 |       0.00861719 
Dumping state at timestep = 136080...
Dumped state at timestep = 136080...
Rank 0/1: Batch complete results sent via cudaMemcpyDeviceToHost.

			!!!!!	  TIMESTEP PERFORMANCE  	 !!!!! 
 Total Time (s) | Batch Steps 	| Time/step (s) | Comp./step (s) | IO Time (s)
---------------------------------------------------------------------------------------------------------
    57.6074 	|     9720 	|    0.0059 	|    0.0059 	 |   0.232427 

********************************************************************************************************
Main Time: Advancing simulation timestep = 145800... and time = 4500.00049

_____________________#######_________  STATE-SUMMARY @ it = 145800 _________#######____________________ 

			!!!!!	  HYDRO_CORE 	 !!!!! 
Field 	|	 max	     --(i,j,k)		 |	  min	     --(i,j,k)		 |	 mean
---------------------------------------------------------------------------------------------------------
********-----
 Model Fields -
 ********-----
rho	Rank 0/1:       1.13995612 	 (72,105,3)	 |        0.83930248 	 (31,80,124)	 |       1.02556157 
-----
u	Rank 0/1:       2.40964198 	 (39,15,39)	 |       -1.06275058 	 (123,3,9)	 |       1.62964785 
-----
v	Rank 0/1:       8.03464794 	 (93,77,39)	 |        1.61669099 	 (56,63,3)	 |       7.16281414 
-----
w	Rank 0/1:       1.12297440 	 (3,15,19)	 |       -0.87385392 	 (124,28,17)	 |      -0.00000696 
-----
theta	Rank 0/1:     318.40301514 	 (69,50,124)	 |      300.37554932 	 (79,94,35)	 |     310.32611084 
-----
press	Rank 0/1:      17.89062500 	 (15,102,35)	 |       10.73437500 	 (59,34,3)	 |      14.73890305 
-----
TKE_0	Rank 0/1:       0.45922166 	 (18,95,4)	 |        0.00000000 	 (18,95,8)	 |       0.00876750 
Dumping state at timestep = 145800...
Dumped state at timestep = 145800...
Rank 0/1: Batch complete results sent via cudaMemcpyDeviceToHost.

			!!!!!	  TIMESTEP PERFORMANCE  	 !!!!! 
 Total Time (s) | Batch Steps 	| Time/step (s) | Comp./step (s) | IO Time (s)
---------------------------------------------------------------------------------------------------------
    57.5855 	|     9720 	|    0.0059 	|    0.0059 	 |   0.232699 

********************************************************************************************************
Main Time: Advancing simulation timestep = 155520... and time = 4800.00049

_____________________#######_________  STATE-SUMMARY @ it = 155520 _________#######____________________ 

			!!!!!	  HYDRO_CORE 	 !!!!! 
Field 	|	 max	     --(i,j,k)		 |	  min	     --(i,j,k)		 |	 mean
---------------------------------------------------------------------------------------------------------
********-----
 Model Fields -
 ********-----
rho	Rank 0/1:       1.13994956 	 (82,114,3)	 |        0.83930099 	 (81,92,124)	 |       1.02556276 
-----
u	Rank 0/1:       2.48082900 	 (62,66,39)	 |       -1.26006722 	 (60,114,15)	 |       1.61502624 
-----
v	Rank 0/1:       8.03715897 	 (5,25,39)	 |        1.76223218 	 (74,66,3)	 |       7.16128683 
-----
w	Rank 0/1:       1.03025174 	 (60,111,15)	 |       -0.96578175 	 (57,109,11)	 |      -0.00000666 
-----
theta	Rank 0/1:     318.40319824 	 (81,92,124)	 |      300.36056519 	 (29,37,35)	 |     310.31704712 
-----
press	Rank 0/1:      17.67968750 	 (28,34,35)	 |       10.48437500 	 (58,124,3)	 |      14.58103848 
-----
TKE_0	Rank 0/1:       0.46952102 	 (59,81,4)	 |        0.00000000 	 (45,23,9)	 |       0.00889283 
Dumping state at timestep = 155520...
Dumped state at timestep = 155520...
Rank 0/1: Batch complete results sent via cudaMemcpyDeviceToHost.

			!!!!!	  TIMESTEP PERFORMANCE  	 !!!!! 
 Total Time (s) | Batch Steps 	| Time/step (s) | Comp./step (s) | IO Time (s)
---------------------------------------------------------------------------------------------------------
    57.5698 	|     9720 	|    0.0059 	|    0.0059 	 |   0.205722 

********************************************************************************************************
Main Time: Advancing simulation timestep = 165240... and time = 5100.00049

_____________________#######_________  STATE-SUMMARY @ it = 165240 _________#######____________________ 

			!!!!!	  HYDRO_CORE 	 !!!!! 
Field 	|	 max	     --(i,j,k)		 |	  min	     --(i,j,k)		 |	 mean
---------------------------------------------------------------------------------------------------------
********-----
 Model Fields -
 ********-----
rho	Rank 0/1:       1.13994575 	 (82,26,3)	 |        0.83929962 	 (102,48,124)	 |       1.02556467 
-----
u	Rank 0/1:       2.36983800 	 (52,117,40)	 |       -1.27436423 	 (122,64,12)	 |       1.60079873 
-----
v	Rank 0/1:       8.06945705 	 (83,33,39)	 |        1.74968290 	 (64,103,3)	 |       7.15848589 
-----
w	Rank 0/1:       1.11184263 	 (10,48,16)	 |       -0.90551060 	 (64,58,15)	 |      -0.00000791 
-----
theta	Rank 0/1:     318.40304565 	 (102,48,124)	 |      300.40069580 	 (34,113,35)	 |     310.32632446 
-----
press	Rank 0/1:      17.53125000 	 (77,19,35)	 |       10.17968750 	 (112,86,3)	 |      14.40833950 
-----
TKE_0	Rank 0/1:       0.44391629 	 (122,36,4)	 |        0.00000000 	 (47,56,9)	 |       0.00898672 
Dumping state at timestep = 165240...
Dumped state at timestep = 165240...
Rank 0/1: Batch complete results sent via cudaMemcpyDeviceToHost.

			!!!!!	  TIMESTEP PERFORMANCE  	 !!!!! 
 Total Time (s) | Batch Steps 	| Time/step (s) | Comp./step (s) | IO Time (s)
---------------------------------------------------------------------------------------------------------
    57.5671 	|     9720 	|    0.0059 	|    0.0059 	 |   0.208006 

********************************************************************************************************
Main Time: Advancing simulation timestep = 174960... and time = 5400.00049

_____________________#######_________  STATE-SUMMARY @ it = 174960 _________#######____________________ 

			!!!!!	  HYDRO_CORE 	 !!!!! 
Field 	|	 max	     --(i,j,k)		 |	  min	     --(i,j,k)		 |	 mean
---------------------------------------------------------------------------------------------------------
********-----
 Model Fields -
 ********-----
rho	Rank 0/1:       1.13993812 	 (79,72,3)	 |        0.83929765 	 (123,3,124)	 |       1.02556169 
-----
u	Rank 0/1:       2.40936017 	 (56,72,40)	 |       -1.07192481 	 (124,118,11)	 |       1.58688402 
-----
v	Rank 0/1:       8.03281307 	 (79,93,39)	 |        1.71565807 	 (67,90,3)	 |       7.15694332 
-----
w	Rank 0/1:       1.03664172 	 (55,14,18)	 |       -0.93459481 	 (114,23,11)	 |      -0.00000785 
-----
theta	Rank 0/1:     318.40344238 	 (44,54,124)	 |      300.43188477 	 (75,110,36)	 |     310.31817627 
-----
press	Rank 0/1:      17.30468750 	 (123,49,35)	 |       10.01562500 	 (14,121,3)	 |      14.21025467 
-----
TKE_0	Rank 0/1:       0.43603739 	 (121,24,4)	 |        0.00000000 	 (9,73,7)	 |       0.00904977 
Dumping state at timestep = 174960...
Dumped state at timestep = 174960...
Rank 0/1: Batch complete results sent via cudaMemcpyDeviceToHost.

			!!!!!	  TIMESTEP PERFORMANCE  	 !!!!! 
 Total Time (s) | Batch Steps 	| Time/step (s) | Comp./step (s) | IO Time (s)
---------------------------------------------------------------------------------------------------------
    57.5683 	|     9720 	|    0.0059 	|    0.0059 	 |   0.205720 

********************************************************************************************************
Main Time: Advancing simulation timestep = 184680... and time = 5700.00049

_____________________#######_________  STATE-SUMMARY @ it = 184680 _________#######____________________ 

			!!!!!	  HYDRO_CORE 	 !!!!! 
Field 	|	 max	     --(i,j,k)		 |	  min	     --(i,j,k)		 |	 mean
---------------------------------------------------------------------------------------------------------
********-----
 Model Fields -
 ********-----
rho	Rank 0/1:       1.13993239 	 (84,9,3)	 |        0.83929563 	 (64,9,124)	 |       1.02557826 
-----
u	Rank 0/1:       2.40254283 	 (81,106,40)	 |       -1.15473998 	 (3,57,12)	 |       1.57284653 
-----
v	Rank 0/1:       8.03323078 	 (21,54,40)	 |        1.72321332 	 (73,79,3)	 |       7.15740395 
-----
w	Rank 0/1:       1.17043173 	 (117,58,24)	 |       -1.00716901 	 (62,59,10)	 |      -0.00000744 
-----
theta	Rank 0/1:     318.40365601 	 (64,9,124)	 |      300.35824585 	 (79,99,35)	 |     310.32254028 
-----
press	Rank 0/1:      17.21093750 	 (52,98,35)	 |       10.05468750 	 (49,108,3)	 |      14.01857662 
-----
TKE_0	Rank 0/1:       0.46738696 	 (17,93,4)	 |        0.00000000 	 (64,28,9)	 |       0.00903633 
Dumping state at timestep = 184680...
Dumped state at timestep = 184680...
Rank 0/1: Batch complete results sent via cudaMemcpyDeviceToHost.

			!!!!!	  TIMESTEP PERFORMANCE  	 !!!!! 
 Total Time (s) | Batch Steps 	| Time/step (s) | Comp./step (s) | IO Time (s)
---------------------------------------------------------------------------------------------------------
    57.5758 	|     9720 	|    0.0059 	|    0.0059 	 |   0.206053 

********************************************************************************************************
Main Time: Advancing simulation timestep = 194400... and time = 6000.00049

_____________________#######_________  STATE-SUMMARY @ it = 194400 _________#######____________________ 

			!!!!!	  HYDRO_CORE 	 !!!!! 
Field 	|	 max	     --(i,j,k)		 |	  min	     --(i,j,k)		 |	 mean
---------------------------------------------------------------------------------------------------------
********-----
 Model Fields -
 ********-----
rho	Rank 0/1:       1.13992786 	 (85,65,3)	 |        0.83929503 	 (85,85,124)	 |       1.02556717 
-----
u	Rank 0/1:       2.50268221 	 (21,74,39)	 |       -1.35303342 	 (47,31,8)	 |       1.55797637 
-----
v	Rank 0/1:       8.13956642 	 (24,72,40)	 |        1.69236827 	 (73,89,3)	 |       7.15680552 
-----
w	Rank 0/1:       1.13779402 	 (53,41,18)	 |       -0.93695521 	 (26,112,16)	 |      -0.00000733 
-----
theta	Rank 0/1:     318.40325928 	 (85,85,124)	 |      300.16986084 	 (20,74,36)	 |     310.32498169 
-----
press	Rank 0/1:      17.14062500 	 (106,77,35)	 |        9.73437500 	 (49,34,3)	 |      13.82993698 
-----
TKE_0	Rank 0/1:       0.47614151 	 (112,109,4)	 |        0.00000000 	 (51,93,9)	 |       0.00900092 
Dumping state at timestep = 194400...
Dumped state at timestep = 194400...
Rank 0/1: Batch complete results sent via cudaMemcpyDeviceToHost.

			!!!!!	  TIMESTEP PERFORMANCE  	 !!!!! 
 Total Time (s) | Batch Steps 	| Time/step (s) | Comp./step (s) | IO Time (s)
---------------------------------------------------------------------------------------------------------
    57.5683 	|     9720 	|    0.0059 	|    0.0059 	 |   0.205979 

********************************************************************************************************
Main Time: Advancing simulation timestep = 204120... and time = 6300.00049

_____________________#######_________  STATE-SUMMARY @ it = 204120 _________#######____________________ 

			!!!!!	  HYDRO_CORE 	 !!!!! 
Field 	|	 max	     --(i,j,k)		 |	  min	     --(i,j,k)		 |	 mean
---------------------------------------------------------------------------------------------------------
********-----
 Model Fields -
 ********-----
rho	Rank 0/1:       1.13992262 	 (86,120,3)	 |        0.83929449 	 (63,112,124)	 |       1.02555978 
-----
u	Rank 0/1:       2.40302205 	 (42,29,39)	 |       -1.20343816 	 (54,25,10)	 |       1.54409480 
-----
v	Rank 0/1:       8.05784416 	 (80,123,39)	 |        1.70588827 	 (70,37,3)	 |       7.15502882 
-----
w	Rank 0/1:       0.89666790 	 (61,24,14)	 |       -0.89315820 	 (62,19,9)	 |      -0.00000711 
-----
theta	Rank 0/1:     318.40319824 	 (63,112,124)	 |      300.31127930 	 (26,14,35)	 |     310.32662964 
-----
press	Rank 0/1:      16.78906250 	 (22,93,35)	 |        9.63281250 	 (115,70,3)	 |      13.65559387 
-----
TKE_0	Rank 0/1:       0.43352357 	 (61,34,4)	 |        0.00000000 	 (59,87,9)	 |       0.00898664 
Dumping state at timestep = 204120...
Dumped state at timestep = 204120...
Rank 0/1: Batch complete results sent via cudaMemcpyDeviceToHost.

			!!!!!	  TIMESTEP PERFORMANCE  	 !!!!! 
 Total Time (s) | Batch Steps 	| Time/step (s) | Comp./step (s) | IO Time (s)
---------------------------------------------------------------------------------------------------------
    57.5662 	|     9720 	|    0.0059 	|    0.0059 	 |   0.206249 

********************************************************************************************************
Main Time: Advancing simulation timestep = 213840... and time = 6600.00049

_____________________#######_________  STATE-SUMMARY @ it = 213840 _________#######____________________ 

			!!!!!	  HYDRO_CORE 	 !!!!! 
Field 	|	 max	     --(i,j,k)		 |	  min	     --(i,j,k)		 |	 mean
---------------------------------------------------------------------------------------------------------
********-----
 Model Fields -
 ********-----
rho	Rank 0/1:       1.13991845 	 (81,44,3)	 |        0.83929300 	 (90,109,124)	 |       1.02555203 
-----
u	Rank 0/1:       2.44086790 	 (18,16,39)	 |       -1.21715820 	 (65,65,7)	 |       1.53062844 
-----
v	Rank 0/1:       8.06439877 	 (78,58,40)	 |        1.73561084 	 (69,79,3)	 |       7.15158224 
-----
w	Rank 0/1:       1.12180305 	 (54,36,24)	 |       -0.87564903 	 (71,24,14)	 |      -0.00000729 
-----
theta	Rank 0/1:     318.40332031 	 (54,12,124)	 |      300.42446899 	 (49,5,35)	 |     310.32318115 
-----
press	Rank 0/1:      16.67187500 	 (54,33,35)	 |        9.53906250 	 (67,14,3)	 |      13.49845505 
-----
TKE_0	Rank 0/1:       0.42428845 	 (106,113,4)	 |        0.00000000 	 (68,66,10)	 |       0.00899887 
Dumping state at timestep = 213840...
Dumped state at timestep = 213840...
Rank 0/1: Batch complete results sent via cudaMemcpyDeviceToHost.

			!!!!!	  TIMESTEP PERFORMANCE  	 !!!!! 
 Total Time (s) | Batch Steps 	| Time/step (s) | Comp./step (s) | IO Time (s)
---------------------------------------------------------------------------------------------------------
    57.5651 	|     9720 	|    0.0059 	|    0.0059 	 |   0.205563 

********************************************************************************************************
Main Time: Advancing simulation timestep = 223560... and time = 6900.00049

_____________________#######_________  STATE-SUMMARY @ it = 223560 _________#######____________________ 

			!!!!!	  HYDRO_CORE 	 !!!!! 
Field 	|	 max	     --(i,j,k)		 |	  min	     --(i,j,k)		 |	 mean
---------------------------------------------------------------------------------------------------------
********-----
 Model Fields -
 ********-----
rho	Rank 0/1:       1.13991284 	 (79,77,3)	 |        0.83929121 	 (50,49,124)	 |       1.02554893 
-----
u	Rank 0/1:       2.34280181 	 (22,80,39)	 |       -1.40701652 	 (123,11,12)	 |       1.51664090 
-----
v	Rank 0/1:       8.07029247 	 (25,74,39)	 |        1.74072325 	 (59,9,3)	 |       7.15068769 
-----
w	Rank 0/1:       1.07889998 	 (114,123,23)	 |       -0.87014192 	 (26,73,19)	 |      -0.00000670 
-----
theta	Rank 0/1:     318.40344238 	 (50,49,124)	 |      300.36090088 	 (123,53,36)	 |     310.32431030 
-----
press	Rank 0/1:      16.39843750 	 (6,60,35)	 |        9.40625000 	 (25,121,3)	 |      13.34884453 
-----
TKE_0	Rank 0/1:       0.50764298 	 (29,66,4)	 |        0.00000000 	 (68,73,11)	 |       0.00906822 
Dumping state at timestep = 223560...
Dumped state at timestep = 223560...
Rank 0/1: Batch complete results sent via cudaMemcpyDeviceToHost.

			!!!!!	  TIMESTEP PERFORMANCE  	 !!!!! 
 Total Time (s) | Batch Steps 	| Time/step (s) | Comp./step (s) | IO Time (s)
---------------------------------------------------------------------------------------------------------
    57.5761 	|     9720 	|    0.0059 	|    0.0059 	 |   0.206084 

********************************************************************************************************

_____________________#######_________  STATE-SUMMARY @ it = 233280 _________#######____________________ 

			!!!!!	  HYDRO_CORE 	 !!!!! 
Field 	|	 max	     --(i,j,k)		 |	  min	     --(i,j,k)		 |	 mean
---------------------------------------------------------------------------------------------------------
********-----
 Model Fields -
 ********-----
rho	Rank 0/1:       1.13990796 	 (78,15,3)	 |        0.83928996 	 (72,4,124)	 |       1.02554131 
-----
u	Rank 0/1:       2.37451720 	 (75,40,40)	 |       -1.31923497 	 (107,43,13)	 |       1.50256395 
-----
v	Rank 0/1:       8.11112022 	 (4,108,39)	 |        1.71777165 	 (59,55,3)	 |       7.15076113 
-----
w	Rank 0/1:       1.22161627 	 (22,3,27)	 |       -0.88250691 	 (13,80,21)	 |      -0.00000639 
-----
theta	Rank 0/1:     318.40350342 	 (71,4,124)	 |      300.42736816 	 (83,77,35)	 |     310.32229614 
-----
press	Rank 0/1:      16.38281250 	 (104,23,35)	 |        9.26562500 	 (48,106,3)	 |      13.20277023 
-----
TKE_0	Rank 0/1:       0.38284293 	 (5,40,4)	 |        0.00000000 	 (124,84,11)	 |       0.00905716 

_____________________#######_________  TOWER-SUMMARY @ it = 233280 _________#######____________________ 
Dumping state at timestep = 233280...
Dumped state at timestep = 233280...

			!!!!!	  TIMESTEP PERFORMANCE  	 !!!!! 
 Total Time (s) | Batch Steps 	| Time/step (s) | Comp./step (s) | IO Time (s)
---------------------------------------------------------------------------------------------------------
     0.2341 	|        0 	|    0.0000 	|    0.0000 	 |   0.174809 

********************************************************************************************************
Your FastEddy simulation is complete!
Cleaning up...
Shutting down MPI...
 Goodbye!
