Obtaining parameters from ./run.in
Successfully opened ./run.in and read 129 lines.
Warning more than 10000 entries were requested for the parameters hash table.
Consider changing the requested table size in the PARAMETERS module.
WARNING: optional parameter ioLPDMmode defaulted to 0.
WARNING: optional parameter ioLPDMfullFrq defaulted to 0.
WARNING: optional parameter lpdmOnlineSelector defaulted to 0.
WARNING: optional parameter lpdmOnlineQueue defaulted to 4.
WARNING: optional parameter lpdmOnlinePause1 defaulted to 0.
WARNING: optional parameter lpdmOnlinePause2 defaulted to 0.
WARNING: optional parameter towerIOSelector defaulted to 0.
WARNING: optional parameter gridFile defaulted to NULL.
WARNING: optional parameter pgfSelector defaulted to 1.
WARNING: optional parameter buoyancySelector defaulted to 1.
WARNING: optional parameter ceilingAdvectionBC defaulted to 0.
WARNING: optional parameter surflayer_stab defaulted to 0.
WARNING: optional parameter surflayer_z0tdyn defaulted to 1.
WARNING: optional parameter surflayer_offshore_visc defaulted to 1.
WARNING: optional parameter canopySelector defaulted to 0.
WARNING: optional parameter cellpertSelector defaulted to 0.
WARNING: optional parameter filter_6thdiff_hori defaulted to 0.
WARNING: optional parameter filter_divdamp defaulted to 0.
WARNING: optional parameter NhydroAuxScalars defaulted to 0.
WARNING: optional parameter physics_oneRKonly defaulted to 1.
Rank 0/1:  [rankXid, rankYid] = [0,0]
mpi_rank_world--0/1 inFile = (null) !!
mpi_rank_world--0/1 Obtaining devices...
Obtaining properties for 1 devices...

mpi_rank_world--0/1 assigned accelerator device 0/1...
Device Number:          0
---------------------------------------------------------------------

__General__
   Name                               : NVIDIA GeForce RTX 5090
   Compute Capability                 : 12.0
   Clock Rate                         : 2512000
   Number of multiprocessors          : 170
   Max Threads/multiprocessor         : 1536
   Concurrent Copy/Execution          : Yes
   Concurrent Kernels                 : 1
   Compute Mode                       : 0
   Kernel Timeout Enabled             : No
   Integrated                         : No
   Host Memory Mapping                : Yes

__Configuration__
   Registers/Block                    : 65536
   Warp Size                          : 32
   Max Threads/Block                  : 1024
   Max Block-extent / Dimension       :         1024         1024           64
   Max Grid-extent / Dimension        :   2147483647        65535        65535

__Memory__
   Tot. Global Memory (GB) / (B)      :   31.35834 / 3605987328
   Shared Mem/Block   (GB) / (B)      :    0.00005 / 49152
   Constant Memory    (GB) / (B)      :    0.00006 / 65536
   Max 1-D Texture                    :       131072
   Max 2-D Texture                    :       131072        65536
   Max 3-D Texture                    :        16384        16384        16384
   Texture Alignment  (B)             : 512
   Max Memory pitch                   : 2147483647

mpi_rank_world--0/1 done!
mpi_rank_world--0/1 Assigning threadPerBlock.[xyz]
mpi_rank_world--0/1 done!
Nxp = 122, Nyp = 122, Nzp = 122
****Spatial loop-index Mins & Maxs ****  (i,j,k)-min = (3,3,3) & (i,j,k)-max = (125,125,125)
Entering hydro_coreInit:------
WARNING: parameter surflayer_qskin_input was not found but was requested for printing.
WARNING: parameter surflayer_offshore_opt was not found but was requested for printing.
WARNING: parameter filter_6thdiff_hori_coeff was not found but was requested for printing.
hydro_coreInit: allocating/registering arrays/fields with IO
hydro_coreInit:hydroFlds[0] = rho stored at 0x7f78ba7f9080, has been registered with IO.
hydro_coreInit:hydroFlds[1] = u stored at 0x7f78baff9080, has been registered with IO.
hydro_coreInit:hydroFlds[2] = v stored at 0x7f78bb7f9080, has been registered with IO.
hydro_coreInit:hydroFlds[3] = w stored at 0x7f78bbff9080, has been registered with IO.
hydro_coreInit:hydroFlds[4] = theta stored at 0x7f78bc7f9080, has been registered with IO.
hydro_coreInit:Field = pressure stored at 0x7f78b9ff8080, has been registered with IO.
hydro_coreInit:sgstkeScalars[0] = TKE_0 stored at 0x7f78b6ff6080, has been registered with IO.
hydro_coreInit: allocating internal arrays
hydro_coreInit:Field = tskin stored at 0x5ac8ccd2e200, has been registered with IO.
hydro_coreInit:Field = fricVel stored at 0x5ac8ccd0e080, has been registered with IO.
hydro_coreInit:Field = htFlux stored at 0x5ac8ccd1e180, has been registered with IO.
hydro_coreInit:Field = invOblen stored at 0x5ac8ccd3e300, has been registered with IO.
hydro_coreInit:Field = z0m stored at 0x5ac8ccd4e380, has been registered with IO.
hydro_coreInit:Field = z0t stored at 0x5ac8ccd5e480, has been registered with IO.
mpi_rank_world--0/1: in timeInit(), simTime_it = 0 and simTime =         0.000000 !
:Variable = time stored at 0x5ac8a245ef78, has been registered with IO.

## time_test
Description=seed seed_cbl-mid_a015: flat uniform convective spin-up, z_i target 700 m, base angle 15 deg # ## A description of this input file.
## FEMPI parameters---
numProcsX=1        # ## Number of cores to be used for horizontal domain decomposition in X
numProcsY=1        # ## Number of cores to be used for horizontal domain decomposition in Y
## IO parameters---
ioOutputMode=0     # ## 0: N-to-1 gather and write to a netCDF file, 1:N-to-N writes of FastEddy binary files
inPath=            # ## Path where initial/restart file is read in from
inFile=            # ## name of the input file for coordinate system and initial or restart conditions
outPath=./output/  # ## Path where output files are to be written
outFileBase=FE_SEED # ## Base name of the output file series as in (outFileBase).element-in-series
frqOutput=9720     # ## frequency (in timesteps) at which to produce output; should be an even multiple of NtBatch
towerIOSelector=0  # (DEFAULTED) ## Virtual Tower IO-Selector: 0=off, 1=on 
## FECUDA parameters---
tBx=1              # ## Number of threads in x-dimension.
tBy=8              # ## Number of threads in y-dimension.
tBz=16             # ## Number of threads in z-dimension.
## GRID parameters---
gridFile=          # (DEFAULTED) ## A file containing a complete grid specification
topoFile=          # ## A file containing terrain(surface elevation in meters ASL)
Nx=122             # ## Number of discretised domain elements in the x (zonal) direction.
Ny=122             # ## Number of discretised domain elements in the y (meridional) direction.
Nz=122             # ## Number of discretised domain elements in the z (vertical) direction.
Nh=3               # ## Number of halo cells to be used (dependent on largest stencil extent).
d_xi=30            # ## Computational domain fixed resolution in the 'i' direction.
d_eta=30           # ## Computational domain fixed resolution in the 'j' direction.
d_zeta=24.6914     # ## Computational domain fixed resolution in the 'k' direction.
coordHorizHalos=1  # ## switch to setup coordinate halos as periodic=1 or gradient-following=0.
verticalDeformSwitch=1 # ## switch to use vertical coordinate deformation 0=off, 1=on
verticalDeformFactor=0.346601 # ## deformation factor (0.0=max compression,  1.0=no compression)
verticalDeformQuadCoeff=0 # ## deformation factor (0.0=max compression,  1.0=no compression)
## HYDRO_CORE parameters---
## ----------: HYDRO_CORE Submodule Selectors ---
## ----------: Boundary Conditions Set ---
hydroBCs=2         # ## Selector for hydro BC set. 1= LAD, Dirichlet lateral, ceiling and surface, 2 = periodic-horizontal & ABL-vertical
hydroForcingWrite=0 # ## Switch for writing output of hydroFldsFrhs for prognostic fields. 0 = off, 1=on
hydroSubGridWrite=0 # ## Switch for writing output of Tauij fields. 0 = off, 1=on
hydroForcingLog=0  # ## Switch for logging Frhs summary metrics. 0 = off, 1=on
## ----------: PRESSURE GRADIENT FORCE ---
pgfSelector=1      # (DEFAULTED) ## Pressure Gradient Force (pgf) selector: 0=off, 1=on
## ----------: BUOYANCY ---
buoyancySelector=1 # (DEFAULTED) ## Buoyancy force  selector: 0=off, 1=on
## ----------: CORIOLIS ---
coriolisSelector=1 # ## Corilis force selector: 0= none, 1= horiz. terms, 2= horiz. & vert. terms
coriolisLatitude=42.9572 # ## Characteristic latitude in degrees from equator of the LES domain
## ----------: TURBULENCE ---
turbulenceSelector=1 # ## turbulence scheme selector: 0= none, 1= Lilly/Smagorinsky 
TKESelector=1      # ## Prognostic TKE selector: 0= none, 1= Prognostic, 2= requires canopySelector=1
TKEAdvSelector=3   # ## advection scheme for SGSTKE equation
TKEAdvSelector_b_hyb=0 # ## hybrid advection scheme parameter
c_k=0.1            # ## Lilly model constant used for turbulenceSelector = 1 and TKESelector > 0
## ----------: ADVECTION ---
advectionSelector=3 # ## advection scheme selector: 0=1st-order upwind, 1=3rd-order QUICK, 2=hybrid 3rd-4th order, 3=hybrid 5th-6th order, 4=3rd-order WENO, 5=5th-order WENO, 6=2nd-order centered
ceilingAdvectionBC=0 # (DEFAULTED) ## selector to allow advection through the domain ceiling 1=on, 0=off (w-ceiling = 0)
b_hyb=0            # ## hybrid advection scheme parameter: 0.0= lower-order upwind, 1.0=higher-order centered, 0.0 < b_hyb < 1.0 = hybrid
## ----------: DIFFUSION ---
diffusionSelector=0 # ## diffusivity selector: 0= none, 1= const.
## ----------: SURFACE LAYER ---
surflayerSelector=1 # ## surfacelayer selector: 0=off, 1=surface kinematic heat flux (surflayer_wth), 2=skin temperature rate (surflayer_tr)
surflayer_z0=0.061489 # ## roughness length (momentum) when surflayerSelector > 0
surflayer_z0t=0.01 # ## roughness length (temperature) when surflayerSelector > 0
surflayer_wth=0.11 # ## kinematic sensible heat flux at the surface when surflayerSelector = 1
surflayer_idealsine=0 # ## selector for idealized sinusoidal surface heat flux or skin temperature forcing: 0= off, 1= on
surflayer_stab=0   # (DEFAULTED) ## exchange coeffcient stability correction selector: 0= on, 1= off
surflayer_z0tdyn=1 # (DEFAULTED) ## dynamic z0t calculation following Zilitinkevich (1995) approach: 0= off, 1= constant Zilitinkevich coeff, 2= variable Zilitinkevich coeff
## ----------: OFFSHORE ROUGHNESS ---
surflayer_offshore=0 # ## offshore selector: 0=off, 1=on
## ----------: CANOPY MODEL ---
canopySelector=0   # (DEFAULTED) ## canopy selector: 0= off, 1= on
## ----------: LARGE-SCALE FORCINGS MODEL ---
lsfSelector=1      # ## large-scale forcings selector: 0= off, 1= on
lsf_w_surf=0       # ## large-scale forcing to w at the first specified level
lsf_w_lev1=-25     # ## large-scale forcing w at height 1
lsf_w_lev2=0       # ## large-scale forcing w at height 2
lsf_w_zlev1=700    # ## large-scale forcing w height 1
lsf_w_zlev2=1400   # ## large-scale forcing w height 2
lsf_th_surf=0      # ## large-scale forcing to theta at the first specified level
lsf_th_lev1=0      # ## large-scale forcing theta at height 1
lsf_th_lev2=0      # ## large-scale forcing theta at height 2
lsf_th_zlev1=500   # ## large-scale forcing theta height 1
lsf_th_zlev2=2000  # ## large-scale forcing theta height 2
lsf_qv_surf=-0.0432 # ## large-scale forcing to qv at the first specified level
lsf_qv_lev1=-0.0432 # ## large-scale forcing qv at height 1
lsf_qv_lev2=0      # ## large-scale forcing qv at height 2
lsf_qv_zlev1=300   # ## large-scale forcing qv height 1
lsf_qv_zlev2=500   # ## large-scale forcing qv height 2
lsf_horMnSubTerms=1 # ## large-scale subsidence terms Switch: 0= off, 1= on
lsf_freq=1         # ## large-scale forcing frequency (seconds)
## ----------: MOISTURE ---
moistureSelector=0 # ## moisture selector: 0= off, 1= on
## ----------: EXPLICIT FILTERS ---
filterSelector=1   # ## explicit filter selector: 0=off, 1=on
filter_6thdiff_vert=1 # ## vertical 6th-order filter on w selector: 0=off, 1=on
filter_6thdiff_vert_coeff=0.03 # ## vertical 6th-order filter factor: 0.0=off, 1.0=full
filter_6thdiff_hori=0 # (DEFAULTED) ## horizontal 6th-order filter on rho,theta,qv selector: 0=off, 1=on
filter_divdamp=0   # (DEFAULTED) ## divergence damping selector: 0=off, 1=on
## ----------: CELL PERTURBATION METHOD ---
cellpertSelector=0 # (DEFAULTED) ## CP method selector: 0= off, 1= on
## ----------: RAYLEIGH DAMPING LAYER ---
dampingLayerSelector=1 # ## Rayleigh damping layer selector: 0= off, 1= on.
dampingLayerDepth=500 # ## Rayleigh damping layer depth in meters
## ----------: AUXILIARY SCALARS ---
NhydroAuxScalars=0 # (DEFAULTED) ## Number of prognostic auxiliary scalar fields
## ----------: BASE-STATE ---
stabilityScheme=2  # ## Scheme used to set hydrostatic, stability-dependent Base-State EOS fields
temp_grnd=298.012  # ## Air Temperature (K) at the ground used to set hydrostatic Base-State EOS fields
pres_grnd=97700    # ## Pressure (Pa) at the ground used to set hydrostatic Base-State EOS fields
zStableBottom=700  # ## Height (m) of the first stable upper-layer when stabilityScheme = 2
stableGradient=0.08 # ## Vertical gradient (K/m) of the first stable upper-layer when stabilityScheme = 2
zStableBottom2=800 # ## Height (m) of the second stable upper-layer when stabilityScheme = 2
zStableBottom3=20000 # ## Height (m) of the third stable upper-layer when stabilityScheme = 2
stableGradient2=0.004 # ## Vertical gradient (K/m) of the second stable upper-layer when stabilityScheme = 2
stableGradient3=0.004 # ## Vertical gradient (K/m) of the third stable upper-layer when stabilityScheme = 2
U_g=8.69333        # ## Zonal (West-East) component of the geostrophic wind (m/s).
V_g=2.32937        # ## Meridional (South-North) component of the geostrophic wind (m/s).
z_Ug=10000         # ## Height (m) above ground for linear geostrophic wind gradient (zonal component).
z_Vg=10000         # ## Height (m) above ground for linear geostrophic wind gradient (meridional component).
Ug_grad=0          # ## U_g gradient above z_Ug (ms-1/m).
Vg_grad=0          # ## V_g gradient above z_Vg (ms-1/m).
thetaPerturbationSwitch=1 # ## Switch to include initial theta perturbations: 0=off, 1=on
thetaHeight=300    # ## Height below which to include initial theta perturbations: (meters)
thetaAmplitude=0.25 # ## Maximum amplitude for theta perturbations: thetaAmplitude*[-1,+1] K
physics_oneRKonly=1 # (DEFAULTED) ## selector to apply physics RHS forcing only at the latest RK stage: 0= off, 1= on
## TIME_INTEGRATION parameters---
timeMethod=0       # ## Selector for time integration method. [0=RK3-WS2002 (default)]
Nt=233280          # ## Number of timesteps to perform.
dt=0.0308642       # ## timestep resolution in seconds.
NtBatch=9720       # ## Number of timesteps to compute in batch launch, must have NtBatch <= Nt.

moistureMPcallTscale = 1.0   # NOT VALIDATED
c_s = 0.18   # NOT VALIDATED
nu_0 = 0.0   # NOT VALIDATED
moistureCond = 3   # NOT VALIDATED
moistureAdvSelectorQi = 2   # NOT VALIDATED
moistureAdvSelectorQv = 2   # NOT VALIDATED
surflayer_qr = 0.0   # NOT VALIDATED
surflayer_tr = -0.0   # NOT VALIDATED
surflayer_wq = 0.0   # NOT VALIDATED
moistureNvars = 2   # NOT VALIDATED
moistureCondTscale = 1.0   # NOT VALIDATED
moistureAdvSelectorQv_b = 0.0   # NOT VALIDATED
surflayer_ideal_qamp = 2.0   # NOT VALIDATED
surflayer_ideal_amp = 4.0   # NOT VALIDATED
surflayer_ideal_qte = 10.0   # NOT VALIDATED
surflayer_ideal_qts = 1.75   # NOT VALIDATED
surflayer_ideal_te = 43200   # NOT VALIDATED
surflayer_ideal_ts = 0.0   # NOT VALIDATED
moistureCondBasePres = 1   # NOT VALIDATED
moistureSGSturb = 1   # NOT VALIDATED
Input parameters passed verification.
No input file has been specified, no gridFile has been specified.
 Using default grid and initial condition schemes.
**** Coordinate generation ****  (i,j,k)-extents = (122,122,122) & (i,j,k)-deltas = (30.000000,30.000000,24.691359)
mpi_rank_world--0/1 grid-Coord-gen(), else-coordHorizHalos = 1!
mpi_rank_world--0/1 coordHalos, Western-Eastern Boundaries!
mpi_rank_world--0/1 coordHalos, Southern-Northern Boundaries!
stabilityScheme == 2: Base State setup complete.
Rank 0/1: Profile preparations complete!
cuda_gridDeviceSetup:-- (i,j,k)Min, ()Max = (3,3,3), (125,125,125)
fecuda_SetBlocksPerGrid: tBlock = {1, 8, 16}
fecuda_SetBlocksPerGrid: grid = {128, 16, 8}
lsf_horMnSubTerms = 1, setting up for 5 phi-fields.cuda_hydroCoreDeviceSetup() complete.
cuda_towersDeviceSetup: NelemsTowers = 0, NelemsTowersSurf = 704571720
0/1 cuda_hydroCoreDeviceSecondaryStageSetup(): BdyUpdateSteps = 0 
Initializations complete after   1.9806 (s).
Main Time: Advancing simulation timestep = 0... and time =    0.00000

_____________________#######_________  STATE-SUMMARY @ it = 0 _________#######____________________ 

			!!!!!	  HYDRO_CORE 	 !!!!! 
Field 	|	 max	     --(i,j,k)		 |	  min	     --(i,j,k)		 |	 mean
---------------------------------------------------------------------------------------------------------
********-----
 Model Fields -
 ********-----
rho	Rank 0/1:       1.14173782 	 (3,3,3)	 |        0.84174883 	 (3,3,124)	 |       1.03571296 
-----
u	Rank 0/1:       8.69333267 	 (3,3,9)	 |        8.69333076 	 (3,3,14)	 |       8.79391384 
-----
v	Rank 0/1:       2.32937121 	 (3,3,9)	 |        2.32937074 	 (3,3,40)	 |       2.29882669 
-----
w	Rank 0/1:       0.00000000 	 (3,3,3)	 |        0.00000000 	 (3,3,3)	 |       0.00000000 
-----
theta	Rank 0/1:     316.79882812 	 (3,3,124)	 |      299.74884033 	 (14,55,27)	 |     305.85073853 
-----
press	Rank 0/1:       0.00000000 	 (3,3,3)	 |        0.00000000 	 (3,3,3)	 |       0.00000000 
-----
TKE_0	Rank 0/1:       0.00000000 	 (3,3,3)	 |        0.00000000 	 (3,3,3)	 |       0.00000000 
Dumping state at timestep = 0...
Dumped state at timestep = 0...
Rank 0/1: Batch complete results sent via cudaMemcpyDeviceToHost.

			!!!!!	  TIMESTEP PERFORMANCE  	 !!!!! 
 Total Time (s) | Batch Steps 	| Time/step (s) | Comp./step (s) | IO Time (s)
---------------------------------------------------------------------------------------------------------
    56.8827 	|     9720 	|    0.0059 	|    0.0058 	 |   0.241205 

********************************************************************************************************
Main Time: Advancing simulation timestep = 9720... and time =  300.00003

_____________________#######_________  STATE-SUMMARY @ it = 9720 _________#######____________________ 

			!!!!!	  HYDRO_CORE 	 !!!!! 
Field 	|	 max	     --(i,j,k)		 |	  min	     --(i,j,k)		 |	 mean
---------------------------------------------------------------------------------------------------------
********-----
 Model Fields -
 ********-----
rho	Rank 0/1:       1.13849437 	 (109,105,3)	 |        0.84179616 	 (69,30,124)	 |       1.03563881 
-----
u	Rank 0/1:       8.89936543 	 (97,5,29)	 |        4.50651836 	 (39,27,3)	 |       8.69751072 
-----
v	Rank 0/1:       2.60248470 	 (53,37,26)	 |        1.12282872 	 (109,102,3)	 |       2.28007483 
-----
w	Rank 0/1:       0.34924626 	 (108,6,31)	 |       -0.34207931 	 (87,118,29)	 |       0.00011508 
-----
theta	Rank 0/1:     316.80053711 	 (57,112,124)	 |      299.90231323 	 (106,62,28)	 |     305.91815186 
-----
press	Rank 0/1:       9.10937500 	 (110,68,17)	 |        4.43750000 	 (29,38,3)	 |       7.24709940 
-----
TKE_0	Rank 0/1:       0.69977891 	 (113,13,4)	 |        0.00000000 	 (101,80,12)	 |       0.02219867 
Dumping state at timestep = 9720...
Dumped state at timestep = 9720...
Rank 0/1: Batch complete results sent via cudaMemcpyDeviceToHost.

			!!!!!	  TIMESTEP PERFORMANCE  	 !!!!! 
 Total Time (s) | Batch Steps 	| Time/step (s) | Comp./step (s) | IO Time (s)
---------------------------------------------------------------------------------------------------------
    56.9475 	|     9720 	|    0.0059 	|    0.0058 	 |   0.290588 

********************************************************************************************************
Main Time: Advancing simulation timestep = 19440... and time =  600.00006

_____________________#######_________  STATE-SUMMARY @ it = 19440 _________#######____________________ 

			!!!!!	  HYDRO_CORE 	 !!!!! 
Field 	|	 max	     --(i,j,k)		 |	  min	     --(i,j,k)		 |	 mean
---------------------------------------------------------------------------------------------------------
********-----
 Model Fields -
 ********-----
rho	Rank 0/1:       1.14064062 	 (73,35,3)	 |        0.84185261 	 (39,92,124)	 |       1.03515959 
-----
u	Rank 0/1:       9.26669979 	 (49,9,6)	 |        3.20933700 	 (117,96,3)	 |       8.64172363 
-----
v	Rank 0/1:       3.63054967 	 (66,35,4)	 |        0.10454524 	 (93,105,3)	 |       2.27207804 
-----
w	Rank 0/1:       1.97103262 	 (92,72,13)	 |       -1.26650798 	 (78,36,11)	 |       0.00014281 
-----
theta	Rank 0/1:     316.80075073 	 (39,92,124)	 |      299.90063477 	 (63,75,13)	 |     305.96005249 
-----
press	Rank 0/1:      16.40625000 	 (43,5,21)	 |       10.48437500 	 (89,85,3)	 |      14.11956596 
-----
TKE_0	Rank 0/1:       1.13686943 	 (12,77,4)	 |        0.00000000 	 (76,36,7)	 |       0.02528748 
Dumping state at timestep = 19440...
Dumped state at timestep = 19440...
Rank 0/1: Batch complete results sent via cudaMemcpyDeviceToHost.

			!!!!!	  TIMESTEP PERFORMANCE  	 !!!!! 
 Total Time (s) | Batch Steps 	| Time/step (s) | Comp./step (s) | IO Time (s)
---------------------------------------------------------------------------------------------------------
    56.8173 	|     9720 	|    0.0058 	|    0.0058 	 |   0.253539 

********************************************************************************************************
Main Time: Advancing simulation timestep = 29160... and time =  900.00006

_____________________#######_________  STATE-SUMMARY @ it = 29160 _________#######____________________ 

			!!!!!	  HYDRO_CORE 	 !!!!! 
Field 	|	 max	     --(i,j,k)		 |	  min	     --(i,j,k)		 |	 mean
---------------------------------------------------------------------------------------------------------
********-----
 Model Fields -
 ********-----
rho	Rank 0/1:       1.14156735 	 (82,45,3)	 |        0.84190238 	 (115,79,124)	 |       1.03511393 
-----
u	Rank 0/1:      10.22041988 	 (22,28,52)	 |        3.55306935 	 (113,3,3)	 |       8.56494617 
-----
v	Rank 0/1:       4.77996206 	 (53,45,26)	 |       -0.96389103 	 (119,3,36)	 |       2.26926684 
-----
w	Rank 0/1:       4.27905226 	 (20,31,54)	 |       -2.65042758 	 (69,123,16)	 |       0.00014727 
-----
theta	Rank 0/1:     316.80108643 	 (65,51,124)	 |      299.84674072 	 (69,58,7)	 |     306.04330444 
-----
press	Rank 0/1:      23.79687500 	 (91,52,43)	 |       12.35156250 	 (21,33,52)	 |      19.97159386 
-----
TKE_0	Rank 0/1:       1.20400000 	 (94,106,4)	 |        0.00000000 	 (100,100,6)	 |       0.03355654 
Dumping state at timestep = 29160...
Dumped state at timestep = 29160...
Rank 0/1: Batch complete results sent via cudaMemcpyDeviceToHost.

			!!!!!	  TIMESTEP PERFORMANCE  	 !!!!! 
 Total Time (s) | Batch Steps 	| Time/step (s) | Comp./step (s) | IO Time (s)
---------------------------------------------------------------------------------------------------------
    56.8072 	|     9720 	|    0.0058 	|    0.0058 	 |   0.249206 

********************************************************************************************************
Main Time: Advancing simulation timestep = 38880... and time = 1200.00012

_____________________#######_________  STATE-SUMMARY @ it = 38880 _________#######____________________ 

			!!!!!	  HYDRO_CORE 	 !!!!! 
Field 	|	 max	     --(i,j,k)		 |	  min	     --(i,j,k)		 |	 mean
---------------------------------------------------------------------------------------------------------
********-----
 Model Fields -
 ********-----
rho	Rank 0/1:       1.14130938 	 (68,13,3)	 |        0.84195334 	 (58,44,124)	 |       1.03507090 
-----
u	Rank 0/1:      11.00822830 	 (12,91,19)	 |        3.34358454 	 (51,56,3)	 |       8.49558926 
-----
v	Rank 0/1:       5.43191814 	 (85,35,4)	 |       -1.57972574 	 (26,77,3)	 |       2.25904918 
-----
w	Rank 0/1:       3.54732490 	 (106,76,20)	 |       -2.87850881 	 (87,44,13)	 |       0.00016125 
-----
theta	Rank 0/1:     316.80105591 	 (31,76,124)	 |      299.52951050 	 (112,16,62)	 |     306.17407227 
-----
press	Rank 0/1:      30.79687500 	 (50,103,61)	 |       16.05468750 	 (112,90,16)	 |      25.99618530 
-----
TKE_0	Rank 0/1:       1.41926408 	 (75,36,4)	 |        0.00000000 	 (84,33,6)	 |       0.04035244 
Dumping state at timestep = 38880...
Dumped state at timestep = 38880...
Rank 0/1: Batch complete results sent via cudaMemcpyDeviceToHost.

			!!!!!	  TIMESTEP PERFORMANCE  	 !!!!! 
 Total Time (s) | Batch Steps 	| Time/step (s) | Comp./step (s) | IO Time (s)
---------------------------------------------------------------------------------------------------------
    56.8287 	|     9720 	|    0.0058 	|    0.0058 	 |   0.244236 

********************************************************************************************************
Main Time: Advancing simulation timestep = 48600... and time = 1500.00012

_____________________#######_________  STATE-SUMMARY @ it = 48600 _________#######____________________ 

			!!!!!	  HYDRO_CORE 	 !!!!! 
Field 	|	 max	     --(i,j,k)		 |	  min	     --(i,j,k)		 |	 mean
---------------------------------------------------------------------------------------------------------
********-----
 Model Fields -
 ********-----
rho	Rank 0/1:       1.14162838 	 (22,68,3)	 |        0.84200376 	 (85,50,124)	 |       1.03503883 
-----
u	Rank 0/1:      11.06834984 	 (82,102,8)	 |        3.12305546 	 (77,96,3)	 |       8.44911385 
-----
v	Rank 0/1:       5.55057096 	 (122,63,10)	 |       -1.95304167 	 (79,70,13)	 |       2.25224566 
-----
w	Rank 0/1:       3.74059916 	 (122,22,51)	 |       -3.23385024 	 (116,7,22)	 |       0.00018917 
-----
theta	Rank 0/1:     316.80133057 	 (11,115,124)	 |      299.68869019 	 (44,65,61)	 |     306.23727417 
-----
press	Rank 0/1:      38.03906250 	 (102,35,61)	 |       20.62500000 	 (116,4,20)	 |      32.30974579 
-----
TKE_0	Rank 0/1:       1.53643775 	 (86,92,4)	 |        0.00000000 	 (20,69,6)	 |       0.04275251 
Dumping state at timestep = 48600...
Dumped state at timestep = 48600...
Rank 0/1: Batch complete results sent via cudaMemcpyDeviceToHost.

			!!!!!	  TIMESTEP PERFORMANCE  	 !!!!! 
 Total Time (s) | Batch Steps 	| Time/step (s) | Comp./step (s) | IO Time (s)
---------------------------------------------------------------------------------------------------------
    56.8239 	|     9720 	|    0.0058 	|    0.0058 	 |   0.247873 

********************************************************************************************************
Main Time: Advancing simulation timestep = 58320... and time = 1800.00012

_____________________#######_________  STATE-SUMMARY @ it = 58320 _________#######____________________ 

			!!!!!	  HYDRO_CORE 	 !!!!! 
Field 	|	 max	     --(i,j,k)		 |	  min	     --(i,j,k)		 |	 mean
---------------------------------------------------------------------------------------------------------
********-----
 Model Fields -
 ********-----
rho	Rank 0/1:       1.14079273 	 (54,98,3)	 |        0.84205496 	 (42,88,124)	 |       1.03504455 
-----
u	Rank 0/1:      11.23568630 	 (96,57,24)	 |        2.68325806 	 (117,86,3)	 |       8.40529156 
-----
v	Rank 0/1:       5.46292162 	 (45,46,7)	 |       -1.86531186 	 (4,84,35)	 |       2.25080848 
-----
w	Rank 0/1:       3.58591795 	 (70,19,32)	 |       -3.13563442 	 (80,17,24)	 |       0.00023021 
-----
theta	Rank 0/1:     316.80160522 	 (31,65,124)	 |      299.66503906 	 (54,40,61)	 |     306.25277710 
-----
press	Rank 0/1:      45.09375000 	 (48,90,61)	 |       24.60937500 	 (102,56,32)	 |      38.60057831 
-----
TKE_0	Rank 0/1:       1.37787938 	 (41,41,4)	 |        0.00000000 	 (27,9,7)	 |       0.04197313 
Dumping state at timestep = 58320...
Dumped state at timestep = 58320...
Rank 0/1: Batch complete results sent via cudaMemcpyDeviceToHost.

			!!!!!	  TIMESTEP PERFORMANCE  	 !!!!! 
 Total Time (s) | Batch Steps 	| Time/step (s) | Comp./step (s) | IO Time (s)
---------------------------------------------------------------------------------------------------------
    56.8384 	|     9720 	|    0.0058 	|    0.0058 	 |   0.234805 

********************************************************************************************************
Main Time: Advancing simulation timestep = 68040... and time = 2100.00024

_____________________#######_________  STATE-SUMMARY @ it = 68040 _________#######____________________ 

			!!!!!	  HYDRO_CORE 	 !!!!! 
Field 	|	 max	     --(i,j,k)		 |	  min	     --(i,j,k)		 |	 mean
---------------------------------------------------------------------------------------------------------
********-----
 Model Fields -
 ********-----
rho	Rank 0/1:       1.14063334 	 (113,67,3)	 |        0.84210694 	 (76,77,124)	 |       1.03501248 
-----
u	Rank 0/1:      10.67259693 	 (57,91,18)	 |        2.81485224 	 (76,102,3)	 |       8.35828304 
-----
v	Rank 0/1:       5.13513231 	 (124,65,14)	 |       -1.25966752 	 (53,63,3)	 |       2.24836898 
-----
w	Rank 0/1:       3.57275319 	 (36,9,32)	 |       -2.46646571 	 (51,22,13)	 |       0.00022091 
-----
theta	Rank 0/1:     316.80136108 	 (119,89,124)	 |      299.84594727 	 (113,112,61)	 |     306.26898193 
-----
press	Rank 0/1:      50.92187500 	 (109,106,65)	 |       33.07031250 	 (56,64,14)	 |      45.05981445 
-----
TKE_0	Rank 0/1:       1.27460647 	 (70,114,4)	 |        0.00000000 	 (98,56,7)	 |       0.03883607 
Dumping state at timestep = 68040...
Dumped state at timestep = 68040...
Rank 0/1: Batch complete results sent via cudaMemcpyDeviceToHost.

			!!!!!	  TIMESTEP PERFORMANCE  	 !!!!! 
 Total Time (s) | Batch Steps 	| Time/step (s) | Comp./step (s) | IO Time (s)
---------------------------------------------------------------------------------------------------------
    56.8375 	|     9720 	|    0.0058 	|    0.0058 	 |   0.246312 

********************************************************************************************************
Main Time: Advancing simulation timestep = 77760... and time = 2400.00024

_____________________#######_________  STATE-SUMMARY @ it = 77760 _________#######____________________ 

			!!!!!	  HYDRO_CORE 	 !!!!! 
Field 	|	 max	     --(i,j,k)		 |	  min	     --(i,j,k)		 |	 mean
---------------------------------------------------------------------------------------------------------
********-----
 Model Fields -
 ********-----
rho	Rank 0/1:       1.14020467 	 (78,51,3)	 |        0.84215808 	 (40,100,124)	 |       1.03499031 
-----
u	Rank 0/1:      11.25378418 	 (21,111,28)	 |        3.00153351 	 (88,93,3)	 |       8.31311226 
-----
v	Rank 0/1:       5.05691624 	 (80,43,28)	 |       -1.36578822 	 (71,36,27)	 |       2.24643803 
-----
w	Rank 0/1:       4.22737980 	 (61,88,36)	 |       -2.49794102 	 (8,110,19)	 |       0.00022055 
-----
theta	Rank 0/1:     316.80166626 	 (40,100,124)	 |      299.67300415 	 (97,12,61)	 |     306.28555298 
-----
press	Rank 0/1:      58.29687500 	 (65,93,65)	 |       38.33593750 	 (45,48,10)	 |      51.48286057 
-----
TKE_0	Rank 0/1:       1.25508738 	 (72,84,4)	 |        0.00000000 	 (47,117,7)	 |       0.03662505 
Dumping state at timestep = 77760...
Dumped state at timestep = 77760...
Rank 0/1: Batch complete results sent via cudaMemcpyDeviceToHost.

			!!!!!	  TIMESTEP PERFORMANCE  	 !!!!! 
 Total Time (s) | Batch Steps 	| Time/step (s) | Comp./step (s) | IO Time (s)
---------------------------------------------------------------------------------------------------------
    56.8314 	|     9720 	|    0.0058 	|    0.0058 	 |   0.241298 

********************************************************************************************************
Main Time: Advancing simulation timestep = 87480... and time = 2700.00024

_____________________#######_________  STATE-SUMMARY @ it = 87480 _________#######____________________ 

			!!!!!	  HYDRO_CORE 	 !!!!! 
Field 	|	 max	     --(i,j,k)		 |	  min	     --(i,j,k)		 |	 mean
---------------------------------------------------------------------------------------------------------
********-----
 Model Fields -
 ********-----
rho	Rank 0/1:       1.14043272 	 (49,53,3)	 |        0.84221047 	 (3,105,124)	 |       1.03496873 
-----
u	Rank 0/1:      10.71993160 	 (122,66,5)	 |        2.92129898 	 (107,103,3)	 |       8.27363396 
-----
v	Rank 0/1:       5.66613197 	 (115,111,35)	 |       -1.82646000 	 (122,65,3)	 |       2.24758577 
-----
w	Rank 0/1:       3.91834116 	 (18,24,47)	 |       -2.79822826 	 (40,22,44)	 |       0.00023606 
-----
theta	Rank 0/1:     316.80148315 	 (3,105,124)	 |      299.79656982 	 (29,74,61)	 |     306.29879761 
-----
press	Rank 0/1:      65.42187500 	 (26,31,61)	 |       41.93750000 	 (121,64,5)	 |      58.19847870 
-----
TKE_0	Rank 0/1:       1.35345566 	 (124,65,4)	 |        0.00000000 	 (49,54,7)	 |       0.03651204 
Dumping state at timestep = 87480...
Dumped state at timestep = 87480...
Rank 0/1: Batch complete results sent via cudaMemcpyDeviceToHost.

			!!!!!	  TIMESTEP PERFORMANCE  	 !!!!! 
 Total Time (s) | Batch Steps 	| Time/step (s) | Comp./step (s) | IO Time (s)
---------------------------------------------------------------------------------------------------------
    56.8417 	|     9720 	|    0.0058 	|    0.0058 	 |   0.247826 

********************************************************************************************************
Main Time: Advancing simulation timestep = 97200... and time = 3000.00024

_____________________#######_________  STATE-SUMMARY @ it = 97200 _________#######____________________ 

			!!!!!	  HYDRO_CORE 	 !!!!! 
Field 	|	 max	     --(i,j,k)		 |	  min	     --(i,j,k)		 |	 mean
---------------------------------------------------------------------------------------------------------
********-----
 Model Fields -
 ********-----
rho	Rank 0/1:       1.14025700 	 (37,18,3)	 |        0.84226167 	 (74,74,124)	 |       1.03498924 
-----
u	Rank 0/1:      10.68946075 	 (74,82,46)	 |        2.70041013 	 (30,107,3)	 |       8.22941208 
-----
v	Rank 0/1:       5.68439245 	 (56,14,38)	 |       -1.51948154 	 (91,82,36)	 |       2.24983978 
-----
w	Rank 0/1:       4.64059210 	 (75,47,48)	 |       -2.90587807 	 (44,28,20)	 |       0.00026121 
-----
theta	Rank 0/1:     316.80169678 	 (15,30,124)	 |      299.84130859 	 (108,20,61)	 |     306.30010986 
-----
press	Rank 0/1:      72.75000000 	 (88,82,61)	 |       50.99218750 	 (91,81,30)	 |      64.71524811 
-----
TKE_0	Rank 0/1:       1.16165829 	 (37,84,4)	 |        0.00000000 	 (38,19,6)	 |       0.03644048 
Dumping state at timestep = 97200...
Dumped state at timestep = 97200...
Rank 0/1: Batch complete results sent via cudaMemcpyDeviceToHost.

			!!!!!	  TIMESTEP PERFORMANCE  	 !!!!! 
 Total Time (s) | Batch Steps 	| Time/step (s) | Comp./step (s) | IO Time (s)
---------------------------------------------------------------------------------------------------------
    56.8202 	|     9720 	|    0.0058 	|    0.0058 	 |   0.234712 

********************************************************************************************************
Main Time: Advancing simulation timestep = 106920... and time = 3300.00024

_____________________#######_________  STATE-SUMMARY @ it = 106920 _________#######____________________ 

			!!!!!	  HYDRO_CORE 	 !!!!! 
Field 	|	 max	     --(i,j,k)		 |	  min	     --(i,j,k)		 |	 mean
---------------------------------------------------------------------------------------------------------
********-----
 Model Fields -
 ********-----
rho	Rank 0/1:       1.14036202 	 (34,110,3)	 |        0.84231383 	 (19,105,124)	 |       1.03490567 
-----
u	Rank 0/1:      10.63098812 	 (44,60,21)	 |        2.50067639 	 (86,121,3)	 |       8.19008350 
-----
v	Rank 0/1:       5.13900375 	 (56,45,48)	 |       -1.15210366 	 (9,29,3)	 |       2.25286102 
-----
w	Rank 0/1:       4.04276896 	 (12,25,46)	 |       -2.41643190 	 (20,106,41)	 |       0.00024726 
-----
theta	Rank 0/1:     316.80169678 	 (41,75,124)	 |      299.68130493 	 (29,72,61)	 |     306.31082153 
-----
press	Rank 0/1:      79.31250000 	 (25,80,65)	 |       57.99218750 	 (99,117,5)	 |      70.85445404 
-----
TKE_0	Rank 0/1:       1.12250805 	 (103,106,4)	 |        0.00000000 	 (33,111,7)	 |       0.03597581 
Dumping state at timestep = 106920...
Dumped state at timestep = 106920...
Rank 0/1: Batch complete results sent via cudaMemcpyDeviceToHost.

			!!!!!	  TIMESTEP PERFORMANCE  	 !!!!! 
 Total Time (s) | Batch Steps 	| Time/step (s) | Comp./step (s) | IO Time (s)
---------------------------------------------------------------------------------------------------------
    56.8264 	|     9720 	|    0.0058 	|    0.0058 	 |   0.235855 

********************************************************************************************************
Main Time: Advancing simulation timestep = 116640... and time = 3600.00024

_____________________#######_________  STATE-SUMMARY @ it = 116640 _________#######____________________ 

			!!!!!	  HYDRO_CORE 	 !!!!! 
Field 	|	 max	     --(i,j,k)		 |	  min	     --(i,j,k)		 |	 mean
---------------------------------------------------------------------------------------------------------
********-----
 Model Fields -
 ********-----
rho	Rank 0/1:       1.13985991 	 (15,14,3)	 |        0.84236503 	 (44,45,124)	 |       1.03489351 
-----
u	Rank 0/1:      10.76768684 	 (114,5,38)	 |        2.76357603 	 (28,110,3)	 |       8.15261936 
-----
v	Rank 0/1:       5.52847576 	 (35,89,25)	 |       -1.12648988 	 (73,76,3)	 |       2.25434971 
-----
w	Rank 0/1:       3.89797306 	 (17,54,44)	 |       -2.41402507 	 (96,113,35)	 |       0.00023947 
-----
theta	Rank 0/1:     316.80178833 	 (55,96,124)	 |      299.80450439 	 (86,88,61)	 |     306.32055664 
-----
press	Rank 0/1:      86.21875000 	 (50,80,65)	 |       62.73437500 	 (56,43,8)	 |      77.27856445 
-----
TKE_0	Rank 0/1:       1.28281498 	 (79,85,4)	 |        0.00000000 	 (75,81,7)	 |       0.03571890 
Dumping state at timestep = 116640...
Dumped state at timestep = 116640...
Rank 0/1: Batch complete results sent via cudaMemcpyDeviceToHost.

			!!!!!	  TIMESTEP PERFORMANCE  	 !!!!! 
 Total Time (s) | Batch Steps 	| Time/step (s) | Comp./step (s) | IO Time (s)
---------------------------------------------------------------------------------------------------------
    56.8283 	|     9720 	|    0.0058 	|    0.0058 	 |   0.236910 

********************************************************************************************************
Main Time: Advancing simulation timestep = 126360... and time = 3900.00024

_____________________#######_________  STATE-SUMMARY @ it = 126360 _________#######____________________ 

			!!!!!	  HYDRO_CORE 	 !!!!! 
Field 	|	 max	     --(i,j,k)		 |	  min	     --(i,j,k)		 |	 mean
---------------------------------------------------------------------------------------------------------
********-----
 Model Fields -
 ********-----
rho	Rank 0/1:       1.13983202 	 (110,55,3)	 |        0.84241563 	 (120,68,124)	 |       1.03481126 
-----
u	Rank 0/1:      10.17776585 	 (75,33,61)	 |        2.58229685 	 (93,10,3)	 |       8.11387157 
-----
v	Rank 0/1:       5.47393322 	 (74,47,33)	 |       -1.27751744 	 (33,102,26)	 |       2.25670958 
-----
w	Rank 0/1:       3.72182083 	 (111,82,35)	 |       -2.70272684 	 (48,85,23)	 |       0.00024416 
-----
theta	Rank 0/1:     316.80194092 	 (124,94,124)	 |      299.79528809 	 (96,72,61)	 |     306.33160400 
-----
press	Rank 0/1:      93.47656250 	 (60,22,65)	 |       69.44531250 	 (115,28,12)	 |      83.77497864 
-----
TKE_0	Rank 0/1:       1.28894329 	 (82,117,4)	 |        0.00000000 	 (110,55,6)	 |       0.03527420 
Dumping state at timestep = 126360...
Dumped state at timestep = 126360...
Rank 0/1: Batch complete results sent via cudaMemcpyDeviceToHost.

			!!!!!	  TIMESTEP PERFORMANCE  	 !!!!! 
 Total Time (s) | Batch Steps 	| Time/step (s) | Comp./step (s) | IO Time (s)
---------------------------------------------------------------------------------------------------------
    56.8265 	|     9720 	|    0.0058 	|    0.0058 	 |   0.235476 

********************************************************************************************************
Main Time: Advancing simulation timestep = 136080... and time = 4200.00049

_____________________#######_________  STATE-SUMMARY @ it = 136080 _________#######____________________ 

			!!!!!	  HYDRO_CORE 	 !!!!! 
Field 	|	 max	     --(i,j,k)		 |	  min	     --(i,j,k)		 |	 mean
---------------------------------------------------------------------------------------------------------
********-----
 Model Fields -
 ********-----
rho	Rank 0/1:       1.13945508 	 (78,9,3)	 |        0.84246647 	 (35,52,124)	 |       1.03479362 
-----
u	Rank 0/1:      10.06715298 	 (65,73,31)	 |        2.74391341 	 (10,46,3)	 |       8.07347298 
-----
v	Rank 0/1:       5.17219067 	 (97,46,28)	 |       -0.92776054 	 (13,34,56)	 |       2.26025486 
-----
w	Rank 0/1:       4.09567642 	 (105,96,30)	 |       -2.43038082 	 (115,108,25)	 |       0.00027315 
-----
theta	Rank 0/1:     316.80191040 	 (116,100,124)	 |      300.06338501 	 (115,6,60)	 |     306.33676147 
-----
press	Rank 0/1:     100.70312500 	 (119,49,65)	 |       76.27343750 	 (111,6,10)	 |      90.03959656 
-----
TKE_0	Rank 0/1:       1.42785025 	 (3,43,4)	 |        0.00000000 	 (59,96,7)	 |       0.03461411 
Dumping state at timestep = 136080...
Dumped state at timestep = 136080...
Rank 0/1: Batch complete results sent via cudaMemcpyDeviceToHost.

			!!!!!	  TIMESTEP PERFORMANCE  	 !!!!! 
 Total Time (s) | Batch Steps 	| Time/step (s) | Comp./step (s) | IO Time (s)
---------------------------------------------------------------------------------------------------------
    56.8253 	|     9720 	|    0.0058 	|    0.0058 	 |   0.235989 

********************************************************************************************************
Main Time: Advancing simulation timestep = 145800... and time = 4500.00049

_____________________#######_________  STATE-SUMMARY @ it = 145800 _________#######____________________ 

			!!!!!	  HYDRO_CORE 	 !!!!! 
Field 	|	 max	     --(i,j,k)		 |	  min	     --(i,j,k)		 |	 mean
---------------------------------------------------------------------------------------------------------
********-----
 Model Fields -
 ********-----
rho	Rank 0/1:       1.13954341 	 (9,94,3)	 |        0.84251845 	 (122,76,124)	 |       1.03473651 
-----
u	Rank 0/1:      10.35851479 	 (22,102,38)	 |        2.67047215 	 (33,107,3)	 |       8.03922462 
-----
v	Rank 0/1:       5.64988852 	 (97,45,8)	 |       -1.21458685 	 (21,100,30)	 |       2.26553059 
-----
w	Rank 0/1:       4.02640486 	 (30,107,56)	 |       -2.66482878 	 (95,39,36)	 |       0.00025520 
-----
theta	Rank 0/1:     316.80194092 	 (122,76,124)	 |      299.90826416 	 (67,118,61)	 |     306.34954834 
-----
press	Rank 0/1:     107.51562500 	 (120,26,65)	 |       81.50000000 	 (88,47,3)	 |      96.78865814 
-----
TKE_0	Rank 0/1:       1.17733181 	 (95,44,4)	 |        0.00000000 	 (10,95,6)	 |       0.03452118 
Dumping state at timestep = 145800...
Dumped state at timestep = 145800...
Rank 0/1: Batch complete results sent via cudaMemcpyDeviceToHost.

			!!!!!	  TIMESTEP PERFORMANCE  	 !!!!! 
 Total Time (s) | Batch Steps 	| Time/step (s) | Comp./step (s) | IO Time (s)
---------------------------------------------------------------------------------------------------------
    56.8238 	|     9720 	|    0.0058 	|    0.0058 	 |   0.235855 

********************************************************************************************************
Main Time: Advancing simulation timestep = 155520... and time = 4800.00049

_____________________#######_________  STATE-SUMMARY @ it = 155520 _________#######____________________ 

			!!!!!	  HYDRO_CORE 	 !!!!! 
Field 	|	 max	     --(i,j,k)		 |	  min	     --(i,j,k)		 |	 mean
---------------------------------------------------------------------------------------------------------
********-----
 Model Fields -
 ********-----
rho	Rank 0/1:       1.13916111 	 (67,11,4)	 |        0.84256923 	 (14,56,124)	 |       1.03471613 
-----
u	Rank 0/1:      10.15152836 	 (98,90,60)	 |        2.59101272 	 (50,50,3)	 |       8.00124550 
-----
v	Rank 0/1:       5.85653162 	 (93,98,60)	 |       -1.39875269 	 (78,90,3)	 |       2.27448845 
-----
w	Rank 0/1:       4.27691269 	 (80,81,43)	 |       -2.33243537 	 (39,63,33)	 |       0.00024469 
-----
theta	Rank 0/1:     316.80203247 	 (14,56,124)	 |      300.08242798 	 (80,95,60)	 |     306.35864258 
-----
press	Rank 0/1:     114.36718750 	 (15,30,65)	 |       86.13281250 	 (34,102,12)	 |     102.85124969 
-----
TKE_0	Rank 0/1:       1.26538026 	 (72,86,4)	 |        0.00000000 	 (88,72,7)	 |       0.03420188 
Dumping state at timestep = 155520...
Dumped state at timestep = 155520...
Rank 0/1: Batch complete results sent via cudaMemcpyDeviceToHost.

			!!!!!	  TIMESTEP PERFORMANCE  	 !!!!! 
 Total Time (s) | Batch Steps 	| Time/step (s) | Comp./step (s) | IO Time (s)
---------------------------------------------------------------------------------------------------------
    56.8210 	|     9720 	|    0.0058 	|    0.0058 	 |   0.237139 

********************************************************************************************************
Main Time: Advancing simulation timestep = 165240... and time = 5100.00049

_____________________#######_________  STATE-SUMMARY @ it = 165240 _________#######____________________ 

			!!!!!	  HYDRO_CORE 	 !!!!! 
Field 	|	 max	     --(i,j,k)		 |	  min	     --(i,j,k)		 |	 mean
---------------------------------------------------------------------------------------------------------
********-----
 Model Fields -
 ********-----
rho	Rank 0/1:       1.13931656 	 (45,73,3)	 |        0.84261966 	 (31,9,124)	 |       1.03470600 
-----
u	Rank 0/1:      10.18879223 	 (20,105,9)	 |        2.70351887 	 (102,29,3)	 |       7.96499157 
-----
v	Rank 0/1:       5.23143148 	 (28,123,58)	 |       -1.29543126 	 (81,52,17)	 |       2.28124571 
-----
w	Rank 0/1:       3.52224898 	 (21,40,23)	 |       -2.48562717 	 (14,42,19)	 |       0.00024361 
-----
theta	Rank 0/1:     316.80212402 	 (31,9,124)	 |      300.06835938 	 (28,117,61)	 |     306.35653687 
-----
press	Rank 0/1:     121.81250000 	 (25,89,65)	 |       93.11718750 	 (19,104,12)	 |     109.07160187 
-----
TKE_0	Rank 0/1:       1.23127079 	 (65,86,4)	 |        0.00000000 	 (20,88,7)	 |       0.03376757 
Dumping state at timestep = 165240...
Dumped state at timestep = 165240...
Rank 0/1: Batch complete results sent via cudaMemcpyDeviceToHost.

			!!!!!	  TIMESTEP PERFORMANCE  	 !!!!! 
 Total Time (s) | Batch Steps 	| Time/step (s) | Comp./step (s) | IO Time (s)
---------------------------------------------------------------------------------------------------------
    56.8195 	|     9720 	|    0.0058 	|    0.0058 	 |   0.237706 

********************************************************************************************************
Main Time: Advancing simulation timestep = 174960... and time = 5400.00049

_____________________#######_________  STATE-SUMMARY @ it = 174960 _________#######____________________ 

			!!!!!	  HYDRO_CORE 	 !!!!! 
Field 	|	 max	     --(i,j,k)		 |	  min	     --(i,j,k)		 |	 mean
---------------------------------------------------------------------------------------------------------
********-----
 Model Fields -
 ********-----
rho	Rank 0/1:       1.13946426 	 (107,96,3)	 |        0.84267026 	 (60,115,124)	 |       1.03466916 
-----
u	Rank 0/1:      10.39059162 	 (17,99,36)	 |        2.57688856 	 (19,3,3)	 |       7.93000174 
-----
v	Rank 0/1:       5.33770609 	 (36,118,13)	 |       -0.93575239 	 (5,7,3)	 |       2.29010653 
-----
w	Rank 0/1:       4.06663418 	 (89,123,51)	 |       -2.37907410 	 (83,116,36)	 |       0.00027355 
-----
theta	Rank 0/1:     316.80203247 	 (116,74,124)	 |      300.27420044 	 (109,3,61)	 |     306.36779785 
-----
press	Rank 0/1:     128.53906250 	 (15,75,65)	 |       99.50000000 	 (44,69,3)	 |     116.06455231 
-----
TKE_0	Rank 0/1:       1.13852394 	 (11,119,4)	 |        0.00000000 	 (51,5,7)	 |       0.03274326 
Dumping state at timestep = 174960...
Dumped state at timestep = 174960...
Rank 0/1: Batch complete results sent via cudaMemcpyDeviceToHost.

			!!!!!	  TIMESTEP PERFORMANCE  	 !!!!! 
 Total Time (s) | Batch Steps 	| Time/step (s) | Comp./step (s) | IO Time (s)
---------------------------------------------------------------------------------------------------------
    56.8163 	|     9720 	|    0.0058 	|    0.0058 	 |   0.235760 

********************************************************************************************************
Main Time: Advancing simulation timestep = 184680... and time = 5700.00049

_____________________#######_________  STATE-SUMMARY @ it = 184680 _________#######____________________ 

			!!!!!	  HYDRO_CORE 	 !!!!! 
Field 	|	 max	     --(i,j,k)		 |	  min	     --(i,j,k)		 |	 mean
---------------------------------------------------------------------------------------------------------
********-----
 Model Fields -
 ********-----
rho	Rank 0/1:       1.13904202 	 (110,116,3)	 |        0.84272051 	 (70,6,124)	 |       1.03464556 
-----
u	Rank 0/1:       9.85051155 	 (40,64,7)	 |        2.21364141 	 (121,84,3)	 |       7.89834166 
-----
v	Rank 0/1:       5.85294580 	 (33,23,16)	 |       -0.95128256 	 (39,28,15)	 |       2.29779577 
-----
w	Rank 0/1:       4.53887081 	 (87,36,34)	 |       -2.41592479 	 (93,106,51)	 |       0.00025316 
-----
theta	Rank 0/1:     316.80233765 	 (70,6,124)	 |      300.08505249 	 (35,32,60)	 |     306.36962891 
-----
press	Rank 0/1:     135.28906250 	 (19,9,65)	 |      104.72656250 	 (31,22,8)	 |     121.54057312 
-----
TKE_0	Rank 0/1:       1.24472487 	 (84,100,4)	 |        0.00000000 	 (67,23,6)	 |       0.03278932 
Dumping state at timestep = 184680...
Dumped state at timestep = 184680...
Rank 0/1: Batch complete results sent via cudaMemcpyDeviceToHost.

			!!!!!	  TIMESTEP PERFORMANCE  	 !!!!! 
 Total Time (s) | Batch Steps 	| Time/step (s) | Comp./step (s) | IO Time (s)
---------------------------------------------------------------------------------------------------------
    56.8121 	|     9720 	|    0.0058 	|    0.0058 	 |   0.234921 

********************************************************************************************************
Main Time: Advancing simulation timestep = 194400... and time = 6000.00049

_____________________#######_________  STATE-SUMMARY @ it = 194400 _________#######____________________ 

			!!!!!	  HYDRO_CORE 	 !!!!! 
Field 	|	 max	     --(i,j,k)		 |	  min	     --(i,j,k)		 |	 mean
---------------------------------------------------------------------------------------------------------
********-----
 Model Fields -
 ********-----
rho	Rank 0/1:       1.13873124 	 (96,84,3)	 |        0.84277034 	 (93,66,124)	 |       1.03459036 
-----
u	Rank 0/1:      10.04580688 	 (35,110,25)	 |        2.14644480 	 (49,107,3)	 |       7.86633539 
-----
v	Rank 0/1:       5.47800255 	 (66,29,13)	 |       -1.00308621 	 (114,101,3)	 |       2.30486393 
-----
w	Rank 0/1:       4.25619555 	 (115,94,47)	 |       -2.33186531 	 (11,57,23)	 |       0.00024102 
-----
theta	Rank 0/1:     316.80261230 	 (93,66,124)	 |      300.39575195 	 (21,54,61)	 |     306.38903809 
-----
press	Rank 0/1:     142.02343750 	 (76,6,65)	 |      109.82812500 	 (45,109,7)	 |     128.48336792 
-----
TKE_0	Rank 0/1:       1.12038410 	 (20,124,4)	 |        0.00000000 	 (15,19,7)	 |       0.03257982 
Dumping state at timestep = 194400...
Dumped state at timestep = 194400...
Rank 0/1: Batch complete results sent via cudaMemcpyDeviceToHost.

			!!!!!	  TIMESTEP PERFORMANCE  	 !!!!! 
 Total Time (s) | Batch Steps 	| Time/step (s) | Comp./step (s) | IO Time (s)
---------------------------------------------------------------------------------------------------------
    56.8157 	|     9720 	|    0.0058 	|    0.0058 	 |   0.234848 

********************************************************************************************************
Main Time: Advancing simulation timestep = 204120... and time = 6300.00049

_____________________#######_________  STATE-SUMMARY @ it = 204120 _________#######____________________ 

			!!!!!	  HYDRO_CORE 	 !!!!! 
Field 	|	 max	     --(i,j,k)		 |	  min	     --(i,j,k)		 |	 mean
---------------------------------------------------------------------------------------------------------
********-----
 Model Fields -
 ********-----
rho	Rank 0/1:       1.13870203 	 (115,80,3)	 |        0.84282070 	 (75,63,124)	 |       1.03457117 
-----
u	Rank 0/1:       9.64942360 	 (69,116,64)	 |        2.45706916 	 (106,7,3)	 |       7.83679295 
-----
v	Rank 0/1:       6.11998987 	 (84,64,5)	 |       -1.59041214 	 (52,113,9)	 |       2.31620216 
-----
w	Rank 0/1:       4.04477119 	 (103,7,39)	 |       -2.42740512 	 (39,118,32)	 |       0.00024345 
-----
theta	Rank 0/1:     316.80252075 	 (48,121,124)	 |      300.26965332 	 (25,74,60)	 |     306.39712524 
-----
press	Rank 0/1:     149.14843750 	 (60,109,65)	 |      116.57812500 	 (54,3,8)	 |     134.61523438 
-----
TKE_0	Rank 0/1:       1.11252701 	 (88,63,4)	 |        0.00000000 	 (33,27,6)	 |       0.03249414 
Dumping state at timestep = 204120...
Dumped state at timestep = 204120...
Rank 0/1: Batch complete results sent via cudaMemcpyDeviceToHost.

			!!!!!	  TIMESTEP PERFORMANCE  	 !!!!! 
 Total Time (s) | Batch Steps 	| Time/step (s) | Comp./step (s) | IO Time (s)
---------------------------------------------------------------------------------------------------------
    56.8136 	|     9720 	|    0.0058 	|    0.0058 	 |   0.235648 

********************************************************************************************************
Main Time: Advancing simulation timestep = 213840... and time = 6600.00049

_____________________#######_________  STATE-SUMMARY @ it = 213840 _________#######____________________ 

			!!!!!	  HYDRO_CORE 	 !!!!! 
Field 	|	 max	     --(i,j,k)		 |	  min	     --(i,j,k)		 |	 mean
---------------------------------------------------------------------------------------------------------
********-----
 Model Fields -
 ********-----
rho	Rank 0/1:       1.13843095 	 (27,72,3)	 |        0.84287071 	 (41,85,124)	 |       1.03451383 
-----
u	Rank 0/1:       9.93798637 	 (23,84,22)	 |        2.07629752 	 (79,28,3)	 |       7.80223846 
-----
v	Rank 0/1:       5.64531136 	 (81,78,10)	 |       -1.36924648 	 (120,12,24)	 |       2.32726288 
-----
w	Rank 0/1:       4.07338047 	 (35,25,49)	 |       -2.32590723 	 (26,83,31)	 |       0.00026989 
-----
theta	Rank 0/1:     316.80255127 	 (41,85,124)	 |      300.44192505 	 (50,35,61)	 |     306.41372681 
-----
press	Rank 0/1:     156.32031250 	 (91,98,65)	 |      122.46093750 	 (86,33,9)	 |     140.57272339 
-----
TKE_0	Rank 0/1:       1.14839602 	 (123,12,4)	 |        0.00000000 	 (84,65,6)	 |       0.03219938 
Dumping state at timestep = 213840...
Dumped state at timestep = 213840...
Rank 0/1: Batch complete results sent via cudaMemcpyDeviceToHost.

			!!!!!	  TIMESTEP PERFORMANCE  	 !!!!! 
 Total Time (s) | Batch Steps 	| Time/step (s) | Comp./step (s) | IO Time (s)
---------------------------------------------------------------------------------------------------------
    56.8162 	|     9720 	|    0.0058 	|    0.0058 	 |   0.236741 

********************************************************************************************************
Main Time: Advancing simulation timestep = 223560... and time = 6900.00049

_____________________#######_________  STATE-SUMMARY @ it = 223560 _________#######____________________ 

			!!!!!	  HYDRO_CORE 	 !!!!! 
Field 	|	 max	     --(i,j,k)		 |	  min	     --(i,j,k)		 |	 mean
---------------------------------------------------------------------------------------------------------
********-----
 Model Fields -
 ********-----
rho	Rank 0/1:       1.13812757 	 (100,27,4)	 |        0.84292179 	 (19,90,124)	 |       1.03448200 
-----
u	Rank 0/1:       9.69209957 	 (46,96,65)	 |        2.38602519 	 (37,15,3)	 |       7.77411222 
-----
v	Rank 0/1:       5.26412630 	 (98,42,17)	 |       -1.11776614 	 (16,93,35)	 |       2.34174919 
-----
w	Rank 0/1:       4.42642355 	 (82,107,46)	 |       -2.52281404 	 (84,3,26)	 |       0.00025627 
-----
theta	Rank 0/1:     316.80224609 	 (19,89,124)	 |      300.50460815 	 (124,69,61)	 |     306.42819214 
-----
press	Rank 0/1:     163.32031250 	 (68,104,65)	 |      128.43750000 	 (123,96,12)	 |     147.37347412 
-----
TKE_0	Rank 0/1:       1.34180093 	 (106,99,6)	 |        0.00000000 	 (100,27,6)	 |       0.03162001 
Dumping state at timestep = 223560...
Dumped state at timestep = 223560...
Rank 0/1: Batch complete results sent via cudaMemcpyDeviceToHost.

			!!!!!	  TIMESTEP PERFORMANCE  	 !!!!! 
 Total Time (s) | Batch Steps 	| Time/step (s) | Comp./step (s) | IO Time (s)
---------------------------------------------------------------------------------------------------------
    56.8125 	|     9720 	|    0.0058 	|    0.0058 	 |   0.236658 

********************************************************************************************************

_____________________#######_________  STATE-SUMMARY @ it = 233280 _________#######____________________ 

			!!!!!	  HYDRO_CORE 	 !!!!! 
Field 	|	 max	     --(i,j,k)		 |	  min	     --(i,j,k)		 |	 mean
---------------------------------------------------------------------------------------------------------
********-----
 Model Fields -
 ********-----
rho	Rank 0/1:       1.13817751 	 (97,124,4)	 |        0.84297144 	 (92,8,124)	 |       1.03437424 
-----
u	Rank 0/1:       9.56690121 	 (29,72,65)	 |        2.21456194 	 (5,3,3)	 |       7.74120760 
-----
v	Rank 0/1:       5.54672623 	 (90,118,39)	 |       -1.31234360 	 (54,65,57)	 |       2.35747313 
-----
w	Rank 0/1:       4.11382437 	 (84,30,41)	 |       -2.43422008 	 (84,121,45)	 |       0.00024082 
-----
theta	Rank 0/1:     316.80252075 	 (92,8,124)	 |      300.53414917 	 (30,22,60)	 |     306.44265747 
-----
press	Rank 0/1:     169.99218750 	 (39,70,65)	 |      134.32031250 	 (8,8,10)	 |     153.06961060 
-----
TKE_0	Rank 0/1:       1.15527284 	 (82,75,4)	 |        0.00000000 	 (71,54,6)	 |       0.03169200 

_____________________#######_________  TOWER-SUMMARY @ it = 233280 _________#######____________________ 
Dumping state at timestep = 233280...
Dumped state at timestep = 233280...

			!!!!!	  TIMESTEP PERFORMANCE  	 !!!!! 
 Total Time (s) | Batch Steps 	| Time/step (s) | Comp./step (s) | IO Time (s)
---------------------------------------------------------------------------------------------------------
     0.2338 	|        0 	|    0.0000 	|    0.0000 	 |   0.174477 

********************************************************************************************************
Your FastEddy simulation is complete!
Cleaning up...
Shutting down MPI...
 Goodbye!
