Obtaining parameters from ./run.in
Successfully opened ./run.in and read 129 lines.
Warning more than 10000 entries were requested for the parameters hash table.
Consider changing the requested table size in the PARAMETERS module.
WARNING: optional parameter ioLPDMmode defaulted to 0.
WARNING: optional parameter ioLPDMfullFrq defaulted to 0.
WARNING: optional parameter lpdmOnlineSelector defaulted to 0.
WARNING: optional parameter lpdmOnlineQueue defaulted to 4.
WARNING: optional parameter lpdmOnlinePause1 defaulted to 0.
WARNING: optional parameter lpdmOnlinePause2 defaulted to 0.
WARNING: optional parameter towerIOSelector defaulted to 0.
WARNING: optional parameter gridFile defaulted to NULL.
WARNING: optional parameter pgfSelector defaulted to 1.
WARNING: optional parameter buoyancySelector defaulted to 1.
WARNING: optional parameter ceilingAdvectionBC defaulted to 0.
WARNING: optional parameter surflayer_stab defaulted to 0.
WARNING: optional parameter surflayer_z0tdyn defaulted to 1.
WARNING: optional parameter surflayer_offshore_visc defaulted to 1.
WARNING: optional parameter canopySelector defaulted to 0.
WARNING: optional parameter cellpertSelector defaulted to 0.
WARNING: optional parameter filter_6thdiff_hori defaulted to 0.
WARNING: optional parameter filter_divdamp defaulted to 0.
WARNING: optional parameter NhydroAuxScalars defaulted to 0.
WARNING: optional parameter physics_oneRKonly defaulted to 1.
Rank 0/1:  [rankXid, rankYid] = [0,0]
mpi_rank_world--0/1 inFile = (null) !!
mpi_rank_world--0/1 Obtaining devices...
Obtaining properties for 1 devices...

mpi_rank_world--0/1 assigned accelerator device 0/1...
Device Number:          0
---------------------------------------------------------------------

__General__
   Name                               : NVIDIA GeForce RTX 5090
   Compute Capability                 : 12.0
   Clock Rate                         : 2512000
   Number of multiprocessors          : 170
   Max Threads/multiprocessor         : 1536
   Concurrent Copy/Execution          : Yes
   Concurrent Kernels                 : 1
   Compute Mode                       : 0
   Kernel Timeout Enabled             : No
   Integrated                         : No
   Host Memory Mapping                : Yes

__Configuration__
   Registers/Block                    : 65536
   Warp Size                          : 32
   Max Threads/Block                  : 1024
   Max Block-extent / Dimension       :         1024         1024           64
   Max Grid-extent / Dimension        :   2147483647        65535        65535

__Memory__
   Tot. Global Memory (GB) / (B)      :   31.35834 / 3605987328
   Shared Mem/Block   (GB) / (B)      :    0.00005 / 49152
   Constant Memory    (GB) / (B)      :    0.00006 / 65536
   Max 1-D Texture                    :       131072
   Max 2-D Texture                    :       131072        65536
   Max 3-D Texture                    :        16384        16384        16384
   Texture Alignment  (B)             : 512
   Max Memory pitch                   : 2147483647

mpi_rank_world--0/1 done!
mpi_rank_world--0/1 Assigning threadPerBlock.[xyz]
mpi_rank_world--0/1 done!
Nxp = 122, Nyp = 122, Nzp = 122
****Spatial loop-index Mins & Maxs ****  (i,j,k)-min = (3,3,3) & (i,j,k)-max = (125,125,125)
Entering hydro_coreInit:------
WARNING: parameter surflayer_qskin_input was not found but was requested for printing.
WARNING: parameter surflayer_offshore_opt was not found but was requested for printing.
WARNING: parameter filter_6thdiff_hori_coeff was not found but was requested for printing.
hydro_coreInit: allocating/registering arrays/fields with IO
hydro_coreInit:hydroFlds[0] = rho stored at 0x78213e7f9080, has been registered with IO.
hydro_coreInit:hydroFlds[1] = u stored at 0x78213eff9080, has been registered with IO.
hydro_coreInit:hydroFlds[2] = v stored at 0x78213f7f9080, has been registered with IO.
hydro_coreInit:hydroFlds[3] = w stored at 0x78213fff9080, has been registered with IO.
hydro_coreInit:hydroFlds[4] = theta stored at 0x7821407f9080, has been registered with IO.
hydro_coreInit:Field = pressure stored at 0x78213dff8080, has been registered with IO.
hydro_coreInit:sgstkeScalars[0] = TKE_0 stored at 0x78213aff6080, has been registered with IO.
hydro_coreInit: allocating internal arrays
hydro_coreInit:Field = tskin stored at 0x5e607cdb7e00, has been registered with IO.
hydro_coreInit:Field = fricVel stored at 0x5e607cd97c80, has been registered with IO.
hydro_coreInit:Field = htFlux stored at 0x5e607cda7d00, has been registered with IO.
hydro_coreInit:Field = invOblen stored at 0x5e607cdc7e80, has been registered with IO.
hydro_coreInit:Field = z0m stored at 0x5e607cdd7f80, has been registered with IO.
hydro_coreInit:Field = z0t stored at 0x5e607cde8000, has been registered with IO.
mpi_rank_world--0/1: in timeInit(), simTime_it = 0 and simTime =         0.000000 !
:Variable = time stored at 0x5e60480dbf78, has been registered with IO.

## time_test
Description=seed seed_cbl-deep_a000: flat uniform convective spin-up, z_i target 950 m, base angle 0 deg # ## A description of this input file.
## FEMPI parameters---
numProcsX=1        # ## Number of cores to be used for horizontal domain decomposition in X
numProcsY=1        # ## Number of cores to be used for horizontal domain decomposition in Y
## IO parameters---
ioOutputMode=0     # ## 0: N-to-1 gather and write to a netCDF file, 1:N-to-N writes of FastEddy binary files
inPath=            # ## Path where initial/restart file is read in from
inFile=            # ## name of the input file for coordinate system and initial or restart conditions
outPath=./output/  # ## Path where output files are to be written
outFileBase=FE_SEED # ## Base name of the output file series as in (outFileBase).element-in-series
frqOutput=9720     # ## frequency (in timesteps) at which to produce output; should be an even multiple of NtBatch
towerIOSelector=0  # (DEFAULTED) ## Virtual Tower IO-Selector: 0=off, 1=on 
## FECUDA parameters---
tBx=1              # ## Number of threads in x-dimension.
tBy=8              # ## Number of threads in y-dimension.
tBz=16             # ## Number of threads in z-dimension.
## GRID parameters---
gridFile=          # (DEFAULTED) ## A file containing a complete grid specification
topoFile=          # ## A file containing terrain(surface elevation in meters ASL)
Nx=122             # ## Number of discretised domain elements in the x (zonal) direction.
Ny=122             # ## Number of discretised domain elements in the y (meridional) direction.
Nz=122             # ## Number of discretised domain elements in the z (vertical) direction.
Nh=3               # ## Number of halo cells to be used (dependent on largest stencil extent).
d_xi=30            # ## Computational domain fixed resolution in the 'i' direction.
d_eta=30           # ## Computational domain fixed resolution in the 'j' direction.
d_zeta=24.6914     # ## Computational domain fixed resolution in the 'k' direction.
coordHorizHalos=1  # ## switch to setup coordinate halos as periodic=1 or gradient-following=0.
verticalDeformSwitch=1 # ## switch to use vertical coordinate deformation 0=off, 1=on
verticalDeformFactor=0.346601 # ## deformation factor (0.0=max compression,  1.0=no compression)
verticalDeformQuadCoeff=0 # ## deformation factor (0.0=max compression,  1.0=no compression)
## HYDRO_CORE parameters---
## ----------: HYDRO_CORE Submodule Selectors ---
## ----------: Boundary Conditions Set ---
hydroBCs=2         # ## Selector for hydro BC set. 1= LAD, Dirichlet lateral, ceiling and surface, 2 = periodic-horizontal & ABL-vertical
hydroForcingWrite=0 # ## Switch for writing output of hydroFldsFrhs for prognostic fields. 0 = off, 1=on
hydroSubGridWrite=0 # ## Switch for writing output of Tauij fields. 0 = off, 1=on
hydroForcingLog=0  # ## Switch for logging Frhs summary metrics. 0 = off, 1=on
## ----------: PRESSURE GRADIENT FORCE ---
pgfSelector=1      # (DEFAULTED) ## Pressure Gradient Force (pgf) selector: 0=off, 1=on
## ----------: BUOYANCY ---
buoyancySelector=1 # (DEFAULTED) ## Buoyancy force  selector: 0=off, 1=on
## ----------: CORIOLIS ---
coriolisSelector=1 # ## Corilis force selector: 0= none, 1= horiz. terms, 2= horiz. & vert. terms
coriolisLatitude=42.9572 # ## Characteristic latitude in degrees from equator of the LES domain
## ----------: TURBULENCE ---
turbulenceSelector=1 # ## turbulence scheme selector: 0= none, 1= Lilly/Smagorinsky 
TKESelector=1      # ## Prognostic TKE selector: 0= none, 1= Prognostic, 2= requires canopySelector=1
TKEAdvSelector=3   # ## advection scheme for SGSTKE equation
TKEAdvSelector_b_hyb=0 # ## hybrid advection scheme parameter
c_k=0.1            # ## Lilly model constant used for turbulenceSelector = 1 and TKESelector > 0
## ----------: ADVECTION ---
advectionSelector=3 # ## advection scheme selector: 0=1st-order upwind, 1=3rd-order QUICK, 2=hybrid 3rd-4th order, 3=hybrid 5th-6th order, 4=3rd-order WENO, 5=5th-order WENO, 6=2nd-order centered
ceilingAdvectionBC=0 # (DEFAULTED) ## selector to allow advection through the domain ceiling 1=on, 0=off (w-ceiling = 0)
b_hyb=0            # ## hybrid advection scheme parameter: 0.0= lower-order upwind, 1.0=higher-order centered, 0.0 < b_hyb < 1.0 = hybrid
## ----------: DIFFUSION ---
diffusionSelector=0 # ## diffusivity selector: 0= none, 1= const.
## ----------: SURFACE LAYER ---
surflayerSelector=1 # ## surfacelayer selector: 0=off, 1=surface kinematic heat flux (surflayer_wth), 2=skin temperature rate (surflayer_tr)
surflayer_z0=0.061489 # ## roughness length (momentum) when surflayerSelector > 0
surflayer_z0t=0.01 # ## roughness length (temperature) when surflayerSelector > 0
surflayer_wth=0.16 # ## kinematic sensible heat flux at the surface when surflayerSelector = 1
surflayer_idealsine=0 # ## selector for idealized sinusoidal surface heat flux or skin temperature forcing: 0= off, 1= on
surflayer_stab=0   # (DEFAULTED) ## exchange coeffcient stability correction selector: 0= on, 1= off
surflayer_z0tdyn=1 # (DEFAULTED) ## dynamic z0t calculation following Zilitinkevich (1995) approach: 0= off, 1= constant Zilitinkevich coeff, 2= variable Zilitinkevich coeff
## ----------: OFFSHORE ROUGHNESS ---
surflayer_offshore=0 # ## offshore selector: 0=off, 1=on
## ----------: CANOPY MODEL ---
canopySelector=0   # (DEFAULTED) ## canopy selector: 0= off, 1= on
## ----------: LARGE-SCALE FORCINGS MODEL ---
lsfSelector=1      # ## large-scale forcings selector: 0= off, 1= on
lsf_w_surf=0       # ## large-scale forcing to w at the first specified level
lsf_w_lev1=-25     # ## large-scale forcing w at height 1
lsf_w_lev2=0       # ## large-scale forcing w at height 2
lsf_w_zlev1=950    # ## large-scale forcing w height 1
lsf_w_zlev2=1900   # ## large-scale forcing w height 2
lsf_th_surf=0      # ## large-scale forcing to theta at the first specified level
lsf_th_lev1=0      # ## large-scale forcing theta at height 1
lsf_th_lev2=0      # ## large-scale forcing theta at height 2
lsf_th_zlev1=500   # ## large-scale forcing theta height 1
lsf_th_zlev2=2000  # ## large-scale forcing theta height 2
lsf_qv_surf=-0.0432 # ## large-scale forcing to qv at the first specified level
lsf_qv_lev1=-0.0432 # ## large-scale forcing qv at height 1
lsf_qv_lev2=0      # ## large-scale forcing qv at height 2
lsf_qv_zlev1=300   # ## large-scale forcing qv height 1
lsf_qv_zlev2=500   # ## large-scale forcing qv height 2
lsf_horMnSubTerms=1 # ## large-scale subsidence terms Switch: 0= off, 1= on
lsf_freq=1         # ## large-scale forcing frequency (seconds)
## ----------: MOISTURE ---
moistureSelector=0 # ## moisture selector: 0= off, 1= on
## ----------: EXPLICIT FILTERS ---
filterSelector=1   # ## explicit filter selector: 0=off, 1=on
filter_6thdiff_vert=1 # ## vertical 6th-order filter on w selector: 0=off, 1=on
filter_6thdiff_vert_coeff=0.03 # ## vertical 6th-order filter factor: 0.0=off, 1.0=full
filter_6thdiff_hori=0 # (DEFAULTED) ## horizontal 6th-order filter on rho,theta,qv selector: 0=off, 1=on
filter_divdamp=0   # (DEFAULTED) ## divergence damping selector: 0=off, 1=on
## ----------: CELL PERTURBATION METHOD ---
cellpertSelector=0 # (DEFAULTED) ## CP method selector: 0= off, 1= on
## ----------: RAYLEIGH DAMPING LAYER ---
dampingLayerSelector=1 # ## Rayleigh damping layer selector: 0= off, 1= on.
dampingLayerDepth=500 # ## Rayleigh damping layer depth in meters
## ----------: AUXILIARY SCALARS ---
NhydroAuxScalars=0 # (DEFAULTED) ## Number of prognostic auxiliary scalar fields
## ----------: BASE-STATE ---
stabilityScheme=2  # ## Scheme used to set hydrostatic, stability-dependent Base-State EOS fields
temp_grnd=298.012  # ## Air Temperature (K) at the ground used to set hydrostatic Base-State EOS fields
pres_grnd=97700    # ## Pressure (Pa) at the ground used to set hydrostatic Base-State EOS fields
zStableBottom=950  # ## Height (m) of the first stable upper-layer when stabilityScheme = 2
stableGradient=0.08 # ## Vertical gradient (K/m) of the first stable upper-layer when stabilityScheme = 2
zStableBottom2=1050 # ## Height (m) of the second stable upper-layer when stabilityScheme = 2
zStableBottom3=20000 # ## Height (m) of the third stable upper-layer when stabilityScheme = 2
stableGradient2=0.004 # ## Vertical gradient (K/m) of the second stable upper-layer when stabilityScheme = 2
stableGradient3=0.004 # ## Vertical gradient (K/m) of the third stable upper-layer when stabilityScheme = 2
U_g=11             # ## Zonal (West-East) component of the geostrophic wind (m/s).
V_g=0              # ## Meridional (South-North) component of the geostrophic wind (m/s).
z_Ug=10000         # ## Height (m) above ground for linear geostrophic wind gradient (zonal component).
z_Vg=10000         # ## Height (m) above ground for linear geostrophic wind gradient (meridional component).
Ug_grad=0          # ## U_g gradient above z_Ug (ms-1/m).
Vg_grad=0          # ## V_g gradient above z_Vg (ms-1/m).
thetaPerturbationSwitch=1 # ## Switch to include initial theta perturbations: 0=off, 1=on
thetaHeight=300    # ## Height below which to include initial theta perturbations: (meters)
thetaAmplitude=0.25 # ## Maximum amplitude for theta perturbations: thetaAmplitude*[-1,+1] K
physics_oneRKonly=1 # (DEFAULTED) ## selector to apply physics RHS forcing only at the latest RK stage: 0= off, 1= on
## TIME_INTEGRATION parameters---
timeMethod=0       # ## Selector for time integration method. [0=RK3-WS2002 (default)]
Nt=233280          # ## Number of timesteps to perform.
dt=0.0308642       # ## timestep resolution in seconds.
NtBatch=9720       # ## Number of timesteps to compute in batch launch, must have NtBatch <= Nt.

moistureMPcallTscale = 1.0   # NOT VALIDATED
c_s = 0.18   # NOT VALIDATED
nu_0 = 0.0   # NOT VALIDATED
moistureCond = 3   # NOT VALIDATED
moistureAdvSelectorQi = 2   # NOT VALIDATED
moistureAdvSelectorQv = 2   # NOT VALIDATED
surflayer_qr = 0.0   # NOT VALIDATED
surflayer_tr = -0.0   # NOT VALIDATED
surflayer_wq = 0.0   # NOT VALIDATED
moistureNvars = 2   # NOT VALIDATED
moistureCondTscale = 1.0   # NOT VALIDATED
moistureAdvSelectorQv_b = 0.0   # NOT VALIDATED
surflayer_ideal_qamp = 2.0   # NOT VALIDATED
surflayer_ideal_amp = 4.0   # NOT VALIDATED
surflayer_ideal_qte = 10.0   # NOT VALIDATED
surflayer_ideal_qts = 1.75   # NOT VALIDATED
surflayer_ideal_te = 43200   # NOT VALIDATED
surflayer_ideal_ts = 0.0   # NOT VALIDATED
moistureCondBasePres = 1   # NOT VALIDATED
moistureSGSturb = 1   # NOT VALIDATED
Input parameters passed verification.
No input file has been specified, no gridFile has been specified.
 Using default grid and initial condition schemes.
**** Coordinate generation ****  (i,j,k)-extents = (122,122,122) & (i,j,k)-deltas = (30.000000,30.000000,24.691359)
mpi_rank_world--0/1 grid-Coord-gen(), else-coordHorizHalos = 1!
mpi_rank_world--0/1 coordHalos, Western-Eastern Boundaries!
mpi_rank_world--0/1 coordHalos, Southern-Northern Boundaries!
stabilityScheme == 2: Base State setup complete.
Rank 0/1: Profile preparations complete!
cuda_gridDeviceSetup:-- (i,j,k)Min, ()Max = (3,3,3), (125,125,125)
fecuda_SetBlocksPerGrid: tBlock = {1, 8, 16}
fecuda_SetBlocksPerGrid: grid = {128, 16, 8}
lsf_horMnSubTerms = 1, setting up for 5 phi-fields.cuda_hydroCoreDeviceSetup() complete.
cuda_towersDeviceSetup: NelemsTowers = 0, NelemsTowersSurf = 964216536
0/1 cuda_hydroCoreDeviceSecondaryStageSetup(): BdyUpdateSteps = 0 
Initializations complete after   1.7480 (s).
Main Time: Advancing simulation timestep = 0... and time =    0.00000

_____________________#######_________  STATE-SUMMARY @ it = 0 _________#######____________________ 

			!!!!!	  HYDRO_CORE 	 !!!!! 
Field 	|	 max	     --(i,j,k)		 |	  min	     --(i,j,k)		 |	 mean
---------------------------------------------------------------------------------------------------------
********-----
 Model Fields -
 ********-----
rho	Rank 0/1:       1.14173782 	 (3,3,3)	 |        0.84342951 	 (3,3,124)	 |       1.04000401 
-----
u	Rank 0/1:      11.00000095 	 (3,3,12)	 |       10.99999905 	 (3,3,4)	 |      11.09708118 
-----
v	Rank 0/1:       0.00000000 	 (3,3,3)	 |        0.00000000 	 (3,3,3)	 |       0.00000000 
-----
w	Rank 0/1:       0.00000000 	 (3,3,3)	 |        0.00000000 	 (3,3,3)	 |       0.00000000 
-----
theta	Rank 0/1:     315.79882812 	 (3,3,124)	 |      299.74884033 	 (14,55,27)	 |     303.79998779 
-----
press	Rank 0/1:       0.00000000 	 (3,3,3)	 |        0.00000000 	 (3,3,3)	 |       0.00000000 
-----
TKE_0	Rank 0/1:       0.00000000 	 (3,3,3)	 |        0.00000000 	 (3,3,3)	 |       0.00000000 
Dumping state at timestep = 0...
Dumped state at timestep = 0...
Rank 0/1: Batch complete results sent via cudaMemcpyDeviceToHost.

			!!!!!	  TIMESTEP PERFORMANCE  	 !!!!! 
 Total Time (s) | Batch Steps 	| Time/step (s) | Comp./step (s) | IO Time (s)
---------------------------------------------------------------------------------------------------------
    56.7460 	|     9720 	|    0.0058 	|    0.0058 	 |   0.252084 

********************************************************************************************************
Main Time: Advancing simulation timestep = 9720... and time =  300.00003

_____________________#######_________  STATE-SUMMARY @ it = 9720 _________#######____________________ 

			!!!!!	  HYDRO_CORE 	 !!!!! 
Field 	|	 max	     --(i,j,k)		 |	  min	     --(i,j,k)		 |	 mean
---------------------------------------------------------------------------------------------------------
********-----
 Model Fields -
 ********-----
rho	Rank 0/1:       1.13774061 	 (117,83,4)	 |        0.84349072 	 (82,14,124)	 |       1.03993511 
-----
u	Rank 0/1:      11.28469944 	 (31,100,25)	 |        5.29993200 	 (20,12,3)	 |      10.87318897 
-----
v	Rank 0/1:       0.50684136 	 (43,35,8)	 |       -0.48259923 	 (76,10,7)	 |       0.00166666 
-----
w	Rank 0/1:       0.56060207 	 (15,39,29)	 |       -0.54025489 	 (90,50,24)	 |       0.00017623 
-----
theta	Rank 0/1:     315.80157471 	 (114,32,124)	 |      299.87118530 	 (110,26,16)	 |     303.88693237 
-----
press	Rank 0/1:      12.25000000 	 (3,26,11)	 |        5.82031250 	 (79,14,3)	 |       9.48175812 
-----
TKE_0	Rank 0/1:       1.08970487 	 (121,83,4)	 |        0.00000000 	 (9,83,13)	 |       0.03262872 
Dumping state at timestep = 9720...
Dumped state at timestep = 9720...
Rank 0/1: Batch complete results sent via cudaMemcpyDeviceToHost.

			!!!!!	  TIMESTEP PERFORMANCE  	 !!!!! 
 Total Time (s) | Batch Steps 	| Time/step (s) | Comp./step (s) | IO Time (s)
---------------------------------------------------------------------------------------------------------
    56.8607 	|     9720 	|    0.0058 	|    0.0058 	 |   0.250946 

********************************************************************************************************
Main Time: Advancing simulation timestep = 19440... and time =  600.00006

_____________________#######_________  STATE-SUMMARY @ it = 19440 _________#######____________________ 

			!!!!!	  HYDRO_CORE 	 !!!!! 
Field 	|	 max	     --(i,j,k)		 |	  min	     --(i,j,k)		 |	 mean
---------------------------------------------------------------------------------------------------------
********-----
 Model Fields -
 ********-----
rho	Rank 0/1:       1.14072835 	 (21,73,3)	 |        0.84356326 	 (64,30,124)	 |       1.03994155 
-----
u	Rank 0/1:      12.38887501 	 (100,111,8)	 |        4.10494137 	 (42,51,3)	 |      10.82841301 
-----
v	Rank 0/1:       2.47622538 	 (95,121,17)	 |       -2.40341735 	 (69,39,16)	 |       0.00495209 
-----
w	Rank 0/1:       3.25566483 	 (94,110,23)	 |       -1.93082643 	 (103,100,12)	 |       0.00020473 
-----
theta	Rank 0/1:     315.80178833 	 (70,78,124)	 |      299.72021484 	 (59,15,8)	 |     303.96896362 
-----
press	Rank 0/1:      21.88281250 	 (3,45,23)	 |       11.85937500 	 (105,4,12)	 |      18.21271133 
-----
TKE_0	Rank 0/1:       2.16757226 	 (9,43,4)	 |        0.00000000 	 (103,106,6)	 |       0.04204133 
Dumping state at timestep = 19440...
Dumped state at timestep = 19440...
Rank 0/1: Batch complete results sent via cudaMemcpyDeviceToHost.

			!!!!!	  TIMESTEP PERFORMANCE  	 !!!!! 
 Total Time (s) | Batch Steps 	| Time/step (s) | Comp./step (s) | IO Time (s)
---------------------------------------------------------------------------------------------------------
    56.8943 	|     9720 	|    0.0059 	|    0.0058 	 |   0.251125 

********************************************************************************************************
Main Time: Advancing simulation timestep = 29160... and time =  900.00006

_____________________#######_________  STATE-SUMMARY @ it = 29160 _________#######____________________ 

			!!!!!	  HYDRO_CORE 	 !!!!! 
Field 	|	 max	     --(i,j,k)		 |	  min	     --(i,j,k)		 |	 mean
---------------------------------------------------------------------------------------------------------
********-----
 Model Fields -
 ********-----
rho	Rank 0/1:       1.14083707 	 (16,81,3)	 |        0.84363037 	 (3,80,124)	 |       1.03989923 
-----
u	Rank 0/1:      13.12218285 	 (73,118,35)	 |        4.82257795 	 (24,49,3)	 |      10.69153786 
-----
v	Rank 0/1:       3.32605958 	 (90,52,13)	 |       -3.22352695 	 (97,83,32)	 |       0.01102685 
-----
w	Rank 0/1:       4.32133961 	 (22,48,46)	 |       -2.90469241 	 (59,68,12)	 |       0.00026931 
-----
theta	Rank 0/1:     315.80258179 	 (3,80,124)	 |      299.80130005 	 (75,25,11)	 |     304.07708740 
-----
press	Rank 0/1:      30.65625000 	 (22,48,52)	 |       15.75781250 	 (40,106,16)	 |      26.23991203 
-----
TKE_0	Rank 0/1:       1.76995599 	 (60,21,4)	 |        0.00000000 	 (54,22,6)	 |       0.05314967 
Dumping state at timestep = 29160...
Dumped state at timestep = 29160...
Rank 0/1: Batch complete results sent via cudaMemcpyDeviceToHost.

			!!!!!	  TIMESTEP PERFORMANCE  	 !!!!! 
 Total Time (s) | Batch Steps 	| Time/step (s) | Comp./step (s) | IO Time (s)
---------------------------------------------------------------------------------------------------------
    56.9297 	|     9720 	|    0.0059 	|    0.0058 	 |   0.250454 

********************************************************************************************************
Main Time: Advancing simulation timestep = 38880... and time = 1200.00012

_____________________#######_________  STATE-SUMMARY @ it = 38880 _________#######____________________ 

			!!!!!	  HYDRO_CORE 	 !!!!! 
Field 	|	 max	     --(i,j,k)		 |	  min	     --(i,j,k)		 |	 mean
---------------------------------------------------------------------------------------------------------
********-----
 Model Fields -
 ********-----
rho	Rank 0/1:       1.14105237 	 (88,93,3)	 |        0.84369904 	 (112,80,124)	 |       1.03972495 
-----
u	Rank 0/1:      13.65900898 	 (24,120,58)	 |        3.91820502 	 (49,70,3)	 |      10.61886787 
-----
v	Rank 0/1:       3.46814990 	 (3,71,15)	 |       -4.06979799 	 (81,44,11)	 |       0.01525318 
-----
w	Rank 0/1:       4.44763708 	 (7,55,66)	 |       -3.12132263 	 (111,53,22)	 |       0.00027977 
-----
theta	Rank 0/1:     315.80313110 	 (112,80,124)	 |      299.64703369 	 (6,52,73)	 |     304.20553589 
-----
press	Rank 0/1:      39.48437500 	 (122,109,72)	 |       22.30468750 	 (83,44,8)	 |      34.37817383 
-----
TKE_0	Rank 0/1:       2.20080447 	 (61,110,4)	 |        0.00000000 	 (24,10,6)	 |       0.06013487 
Dumping state at timestep = 38880...
Dumped state at timestep = 38880...
Rank 0/1: Batch complete results sent via cudaMemcpyDeviceToHost.

			!!!!!	  TIMESTEP PERFORMANCE  	 !!!!! 
 Total Time (s) | Batch Steps 	| Time/step (s) | Comp./step (s) | IO Time (s)
---------------------------------------------------------------------------------------------------------
    56.9316 	|     9720 	|    0.0059 	|    0.0058 	 |   0.250779 

********************************************************************************************************
Main Time: Advancing simulation timestep = 48600... and time = 1500.00012

_____________________#######_________  STATE-SUMMARY @ it = 48600 _________#######____________________ 

			!!!!!	  HYDRO_CORE 	 !!!!! 
Field 	|	 max	     --(i,j,k)		 |	  min	     --(i,j,k)		 |	 mean
---------------------------------------------------------------------------------------------------------
********-----
 Model Fields -
 ********-----
rho	Rank 0/1:       1.14134824 	 (11,115,3)	 |        0.84376639 	 (101,80,124)	 |       1.03959608 
-----
u	Rank 0/1:      13.61566925 	 (5,26,11)	 |        4.25220346 	 (7,94,3)	 |      10.59157562 
-----
v	Rank 0/1:       3.50869894 	 (68,6,4)	 |       -4.07636213 	 (55,66,16)	 |       0.02562131 
-----
w	Rank 0/1:       4.89129162 	 (104,69,67)	 |       -3.70609426 	 (8,107,27)	 |       0.00029349 
-----
theta	Rank 0/1:     315.80401611 	 (101,80,124)	 |      299.28329468 	 (38,102,72)	 |     304.26007080 
-----
press	Rank 0/1:      49.35937500 	 (104,68,72)	 |       27.44531250 	 (43,35,14)	 |      42.54043198 
-----
TKE_0	Rank 0/1:       1.99862576 	 (122,58,4)	 |        0.00000000 	 (13,115,6)	 |       0.06590505 
Dumping state at timestep = 48600...
Dumped state at timestep = 48600...
Rank 0/1: Batch complete results sent via cudaMemcpyDeviceToHost.

			!!!!!	  TIMESTEP PERFORMANCE  	 !!!!! 
 Total Time (s) | Batch Steps 	| Time/step (s) | Comp./step (s) | IO Time (s)
---------------------------------------------------------------------------------------------------------
    56.9380 	|     9720 	|    0.0059 	|    0.0058 	 |   0.252120 

********************************************************************************************************
Main Time: Advancing simulation timestep = 58320... and time = 1800.00012

_____________________#######_________  STATE-SUMMARY @ it = 58320 _________#######____________________ 

			!!!!!	  HYDRO_CORE 	 !!!!! 
Field 	|	 max	     --(i,j,k)		 |	  min	     --(i,j,k)		 |	 mean
---------------------------------------------------------------------------------------------------------
********-----
 Model Fields -
 ********-----
rho	Rank 0/1:       1.14145327 	 (76,41,3)	 |        0.84383398 	 (89,80,124)	 |       1.03950405 
-----
u	Rank 0/1:      13.52965260 	 (13,118,7)	 |        3.81953597 	 (25,67,3)	 |      10.54162884 
-----
v	Rank 0/1:       4.29703426 	 (115,15,4)	 |       -4.04834127 	 (77,16,9)	 |       0.03696001 
-----
w	Rank 0/1:       4.77519321 	 (3,94,35)	 |       -3.65752482 	 (88,28,32)	 |       0.00032233 
-----
theta	Rank 0/1:     315.80392456 	 (88,80,124)	 |      299.53100586 	 (18,103,73)	 |     304.27716064 
-----
press	Rank 0/1:      57.57031250 	 (22,103,72)	 |       35.10937500 	 (101,84,10)	 |      50.86437988 
-----
TKE_0	Rank 0/1:       2.37899756 	 (26,9,4)	 |        0.00000000 	 (75,56,6)	 |       0.06756492 
Dumping state at timestep = 58320...
Dumped state at timestep = 58320...
Rank 0/1: Batch complete results sent via cudaMemcpyDeviceToHost.

			!!!!!	  TIMESTEP PERFORMANCE  	 !!!!! 
 Total Time (s) | Batch Steps 	| Time/step (s) | Comp./step (s) | IO Time (s)
---------------------------------------------------------------------------------------------------------
    56.9391 	|     9720 	|    0.0059 	|    0.0058 	 |   0.252102 

********************************************************************************************************
Main Time: Advancing simulation timestep = 68040... and time = 2100.00024

_____________________#######_________  STATE-SUMMARY @ it = 68040 _________#######____________________ 

			!!!!!	  HYDRO_CORE 	 !!!!! 
Field 	|	 max	     --(i,j,k)		 |	  min	     --(i,j,k)		 |	 mean
---------------------------------------------------------------------------------------------------------
********-----
 Model Fields -
 ********-----
rho	Rank 0/1:       1.14071929 	 (45,59,3)	 |        0.84390461 	 (62,18,124)	 |       1.03949046 
-----
u	Rank 0/1:      13.64998150 	 (122,111,25)	 |        3.79612684 	 (121,111,3)	 |      10.47725391 
-----
v	Rank 0/1:       3.96563315 	 (53,110,13)	 |       -4.71974421 	 (68,33,4)	 |       0.04378723 
-----
w	Rank 0/1:       5.09096909 	 (45,11,18)	 |       -3.23961353 	 (42,82,38)	 |       0.00034972 
-----
theta	Rank 0/1:     315.80377197 	 (62,18,124)	 |      299.60971069 	 (47,35,72)	 |     304.28027344 
-----
press	Rank 0/1:      66.81250000 	 (104,27,72)	 |       42.94531250 	 (39,88,14)	 |      59.15691757 
-----
TKE_0	Rank 0/1:       2.08596730 	 (71,23,4)	 |        0.00000000 	 (101,34,7)	 |       0.06517188 
Dumping state at timestep = 68040...
Dumped state at timestep = 68040...
Rank 0/1: Batch complete results sent via cudaMemcpyDeviceToHost.

			!!!!!	  TIMESTEP PERFORMANCE  	 !!!!! 
 Total Time (s) | Batch Steps 	| Time/step (s) | Comp./step (s) | IO Time (s)
---------------------------------------------------------------------------------------------------------
    56.9246 	|     9720 	|    0.0059 	|    0.0058 	 |   0.248237 

********************************************************************************************************
Main Time: Advancing simulation timestep = 77760... and time = 2400.00024

_____________________#######_________  STATE-SUMMARY @ it = 77760 _________#######____________________ 

			!!!!!	  HYDRO_CORE 	 !!!!! 
Field 	|	 max	     --(i,j,k)		 |	  min	     --(i,j,k)		 |	 mean
---------------------------------------------------------------------------------------------------------
********-----
 Model Fields -
 ********-----
rho	Rank 0/1:       1.14039207 	 (95,92,3)	 |        0.84397393 	 (68,33,124)	 |       1.03951263 
-----
u	Rank 0/1:      13.60820770 	 (49,38,41)	 |        3.41754556 	 (41,29,3)	 |      10.44102192 
-----
v	Rank 0/1:       4.11145020 	 (77,77,9)	 |       -3.99418688 	 (54,37,5)	 |       0.04882404 
-----
w	Rank 0/1:       5.21892643 	 (44,33,27)	 |       -3.40792394 	 (47,82,33)	 |       0.00034213 
-----
theta	Rank 0/1:     315.80337524 	 (50,18,124)	 |      299.53652954 	 (19,50,72)	 |     304.29263306 
-----
press	Rank 0/1:      75.67968750 	 (59,29,72)	 |       42.76562500 	 (38,34,13)	 |      67.47517395 
-----
TKE_0	Rank 0/1:       1.96171415 	 (24,123,4)	 |        0.00000000 	 (112,91,7)	 |       0.06190182 
Dumping state at timestep = 77760...
Dumped state at timestep = 77760...
Rank 0/1: Batch complete results sent via cudaMemcpyDeviceToHost.

			!!!!!	  TIMESTEP PERFORMANCE  	 !!!!! 
 Total Time (s) | Batch Steps 	| Time/step (s) | Comp./step (s) | IO Time (s)
---------------------------------------------------------------------------------------------------------
    56.9364 	|     9720 	|    0.0059 	|    0.0058 	 |   0.243077 

********************************************************************************************************
Main Time: Advancing simulation timestep = 87480... and time = 2700.00024

_____________________#######_________  STATE-SUMMARY @ it = 87480 _________#######____________________ 

			!!!!!	  HYDRO_CORE 	 !!!!! 
Field 	|	 max	     --(i,j,k)		 |	  min	     --(i,j,k)		 |	 mean
---------------------------------------------------------------------------------------------------------
********-----
 Model Fields -
 ********-----
rho	Rank 0/1:       1.14017749 	 (101,19,3)	 |        0.84404087 	 (89,111,124)	 |       1.03950036 
-----
u	Rank 0/1:      14.34762669 	 (22,35,14)	 |        3.67944980 	 (112,85,3)	 |      10.38125515 
-----
v	Rank 0/1:       4.17534590 	 (16,33,42)	 |       -3.89775443 	 (85,41,16)	 |       0.06392595 
-----
w	Rank 0/1:       5.06112480 	 (69,76,53)	 |       -3.24444985 	 (16,79,48)	 |       0.00033860 
-----
theta	Rank 0/1:     315.80380249 	 (89,111,124)	 |      299.80606079 	 (64,73,73)	 |     304.30307007 
-----
press	Rank 0/1:      86.05468750 	 (68,85,72)	 |       59.13281250 	 (14,30,24)	 |      75.90062714 
-----
TKE_0	Rank 0/1:       2.37616754 	 (79,113,4)	 |        0.00000000 	 (14,39,7)	 |       0.06105648 
Dumping state at timestep = 87480...
Dumped state at timestep = 87480...
Rank 0/1: Batch complete results sent via cudaMemcpyDeviceToHost.

			!!!!!	  TIMESTEP PERFORMANCE  	 !!!!! 
 Total Time (s) | Batch Steps 	| Time/step (s) | Comp./step (s) | IO Time (s)
---------------------------------------------------------------------------------------------------------
    56.9457 	|     9720 	|    0.0059 	|    0.0058 	 |   0.246919 

********************************************************************************************************
Main Time: Advancing simulation timestep = 97200... and time = 3000.00024

_____________________#######_________  STATE-SUMMARY @ it = 97200 _________#######____________________ 

			!!!!!	  HYDRO_CORE 	 !!!!! 
Field 	|	 max	     --(i,j,k)		 |	  min	     --(i,j,k)		 |	 mean
---------------------------------------------------------------------------------------------------------
********-----
 Model Fields -
 ********-----
rho	Rank 0/1:       1.13989711 	 (113,56,4)	 |        0.84411138 	 (31,118,124)	 |       1.03950155 
-----
u	Rank 0/1:      13.44057751 	 (88,3,25)	 |        3.47347927 	 (88,26,3)	 |      10.33879471 
-----
v	Rank 0/1:       4.26957464 	 (102,32,39)	 |       -3.95486999 	 (124,92,9)	 |       0.09112048 
-----
w	Rank 0/1:       5.16516447 	 (17,80,60)	 |       -3.17789841 	 (72,75,41)	 |       0.00035682 
-----
theta	Rank 0/1:     315.80374146 	 (76,111,124)	 |      299.61297607 	 (49,66,72)	 |     304.30310059 
-----
press	Rank 0/1:      94.98437500 	 (27,33,75)	 |       65.19531250 	 (98,35,30)	 |      84.38696289 
-----
TKE_0	Rank 0/1:       1.99142051 	 (9,98,4)	 |        0.00000000 	 (39,110,7)	 |       0.05950043 
Dumping state at timestep = 97200...
Dumped state at timestep = 97200...
Rank 0/1: Batch complete results sent via cudaMemcpyDeviceToHost.

			!!!!!	  TIMESTEP PERFORMANCE  	 !!!!! 
 Total Time (s) | Batch Steps 	| Time/step (s) | Comp./step (s) | IO Time (s)
---------------------------------------------------------------------------------------------------------
    56.9255 	|     9720 	|    0.0059 	|    0.0058 	 |   0.241530 

********************************************************************************************************
Main Time: Advancing simulation timestep = 106920... and time = 3300.00024

_____________________#######_________  STATE-SUMMARY @ it = 106920 _________#######____________________ 

			!!!!!	  HYDRO_CORE 	 !!!!! 
Field 	|	 max	     --(i,j,k)		 |	  min	     --(i,j,k)		 |	 mean
---------------------------------------------------------------------------------------------------------
********-----
 Model Fields -
 ********-----
rho	Rank 0/1:       1.14036417 	 (4,21,3)	 |        0.84418011 	 (13,18,124)	 |       1.03976643 
-----
u	Rank 0/1:      13.55027580 	 (84,97,29)	 |        3.56939077 	 (35,84,3)	 |      10.29711056 
-----
v	Rank 0/1:       5.29584169 	 (46,18,4)	 |       -4.53801298 	 (57,26,41)	 |       0.10693698 
-----
w	Rank 0/1:       5.62678242 	 (100,86,50)	 |       -4.09066200 	 (68,36,51)	 |       0.00037296 
-----
theta	Rank 0/1:     315.80383301 	 (13,18,124)	 |      300.02749634 	 (99,36,71)	 |     304.31109619 
-----
press	Rank 0/1:     105.26562500 	 (75,34,72)	 |       68.53906250 	 (56,25,34)	 |      93.14386749 
-----
TKE_0	Rank 0/1:       2.03801823 	 (32,87,4)	 |        0.00000000 	 (62,84,6)	 |       0.05879379 
Dumping state at timestep = 106920...
Dumped state at timestep = 106920...
Rank 0/1: Batch complete results sent via cudaMemcpyDeviceToHost.

			!!!!!	  TIMESTEP PERFORMANCE  	 !!!!! 
 Total Time (s) | Batch Steps 	| Time/step (s) | Comp./step (s) | IO Time (s)
---------------------------------------------------------------------------------------------------------
    56.9244 	|     9720 	|    0.0059 	|    0.0058 	 |   0.239828 

********************************************************************************************************
Main Time: Advancing simulation timestep = 116640... and time = 3600.00024

_____________________#######_________  STATE-SUMMARY @ it = 116640 _________#######____________________ 

			!!!!!	  HYDRO_CORE 	 !!!!! 
Field 	|	 max	     --(i,j,k)		 |	  min	     --(i,j,k)		 |	 mean
---------------------------------------------------------------------------------------------------------
********-----
 Model Fields -
 ********-----
rho	Rank 0/1:       1.14002454 	 (48,67,3)	 |        0.84424871 	 (18,79,124)	 |       1.03989708 
-----
u	Rank 0/1:      13.60830021 	 (17,20,38)	 |        3.30898499 	 (9,98,3)	 |      10.24809551 
-----
v	Rank 0/1:       4.70409346 	 (3,98,15)	 |       -4.01098251 	 (11,20,32)	 |       0.12415350 
-----
w	Rank 0/1:       5.17715836 	 (22,33,58)	 |       -3.31435490 	 (27,40,64)	 |       0.00035585 
-----
theta	Rank 0/1:     315.80444336 	 (18,79,124)	 |      299.77221680 	 (32,41,72)	 |     304.30737305 
-----
press	Rank 0/1:     113.74218750 	 (26,32,72)	 |       79.63281250 	 (3,98,10)	 |     101.42240906 
-----
TKE_0	Rank 0/1:       2.32200646 	 (13,21,4)	 |        0.00000000 	 (109,13,7)	 |       0.05704131 
Dumping state at timestep = 116640...
Dumped state at timestep = 116640...
Rank 0/1: Batch complete results sent via cudaMemcpyDeviceToHost.

			!!!!!	  TIMESTEP PERFORMANCE  	 !!!!! 
 Total Time (s) | Batch Steps 	| Time/step (s) | Comp./step (s) | IO Time (s)
---------------------------------------------------------------------------------------------------------
    56.9291 	|     9720 	|    0.0059 	|    0.0058 	 |   0.246727 

********************************************************************************************************
Main Time: Advancing simulation timestep = 126360... and time = 3900.00024

_____________________#######_________  STATE-SUMMARY @ it = 126360 _________#######____________________ 

			!!!!!	  HYDRO_CORE 	 !!!!! 
Field 	|	 max	     --(i,j,k)		 |	  min	     --(i,j,k)		 |	 mean
---------------------------------------------------------------------------------------------------------
********-----
 Model Fields -
 ********-----
rho	Rank 0/1:       1.13938713 	 (4,25,4)	 |        0.84431654 	 (6,79,124)	 |       1.03993297 
-----
u	Rank 0/1:      14.56448555 	 (93,105,12)	 |        3.29741216 	 (93,30,3)	 |      10.19270992 
-----
v	Rank 0/1:       4.12807798 	 (61,29,12)	 |       -4.00546074 	 (65,80,50)	 |       0.14001505 
-----
w	Rank 0/1:       4.81778908 	 (82,29,44)	 |       -3.21541762 	 (15,89,52)	 |       0.00033827 
-----
theta	Rank 0/1:     315.80456543 	 (7,79,124)	 |      299.60174561 	 (29,24,73)	 |     304.31463623 
-----
press	Rank 0/1:     122.03125000 	 (30,40,72)	 |       90.28125000 	 (41,101,8)	 |     109.98716736 
-----
TKE_0	Rank 0/1:       1.95635855 	 (118,49,4)	 |        0.00000000 	 (37,33,7)	 |       0.05619812 
Dumping state at timestep = 126360...
Dumped state at timestep = 126360...
Rank 0/1: Batch complete results sent via cudaMemcpyDeviceToHost.

			!!!!!	  TIMESTEP PERFORMANCE  	 !!!!! 
 Total Time (s) | Batch Steps 	| Time/step (s) | Comp./step (s) | IO Time (s)
---------------------------------------------------------------------------------------------------------
    56.9198 	|     9720 	|    0.0059 	|    0.0058 	 |   0.238264 

********************************************************************************************************
Main Time: Advancing simulation timestep = 136080... and time = 4200.00049

_____________________#######_________  STATE-SUMMARY @ it = 136080 _________#######____________________ 

			!!!!!	  HYDRO_CORE 	 !!!!! 
Field 	|	 max	     --(i,j,k)		 |	  min	     --(i,j,k)		 |	 mean
---------------------------------------------------------------------------------------------------------
********-----
 Model Fields -
 ********-----
rho	Rank 0/1:       1.13907897 	 (54,25,3)	 |        0.84438485 	 (117,79,124)	 |       1.03989577 
-----
u	Rank 0/1:      13.24414635 	 (23,72,44)	 |        3.41187286 	 (57,94,3)	 |      10.13571072 
-----
v	Rank 0/1:       4.27329636 	 (105,95,39)	 |       -3.92137241 	 (114,103,4)	 |       0.15711875 
-----
w	Rank 0/1:       6.33074713 	 (41,93,55)	 |       -3.43243241 	 (14,31,41)	 |       0.00035704 
-----
theta	Rank 0/1:     315.80429077 	 (117,79,124)	 |      299.81527710 	 (52,78,73)	 |     304.33209229 
-----
press	Rank 0/1:     131.90625000 	 (53,31,72)	 |       99.69531250 	 (113,102,8)	 |     118.33126068 
-----
TKE_0	Rank 0/1:       1.84641147 	 (61,24,4)	 |        0.00000000 	 (13,10,7)	 |       0.05537926 
Dumping state at timestep = 136080...
Dumped state at timestep = 136080...
Rank 0/1: Batch complete results sent via cudaMemcpyDeviceToHost.

			!!!!!	  TIMESTEP PERFORMANCE  	 !!!!! 
 Total Time (s) | Batch Steps 	| Time/step (s) | Comp./step (s) | IO Time (s)
---------------------------------------------------------------------------------------------------------
    56.9229 	|     9720 	|    0.0059 	|    0.0058 	 |   0.240077 

********************************************************************************************************
Main Time: Advancing simulation timestep = 145800... and time = 4500.00049

_____________________#######_________  STATE-SUMMARY @ it = 145800 _________#######____________________ 

			!!!!!	  HYDRO_CORE 	 !!!!! 
Field 	|	 max	     --(i,j,k)		 |	  min	     --(i,j,k)		 |	 mean
---------------------------------------------------------------------------------------------------------
********-----
 Model Fields -
 ********-----
rho	Rank 0/1:       1.13929951 	 (90,42,4)	 |        0.84445411 	 (65,118,124)	 |       1.03980947 
-----
u	Rank 0/1:      12.81618881 	 (21,106,31)	 |        3.69403434 	 (84,7,3)	 |      10.10864353 
-----
v	Rank 0/1:       4.73670864 	 (112,73,8)	 |       -3.60610771 	 (111,100,28)	 |       0.18005191 
-----
w	Rank 0/1:       5.35474730 	 (21,36,54)	 |       -3.05241108 	 (67,102,27)	 |       0.00036607 
-----
theta	Rank 0/1:     315.80459595 	 (105,79,124)	 |      299.47561646 	 (17,91,73)	 |     304.33770752 
-----
press	Rank 0/1:     140.79687500 	 (17,18,75)	 |      108.25000000 	 (24,106,6)	 |     127.12606812 
-----
TKE_0	Rank 0/1:       1.78540850 	 (28,108,4)	 |        0.00000000 	 (31,37,7)	 |       0.05507755 
Dumping state at timestep = 145800...
Dumped state at timestep = 145800...
Rank 0/1: Batch complete results sent via cudaMemcpyDeviceToHost.

			!!!!!	  TIMESTEP PERFORMANCE  	 !!!!! 
 Total Time (s) | Batch Steps 	| Time/step (s) | Comp./step (s) | IO Time (s)
---------------------------------------------------------------------------------------------------------
    56.9060 	|     9720 	|    0.0059 	|    0.0058 	 |   0.233582 

********************************************************************************************************
Main Time: Advancing simulation timestep = 155520... and time = 4800.00049

_____________________#######_________  STATE-SUMMARY @ it = 155520 _________#######____________________ 

			!!!!!	  HYDRO_CORE 	 !!!!! 
Field 	|	 max	     --(i,j,k)		 |	  min	     --(i,j,k)		 |	 mean
---------------------------------------------------------------------------------------------------------
********-----
 Model Fields -
 ********-----
rho	Rank 0/1:       1.13947344 	 (5,91,3)	 |        0.84452319 	 (71,50,124)	 |       1.03973556 
-----
u	Rank 0/1:      13.10995579 	 (29,23,72)	 |        3.70329881 	 (103,103,3)	 |      10.05896664 
-----
v	Rank 0/1:       4.30022144 	 (47,95,26)	 |       -3.44069123 	 (75,77,60)	 |       0.20368885 
-----
w	Rank 0/1:       5.13978672 	 (74,85,28)	 |       -3.03772497 	 (119,58,63)	 |       0.00034762 
-----
theta	Rank 0/1:     315.80419922 	 (71,50,124)	 |      299.84652710 	 (78,108,73)	 |     304.33334351 
-----
press	Rank 0/1:     150.16406250 	 (82,96,75)	 |      116.51562500 	 (74,84,28)	 |     134.94955444 
-----
TKE_0	Rank 0/1:       1.97272241 	 (9,60,4)	 |        0.00000000 	 (61,44,6)	 |       0.05562131 
Dumping state at timestep = 155520...
Dumped state at timestep = 155520...
Rank 0/1: Batch complete results sent via cudaMemcpyDeviceToHost.

			!!!!!	  TIMESTEP PERFORMANCE  	 !!!!! 
 Total Time (s) | Batch Steps 	| Time/step (s) | Comp./step (s) | IO Time (s)
---------------------------------------------------------------------------------------------------------
    56.9107 	|     9720 	|    0.0059 	|    0.0058 	 |   0.239769 

********************************************************************************************************
Main Time: Advancing simulation timestep = 165240... and time = 5100.00049

_____________________#######_________  STATE-SUMMARY @ it = 165240 _________#######____________________ 

			!!!!!	  HYDRO_CORE 	 !!!!! 
Field 	|	 max	     --(i,j,k)		 |	  min	     --(i,j,k)		 |	 mean
---------------------------------------------------------------------------------------------------------
********-----
 Model Fields -
 ********-----
rho	Rank 0/1:       1.13916218 	 (75,32,4)	 |        0.84458834 	 (60,41,124)	 |       1.03969121 
-----
u	Rank 0/1:      13.77309895 	 (78,116,27)	 |        3.42440224 	 (79,107,3)	 |      10.01265335 
-----
v	Rank 0/1:       5.95996761 	 (77,115,30)	 |       -4.00466013 	 (78,113,5)	 |       0.22398432 
-----
w	Rank 0/1:       4.73682499 	 (40,85,63)	 |       -2.81481194 	 (59,67,49)	 |       0.00033287 
-----
theta	Rank 0/1:     315.80456543 	 (60,41,124)	 |      299.62719727 	 (118,23,73)	 |     304.33276367 
-----
press	Rank 0/1:     159.00781250 	 (49,84,72)	 |      115.37500000 	 (77,112,10)	 |     143.72055054 
-----
TKE_0	Rank 0/1:       2.06193161 	 (77,119,4)	 |        0.00000000 	 (19,92,6)	 |       0.05494687 
Dumping state at timestep = 165240...
Dumped state at timestep = 165240...
Rank 0/1: Batch complete results sent via cudaMemcpyDeviceToHost.

			!!!!!	  TIMESTEP PERFORMANCE  	 !!!!! 
 Total Time (s) | Batch Steps 	| Time/step (s) | Comp./step (s) | IO Time (s)
---------------------------------------------------------------------------------------------------------
    56.9067 	|     9720 	|    0.0059 	|    0.0058 	 |   0.238625 

********************************************************************************************************
Main Time: Advancing simulation timestep = 174960... and time = 5400.00049

_____________________#######_________  STATE-SUMMARY @ it = 174960 _________#######____________________ 

			!!!!!	  HYDRO_CORE 	 !!!!! 
Field 	|	 max	     --(i,j,k)		 |	  min	     --(i,j,k)		 |	 mean
---------------------------------------------------------------------------------------------------------
********-----
 Model Fields -
 ********-----
rho	Rank 0/1:       1.13887537 	 (56,83,4)	 |        0.84465533 	 (45,22,124)	 |       1.03962982 
-----
u	Rank 0/1:      12.74973106 	 (121,89,13)	 |        3.29619479 	 (98,32,3)	 |       9.96369839 
-----
v	Rank 0/1:       4.75441217 	 (6,16,38)	 |       -3.78843331 	 (54,110,20)	 |       0.24998598 
-----
w	Rank 0/1:       4.98809576 	 (25,89,58)	 |       -3.13465405 	 (81,115,20)	 |       0.00034734 
-----
theta	Rank 0/1:     315.80499268 	 (45,22,124)	 |      299.77789307 	 (88,41,73)	 |     304.34939575 
-----
press	Rank 0/1:     166.56250000 	 (103,25,75)	 |      131.14843750 	 (21,68,14)	 |     151.68283081 
-----
TKE_0	Rank 0/1:       1.68383014 	 (122,64,4)	 |        0.00000000 	 (70,36,7)	 |       0.05537298 
Dumping state at timestep = 174960...
Dumped state at timestep = 174960...
Rank 0/1: Batch complete results sent via cudaMemcpyDeviceToHost.

			!!!!!	  TIMESTEP PERFORMANCE  	 !!!!! 
 Total Time (s) | Batch Steps 	| Time/step (s) | Comp./step (s) | IO Time (s)
---------------------------------------------------------------------------------------------------------
    56.9109 	|     9720 	|    0.0059 	|    0.0058 	 |   0.238755 

********************************************************************************************************
Main Time: Advancing simulation timestep = 184680... and time = 5700.00049

_____________________#######_________  STATE-SUMMARY @ it = 184680 _________#######____________________ 

			!!!!!	  HYDRO_CORE 	 !!!!! 
Field 	|	 max	     --(i,j,k)		 |	  min	     --(i,j,k)		 |	 mean
---------------------------------------------------------------------------------------------------------
********-----
 Model Fields -
 ********-----
rho	Rank 0/1:       1.13875580 	 (48,87,4)	 |        0.84472328 	 (51,99,124)	 |       1.03951228 
-----
u	Rank 0/1:      12.70682716 	 (114,12,34)	 |        3.30709314 	 (35,32,3)	 |       9.91607475 
-----
v	Rank 0/1:       4.35519218 	 (19,28,7)	 |       -3.40569854 	 (90,101,9)	 |       0.28114805 
-----
w	Rank 0/1:       5.31699514 	 (84,63,39)	 |       -3.16724515 	 (68,122,37)	 |       0.00036085 
-----
theta	Rank 0/1:     315.80517578 	 (33,23,124)	 |      300.08319092 	 (58,34,72)	 |     304.35919189 
-----
press	Rank 0/1:     175.96093750 	 (73,41,75)	 |      139.50000000 	 (18,29,20)	 |     160.40020752 
-----
TKE_0	Rank 0/1:       1.93773842 	 (113,124,4)	 |        0.00000000 	 (48,87,5)	 |       0.05436708 
Dumping state at timestep = 184680...
Dumped state at timestep = 184680...
Rank 0/1: Batch complete results sent via cudaMemcpyDeviceToHost.

			!!!!!	  TIMESTEP PERFORMANCE  	 !!!!! 
 Total Time (s) | Batch Steps 	| Time/step (s) | Comp./step (s) | IO Time (s)
---------------------------------------------------------------------------------------------------------
    56.9088 	|     9720 	|    0.0059 	|    0.0058 	 |   0.239411 

********************************************************************************************************
Main Time: Advancing simulation timestep = 194400... and time = 6000.00049

_____________________#######_________  STATE-SUMMARY @ it = 194400 _________#######____________________ 

			!!!!!	  HYDRO_CORE 	 !!!!! 
Field 	|	 max	     --(i,j,k)		 |	  min	     --(i,j,k)		 |	 mean
---------------------------------------------------------------------------------------------------------
********-----
 Model Fields -
 ********-----
rho	Rank 0/1:       1.13876081 	 (28,86,4)	 |        0.84478909 	 (92,37,124)	 |       1.03944731 
-----
u	Rank 0/1:      12.87954903 	 (47,107,34)	 |        2.93142629 	 (52,97,3)	 |       9.88037205 
-----
v	Rank 0/1:       4.20844507 	 (93,67,16)	 |       -3.75892329 	 (8,49,26)	 |       0.31363550 
-----
w	Rank 0/1:       4.73506117 	 (115,40,61)	 |       -2.95773005 	 (99,25,30)	 |       0.00034180 
-----
theta	Rank 0/1:     315.80569458 	 (92,37,124)	 |      300.42828369 	 (93,114,73)	 |     304.36645508 
-----
press	Rank 0/1:     185.26562500 	 (102,120,75)	 |      145.99218750 	 (51,95,12)	 |     168.11799622 
-----
TKE_0	Rank 0/1:       1.70172834 	 (42,100,4)	 |        0.00000000 	 (18,30,6)	 |       0.05400407 
Dumping state at timestep = 194400...
Dumped state at timestep = 194400...
Rank 0/1: Batch complete results sent via cudaMemcpyDeviceToHost.

			!!!!!	  TIMESTEP PERFORMANCE  	 !!!!! 
 Total Time (s) | Batch Steps 	| Time/step (s) | Comp./step (s) | IO Time (s)
---------------------------------------------------------------------------------------------------------
    56.9044 	|     9720 	|    0.0059 	|    0.0058 	 |   0.239438 

********************************************************************************************************
Main Time: Advancing simulation timestep = 204120... and time = 6300.00049

_____________________#######_________  STATE-SUMMARY @ it = 204120 _________#######____________________ 

			!!!!!	  HYDRO_CORE 	 !!!!! 
Field 	|	 max	     --(i,j,k)		 |	  min	     --(i,j,k)		 |	 mean
---------------------------------------------------------------------------------------------------------
********-----
 Model Fields -
 ********-----
rho	Rank 0/1:       1.13863349 	 (109,110,4)	 |        0.84485698 	 (17,62,124)	 |       1.03943741 
-----
u	Rank 0/1:      13.34028912 	 (76,50,39)	 |        3.38351345 	 (106,48,3)	 |       9.84489250 
-----
v	Rank 0/1:       4.42419100 	 (62,6,16)	 |       -4.17537689 	 (117,69,21)	 |       0.34171164 
-----
w	Rank 0/1:       5.61759615 	 (76,53,30)	 |       -3.34659386 	 (123,5,12)	 |       0.00033109 
-----
theta	Rank 0/1:     315.80505371 	 (17,62,124)	 |      300.44366455 	 (37,33,72)	 |     304.38827515 
-----
press	Rank 0/1:     196.25000000 	 (21,94,73)	 |      149.75000000 	 (118,114,10)	 |     176.69142151 
-----
TKE_0	Rank 0/1:       1.95869064 	 (71,37,4)	 |        0.00000000 	 (65,121,6)	 |       0.05380691 
Dumping state at timestep = 204120...
Dumped state at timestep = 204120...
Rank 0/1: Batch complete results sent via cudaMemcpyDeviceToHost.

			!!!!!	  TIMESTEP PERFORMANCE  	 !!!!! 
 Total Time (s) | Batch Steps 	| Time/step (s) | Comp./step (s) | IO Time (s)
---------------------------------------------------------------------------------------------------------
    56.9069 	|     9720 	|    0.0059 	|    0.0058 	 |   0.239848 

********************************************************************************************************
Main Time: Advancing simulation timestep = 213840... and time = 6600.00049

_____________________#######_________  STATE-SUMMARY @ it = 213840 _________#######____________________ 

			!!!!!	  HYDRO_CORE 	 !!!!! 
Field 	|	 max	     --(i,j,k)		 |	  min	     --(i,j,k)		 |	 mean
---------------------------------------------------------------------------------------------------------
********-----
 Model Fields -
 ********-----
rho	Rank 0/1:       1.13846409 	 (90,29,4)	 |        0.84492308 	 (15,99,124)	 |       1.03930199 
-----
u	Rank 0/1:      13.28392124 	 (24,56,17)	 |        2.42795300 	 (27,51,3)	 |       9.81095409 
-----
v	Rank 0/1:       4.80825138 	 (103,97,11)	 |       -3.47876787 	 (107,116,4)	 |       0.36662298 
-----
w	Rank 0/1:       5.03938913 	 (52,52,45)	 |       -3.16426921 	 (24,58,16)	 |       0.00034319 
-----
theta	Rank 0/1:     315.80532837 	 (15,99,124)	 |      300.46179199 	 (114,99,74)	 |     304.40493774 
-----
press	Rank 0/1:     202.47656250 	 (12,29,75)	 |      152.85937500 	 (25,56,12)	 |     184.94148254 
-----
TKE_0	Rank 0/1:       1.70571971 	 (102,94,7)	 |        0.00000000 	 (117,26,7)	 |       0.05396868 
Dumping state at timestep = 213840...
Dumped state at timestep = 213840...
Rank 0/1: Batch complete results sent via cudaMemcpyDeviceToHost.

			!!!!!	  TIMESTEP PERFORMANCE  	 !!!!! 
 Total Time (s) | Batch Steps 	| Time/step (s) | Comp./step (s) | IO Time (s)
---------------------------------------------------------------------------------------------------------
    56.9007 	|     9720 	|    0.0059 	|    0.0058 	 |   0.235310 

********************************************************************************************************
Main Time: Advancing simulation timestep = 223560... and time = 6900.00049

_____________________#######_________  STATE-SUMMARY @ it = 223560 _________#######____________________ 

			!!!!!	  HYDRO_CORE 	 !!!!! 
Field 	|	 max	     --(i,j,k)		 |	  min	     --(i,j,k)		 |	 mean
---------------------------------------------------------------------------------------------------------
********-----
 Model Fields -
 ********-----
rho	Rank 0/1:       1.13839138 	 (61,59,4)	 |        0.84499323 	 (97,7,124)	 |       1.03927767 
-----
u	Rank 0/1:      12.58624840 	 (107,55,24)	 |        3.12180233 	 (71,95,3)	 |       9.78473854 
-----
v	Rank 0/1:       4.36880636 	 (27,124,15)	 |       -3.80705333 	 (62,119,4)	 |       0.39284363 
-----
w	Rank 0/1:       5.52876997 	 (107,28,54)	 |       -3.43118405 	 (70,120,17)	 |       0.00035749 
-----
theta	Rank 0/1:     315.80462646 	 (107,22,124)	 |      300.19482422 	 (96,109,73)	 |     304.40701294 
-----
press	Rank 0/1:     211.67187500 	 (73,108,72)	 |      164.87500000 	 (90,36,10)	 |     193.39079285 
-----
TKE_0	Rank 0/1:       1.75187373 	 (107,59,4)	 |        0.00000000 	 (109,9,6)	 |       0.05477721 
Dumping state at timestep = 223560...
Dumped state at timestep = 223560...
Rank 0/1: Batch complete results sent via cudaMemcpyDeviceToHost.

			!!!!!	  TIMESTEP PERFORMANCE  	 !!!!! 
 Total Time (s) | Batch Steps 	| Time/step (s) | Comp./step (s) | IO Time (s)
---------------------------------------------------------------------------------------------------------
    56.9099 	|     9720 	|    0.0059 	|    0.0058 	 |   0.234560 

********************************************************************************************************

_____________________#######_________  STATE-SUMMARY @ it = 233280 _________#######____________________ 

			!!!!!	  HYDRO_CORE 	 !!!!! 
Field 	|	 max	     --(i,j,k)		 |	  min	     --(i,j,k)		 |	 mean
---------------------------------------------------------------------------------------------------------
********-----
 Model Fields -
 ********-----
rho	Rank 0/1:       1.13839793 	 (63,56,3)	 |        0.84505922 	 (25,80,124)	 |       1.03925049 
-----
u	Rank 0/1:      12.29086113 	 (64,37,41)	 |        2.93737745 	 (83,16,3)	 |       9.75401020 
-----
v	Rank 0/1:       4.90264845 	 (114,84,4)	 |       -3.44024229 	 (31,120,7)	 |       0.41463700 
-----
w	Rank 0/1:       4.76607513 	 (19,106,48)	 |       -3.71604300 	 (3,56,18)	 |       0.00034013 
-----
theta	Rank 0/1:     315.80511475 	 (95,22,124)	 |      300.52551270 	 (25,105,73)	 |     304.39968872 
-----
press	Rank 0/1:     221.00000000 	 (72,36,75)	 |      173.38281250 	 (114,85,8)	 |     201.48236084 
-----
TKE_0	Rank 0/1:       1.82468224 	 (16,116,4)	 |        0.00000000 	 (53,58,7)	 |       0.05330128 

_____________________#######_________  TOWER-SUMMARY @ it = 233280 _________#######____________________ 
Dumping state at timestep = 233280...
Dumped state at timestep = 233280...

			!!!!!	  TIMESTEP PERFORMANCE  	 !!!!! 
 Total Time (s) | Batch Steps 	| Time/step (s) | Comp./step (s) | IO Time (s)
---------------------------------------------------------------------------------------------------------
     0.2350 	|        0 	|    0.0000 	|    0.0000 	 |   0.175638 

********************************************************************************************************
Your FastEddy simulation is complete!
Cleaning up...
Shutting down MPI...
 Goodbye!
