Obtaining parameters from ./run.in
Successfully opened ./run.in and read 129 lines.
Warning more than 10000 entries were requested for the parameters hash table.
Consider changing the requested table size in the PARAMETERS module.
WARNING: optional parameter ioLPDMmode defaulted to 0.
WARNING: optional parameter ioLPDMfullFrq defaulted to 0.
WARNING: optional parameter lpdmOnlineSelector defaulted to 0.
WARNING: optional parameter lpdmOnlineQueue defaulted to 4.
WARNING: optional parameter lpdmOnlinePause1 defaulted to 0.
WARNING: optional parameter lpdmOnlinePause2 defaulted to 0.
WARNING: optional parameter towerIOSelector defaulted to 0.
WARNING: optional parameter gridFile defaulted to NULL.
WARNING: optional parameter pgfSelector defaulted to 1.
WARNING: optional parameter buoyancySelector defaulted to 1.
WARNING: optional parameter ceilingAdvectionBC defaulted to 0.
WARNING: optional parameter surflayer_stab defaulted to 0.
WARNING: optional parameter surflayer_z0tdyn defaulted to 1.
WARNING: optional parameter surflayer_offshore_visc defaulted to 1.
WARNING: optional parameter canopySelector defaulted to 0.
WARNING: optional parameter cellpertSelector defaulted to 0.
WARNING: optional parameter filter_6thdiff_hori defaulted to 0.
WARNING: optional parameter filter_divdamp defaulted to 0.
WARNING: optional parameter NhydroAuxScalars defaulted to 0.
WARNING: optional parameter physics_oneRKonly defaulted to 1.
Rank 0/1:  [rankXid, rankYid] = [0,0]
mpi_rank_world--0/1 inFile = (null) !!
mpi_rank_world--0/1 Obtaining devices...
Obtaining properties for 1 devices...

mpi_rank_world--0/1 assigned accelerator device 0/1...
Device Number:          0
---------------------------------------------------------------------

__General__
   Name                               : NVIDIA GeForce RTX 5090
   Compute Capability                 : 12.0
   Clock Rate                         : 2512000
   Number of multiprocessors          : 170
   Max Threads/multiprocessor         : 1536
   Concurrent Copy/Execution          : Yes
   Concurrent Kernels                 : 1
   Compute Mode                       : 0
   Kernel Timeout Enabled             : No
   Integrated                         : No
   Host Memory Mapping                : Yes

__Configuration__
   Registers/Block                    : 65536
   Warp Size                          : 32
   Max Threads/Block                  : 1024
   Max Block-extent / Dimension       :         1024         1024           64
   Max Grid-extent / Dimension        :   2147483647        65535        65535

__Memory__
   Tot. Global Memory (GB) / (B)      :   31.35834 / 3605987328
   Shared Mem/Block   (GB) / (B)      :    0.00005 / 49152
   Constant Memory    (GB) / (B)      :    0.00006 / 65536
   Max 1-D Texture                    :       131072
   Max 2-D Texture                    :       131072        65536
   Max 3-D Texture                    :        16384        16384        16384
   Texture Alignment  (B)             : 512
   Max Memory pitch                   : 2147483647

mpi_rank_world--0/1 done!
mpi_rank_world--0/1 Assigning threadPerBlock.[xyz]
mpi_rank_world--0/1 done!
Nxp = 122, Nyp = 122, Nzp = 122
****Spatial loop-index Mins & Maxs ****  (i,j,k)-min = (3,3,3) & (i,j,k)-max = (125,125,125)
Entering hydro_coreInit:------
WARNING: parameter surflayer_qskin_input was not found but was requested for printing.
WARNING: parameter surflayer_offshore_opt was not found but was requested for printing.
WARNING: parameter filter_6thdiff_hori_coeff was not found but was requested for printing.
hydro_coreInit: allocating/registering arrays/fields with IO
hydro_coreInit:hydroFlds[0] = rho stored at 0x78c7f9ff8080, has been registered with IO.
hydro_coreInit:hydroFlds[1] = u stored at 0x78c7fa7f8080, has been registered with IO.
hydro_coreInit:hydroFlds[2] = v stored at 0x78c7faff8080, has been registered with IO.
hydro_coreInit:hydroFlds[3] = w stored at 0x78c7fb7f8080, has been registered with IO.
hydro_coreInit:hydroFlds[4] = theta stored at 0x78c7fbff8080, has been registered with IO.
hydro_coreInit:Field = pressure stored at 0x78c7f97f7080, has been registered with IO.
hydro_coreInit:sgstkeScalars[0] = TKE_0 stored at 0x78c7f67f5080, has been registered with IO.
hydro_coreInit: allocating internal arrays
hydro_coreInit:Field = tskin stored at 0x59aa2cbddf80, has been registered with IO.
hydro_coreInit:Field = fricVel stored at 0x59aa2cbbde00, has been registered with IO.
hydro_coreInit:Field = htFlux stored at 0x59aa2cbcdf00, has been registered with IO.
hydro_coreInit:Field = invOblen stored at 0x59aa2cbee000, has been registered with IO.
hydro_coreInit:Field = z0m stored at 0x59aa2cbfe100, has been registered with IO.
hydro_coreInit:Field = z0t stored at 0x59aa2cc0e180, has been registered with IO.
mpi_rank_world--0/1: in timeInit(), simTime_it = 0 and simTime =         0.000000 !
:Variable = time stored at 0x59aa1e6aef78, has been registered with IO.

## time_test
Description=seed seed_cbl-mid_a045: flat uniform convective spin-up, z_i target 700 m, base angle 45 deg # ## A description of this input file.
## FEMPI parameters---
numProcsX=1        # ## Number of cores to be used for horizontal domain decomposition in X
numProcsY=1        # ## Number of cores to be used for horizontal domain decomposition in Y
## IO parameters---
ioOutputMode=0     # ## 0: N-to-1 gather and write to a netCDF file, 1:N-to-N writes of FastEddy binary files
inPath=            # ## Path where initial/restart file is read in from
inFile=            # ## name of the input file for coordinate system and initial or restart conditions
outPath=./output/  # ## Path where output files are to be written
outFileBase=FE_SEED # ## Base name of the output file series as in (outFileBase).element-in-series
frqOutput=9720     # ## frequency (in timesteps) at which to produce output; should be an even multiple of NtBatch
towerIOSelector=0  # (DEFAULTED) ## Virtual Tower IO-Selector: 0=off, 1=on 
## FECUDA parameters---
tBx=1              # ## Number of threads in x-dimension.
tBy=8              # ## Number of threads in y-dimension.
tBz=16             # ## Number of threads in z-dimension.
## GRID parameters---
gridFile=          # (DEFAULTED) ## A file containing a complete grid specification
topoFile=          # ## A file containing terrain(surface elevation in meters ASL)
Nx=122             # ## Number of discretised domain elements in the x (zonal) direction.
Ny=122             # ## Number of discretised domain elements in the y (meridional) direction.
Nz=122             # ## Number of discretised domain elements in the z (vertical) direction.
Nh=3               # ## Number of halo cells to be used (dependent on largest stencil extent).
d_xi=30            # ## Computational domain fixed resolution in the 'i' direction.
d_eta=30           # ## Computational domain fixed resolution in the 'j' direction.
d_zeta=24.6914     # ## Computational domain fixed resolution in the 'k' direction.
coordHorizHalos=1  # ## switch to setup coordinate halos as periodic=1 or gradient-following=0.
verticalDeformSwitch=1 # ## switch to use vertical coordinate deformation 0=off, 1=on
verticalDeformFactor=0.346601 # ## deformation factor (0.0=max compression,  1.0=no compression)
verticalDeformQuadCoeff=0 # ## deformation factor (0.0=max compression,  1.0=no compression)
## HYDRO_CORE parameters---
## ----------: HYDRO_CORE Submodule Selectors ---
## ----------: Boundary Conditions Set ---
hydroBCs=2         # ## Selector for hydro BC set. 1= LAD, Dirichlet lateral, ceiling and surface, 2 = periodic-horizontal & ABL-vertical
hydroForcingWrite=0 # ## Switch for writing output of hydroFldsFrhs for prognostic fields. 0 = off, 1=on
hydroSubGridWrite=0 # ## Switch for writing output of Tauij fields. 0 = off, 1=on
hydroForcingLog=0  # ## Switch for logging Frhs summary metrics. 0 = off, 1=on
## ----------: PRESSURE GRADIENT FORCE ---
pgfSelector=1      # (DEFAULTED) ## Pressure Gradient Force (pgf) selector: 0=off, 1=on
## ----------: BUOYANCY ---
buoyancySelector=1 # (DEFAULTED) ## Buoyancy force  selector: 0=off, 1=on
## ----------: CORIOLIS ---
coriolisSelector=1 # ## Corilis force selector: 0= none, 1= horiz. terms, 2= horiz. & vert. terms
coriolisLatitude=42.9572 # ## Characteristic latitude in degrees from equator of the LES domain
## ----------: TURBULENCE ---
turbulenceSelector=1 # ## turbulence scheme selector: 0= none, 1= Lilly/Smagorinsky 
TKESelector=1      # ## Prognostic TKE selector: 0= none, 1= Prognostic, 2= requires canopySelector=1
TKEAdvSelector=3   # ## advection scheme for SGSTKE equation
TKEAdvSelector_b_hyb=0 # ## hybrid advection scheme parameter
c_k=0.1            # ## Lilly model constant used for turbulenceSelector = 1 and TKESelector > 0
## ----------: ADVECTION ---
advectionSelector=3 # ## advection scheme selector: 0=1st-order upwind, 1=3rd-order QUICK, 2=hybrid 3rd-4th order, 3=hybrid 5th-6th order, 4=3rd-order WENO, 5=5th-order WENO, 6=2nd-order centered
ceilingAdvectionBC=0 # (DEFAULTED) ## selector to allow advection through the domain ceiling 1=on, 0=off (w-ceiling = 0)
b_hyb=0            # ## hybrid advection scheme parameter: 0.0= lower-order upwind, 1.0=higher-order centered, 0.0 < b_hyb < 1.0 = hybrid
## ----------: DIFFUSION ---
diffusionSelector=0 # ## diffusivity selector: 0= none, 1= const.
## ----------: SURFACE LAYER ---
surflayerSelector=1 # ## surfacelayer selector: 0=off, 1=surface kinematic heat flux (surflayer_wth), 2=skin temperature rate (surflayer_tr)
surflayer_z0=0.061489 # ## roughness length (momentum) when surflayerSelector > 0
surflayer_z0t=0.01 # ## roughness length (temperature) when surflayerSelector > 0
surflayer_wth=0.11 # ## kinematic sensible heat flux at the surface when surflayerSelector = 1
surflayer_idealsine=0 # ## selector for idealized sinusoidal surface heat flux or skin temperature forcing: 0= off, 1= on
surflayer_stab=0   # (DEFAULTED) ## exchange coeffcient stability correction selector: 0= on, 1= off
surflayer_z0tdyn=1 # (DEFAULTED) ## dynamic z0t calculation following Zilitinkevich (1995) approach: 0= off, 1= constant Zilitinkevich coeff, 2= variable Zilitinkevich coeff
## ----------: OFFSHORE ROUGHNESS ---
surflayer_offshore=0 # ## offshore selector: 0=off, 1=on
## ----------: CANOPY MODEL ---
canopySelector=0   # (DEFAULTED) ## canopy selector: 0= off, 1= on
## ----------: LARGE-SCALE FORCINGS MODEL ---
lsfSelector=1      # ## large-scale forcings selector: 0= off, 1= on
lsf_w_surf=0       # ## large-scale forcing to w at the first specified level
lsf_w_lev1=-25     # ## large-scale forcing w at height 1
lsf_w_lev2=0       # ## large-scale forcing w at height 2
lsf_w_zlev1=700    # ## large-scale forcing w height 1
lsf_w_zlev2=1400   # ## large-scale forcing w height 2
lsf_th_surf=0      # ## large-scale forcing to theta at the first specified level
lsf_th_lev1=0      # ## large-scale forcing theta at height 1
lsf_th_lev2=0      # ## large-scale forcing theta at height 2
lsf_th_zlev1=500   # ## large-scale forcing theta height 1
lsf_th_zlev2=2000  # ## large-scale forcing theta height 2
lsf_qv_surf=-0.0432 # ## large-scale forcing to qv at the first specified level
lsf_qv_lev1=-0.0432 # ## large-scale forcing qv at height 1
lsf_qv_lev2=0      # ## large-scale forcing qv at height 2
lsf_qv_zlev1=300   # ## large-scale forcing qv height 1
lsf_qv_zlev2=500   # ## large-scale forcing qv height 2
lsf_horMnSubTerms=1 # ## large-scale subsidence terms Switch: 0= off, 1= on
lsf_freq=1         # ## large-scale forcing frequency (seconds)
## ----------: MOISTURE ---
moistureSelector=0 # ## moisture selector: 0= off, 1= on
## ----------: EXPLICIT FILTERS ---
filterSelector=1   # ## explicit filter selector: 0=off, 1=on
filter_6thdiff_vert=1 # ## vertical 6th-order filter on w selector: 0=off, 1=on
filter_6thdiff_vert_coeff=0.03 # ## vertical 6th-order filter factor: 0.0=off, 1.0=full
filter_6thdiff_hori=0 # (DEFAULTED) ## horizontal 6th-order filter on rho,theta,qv selector: 0=off, 1=on
filter_divdamp=0   # (DEFAULTED) ## divergence damping selector: 0=off, 1=on
## ----------: CELL PERTURBATION METHOD ---
cellpertSelector=0 # (DEFAULTED) ## CP method selector: 0= off, 1= on
## ----------: RAYLEIGH DAMPING LAYER ---
dampingLayerSelector=1 # ## Rayleigh damping layer selector: 0= off, 1= on.
dampingLayerDepth=500 # ## Rayleigh damping layer depth in meters
## ----------: AUXILIARY SCALARS ---
NhydroAuxScalars=0 # (DEFAULTED) ## Number of prognostic auxiliary scalar fields
## ----------: BASE-STATE ---
stabilityScheme=2  # ## Scheme used to set hydrostatic, stability-dependent Base-State EOS fields
temp_grnd=298.012  # ## Air Temperature (K) at the ground used to set hydrostatic Base-State EOS fields
pres_grnd=97700    # ## Pressure (Pa) at the ground used to set hydrostatic Base-State EOS fields
zStableBottom=700  # ## Height (m) of the first stable upper-layer when stabilityScheme = 2
stableGradient=0.08 # ## Vertical gradient (K/m) of the first stable upper-layer when stabilityScheme = 2
zStableBottom2=800 # ## Height (m) of the second stable upper-layer when stabilityScheme = 2
zStableBottom3=20000 # ## Height (m) of the third stable upper-layer when stabilityScheme = 2
stableGradient2=0.004 # ## Vertical gradient (K/m) of the second stable upper-layer when stabilityScheme = 2
stableGradient3=0.004 # ## Vertical gradient (K/m) of the third stable upper-layer when stabilityScheme = 2
U_g=6.36396        # ## Zonal (West-East) component of the geostrophic wind (m/s).
V_g=6.36396        # ## Meridional (South-North) component of the geostrophic wind (m/s).
z_Ug=10000         # ## Height (m) above ground for linear geostrophic wind gradient (zonal component).
z_Vg=10000         # ## Height (m) above ground for linear geostrophic wind gradient (meridional component).
Ug_grad=0          # ## U_g gradient above z_Ug (ms-1/m).
Vg_grad=0          # ## V_g gradient above z_Vg (ms-1/m).
thetaPerturbationSwitch=1 # ## Switch to include initial theta perturbations: 0=off, 1=on
thetaHeight=300    # ## Height below which to include initial theta perturbations: (meters)
thetaAmplitude=0.25 # ## Maximum amplitude for theta perturbations: thetaAmplitude*[-1,+1] K
physics_oneRKonly=1 # (DEFAULTED) ## selector to apply physics RHS forcing only at the latest RK stage: 0= off, 1= on
## TIME_INTEGRATION parameters---
timeMethod=0       # ## Selector for time integration method. [0=RK3-WS2002 (default)]
Nt=233280          # ## Number of timesteps to perform.
dt=0.0308642       # ## timestep resolution in seconds.
NtBatch=9720       # ## Number of timesteps to compute in batch launch, must have NtBatch <= Nt.

moistureMPcallTscale = 1.0   # NOT VALIDATED
c_s = 0.18   # NOT VALIDATED
nu_0 = 0.0   # NOT VALIDATED
moistureCond = 3   # NOT VALIDATED
moistureAdvSelectorQi = 2   # NOT VALIDATED
moistureAdvSelectorQv = 2   # NOT VALIDATED
surflayer_qr = 0.0   # NOT VALIDATED
surflayer_tr = -0.0   # NOT VALIDATED
surflayer_wq = 0.0   # NOT VALIDATED
moistureNvars = 2   # NOT VALIDATED
moistureCondTscale = 1.0   # NOT VALIDATED
moistureAdvSelectorQv_b = 0.0   # NOT VALIDATED
surflayer_ideal_qamp = 2.0   # NOT VALIDATED
surflayer_ideal_amp = 4.0   # NOT VALIDATED
surflayer_ideal_qte = 10.0   # NOT VALIDATED
surflayer_ideal_qts = 1.75   # NOT VALIDATED
surflayer_ideal_te = 43200   # NOT VALIDATED
surflayer_ideal_ts = 0.0   # NOT VALIDATED
moistureCondBasePres = 1   # NOT VALIDATED
moistureSGSturb = 1   # NOT VALIDATED
Input parameters passed verification.
No input file has been specified, no gridFile has been specified.
 Using default grid and initial condition schemes.
**** Coordinate generation ****  (i,j,k)-extents = (122,122,122) & (i,j,k)-deltas = (30.000000,30.000000,24.691359)
mpi_rank_world--0/1 grid-Coord-gen(), else-coordHorizHalos = 1!
mpi_rank_world--0/1 coordHalos, Western-Eastern Boundaries!
mpi_rank_world--0/1 coordHalos, Southern-Northern Boundaries!
stabilityScheme == 2: Base State setup complete.
Rank 0/1: Profile preparations complete!
cuda_gridDeviceSetup:-- (i,j,k)Min, ()Max = (3,3,3), (125,125,125)
fecuda_SetBlocksPerGrid: tBlock = {1, 8, 16}
fecuda_SetBlocksPerGrid: grid = {128, 16, 8}
lsf_horMnSubTerms = 1, setting up for 5 phi-fields.cuda_hydroCoreDeviceSetup() complete.
cuda_towersDeviceSetup: NelemsTowers = 0, NelemsTowersSurf = 168673688
0/1 cuda_hydroCoreDeviceSecondaryStageSetup(): BdyUpdateSteps = 0 
Initializations complete after   1.7529 (s).
Main Time: Advancing simulation timestep = 0... and time =    0.00000

_____________________#######_________  STATE-SUMMARY @ it = 0 _________#######____________________ 

			!!!!!	  HYDRO_CORE 	 !!!!! 
Field 	|	 max	     --(i,j,k)		 |	  min	     --(i,j,k)		 |	 mean
---------------------------------------------------------------------------------------------------------
********-----
 Model Fields -
 ********-----
rho	Rank 0/1:       1.14173782 	 (3,3,3)	 |        0.84174883 	 (3,3,124)	 |       1.03571296 
-----
u	Rank 0/1:       6.36396170 	 (3,3,6)	 |        6.36396074 	 (3,3,18)	 |       6.29154205 
-----
v	Rank 0/1:       6.36396170 	 (3,3,6)	 |        6.36396074 	 (3,3,18)	 |       6.29154205 
-----
w	Rank 0/1:       0.00000000 	 (3,3,3)	 |        0.00000000 	 (3,3,3)	 |       0.00000000 
-----
theta	Rank 0/1:     316.79882812 	 (3,3,124)	 |      299.74884033 	 (14,55,27)	 |     305.85073853 
-----
press	Rank 0/1:       0.00000000 	 (3,3,3)	 |        0.00000000 	 (3,3,3)	 |       0.00000000 
-----
TKE_0	Rank 0/1:       0.00000000 	 (3,3,3)	 |        0.00000000 	 (3,3,3)	 |       0.00000000 
Dumping state at timestep = 0...
Dumped state at timestep = 0...
Rank 0/1: Batch complete results sent via cudaMemcpyDeviceToHost.

			!!!!!	  TIMESTEP PERFORMANCE  	 !!!!! 
 Total Time (s) | Batch Steps 	| Time/step (s) | Comp./step (s) | IO Time (s)
---------------------------------------------------------------------------------------------------------
    56.5661 	|     9720 	|    0.0058 	|    0.0058 	 |   0.264232 

********************************************************************************************************
Main Time: Advancing simulation timestep = 9720... and time =  300.00003

_____________________#######_________  STATE-SUMMARY @ it = 9720 _________#######____________________ 

			!!!!!	  HYDRO_CORE 	 !!!!! 
Field 	|	 max	     --(i,j,k)		 |	  min	     --(i,j,k)		 |	 mean
---------------------------------------------------------------------------------------------------------
********-----
 Model Fields -
 ********-----
rho	Rank 0/1:       1.13840675 	 (122,63,3)	 |        0.84179568 	 (100,20,124)	 |       1.03563786 
-----
u	Rank 0/1:       6.56328440 	 (74,45,29)	 |        3.23620868 	 (111,13,3)	 |       6.23292112 
-----
v	Rank 0/1:       6.62971926 	 (30,77,26)	 |        3.30027461 	 (57,23,3)	 |       6.23491287 
-----
w	Rank 0/1:       0.33006608 	 (85,46,28)	 |       -0.29733109 	 (64,37,29)	 |       0.00011515 
-----
theta	Rank 0/1:     316.80041504 	 (102,94,124)	 |      299.90731812 	 (82,102,28)	 |     305.91387939 
-----
press	Rank 0/1:       9.10156250 	 (87,108,23)	 |        4.45312500 	 (5,79,3)	 |       7.25207567 
-----
TKE_0	Rank 0/1:       0.69112110 	 (110,9,4)	 |        0.00000000 	 (100,56,12)	 |       0.02216766 
Dumping state at timestep = 9720...
Dumped state at timestep = 9720...
Rank 0/1: Batch complete results sent via cudaMemcpyDeviceToHost.

			!!!!!	  TIMESTEP PERFORMANCE  	 !!!!! 
 Total Time (s) | Batch Steps 	| Time/step (s) | Comp./step (s) | IO Time (s)
---------------------------------------------------------------------------------------------------------
    56.5986 	|     9720 	|    0.0058 	|    0.0058 	 |   0.256927 

********************************************************************************************************
Main Time: Advancing simulation timestep = 19440... and time =  600.00006

_____________________#######_________  STATE-SUMMARY @ it = 19440 _________#######____________________ 

			!!!!!	  HYDRO_CORE 	 !!!!! 
Field 	|	 max	     --(i,j,k)		 |	  min	     --(i,j,k)		 |	 mean
---------------------------------------------------------------------------------------------------------
********-----
 Model Fields -
 ********-----
rho	Rank 0/1:       1.14039326 	 (48,68,3)	 |        0.84185338 	 (122,3,124)	 |       1.03515887 
-----
u	Rank 0/1:       7.27195358 	 (40,70,6)	 |        2.12708044 	 (75,115,3)	 |       6.19996929 
-----
v	Rank 0/1:       7.27198887 	 (49,71,6)	 |        2.26653194 	 (62,76,3)	 |       6.20494270 
-----
w	Rank 0/1:       1.98662031 	 (45,71,13)	 |       -1.23012495 	 (50,70,11)	 |       0.00014468 
-----
theta	Rank 0/1:     316.80038452 	 (77,122,124)	 |      299.90286255 	 (44,24,10)	 |     305.94909668 
-----
press	Rank 0/1:      15.85937500 	 (58,76,65)	 |       10.93750000 	 (85,61,3)	 |      14.16327953 
-----
TKE_0	Rank 0/1:       1.14110661 	 (106,30,4)	 |        0.00000000 	 (50,71,7)	 |       0.02508897 
Dumping state at timestep = 19440...
Dumped state at timestep = 19440...
Rank 0/1: Batch complete results sent via cudaMemcpyDeviceToHost.

			!!!!!	  TIMESTEP PERFORMANCE  	 !!!!! 
 Total Time (s) | Batch Steps 	| Time/step (s) | Comp./step (s) | IO Time (s)
---------------------------------------------------------------------------------------------------------
    56.5176 	|     9720 	|    0.0058 	|    0.0058 	 |   0.249025 

********************************************************************************************************
Main Time: Advancing simulation timestep = 29160... and time =  900.00006

_____________________#######_________  STATE-SUMMARY @ it = 29160 _________#######____________________ 

			!!!!!	  HYDRO_CORE 	 !!!!! 
Field 	|	 max	     --(i,j,k)		 |	  min	     --(i,j,k)		 |	 mean
---------------------------------------------------------------------------------------------------------
********-----
 Model Fields -
 ********-----
rho	Rank 0/1:       1.14118838 	 (97,64,3)	 |        0.84190404 	 (18,64,124)	 |       1.03511226 
-----
u	Rank 0/1:       7.99233103 	 (44,13,6)	 |        2.13671112 	 (22,112,3)	 |       6.17373276 
-----
v	Rank 0/1:       8.18217468 	 (39,18,7)	 |        2.49206233 	 (92,52,3)	 |       6.18493652 
-----
w	Rank 0/1:       3.57470083 	 (9,56,37)	 |       -2.51952171 	 (50,23,16)	 |       0.00015079 
-----
theta	Rank 0/1:     316.80084229 	 (18,64,124)	 |      299.81515503 	 (54,30,6)	 |     306.03573608 
-----
press	Rank 0/1:      22.77343750 	 (76,8,55)	 |       13.58593750 	 (9,22,10)	 |      20.12458229 
-----
TKE_0	Rank 0/1:       1.22531295 	 (4,98,4)	 |        0.00000000 	 (54,30,7)	 |       0.03238248 
Dumping state at timestep = 29160...
Dumped state at timestep = 29160...
Rank 0/1: Batch complete results sent via cudaMemcpyDeviceToHost.

			!!!!!	  TIMESTEP PERFORMANCE  	 !!!!! 
 Total Time (s) | Batch Steps 	| Time/step (s) | Comp./step (s) | IO Time (s)
---------------------------------------------------------------------------------------------------------
    56.5156 	|     9720 	|    0.0058 	|    0.0058 	 |   0.251249 

********************************************************************************************************
Main Time: Advancing simulation timestep = 38880... and time = 1200.00012

_____________________#######_________  STATE-SUMMARY @ it = 38880 _________#######____________________ 

			!!!!!	  HYDRO_CORE 	 !!!!! 
Field 	|	 max	     --(i,j,k)		 |	  min	     --(i,j,k)		 |	 mean
---------------------------------------------------------------------------------------------------------
********-----
 Model Fields -
 ********-----
rho	Rank 0/1:       1.14118063 	 (60,112,3)	 |        0.84195572 	 (61,85,124)	 |       1.03506327 
-----
u	Rank 0/1:       9.27340031 	 (84,42,11)	 |        1.88279569 	 (103,69,3)	 |       6.14283705 
-----
v	Rank 0/1:       9.89622211 	 (118,85,16)	 |        1.58472335 	 (82,12,3)	 |       6.15669489 
-----
w	Rank 0/1:       4.00798035 	 (8,16,35)	 |       -2.78568721 	 (53,4,14)	 |       0.00016746 
-----
theta	Rank 0/1:     316.80111694 	 (61,85,124)	 |      299.60556030 	 (72,17,62)	 |     306.17373657 
-----
press	Rank 0/1:      31.48437500 	 (71,17,61)	 |       13.62500000 	 (103,89,18)	 |      26.14480591 
-----
TKE_0	Rank 0/1:       1.27405787 	 (72,117,4)	 |        0.00000000 	 (103,13,6)	 |       0.03798990 
Dumping state at timestep = 38880...
Dumped state at timestep = 38880...
Rank 0/1: Batch complete results sent via cudaMemcpyDeviceToHost.

			!!!!!	  TIMESTEP PERFORMANCE  	 !!!!! 
 Total Time (s) | Batch Steps 	| Time/step (s) | Comp./step (s) | IO Time (s)
---------------------------------------------------------------------------------------------------------
    56.5279 	|     9720 	|    0.0058 	|    0.0058 	 |   0.250142 

********************************************************************************************************
Main Time: Advancing simulation timestep = 48600... and time = 1500.00012

_____________________#######_________  STATE-SUMMARY @ it = 48600 _________#######____________________ 

			!!!!!	  HYDRO_CORE 	 !!!!! 
Field 	|	 max	     --(i,j,k)		 |	  min	     --(i,j,k)		 |	 mean
---------------------------------------------------------------------------------------------------------
********-----
 Model Fields -
 ********-----
rho	Rank 0/1:       1.14125764 	 (4,115,3)	 |        0.84200573 	 (52,114,124)	 |       1.03502548 
-----
u	Rank 0/1:       9.23243618 	 (104,98,7)	 |        1.77132535 	 (77,109,3)	 |       6.12160254 
-----
v	Rank 0/1:       9.43609142 	 (123,8,10)	 |        1.60305727 	 (120,70,3)	 |       6.13481617 
-----
w	Rank 0/1:       3.99776173 	 (33,53,28)	 |       -2.94491124 	 (116,26,35)	 |       0.00019123 
-----
theta	Rank 0/1:     316.80163574 	 (52,114,124)	 |      299.55810547 	 (15,17,61)	 |     306.23870850 
-----
press	Rank 0/1:      37.96875000 	 (27,92,61)	 |       19.73437500 	 (5,116,16)	 |      32.55361176 
-----
TKE_0	Rank 0/1:       1.43349457 	 (121,83,4)	 |        0.00000000 	 (4,115,6)	 |       0.04192089 
Dumping state at timestep = 48600...
Dumped state at timestep = 48600...
Rank 0/1: Batch complete results sent via cudaMemcpyDeviceToHost.

			!!!!!	  TIMESTEP PERFORMANCE  	 !!!!! 
 Total Time (s) | Batch Steps 	| Time/step (s) | Comp./step (s) | IO Time (s)
---------------------------------------------------------------------------------------------------------
    56.5396 	|     9720 	|    0.0058 	|    0.0058 	 |   0.250506 

********************************************************************************************************
Main Time: Advancing simulation timestep = 58320... and time = 1800.00012

_____________________#######_________  STATE-SUMMARY @ it = 58320 _________#######____________________ 

			!!!!!	  HYDRO_CORE 	 !!!!! 
Field 	|	 max	     --(i,j,k)		 |	  min	     --(i,j,k)		 |	 mean
---------------------------------------------------------------------------------------------------------
********-----
 Model Fields -
 ********-----
rho	Rank 0/1:       1.14142156 	 (8,18,3)	 |        0.84205842 	 (37,103,124)	 |       1.03510201 
-----
u	Rank 0/1:       9.12505054 	 (121,32,38)	 |        1.63380742 	 (76,44,3)	 |       6.09290886 
-----
v	Rank 0/1:       8.98294830 	 (106,42,52)	 |        1.64873230 	 (10,80,3)	 |       6.11137629 
-----
w	Rank 0/1:       3.56138062 	 (30,54,31)	 |       -2.68912578 	 (40,37,23)	 |       0.00022803 
-----
theta	Rank 0/1:     316.80093384 	 (22,3,124)	 |      299.71170044 	 (109,113,61)	 |     306.25329590 
-----
press	Rank 0/1:      45.07812500 	 (78,65,61)	 |       26.61718750 	 (122,31,29)	 |      38.89938354 
-----
TKE_0	Rank 0/1:       1.35655963 	 (109,97,4)	 |        0.00000000 	 (9,17,6)	 |       0.04236202 
Dumping state at timestep = 58320...
Dumped state at timestep = 58320...
Rank 0/1: Batch complete results sent via cudaMemcpyDeviceToHost.

			!!!!!	  TIMESTEP PERFORMANCE  	 !!!!! 
 Total Time (s) | Batch Steps 	| Time/step (s) | Comp./step (s) | IO Time (s)
---------------------------------------------------------------------------------------------------------
    56.5519 	|     9720 	|    0.0058 	|    0.0058 	 |   0.249388 

********************************************************************************************************
Main Time: Advancing simulation timestep = 68040... and time = 2100.00024

_____________________#######_________  STATE-SUMMARY @ it = 68040 _________#######____________________ 

			!!!!!	  HYDRO_CORE 	 !!!!! 
Field 	|	 max	     --(i,j,k)		 |	  min	     --(i,j,k)		 |	 mean
---------------------------------------------------------------------------------------------------------
********-----
 Model Fields -
 ********-----
rho	Rank 0/1:       1.14043999 	 (25,52,3)	 |        0.84210968 	 (99,45,124)	 |       1.03502738 
-----
u	Rank 0/1:       8.59408855 	 (115,83,20)	 |        1.51659083 	 (56,43,3)	 |       6.05626297 
-----
v	Rank 0/1:       9.29132175 	 (45,39,9)	 |        1.68924463 	 (24,14,3)	 |       6.08667898 
-----
w	Rank 0/1:       3.82861972 	 (21,117,44)	 |       -2.44463921 	 (114,19,28)	 |       0.00022193 
-----
theta	Rank 0/1:     316.80108643 	 (55,119,124)	 |      299.60662842 	 (59,96,62)	 |     306.26550293 
-----
press	Rank 0/1:      52.19531250 	 (90,111,61)	 |       35.04687500 	 (112,29,10)	 |      45.42437744 
-----
TKE_0	Rank 0/1:       1.48178148 	 (43,35,4)	 |        0.00000000 	 (57,4,7)	 |       0.03831278 
Dumping state at timestep = 68040...
Dumped state at timestep = 68040...
Rank 0/1: Batch complete results sent via cudaMemcpyDeviceToHost.

			!!!!!	  TIMESTEP PERFORMANCE  	 !!!!! 
 Total Time (s) | Batch Steps 	| Time/step (s) | Comp./step (s) | IO Time (s)
---------------------------------------------------------------------------------------------------------
    56.5501 	|     9720 	|    0.0058 	|    0.0058 	 |   0.247027 

********************************************************************************************************
Main Time: Advancing simulation timestep = 77760... and time = 2400.00024

_____________________#######_________  STATE-SUMMARY @ it = 77760 _________#######____________________ 

			!!!!!	  HYDRO_CORE 	 !!!!! 
Field 	|	 max	     --(i,j,k)		 |	  min	     --(i,j,k)		 |	 mean
---------------------------------------------------------------------------------------------------------
********-----
 Model Fields -
 ********-----
rho	Rank 0/1:       1.14022028 	 (44,73,3)	 |        0.84216070 	 (119,61,124)	 |       1.03497052 
-----
u	Rank 0/1:       8.74547863 	 (46,15,20)	 |        1.65130579 	 (106,9,3)	 |       6.02134848 
-----
v	Rank 0/1:       8.56708527 	 (122,71,56)	 |        1.38970947 	 (50,115,3)	 |       6.06605005 
-----
w	Rank 0/1:       3.69294930 	 (44,21,51)	 |       -2.51714683 	 (53,93,15)	 |       0.00022041 
-----
theta	Rank 0/1:     316.80148315 	 (119,61,124)	 |      299.66284180 	 (99,111,61)	 |     306.29541016 
-----
press	Rank 0/1:      59.55468750 	 (60,111,61)	 |       37.91406250 	 (3,105,12)	 |      51.81950378 
-----
TKE_0	Rank 0/1:       1.21821511 	 (50,81,4)	 |        0.00000000 	 (46,95,6)	 |       0.03643848 
Dumping state at timestep = 77760...
Dumped state at timestep = 77760...
Rank 0/1: Batch complete results sent via cudaMemcpyDeviceToHost.

			!!!!!	  TIMESTEP PERFORMANCE  	 !!!!! 
 Total Time (s) | Batch Steps 	| Time/step (s) | Comp./step (s) | IO Time (s)
---------------------------------------------------------------------------------------------------------
    56.5386 	|     9720 	|    0.0058 	|    0.0058 	 |   0.250734 

********************************************************************************************************
Main Time: Advancing simulation timestep = 87480... and time = 2700.00024

_____________________#######_________  STATE-SUMMARY @ it = 87480 _________#######____________________ 

			!!!!!	  HYDRO_CORE 	 !!!!! 
Field 	|	 max	     --(i,j,k)		 |	  min	     --(i,j,k)		 |	 mean
---------------------------------------------------------------------------------------------------------
********-----
 Model Fields -
 ********-----
rho	Rank 0/1:       1.14039135 	 (59,29,3)	 |        0.84221244 	 (48,104,124)	 |       1.03502858 
-----
u	Rank 0/1:       8.93177414 	 (98,88,26)	 |        1.61720836 	 (19,65,35)	 |       5.98422050 
-----
v	Rank 0/1:       9.10439968 	 (102,57,59)	 |        1.47748971 	 (97,42,3)	 |       6.04662895 
-----
w	Rank 0/1:       3.99348068 	 (32,68,29)	 |       -2.04699111 	 (94,17,23)	 |       0.00023099 
-----
theta	Rank 0/1:     316.80154419 	 (19,71,124)	 |      299.63717651 	 (61,93,60)	 |     306.28088379 
-----
press	Rank 0/1:      65.68750000 	 (120,44,65)	 |       42.00781250 	 (53,34,10)	 |      58.50809097 
-----
TKE_0	Rank 0/1:       1.30497301 	 (95,74,4)	 |        0.00000000 	 (59,30,6)	 |       0.03584625 
Dumping state at timestep = 87480...
Dumped state at timestep = 87480...
Rank 0/1: Batch complete results sent via cudaMemcpyDeviceToHost.

			!!!!!	  TIMESTEP PERFORMANCE  	 !!!!! 
 Total Time (s) | Batch Steps 	| Time/step (s) | Comp./step (s) | IO Time (s)
---------------------------------------------------------------------------------------------------------
    56.5481 	|     9720 	|    0.0058 	|    0.0058 	 |   0.245123 

********************************************************************************************************
Main Time: Advancing simulation timestep = 97200... and time = 3000.00024

_____________________#######_________  STATE-SUMMARY @ it = 97200 _________#######____________________ 

			!!!!!	  HYDRO_CORE 	 !!!!! 
Field 	|	 max	     --(i,j,k)		 |	  min	     --(i,j,k)		 |	 mean
---------------------------------------------------------------------------------------------------------
********-----
 Model Fields -
 ********-----
rho	Rank 0/1:       1.14046407 	 (73,54,3)	 |        0.84226304 	 (81,12,124)	 |       1.03493130 
-----
u	Rank 0/1:       8.62397194 	 (111,97,27)	 |        1.51493943 	 (108,6,3)	 |       5.95158386 
-----
v	Rank 0/1:       9.35625076 	 (108,98,36)	 |        1.28124309 	 (124,89,3)	 |       6.02855158 
-----
w	Rank 0/1:       3.65090179 	 (118,21,36)	 |       -2.59388161 	 (88,20,37)	 |       0.00026228 
-----
theta	Rank 0/1:     316.80212402 	 (81,12,124)	 |      299.81329346 	 (92,95,62)	 |     306.30828857 
-----
press	Rank 0/1:      73.16406250 	 (65,115,65)	 |       53.18750000 	 (113,15,16)	 |      65.07921600 
-----
TKE_0	Rank 0/1:       1.29375589 	 (119,56,4)	 |        0.00000000 	 (75,56,7)	 |       0.03602690 
Dumping state at timestep = 97200...
Dumped state at timestep = 97200...
Rank 0/1: Batch complete results sent via cudaMemcpyDeviceToHost.

			!!!!!	  TIMESTEP PERFORMANCE  	 !!!!! 
 Total Time (s) | Batch Steps 	| Time/step (s) | Comp./step (s) | IO Time (s)
---------------------------------------------------------------------------------------------------------
    56.5259 	|     9720 	|    0.0058 	|    0.0058 	 |   0.239333 

********************************************************************************************************
Main Time: Advancing simulation timestep = 106920... and time = 3300.00024

_____________________#######_________  STATE-SUMMARY @ it = 106920 _________#######____________________ 

			!!!!!	  HYDRO_CORE 	 !!!!! 
Field 	|	 max	     --(i,j,k)		 |	  min	     --(i,j,k)		 |	 mean
---------------------------------------------------------------------------------------------------------
********-----
 Model Fields -
 ********-----
rho	Rank 0/1:       1.13994324 	 (122,119,3)	 |        0.84231502 	 (23,75,124)	 |       1.03495431 
-----
u	Rank 0/1:       8.52661037 	 (80,53,19)	 |        1.13400543 	 (78,13,3)	 |       5.91648436 
-----
v	Rank 0/1:       8.45925331 	 (23,72,50)	 |        1.19050956 	 (49,22,3)	 |       6.01358891 
-----
w	Rank 0/1:       4.49472237 	 (86,70,34)	 |       -2.61616874 	 (4,122,29)	 |       0.00024750 
-----
theta	Rank 0/1:     316.80184937 	 (55,47,124)	 |      299.80514526 	 (22,76,61)	 |     306.30181885 
-----
press	Rank 0/1:      79.88281250 	 (12,81,65)	 |       58.54687500 	 (96,28,12)	 |      71.19225311 
-----
TKE_0	Rank 0/1:       1.21956050 	 (48,22,4)	 |        0.00000000 	 (42,107,7)	 |       0.03516752 
Dumping state at timestep = 106920...
Dumped state at timestep = 106920...
Rank 0/1: Batch complete results sent via cudaMemcpyDeviceToHost.

			!!!!!	  TIMESTEP PERFORMANCE  	 !!!!! 
 Total Time (s) | Batch Steps 	| Time/step (s) | Comp./step (s) | IO Time (s)
---------------------------------------------------------------------------------------------------------
    56.5256 	|     9720 	|    0.0058 	|    0.0058 	 |   0.235419 

********************************************************************************************************
Main Time: Advancing simulation timestep = 116640... and time = 3600.00024

_____________________#######_________  STATE-SUMMARY @ it = 116640 _________#######____________________ 

			!!!!!	  HYDRO_CORE 	 !!!!! 
Field 	|	 max	     --(i,j,k)		 |	  min	     --(i,j,k)		 |	 mean
---------------------------------------------------------------------------------------------------------
********-----
 Model Fields -
 ********-----
rho	Rank 0/1:       1.13971305 	 (3,118,3)	 |        0.84236747 	 (51,59,124)	 |       1.03486407 
-----
u	Rank 0/1:       8.34607887 	 (105,72,14)	 |        1.17945230 	 (77,106,3)	 |       5.87775850 
-----
v	Rank 0/1:       8.77885151 	 (7,84,53)	 |        1.15991974 	 (103,77,3)	 |       6.00195456 
-----
w	Rank 0/1:       3.98019910 	 (3,76,43)	 |       -2.42467332 	 (113,54,42)	 |       0.00024103 
-----
theta	Rank 0/1:     316.80172729 	 (52,59,124)	 |      299.79312134 	 (100,57,61)	 |     306.32308960 
-----
press	Rank 0/1:      86.89843750 	 (95,60,65)	 |       64.28125000 	 (73,116,12)	 |      77.65447235 
-----
TKE_0	Rank 0/1:       1.16828609 	 (11,106,4)	 |        0.00000000 	 (111,20,7)	 |       0.03499202 
Dumping state at timestep = 116640...
Dumped state at timestep = 116640...
Rank 0/1: Batch complete results sent via cudaMemcpyDeviceToHost.

			!!!!!	  TIMESTEP PERFORMANCE  	 !!!!! 
 Total Time (s) | Batch Steps 	| Time/step (s) | Comp./step (s) | IO Time (s)
---------------------------------------------------------------------------------------------------------
    56.5298 	|     9720 	|    0.0058 	|    0.0058 	 |   0.237889 

********************************************************************************************************
Main Time: Advancing simulation timestep = 126360... and time = 3900.00024

_____________________#######_________  STATE-SUMMARY @ it = 126360 _________#######____________________ 

			!!!!!	  HYDRO_CORE 	 !!!!! 
Field 	|	 max	     --(i,j,k)		 |	  min	     --(i,j,k)		 |	 mean
---------------------------------------------------------------------------------------------------------
********-----
 Model Fields -
 ********-----
rho	Rank 0/1:       1.13976181 	 (102,107,3)	 |        0.84241831 	 (62,55,124)	 |       1.03479123 
-----
u	Rank 0/1:       8.38417530 	 (35,124,7)	 |        1.21627605 	 (115,33,3)	 |       5.84551668 
-----
v	Rank 0/1:       9.71334171 	 (116,46,22)	 |        1.51196110 	 (115,44,3)	 |       5.98812628 
-----
w	Rank 0/1:       3.74976516 	 (39,124,51)	 |       -2.32883239 	 (12,103,19)	 |       0.00024507 
-----
theta	Rank 0/1:     316.80197144 	 (62,55,124)	 |      299.93676758 	 (35,113,61)	 |     306.32955933 
-----
press	Rank 0/1:      93.97656250 	 (53,76,65)	 |       64.96093750 	 (116,45,17)	 |      84.15698242 
-----
TKE_0	Rank 0/1:       1.23915291 	 (113,43,4)	 |        0.00000000 	 (102,107,6)	 |       0.03465086 
Dumping state at timestep = 126360...
Dumped state at timestep = 126360...
Rank 0/1: Batch complete results sent via cudaMemcpyDeviceToHost.

			!!!!!	  TIMESTEP PERFORMANCE  	 !!!!! 
 Total Time (s) | Batch Steps 	| Time/step (s) | Comp./step (s) | IO Time (s)
---------------------------------------------------------------------------------------------------------
    56.5237 	|     9720 	|    0.0058 	|    0.0058 	 |   0.235091 

********************************************************************************************************
Main Time: Advancing simulation timestep = 136080... and time = 4200.00049

_____________________#######_________  STATE-SUMMARY @ it = 136080 _________#######____________________ 

			!!!!!	  HYDRO_CORE 	 !!!!! 
Field 	|	 max	     --(i,j,k)		 |	  min	     --(i,j,k)		 |	 mean
---------------------------------------------------------------------------------------------------------
********-----
 Model Fields -
 ********-----
rho	Rank 0/1:       1.13977623 	 (37,81,3)	 |        0.84246957 	 (82,9,124)	 |       1.03482485 
-----
u	Rank 0/1:       8.25870037 	 (117,101,11)	 |        1.48413241 	 (55,90,3)	 |       5.81265497 
-----
v	Rank 0/1:       8.87487984 	 (38,101,24)	 |        1.48029470 	 (30,7,3)	 |       5.97723150 
-----
w	Rank 0/1:       3.97591376 	 (108,49,48)	 |       -2.62661123 	 (79,63,30)	 |       0.00027377 
-----
theta	Rank 0/1:     316.80184937 	 (82,9,124)	 |      299.71096802 	 (51,37,61)	 |     306.31155396 
-----
press	Rank 0/1:     100.97656250 	 (112,58,61)	 |       75.66406250 	 (36,84,7)	 |      90.37460327 
-----
TKE_0	Rank 0/1:       1.38895059 	 (117,119,4)	 |        0.00000000 	 (34,80,7)	 |       0.03417109 
Dumping state at timestep = 136080...
Dumped state at timestep = 136080...
Rank 0/1: Batch complete results sent via cudaMemcpyDeviceToHost.

			!!!!!	  TIMESTEP PERFORMANCE  	 !!!!! 
 Total Time (s) | Batch Steps 	| Time/step (s) | Comp./step (s) | IO Time (s)
---------------------------------------------------------------------------------------------------------
    56.5191 	|     9720 	|    0.0058 	|    0.0058 	 |   0.237565 

********************************************************************************************************
Main Time: Advancing simulation timestep = 145800... and time = 4500.00049

_____________________#######_________  STATE-SUMMARY @ it = 145800 _________#######____________________ 

			!!!!!	  HYDRO_CORE 	 !!!!! 
Field 	|	 max	     --(i,j,k)		 |	  min	     --(i,j,k)		 |	 mean
---------------------------------------------------------------------------------------------------------
********-----
 Model Fields -
 ********-----
rho	Rank 0/1:       1.13935733 	 (74,100,3)	 |        0.84252053 	 (33,124,124)	 |       1.03472209 
-----
u	Rank 0/1:       8.26025200 	 (61,112,56)	 |        1.07078421 	 (103,71,3)	 |       5.78007841 
-----
v	Rank 0/1:       8.73634815 	 (117,110,24)	 |        1.47645497 	 (85,39,3)	 |       5.96802425 
-----
w	Rank 0/1:       3.60587144 	 (98,32,32)	 |       -2.73661089 	 (37,23,19)	 |       0.00025179 
-----
theta	Rank 0/1:     316.80187988 	 (53,95,124)	 |      300.02691650 	 (55,108,61)	 |     306.34750366 
-----
press	Rank 0/1:     107.85156250 	 (50,54,65)	 |       79.03906250 	 (16,100,8)	 |      97.12617493 
-----
TKE_0	Rank 0/1:       1.18472028 	 (19,94,4)	 |        0.00000000 	 (24,57,7)	 |       0.03402727 
Dumping state at timestep = 145800...
Dumped state at timestep = 145800...
Rank 0/1: Batch complete results sent via cudaMemcpyDeviceToHost.

			!!!!!	  TIMESTEP PERFORMANCE  	 !!!!! 
 Total Time (s) | Batch Steps 	| Time/step (s) | Comp./step (s) | IO Time (s)
---------------------------------------------------------------------------------------------------------
    56.5155 	|     9720 	|    0.0058 	|    0.0058 	 |   0.237404 

********************************************************************************************************
Main Time: Advancing simulation timestep = 155520... and time = 4800.00049

_____________________#######_________  STATE-SUMMARY @ it = 155520 _________#######____________________ 

			!!!!!	  HYDRO_CORE 	 !!!!! 
Field 	|	 max	     --(i,j,k)		 |	  min	     --(i,j,k)		 |	 mean
---------------------------------------------------------------------------------------------------------
********-----
 Model Fields -
 ********-----
rho	Rank 0/1:       1.13963723 	 (13,10,3)	 |        0.84257150 	 (97,67,124)	 |       1.03473473 
-----
u	Rank 0/1:       8.54813576 	 (69,33,7)	 |        1.24793530 	 (88,7,3)	 |       5.75116110 
-----
v	Rank 0/1:       8.89947891 	 (12,61,7)	 |        1.32630038 	 (69,32,3)	 |       5.95571041 
-----
w	Rank 0/1:       4.15687418 	 (96,42,42)	 |       -2.51945853 	 (30,8,21)	 |       0.00024291 
-----
theta	Rank 0/1:     316.80209351 	 (96,66,124)	 |      300.00970459 	 (44,47,61)	 |     306.34429932 
-----
press	Rank 0/1:     114.85156250 	 (81,34,65)	 |       84.97656250 	 (68,31,6)	 |     103.19582367 
-----
TKE_0	Rank 0/1:       1.43306899 	 (65,24,4)	 |        0.00000000 	 (117,120,6)	 |       0.03408742 
Dumping state at timestep = 155520...
Dumped state at timestep = 155520...
Rank 0/1: Batch complete results sent via cudaMemcpyDeviceToHost.

			!!!!!	  TIMESTEP PERFORMANCE  	 !!!!! 
 Total Time (s) | Batch Steps 	| Time/step (s) | Comp./step (s) | IO Time (s)
---------------------------------------------------------------------------------------------------------
    56.5201 	|     9720 	|    0.0058 	|    0.0058 	 |   0.237457 

********************************************************************************************************
Main Time: Advancing simulation timestep = 165240... and time = 5100.00049

_____________________#######_________  STATE-SUMMARY @ it = 165240 _________#######____________________ 

			!!!!!	  HYDRO_CORE 	 !!!!! 
Field 	|	 max	     --(i,j,k)		 |	  min	     --(i,j,k)		 |	 mean
---------------------------------------------------------------------------------------------------------
********-----
 Model Fields -
 ********-----
rho	Rank 0/1:       1.13926446 	 (58,65,3)	 |        0.84262270 	 (3,12,124)	 |       1.03469312 
-----
u	Rank 0/1:       8.94138336 	 (120,83,7)	 |        1.16957450 	 (14,57,3)	 |       5.71607304 
-----
v	Rank 0/1:       9.06145668 	 (71,90,51)	 |        1.20523608 	 (102,100,3)	 |       5.94414711 
-----
w	Rank 0/1:       3.87572145 	 (62,67,22)	 |       -2.64023972 	 (10,49,17)	 |       0.00024519 
-----
theta	Rank 0/1:     316.80209351 	 (39,8,124)	 |      300.21841431 	 (80,83,61)	 |     306.35617065 
-----
press	Rank 0/1:     121.92968750 	 (29,16,65)	 |       88.64843750 	 (120,82,8)	 |     109.44565582 
-----
TKE_0	Rank 0/1:       1.37629509 	 (31,124,4)	 |        0.00000000 	 (58,64,6)	 |       0.03330061 
Dumping state at timestep = 165240...
Dumped state at timestep = 165240...
Rank 0/1: Batch complete results sent via cudaMemcpyDeviceToHost.

			!!!!!	  TIMESTEP PERFORMANCE  	 !!!!! 
 Total Time (s) | Batch Steps 	| Time/step (s) | Comp./step (s) | IO Time (s)
---------------------------------------------------------------------------------------------------------
    56.5174 	|     9720 	|    0.0058 	|    0.0058 	 |   0.237771 

********************************************************************************************************
Main Time: Advancing simulation timestep = 174960... and time = 5400.00049

_____________________#######_________  STATE-SUMMARY @ it = 174960 _________#######____________________ 

			!!!!!	  HYDRO_CORE 	 !!!!! 
Field 	|	 max	     --(i,j,k)		 |	  min	     --(i,j,k)		 |	 mean
---------------------------------------------------------------------------------------------------------
********-----
 Model Fields -
 ********-----
rho	Rank 0/1:       1.13907361 	 (29,65,3)	 |        0.84267116 	 (102,72,124)	 |       1.03466487 
-----
u	Rank 0/1:       8.19351864 	 (47,25,24)	 |        0.85582739 	 (112,51,3)	 |       5.68496132 
-----
v	Rank 0/1:       8.54604149 	 (5,47,45)	 |        1.46308303 	 (92,87,3)	 |       5.93561411 
-----
w	Rank 0/1:       4.26113272 	 (103,55,48)	 |       -2.61614919 	 (120,42,48)	 |       0.00027330 
-----
theta	Rank 0/1:     316.80264282 	 (102,72,124)	 |      299.98013306 	 (10,24,61)	 |     306.36816406 
-----
press	Rank 0/1:     128.92187500 	 (81,69,65)	 |       98.78906250 	 (50,10,3)	 |     116.35372162 
-----
TKE_0	Rank 0/1:       1.14213634 	 (101,43,4)	 |        0.00000000 	 (23,65,6)	 |       0.03318221 
Dumping state at timestep = 174960...
Dumped state at timestep = 174960...
Rank 0/1: Batch complete results sent via cudaMemcpyDeviceToHost.

			!!!!!	  TIMESTEP PERFORMANCE  	 !!!!! 
 Total Time (s) | Batch Steps 	| Time/step (s) | Comp./step (s) | IO Time (s)
---------------------------------------------------------------------------------------------------------
    56.5224 	|     9720 	|    0.0058 	|    0.0058 	 |   0.237540 

********************************************************************************************************
Main Time: Advancing simulation timestep = 184680... and time = 5700.00049

_____________________#######_________  STATE-SUMMARY @ it = 184680 _________#######____________________ 

			!!!!!	  HYDRO_CORE 	 !!!!! 
Field 	|	 max	     --(i,j,k)		 |	  min	     --(i,j,k)		 |	 mean
---------------------------------------------------------------------------------------------------------
********-----
 Model Fields -
 ********-----
rho	Rank 0/1:       1.13914323 	 (71,62,3)	 |        0.84272242 	 (43,13,124)	 |       1.03465581 
-----
u	Rank 0/1:       8.25735188 	 (28,93,42)	 |        0.47620022 	 (25,112,39)	 |       5.65153503 
-----
v	Rank 0/1:       9.09346199 	 (99,50,7)	 |        1.65409350 	 (65,12,3)	 |       5.92436361 
-----
w	Rank 0/1:       4.28580618 	 (22,94,50)	 |       -2.32154965 	 (106,96,32)	 |       0.00025386 
-----
theta	Rank 0/1:     316.80261230 	 (43,13,124)	 |      300.33023071 	 (24,109,61)	 |     306.36541748 
-----
press	Rank 0/1:     135.79687500 	 (109,111,65)	 |      104.45312500 	 (98,50,9)	 |     121.88080597 
-----
TKE_0	Rank 0/1:       1.41420162 	 (99,48,4)	 |        0.00000000 	 (72,63,6)	 |       0.03289521 
Dumping state at timestep = 184680...
Dumped state at timestep = 184680...
Rank 0/1: Batch complete results sent via cudaMemcpyDeviceToHost.

			!!!!!	  TIMESTEP PERFORMANCE  	 !!!!! 
 Total Time (s) | Batch Steps 	| Time/step (s) | Comp./step (s) | IO Time (s)
---------------------------------------------------------------------------------------------------------
    56.5204 	|     9720 	|    0.0058 	|    0.0058 	 |   0.237017 

********************************************************************************************************
Main Time: Advancing simulation timestep = 194400... and time = 6000.00049

_____________________#######_________  STATE-SUMMARY @ it = 194400 _________#######____________________ 

			!!!!!	  HYDRO_CORE 	 !!!!! 
Field 	|	 max	     --(i,j,k)		 |	  min	     --(i,j,k)		 |	 mean
---------------------------------------------------------------------------------------------------------
********-----
 Model Fields -
 ********-----
rho	Rank 0/1:       1.13900745 	 (82,104,3)	 |        0.84277475 	 (21,39,124)	 |       1.03458154 
-----
u	Rank 0/1:       7.76167107 	 (77,21,39)	 |        0.72495782 	 (91,94,3)	 |       5.61905289 
-----
v	Rank 0/1:       8.89347172 	 (26,121,41)	 |        1.21106815 	 (113,51,3)	 |       5.91495705 
-----
w	Rank 0/1:       3.65185571 	 (30,110,42)	 |       -2.40207267 	 (53,20,12)	 |       0.00023981 
-----
theta	Rank 0/1:     316.80224609 	 (21,39,124)	 |      300.16195679 	 (74,23,61)	 |     306.39065552 
-----
press	Rank 0/1:     142.80468750 	 (55,20,65)	 |      109.42187500 	 (90,93,10)	 |     129.10229492 
-----
TKE_0	Rank 0/1:       1.14601886 	 (29,104,4)	 |        0.00000000 	 (82,102,6)	 |       0.03198274 
Dumping state at timestep = 194400...
Dumped state at timestep = 194400...
Rank 0/1: Batch complete results sent via cudaMemcpyDeviceToHost.

			!!!!!	  TIMESTEP PERFORMANCE  	 !!!!! 
 Total Time (s) | Batch Steps 	| Time/step (s) | Comp./step (s) | IO Time (s)
---------------------------------------------------------------------------------------------------------
    56.5217 	|     9720 	|    0.0058 	|    0.0058 	 |   0.241823 

********************************************************************************************************
Main Time: Advancing simulation timestep = 204120... and time = 6300.00049

_____________________#######_________  STATE-SUMMARY @ it = 204120 _________#######____________________ 

			!!!!!	  HYDRO_CORE 	 !!!!! 
Field 	|	 max	     --(i,j,k)		 |	  min	     --(i,j,k)		 |	 mean
---------------------------------------------------------------------------------------------------------
********-----
 Model Fields -
 ********-----
rho	Rank 0/1:       1.13888800 	 (27,108,3)	 |        0.84282446 	 (86,101,124)	 |       1.03459263 
-----
u	Rank 0/1:       7.82669163 	 (17,48,21)	 |        1.00331151 	 (17,24,3)	 |       5.57984686 
-----
v	Rank 0/1:       8.95815372 	 (17,48,29)	 |        1.33823669 	 (41,106,3)	 |       5.90693283 
-----
w	Rank 0/1:       4.08712339 	 (64,34,35)	 |       -2.39129019 	 (94,68,29)	 |       0.00024431 
-----
theta	Rank 0/1:     316.80249023 	 (86,101,124)	 |      300.41928101 	 (80,44,61)	 |     306.38565063 
-----
press	Rank 0/1:     149.58593750 	 (95,86,65)	 |      116.14062500 	 (34,98,3)	 |     135.01959229 
-----
TKE_0	Rank 0/1:       1.06126416 	 (34,100,4)	 |        0.00000000 	 (63,34,7)	 |       0.03202215 
Dumping state at timestep = 204120...
Dumped state at timestep = 204120...
Rank 0/1: Batch complete results sent via cudaMemcpyDeviceToHost.

			!!!!!	  TIMESTEP PERFORMANCE  	 !!!!! 
 Total Time (s) | Batch Steps 	| Time/step (s) | Comp./step (s) | IO Time (s)
---------------------------------------------------------------------------------------------------------
    56.5147 	|     9720 	|    0.0058 	|    0.0058 	 |   0.241218 

********************************************************************************************************
Main Time: Advancing simulation timestep = 213840... and time = 6600.00049

_____________________#######_________  STATE-SUMMARY @ it = 213840 _________#######____________________ 

			!!!!!	  HYDRO_CORE 	 !!!!! 
Field 	|	 max	     --(i,j,k)		 |	  min	     --(i,j,k)		 |	 mean
---------------------------------------------------------------------------------------------------------
********-----
 Model Fields -
 ********-----
rho	Rank 0/1:       1.13836455 	 (81,4,4)	 |        0.84287524 	 (15,24,124)	 |       1.03451049 
-----
u	Rank 0/1:       8.41562080 	 (57,72,29)	 |        0.61872965 	 (60,73,3)	 |       5.54866028 
-----
v	Rank 0/1:       9.01412868 	 (56,93,28)	 |        1.32450402 	 (19,38,3)	 |       5.90593576 
-----
w	Rank 0/1:       4.16685295 	 (82,29,42)	 |       -3.00163054 	 (64,102,24)	 |       0.00026860 
-----
theta	Rank 0/1:     316.80209351 	 (27,44,124)	 |      300.09512329 	 (39,19,61)	 |     306.41329956 
-----
press	Rank 0/1:     157.00781250 	 (115,94,65)	 |      122.10937500 	 (78,30,15)	 |     141.07600403 
-----
TKE_0	Rank 0/1:       1.21400535 	 (102,104,4)	 |        0.00000000 	 (44,77,7)	 |       0.03167045 
Dumping state at timestep = 213840...
Dumped state at timestep = 213840...
Rank 0/1: Batch complete results sent via cudaMemcpyDeviceToHost.

			!!!!!	  TIMESTEP PERFORMANCE  	 !!!!! 
 Total Time (s) | Batch Steps 	| Time/step (s) | Comp./step (s) | IO Time (s)
---------------------------------------------------------------------------------------------------------
    56.5209 	|     9720 	|    0.0058 	|    0.0058 	 |   0.242188 

********************************************************************************************************
Main Time: Advancing simulation timestep = 223560... and time = 6900.00049

_____________________#######_________  STATE-SUMMARY @ it = 223560 _________#######____________________ 

			!!!!!	  HYDRO_CORE 	 !!!!! 
Field 	|	 max	     --(i,j,k)		 |	  min	     --(i,j,k)		 |	 mean
---------------------------------------------------------------------------------------------------------
********-----
 Model Fields -
 ********-----
rho	Rank 0/1:       1.13844788 	 (91,8,4)	 |        0.84292573 	 (101,16,124)	 |       1.03448284 
-----
u	Rank 0/1:       7.77015924 	 (107,8,31)	 |        0.72941399 	 (46,47,3)	 |       5.51534843 
-----
v	Rank 0/1:       8.32528019 	 (27,33,13)	 |        0.98404175 	 (72,81,3)	 |       5.90264988 
-----
w	Rank 0/1:       4.12196445 	 (6,85,37)	 |       -2.36352205 	 (22,22,27)	 |       0.00025532 
-----
theta	Rank 0/1:     316.80227661 	 (20,28,124)	 |      300.47186279 	 (21,90,60)	 |     306.42291260 
-----
press	Rank 0/1:     163.23437500 	 (83,54,64)	 |      128.12500000 	 (34,35,3)	 |     148.00102234 
-----
TKE_0	Rank 0/1:       1.35659218 	 (37,13,4)	 |        0.00000000 	 (30,122,7)	 |       0.03149374 
Dumping state at timestep = 223560...
Dumped state at timestep = 223560...
Rank 0/1: Batch complete results sent via cudaMemcpyDeviceToHost.

			!!!!!	  TIMESTEP PERFORMANCE  	 !!!!! 
 Total Time (s) | Batch Steps 	| Time/step (s) | Comp./step (s) | IO Time (s)
---------------------------------------------------------------------------------------------------------
    56.5234 	|     9720 	|    0.0058 	|    0.0058 	 |   0.242286 

********************************************************************************************************

_____________________#######_________  STATE-SUMMARY @ it = 233280 _________#######____________________ 

			!!!!!	  HYDRO_CORE 	 !!!!! 
Field 	|	 max	     --(i,j,k)		 |	  min	     --(i,j,k)		 |	 mean
---------------------------------------------------------------------------------------------------------
********-----
 Model Fields -
 ********-----
rho	Rank 0/1:       1.13868999 	 (20,74,3)	 |        0.84297490 	 (96,64,124)	 |       1.03444219 
-----
u	Rank 0/1:       7.97609949 	 (95,49,36)	 |        0.11100862 	 (5,16,3)	 |       5.48577929 
-----
v	Rank 0/1:       8.63469124 	 (61,83,20)	 |        1.12428820 	 (103,120,3)	 |       5.90126562 
-----
w	Rank 0/1:       3.86715794 	 (79,93,22)	 |       -2.53196812 	 (19,51,16)	 |       0.00024232 
-----
theta	Rank 0/1:     316.80294800 	 (96,64,124)	 |      300.70208740 	 (8,121,60)	 |     306.43316650 
-----
press	Rank 0/1:     170.36718750 	 (62,98,65)	 |      133.75781250 	 (20,119,10)	 |     153.65324402 
-----
TKE_0	Rank 0/1:       1.12902308 	 (83,62,4)	 |        0.00000000 	 (21,75,6)	 |       0.03109781 

_____________________#######_________  TOWER-SUMMARY @ it = 233280 _________#######____________________ 
Dumping state at timestep = 233280...
Dumped state at timestep = 233280...

			!!!!!	  TIMESTEP PERFORMANCE  	 !!!!! 
 Total Time (s) | Batch Steps 	| Time/step (s) | Comp./step (s) | IO Time (s)
---------------------------------------------------------------------------------------------------------
     0.2445 	|        0 	|    0.0000 	|    0.0000 	 |   0.184626 

********************************************************************************************************
Your FastEddy simulation is complete!
Cleaning up...
Shutting down MPI...
 Goodbye!
