Obtaining parameters from ./accel.in
Successfully opened ./accel.in and read 129 lines.
Warning more than 10000 entries were requested for the parameters hash table.
Consider changing the requested table size in the PARAMETERS module.
WARNING: optional parameter ioLPDMmode defaulted to 0.
WARNING: optional parameter ioLPDMfullFrq defaulted to 0.
WARNING: optional parameter lpdmOnlineSelector defaulted to 0.
WARNING: optional parameter lpdmOnlineQueue defaulted to 4.
WARNING: optional parameter lpdmOnlinePause1 defaulted to 0.
WARNING: optional parameter lpdmOnlinePause2 defaulted to 0.
WARNING: optional parameter towerIOSelector defaulted to 0.
WARNING: optional parameter gridFile defaulted to NULL.
WARNING: optional parameter pgfSelector defaulted to 1.
WARNING: optional parameter buoyancySelector defaulted to 1.
WARNING: optional parameter ceilingAdvectionBC defaulted to 0.
WARNING: optional parameter surflayer_stab defaulted to 0.
WARNING: optional parameter surflayer_z0tdyn defaulted to 1.
WARNING: optional parameter surflayer_offshore_visc defaulted to 1.
WARNING: optional parameter canopySelector defaulted to 0.
WARNING: optional parameter cellpertSelector defaulted to 0.
WARNING: optional parameter filter_6thdiff_hori defaulted to 0.
WARNING: optional parameter filter_divdamp defaulted to 0.
WARNING: optional parameter NhydroAuxScalars defaulted to 0.
WARNING: optional parameter physics_oneRKonly defaulted to 1.
Rank 0/1:  [rankXid, rankYid] = [0,0]
mpi_rank_world--0/1 inFile = (null) !!
mpi_rank_world--0/1 Obtaining devices...
Obtaining properties for 1 devices...

mpi_rank_world--0/1 assigned accelerator device 0/1...
Device Number:          0
---------------------------------------------------------------------

__General__
   Name                               : NVIDIA GeForce RTX 5090
   Compute Capability                 : 12.0
   Clock Rate                         : 2512000
   Number of multiprocessors          : 170
   Max Threads/multiprocessor         : 1536
   Concurrent Copy/Execution          : Yes
   Concurrent Kernels                 : 1
   Compute Mode                       : 0
   Kernel Timeout Enabled             : No
   Integrated                         : No
   Host Memory Mapping                : Yes

__Configuration__
   Registers/Block                    : 65536
   Warp Size                          : 32
   Max Threads/Block                  : 1024
   Max Block-extent / Dimension       :         1024         1024           64
   Max Grid-extent / Dimension        :   2147483647        65535        65535

__Memory__
   Tot. Global Memory (GB) / (B)      :   31.35834 / 3605987328
   Shared Mem/Block   (GB) / (B)      :    0.00005 / 49152
   Constant Memory    (GB) / (B)      :    0.00006 / 65536
   Max 1-D Texture                    :       131072
   Max 2-D Texture                    :       131072        65536
   Max 3-D Texture                    :        16384        16384        16384
   Texture Alignment  (B)             : 512
   Max Memory pitch                   : 2147483647

mpi_rank_world--0/1 done!
mpi_rank_world--0/1 Assigning threadPerBlock.[xyz]
mpi_rank_world--0/1 done!
Nxp = 122, Nyp = 122, Nzp = 122
****Spatial loop-index Mins & Maxs ****  (i,j,k)-min = (3,3,3) & (i,j,k)-max = (125,125,125)
Entering hydro_coreInit:------
WARNING: parameter surflayer_qskin_input was not found but was requested for printing.
WARNING: parameter surflayer_offshore_opt was not found but was requested for printing.
WARNING: parameter filter_6thdiff_hori_coeff was not found but was requested for printing.
hydro_coreInit: allocating/registering arrays/fields with IO
hydro_coreInit:hydroFlds[0] = rho stored at 0x75ef647fd080, has been registered with IO.
hydro_coreInit:hydroFlds[1] = u stored at 0x75ef64ffd080, has been registered with IO.
hydro_coreInit:hydroFlds[2] = v stored at 0x75ef657fd080, has been registered with IO.
hydro_coreInit:hydroFlds[3] = w stored at 0x75ef65ffd080, has been registered with IO.
hydro_coreInit:hydroFlds[4] = theta stored at 0x75ef667fd080, has been registered with IO.
hydro_coreInit:Field = pressure stored at 0x75ef63ffc080, has been registered with IO.
hydro_coreInit:sgstkeScalars[0] = TKE_0 stored at 0x75ef60ffa080, has been registered with IO.
hydro_coreInit: allocating internal arrays
hydro_coreInit:Field = tskin stored at 0x5a837f398000, has been registered with IO.
hydro_coreInit:Field = fricVel stored at 0x5a837f377e80, has been registered with IO.
hydro_coreInit:Field = htFlux stored at 0x5a837f387f80, has been registered with IO.
hydro_coreInit:Field = invOblen stored at 0x5a837f3a8080, has been registered with IO.
hydro_coreInit:Field = z0m stored at 0x5a837f3b8180, has been registered with IO.
hydro_coreInit:Field = z0t stored at 0x5a837f3c8200, has been registered with IO.
mpi_rank_world--0/1: in timeInit(), simTime_it = 0 and simTime =         0.000000 !
:Variable = time stored at 0x5a836510ff78, has been registered with IO.

## time_test
Description=seed seed_nbl-deep_a000: flat uniform neutral spin-up, z_i target 550 m, base angle 0 deg # ## A description of this input file.
## FEMPI parameters---
numProcsX=1        # ## Number of cores to be used for horizontal domain decomposition in X
numProcsY=1        # ## Number of cores to be used for horizontal domain decomposition in Y
## IO parameters---
ioOutputMode=0     # ## 0: N-to-1 gather and write to a netCDF file, 1:N-to-N writes of FastEddy binary files
inPath=            # ## Path where initial/restart file is read in from
inFile=            # ## name of the input file for coordinate system and initial or restart conditions
outPath=./output/  # ## Path where output files are to be written
outFileBase=FE_SEED_ACC # ## Base name of the output file series as in (outFileBase).element-in-series
frqOutput=9720     # ## frequency (in timesteps) at which to produce output; should be an even multiple of NtBatch
towerIOSelector=0  # (DEFAULTED) ## Virtual Tower IO-Selector: 0=off, 1=on 
## FECUDA parameters---
tBx=1              # ## Number of threads in x-dimension.
tBy=8              # ## Number of threads in y-dimension.
tBz=16             # ## Number of threads in z-dimension.
## GRID parameters---
gridFile=          # (DEFAULTED) ## A file containing a complete grid specification
topoFile=          # ## A file containing terrain(surface elevation in meters ASL)
Nx=122             # ## Number of discretised domain elements in the x (zonal) direction.
Ny=122             # ## Number of discretised domain elements in the y (meridional) direction.
Nz=122             # ## Number of discretised domain elements in the z (vertical) direction.
Nh=3               # ## Number of halo cells to be used (dependent on largest stencil extent).
d_xi=30            # ## Computational domain fixed resolution in the 'i' direction.
d_eta=30           # ## Computational domain fixed resolution in the 'j' direction.
d_zeta=24.6914     # ## Computational domain fixed resolution in the 'k' direction.
coordHorizHalos=1  # ## switch to setup coordinate halos as periodic=1 or gradient-following=0.
verticalDeformSwitch=1 # ## switch to use vertical coordinate deformation 0=off, 1=on
verticalDeformFactor=0.346601 # ## deformation factor (0.0=max compression,  1.0=no compression)
verticalDeformQuadCoeff=0 # ## deformation factor (0.0=max compression,  1.0=no compression)
## HYDRO_CORE parameters---
## ----------: HYDRO_CORE Submodule Selectors ---
## ----------: Boundary Conditions Set ---
hydroBCs=2         # ## Selector for hydro BC set. 1= LAD, Dirichlet lateral, ceiling and surface, 2 = periodic-horizontal & ABL-vertical
hydroForcingWrite=0 # ## Switch for writing output of hydroFldsFrhs for prognostic fields. 0 = off, 1=on
hydroSubGridWrite=0 # ## Switch for writing output of Tauij fields. 0 = off, 1=on
hydroForcingLog=0  # ## Switch for logging Frhs summary metrics. 0 = off, 1=on
## ----------: PRESSURE GRADIENT FORCE ---
pgfSelector=1      # (DEFAULTED) ## Pressure Gradient Force (pgf) selector: 0=off, 1=on
## ----------: BUOYANCY ---
buoyancySelector=1 # (DEFAULTED) ## Buoyancy force  selector: 0=off, 1=on
## ----------: CORIOLIS ---
coriolisSelector=1 # ## Corilis force selector: 0= none, 1= horiz. terms, 2= horiz. & vert. terms
coriolisLatitude=42.9572 # ## Characteristic latitude in degrees from equator of the LES domain
## ----------: TURBULENCE ---
turbulenceSelector=1 # ## turbulence scheme selector: 0= none, 1= Lilly/Smagorinsky 
TKESelector=1      # ## Prognostic TKE selector: 0= none, 1= Prognostic, 2= requires canopySelector=1
TKEAdvSelector=3   # ## advection scheme for SGSTKE equation
TKEAdvSelector_b_hyb=0 # ## hybrid advection scheme parameter
c_k=0.1            # ## Lilly model constant used for turbulenceSelector = 1 and TKESelector > 0
## ----------: ADVECTION ---
advectionSelector=3 # ## advection scheme selector: 0=1st-order upwind, 1=3rd-order QUICK, 2=hybrid 3rd-4th order, 3=hybrid 5th-6th order, 4=3rd-order WENO, 5=5th-order WENO, 6=2nd-order centered
ceilingAdvectionBC=0 # (DEFAULTED) ## selector to allow advection through the domain ceiling 1=on, 0=off (w-ceiling = 0)
b_hyb=0            # ## hybrid advection scheme parameter: 0.0= lower-order upwind, 1.0=higher-order centered, 0.0 < b_hyb < 1.0 = hybrid
## ----------: DIFFUSION ---
diffusionSelector=0 # ## diffusivity selector: 0= none, 1= const.
## ----------: SURFACE LAYER ---
surflayerSelector=1 # ## surfacelayer selector: 0=off, 1=surface kinematic heat flux (surflayer_wth), 2=skin temperature rate (surflayer_tr)
surflayer_z0=0.061489 # ## roughness length (momentum) when surflayerSelector > 0
surflayer_z0t=0.01 # ## roughness length (temperature) when surflayerSelector > 0
surflayer_wth=0.05 # ## kinematic sensible heat flux at the surface when surflayerSelector = 1
surflayer_idealsine=0 # ## selector for idealized sinusoidal surface heat flux or skin temperature forcing: 0= off, 1= on
surflayer_stab=0   # (DEFAULTED) ## exchange coeffcient stability correction selector: 0= on, 1= off
surflayer_z0tdyn=1 # (DEFAULTED) ## dynamic z0t calculation following Zilitinkevich (1995) approach: 0= off, 1= constant Zilitinkevich coeff, 2= variable Zilitinkevich coeff
## ----------: OFFSHORE ROUGHNESS ---
surflayer_offshore=0 # ## offshore selector: 0=off, 1=on
## ----------: CANOPY MODEL ---
canopySelector=0   # (DEFAULTED) ## canopy selector: 0= off, 1= on
## ----------: LARGE-SCALE FORCINGS MODEL ---
lsfSelector=1      # ## large-scale forcings selector: 0= off, 1= on
lsf_w_surf=0       # ## large-scale forcing to w at the first specified level
lsf_w_lev1=0       # ## large-scale forcing w at height 1
lsf_w_lev2=0       # ## large-scale forcing w at height 2
lsf_w_zlev1=550    # ## large-scale forcing w height 1
lsf_w_zlev2=1100   # ## large-scale forcing w height 2
lsf_th_surf=0      # ## large-scale forcing to theta at the first specified level
lsf_th_lev1=0      # ## large-scale forcing theta at height 1
lsf_th_lev2=0      # ## large-scale forcing theta at height 2
lsf_th_zlev1=500   # ## large-scale forcing theta height 1
lsf_th_zlev2=2000  # ## large-scale forcing theta height 2
lsf_qv_surf=-0.0432 # ## large-scale forcing to qv at the first specified level
lsf_qv_lev1=-0.0432 # ## large-scale forcing qv at height 1
lsf_qv_lev2=0      # ## large-scale forcing qv at height 2
lsf_qv_zlev1=300   # ## large-scale forcing qv height 1
lsf_qv_zlev2=500   # ## large-scale forcing qv height 2
lsf_horMnSubTerms=1 # ## large-scale subsidence terms Switch: 0= off, 1= on
lsf_freq=1         # ## large-scale forcing frequency (seconds)
## ----------: MOISTURE ---
moistureSelector=0 # ## moisture selector: 0= off, 1= on
## ----------: EXPLICIT FILTERS ---
filterSelector=1   # ## explicit filter selector: 0=off, 1=on
filter_6thdiff_vert=1 # ## vertical 6th-order filter on w selector: 0=off, 1=on
filter_6thdiff_vert_coeff=0.03 # ## vertical 6th-order filter factor: 0.0=off, 1.0=full
filter_6thdiff_hori=0 # (DEFAULTED) ## horizontal 6th-order filter on rho,theta,qv selector: 0=off, 1=on
filter_divdamp=0   # (DEFAULTED) ## divergence damping selector: 0=off, 1=on
## ----------: CELL PERTURBATION METHOD ---
cellpertSelector=0 # (DEFAULTED) ## CP method selector: 0= off, 1= on
## ----------: RAYLEIGH DAMPING LAYER ---
dampingLayerSelector=1 # ## Rayleigh damping layer selector: 0= off, 1= on.
dampingLayerDepth=500 # ## Rayleigh damping layer depth in meters
## ----------: AUXILIARY SCALARS ---
NhydroAuxScalars=0 # (DEFAULTED) ## Number of prognostic auxiliary scalar fields
## ----------: BASE-STATE ---
stabilityScheme=2  # ## Scheme used to set hydrostatic, stability-dependent Base-State EOS fields
temp_grnd=298.012  # ## Air Temperature (K) at the ground used to set hydrostatic Base-State EOS fields
pres_grnd=97700    # ## Pressure (Pa) at the ground used to set hydrostatic Base-State EOS fields
zStableBottom=550  # ## Height (m) of the first stable upper-layer when stabilityScheme = 2
stableGradient=0.08 # ## Vertical gradient (K/m) of the first stable upper-layer when stabilityScheme = 2
zStableBottom2=650 # ## Height (m) of the second stable upper-layer when stabilityScheme = 2
zStableBottom3=20000 # ## Height (m) of the third stable upper-layer when stabilityScheme = 2
stableGradient2=0.004 # ## Vertical gradient (K/m) of the second stable upper-layer when stabilityScheme = 2
stableGradient3=0.004 # ## Vertical gradient (K/m) of the third stable upper-layer when stabilityScheme = 2
U_g=12             # ## Zonal (West-East) component of the geostrophic wind (m/s).
V_g=0              # ## Meridional (South-North) component of the geostrophic wind (m/s).
z_Ug=10000         # ## Height (m) above ground for linear geostrophic wind gradient (zonal component).
z_Vg=10000         # ## Height (m) above ground for linear geostrophic wind gradient (meridional component).
Ug_grad=0          # ## U_g gradient above z_Ug (ms-1/m).
Vg_grad=0          # ## V_g gradient above z_Vg (ms-1/m).
thetaPerturbationSwitch=1 # ## Switch to include initial theta perturbations: 0=off, 1=on
thetaHeight=300    # ## Height below which to include initial theta perturbations: (meters)
thetaAmplitude=0.25 # ## Maximum amplitude for theta perturbations: thetaAmplitude*[-1,+1] K
physics_oneRKonly=1 # (DEFAULTED) ## selector to apply physics RHS forcing only at the latest RK stage: 0= off, 1= on
## TIME_INTEGRATION parameters---
timeMethod=0       # ## Selector for time integration method. [0=RK3-WS2002 (default)]
Nt=97200           # ## Number of timesteps to perform.
dt=0.0308642       # ## timestep resolution in seconds.
NtBatch=9720       # ## Number of timesteps to compute in batch launch, must have NtBatch <= Nt.

moistureMPcallTscale = 1.0   # NOT VALIDATED
c_s = 0.18   # NOT VALIDATED
nu_0 = 0.0   # NOT VALIDATED
moistureCond = 3   # NOT VALIDATED
moistureAdvSelectorQi = 2   # NOT VALIDATED
moistureAdvSelectorQv = 2   # NOT VALIDATED
surflayer_qr = 0.0   # NOT VALIDATED
surflayer_tr = -0.0   # NOT VALIDATED
surflayer_wq = 0.0   # NOT VALIDATED
moistureNvars = 2   # NOT VALIDATED
moistureCondTscale = 1.0   # NOT VALIDATED
moistureAdvSelectorQv_b = 0.0   # NOT VALIDATED
surflayer_ideal_qamp = 2.0   # NOT VALIDATED
surflayer_ideal_amp = 4.0   # NOT VALIDATED
surflayer_ideal_qte = 10.0   # NOT VALIDATED
surflayer_ideal_qts = 1.75   # NOT VALIDATED
surflayer_ideal_te = 43200   # NOT VALIDATED
surflayer_ideal_ts = 0.0   # NOT VALIDATED
moistureCondBasePres = 1   # NOT VALIDATED
moistureSGSturb = 1   # NOT VALIDATED
Input parameters passed verification.
No input file has been specified, no gridFile has been specified.
 Using default grid and initial condition schemes.
**** Coordinate generation ****  (i,j,k)-extents = (122,122,122) & (i,j,k)-deltas = (30.000000,30.000000,24.691359)
mpi_rank_world--0/1 grid-Coord-gen(), else-coordHorizHalos = 1!
mpi_rank_world--0/1 coordHalos, Western-Eastern Boundaries!
mpi_rank_world--0/1 coordHalos, Southern-Northern Boundaries!
stabilityScheme == 2: Base State setup complete.
Rank 0/1: Profile preparations complete!
cuda_gridDeviceSetup:-- (i,j,k)Min, ()Max = (3,3,3), (125,125,125)
fecuda_SetBlocksPerGrid: tBlock = {1, 8, 16}
fecuda_SetBlocksPerGrid: grid = {128, 16, 8}
lsf_horMnSubTerms = 1, setting up for 5 phi-fields.cuda_hydroCoreDeviceSetup() complete.
cuda_towersDeviceSetup: NelemsTowers = 0, NelemsTowersSurf = 2043456488
0/1 cuda_hydroCoreDeviceSecondaryStageSetup(): BdyUpdateSteps = 0 
Initializations complete after  17.2619 (s).
Main Time: Advancing simulation timestep = 0... and time =    0.00000

_____________________#######_________  STATE-SUMMARY @ it = 0 _________#######____________________ 

			!!!!!	  HYDRO_CORE 	 !!!!! 
Field 	|	 max	     --(i,j,k)		 |	  min	     --(i,j,k)		 |	 mean
---------------------------------------------------------------------------------------------------------
********-----
 Model Fields -
 ********-----
rho	Rank 0/1:       1.14173782 	 (3,3,3)	 |        0.84077328 	 (3,3,124)	 |       1.03134072 
-----
u	Rank 0/1:      12.00000095 	 (3,3,15)	 |       11.99999905 	 (3,3,5)	 |      12.00000000 
-----
v	Rank 0/1:       0.00000000 	 (3,3,3)	 |        0.00000000 	 (3,3,3)	 |       0.00000000 
-----
w	Rank 0/1:       0.00000000 	 (3,3,3)	 |        0.00000000 	 (3,3,3)	 |       0.00000000 
-----
theta	Rank 0/1:     317.39883423 	 (3,3,124)	 |      299.74884033 	 (14,55,27)	 |     307.30587769 
-----
press	Rank 0/1:       0.00000000 	 (3,3,3)	 |        0.00000000 	 (3,3,3)	 |       0.00000000 
-----
TKE_0	Rank 0/1:       0.00000000 	 (3,3,3)	 |        0.00000000 	 (3,3,3)	 |       0.00000000 
Dumping state at timestep = 0...
Dumped state at timestep = 0...
Rank 0/1: Batch complete results sent via cudaMemcpyDeviceToHost.

			!!!!!	  TIMESTEP PERFORMANCE  	 !!!!! 
 Total Time (s) | Batch Steps 	| Time/step (s) | Comp./step (s) | IO Time (s)
---------------------------------------------------------------------------------------------------------
    56.5194 	|     9720 	|    0.0058 	|    0.0058 	 |   0.242042 

********************************************************************************************************
Main Time: Advancing simulation timestep = 9720... and time =  300.00003

_____________________#######_________  STATE-SUMMARY @ it = 9720 _________#######____________________ 

			!!!!!	  HYDRO_CORE 	 !!!!! 
Field 	|	 max	     --(i,j,k)		 |	  min	     --(i,j,k)		 |	 mean
---------------------------------------------------------------------------------------------------------
********-----
 Model Fields -
 ********-----
rho	Rank 0/1:       1.14039290 	 (4,83,3)	 |        0.84077632 	 (11,76,124)	 |       1.03127170 
-----
u	Rank 0/1:      12.28331757 	 (92,52,20)	 |        5.92614460 	 (28,12,3)	 |      11.85231400 
-----
v	Rank 0/1:       0.37298819 	 (91,7,8)	 |       -0.34868187 	 (33,16,9)	 |       0.00190272 
-----
w	Rank 0/1:       0.55330580 	 (25,39,29)	 |       -0.53473818 	 (100,50,24)	 |       0.00006126 
-----
theta	Rank 0/1:     317.40139771 	 (3,50,124)	 |      299.86886597 	 (120,26,16)	 |     307.36404419 
-----
press	Rank 0/1:       4.50000000 	 (120,70,11)	 |       -1.05468750 	 (10,124,4)	 |       2.16776109 
-----
TKE_0	Rank 0/1:       1.08512723 	 (7,83,4)	 |        0.00000000 	 (111,25,13)	 |       0.03402384 
Dumping state at timestep = 9720...
Dumped state at timestep = 9720...
Rank 0/1: Batch complete results sent via cudaMemcpyDeviceToHost.

			!!!!!	  TIMESTEP PERFORMANCE  	 !!!!! 
 Total Time (s) | Batch Steps 	| Time/step (s) | Comp./step (s) | IO Time (s)
---------------------------------------------------------------------------------------------------------
    56.6554 	|     9720 	|    0.0058 	|    0.0058 	 |   0.255221 

********************************************************************************************************
Main Time: Advancing simulation timestep = 19440... and time =  600.00006

_____________________#######_________  STATE-SUMMARY @ it = 19440 _________#######____________________ 

			!!!!!	  HYDRO_CORE 	 !!!!! 
Field 	|	 max	     --(i,j,k)		 |	  min	     --(i,j,k)		 |	 mean
---------------------------------------------------------------------------------------------------------
********-----
 Model Fields -
 ********-----
rho	Rank 0/1:       1.14019787 	 (90,57,3)	 |        0.84079278 	 (122,50,124)	 |       1.03127599 
-----
u	Rank 0/1:      12.35259914 	 (14,84,29)	 |        4.55683088 	 (108,12,3)	 |      11.77244377 
-----
v	Rank 0/1:       0.81358993 	 (103,59,7)	 |       -0.78717113 	 (17,27,11)	 |       0.00572605 
-----
w	Rank 0/1:       0.70904052 	 (113,81,14)	 |       -0.61597693 	 (47,113,10)	 |       0.00006650 
-----
theta	Rank 0/1:     317.40274048 	 (122,50,124)	 |      299.92721558 	 (17,29,14)	 |     307.41653442 
-----
press	Rank 0/1:       5.82812500 	 (115,32,17)	 |        2.12500000 	 (121,72,3)	 |       4.29837751 
-----
TKE_0	Rank 0/1:       1.39164281 	 (98,58,4)	 |        0.00000000 	 (76,6,11)	 |       0.03473453 
Dumping state at timestep = 19440...
Dumped state at timestep = 19440...
Rank 0/1: Batch complete results sent via cudaMemcpyDeviceToHost.

			!!!!!	  TIMESTEP PERFORMANCE  	 !!!!! 
 Total Time (s) | Batch Steps 	| Time/step (s) | Comp./step (s) | IO Time (s)
---------------------------------------------------------------------------------------------------------
    56.7384 	|     9720 	|    0.0058 	|    0.0058 	 |   0.247021 

********************************************************************************************************
Main Time: Advancing simulation timestep = 29160... and time =  900.00006

_____________________#######_________  STATE-SUMMARY @ it = 29160 _________#######____________________ 

			!!!!!	  HYDRO_CORE 	 !!!!! 
Field 	|	 max	     --(i,j,k)		 |	  min	     --(i,j,k)		 |	 mean
---------------------------------------------------------------------------------------------------------
********-----
 Model Fields -
 ********-----
rho	Rank 0/1:       1.14107192 	 (36,120,3)	 |        0.84080839 	 (4,49,124)	 |       1.03140199 
-----
u	Rank 0/1:      13.14463043 	 (76,14,15)	 |        3.78629899 	 (19,51,3)	 |      11.70619488 
-----
v	Rank 0/1:       1.69397652 	 (80,16,14)	 |       -1.71612167 	 (117,4,21)	 |       0.01065614 
-----
w	Rank 0/1:       2.06617665 	 (81,14,26)	 |       -1.33656919 	 (20,113,13)	 |       0.00005671 
-----
theta	Rank 0/1:     317.40261841 	 (4,49,124)	 |      299.93505859 	 (13,42,13)	 |     307.48657227 
-----
press	Rank 0/1:       8.89843750 	 (80,14,17)	 |        1.93750000 	 (112,48,4)	 |       6.02610636 
-----
TKE_0	Rank 0/1:       2.04461479 	 (94,18,5)	 |        0.00000000 	 (93,7,7)	 |       0.04448674 
Dumping state at timestep = 29160...
Dumped state at timestep = 29160...
Rank 0/1: Batch complete results sent via cudaMemcpyDeviceToHost.

			!!!!!	  TIMESTEP PERFORMANCE  	 !!!!! 
 Total Time (s) | Batch Steps 	| Time/step (s) | Comp./step (s) | IO Time (s)
---------------------------------------------------------------------------------------------------------
    56.7468 	|     9720 	|    0.0058 	|    0.0058 	 |   0.255421 

********************************************************************************************************
Main Time: Advancing simulation timestep = 38880... and time = 1200.00012

_____________________#######_________  STATE-SUMMARY @ it = 38880 _________#######____________________ 

			!!!!!	  HYDRO_CORE 	 !!!!! 
Field 	|	 max	     --(i,j,k)		 |	  min	     --(i,j,k)		 |	 mean
---------------------------------------------------------------------------------------------------------
********-----
 Model Fields -
 ********-----
rho	Rank 0/1:       1.14133859 	 (23,24,3)	 |        0.84081906 	 (64,49,124)	 |       1.03138161 
-----
u	Rank 0/1:      13.38522243 	 (39,51,18)	 |        4.53728962 	 (101,70,3)	 |      11.62642479 
-----
v	Rank 0/1:       3.00565720 	 (89,54,15)	 |       -2.69363856 	 (76,60,14)	 |       0.01750080 
-----
w	Rank 0/1:       3.16610575 	 (22,30,41)	 |       -1.95664310 	 (14,114,9)	 |       0.00006614 
-----
theta	Rank 0/1:     317.40292358 	 (64,49,124)	 |      299.79415894 	 (83,109,53)	 |     307.53021240 
-----
press	Rank 0/1:      10.67187500 	 (72,61,11)	 |        1.53125000 	 (30,34,10)	 |       7.35218000 
-----
TKE_0	Rank 0/1:       1.88935339 	 (31,44,4)	 |        0.00000000 	 (62,64,7)	 |       0.04712077 
Dumping state at timestep = 38880...
Dumped state at timestep = 38880...
Rank 0/1: Batch complete results sent via cudaMemcpyDeviceToHost.

			!!!!!	  TIMESTEP PERFORMANCE  	 !!!!! 
 Total Time (s) | Batch Steps 	| Time/step (s) | Comp./step (s) | IO Time (s)
---------------------------------------------------------------------------------------------------------
    56.7363 	|     9720 	|    0.0058 	|    0.0058 	 |   0.240483 

********************************************************************************************************
Main Time: Advancing simulation timestep = 48600... and time = 1500.00012

_____________________#######_________  STATE-SUMMARY @ it = 48600 _________#######____________________ 

			!!!!!	  HYDRO_CORE 	 !!!!! 
Field 	|	 max	     --(i,j,k)		 |	  min	     --(i,j,k)		 |	 mean
---------------------------------------------------------------------------------------------------------
********-----
 Model Fields -
 ********-----
rho	Rank 0/1:       1.14128542 	 (48,4,3)	 |        0.84082991 	 (62,49,124)	 |       1.03121543 
-----
u	Rank 0/1:      13.33153248 	 (87,52,52)	 |        4.35567713 	 (67,67,3)	 |      11.55518436 
-----
v	Rank 0/1:       2.83746409 	 (34,95,17)	 |       -2.74651361 	 (66,103,18)	 |       0.02315163 
-----
w	Rank 0/1:       2.90954328 	 (69,104,45)	 |       -2.08347178 	 (48,63,20)	 |       0.00007634 
-----
theta	Rank 0/1:     317.40322876 	 (62,49,124)	 |      299.49212646 	 (70,51,53)	 |     307.55767822 
-----
press	Rank 0/1:      11.92968750 	 (69,96,53)	 |        2.25000000 	 (115,67,14)	 |       8.78995800 
-----
TKE_0	Rank 0/1:       1.95852304 	 (66,102,4)	 |        0.00000000 	 (98,33,7)	 |       0.04616658 
Dumping state at timestep = 48600...
Dumped state at timestep = 48600...
Rank 0/1: Batch complete results sent via cudaMemcpyDeviceToHost.

			!!!!!	  TIMESTEP PERFORMANCE  	 !!!!! 
 Total Time (s) | Batch Steps 	| Time/step (s) | Comp./step (s) | IO Time (s)
---------------------------------------------------------------------------------------------------------
    56.7588 	|     9720 	|    0.0058 	|    0.0058 	 |   0.236919 

********************************************************************************************************
Main Time: Advancing simulation timestep = 58320... and time = 1800.00012

_____________________#######_________  STATE-SUMMARY @ it = 58320 _________#######____________________ 

			!!!!!	  HYDRO_CORE 	 !!!!! 
Field 	|	 max	     --(i,j,k)		 |	  min	     --(i,j,k)		 |	 mean
---------------------------------------------------------------------------------------------------------
********-----
 Model Fields -
 ********-----
rho	Rank 0/1:       1.14119232 	 (13,68,3)	 |        0.84084278 	 (93,67,124)	 |       1.03112280 
-----
u	Rank 0/1:      13.33443832 	 (70,121,19)	 |        3.99236655 	 (77,49,3)	 |      11.48637104 
-----
v	Rank 0/1:       3.00587869 	 (79,39,6)	 |       -2.82616544 	 (77,75,14)	 |       0.03335627 
-----
w	Rank 0/1:       3.60526037 	 (28,24,41)	 |       -2.55955982 	 (77,111,13)	 |       0.00007906 
-----
theta	Rank 0/1:     317.40322876 	 (100,55,124)	 |      299.75140381 	 (21,102,52)	 |     307.57064819 
-----
press	Rank 0/1:      14.05468750 	 (59,55,52)	 |        3.71875000 	 (60,63,8)	 |      10.30067635 
-----
TKE_0	Rank 0/1:       2.05307555 	 (122,80,4)	 |        0.00000000 	 (81,88,7)	 |       0.04595352 
Dumping state at timestep = 58320...
Dumped state at timestep = 58320...
Rank 0/1: Batch complete results sent via cudaMemcpyDeviceToHost.

			!!!!!	  TIMESTEP PERFORMANCE  	 !!!!! 
 Total Time (s) | Batch Steps 	| Time/step (s) | Comp./step (s) | IO Time (s)
---------------------------------------------------------------------------------------------------------
    56.7476 	|     9720 	|    0.0058 	|    0.0058 	 |   0.240427 

********************************************************************************************************
Main Time: Advancing simulation timestep = 68040... and time = 2100.00024

_____________________#######_________  STATE-SUMMARY @ it = 68040 _________#######____________________ 

			!!!!!	  HYDRO_CORE 	 !!!!! 
Field 	|	 max	     --(i,j,k)		 |	  min	     --(i,j,k)		 |	 mean
---------------------------------------------------------------------------------------------------------
********-----
 Model Fields -
 ********-----
rho	Rank 0/1:       1.14115393 	 (79,32,3)	 |        0.84085333 	 (24,81,124)	 |       1.03107703 
-----
u	Rank 0/1:      13.55126667 	 (67,117,11)	 |        3.92355204 	 (24,12,3)	 |      11.41611290 
-----
v	Rank 0/1:       3.07746458 	 (55,49,13)	 |       -2.79112744 	 (124,40,31)	 |       0.04465302 
-----
w	Rank 0/1:       2.99752498 	 (51,13,29)	 |       -2.48759270 	 (101,21,22)	 |       0.00007981 
-----
theta	Rank 0/1:     317.40386963 	 (24,81,124)	 |      299.55133057 	 (12,48,53)	 |     307.57693481 
-----
press	Rank 0/1:      15.52343750 	 (29,50,52)	 |        2.83593750 	 (92,23,12)	 |      11.80937290 
-----
TKE_0	Rank 0/1:       1.82168388 	 (94,29,4)	 |        0.00000000 	 (13,15,8)	 |       0.04540504 
Dumping state at timestep = 68040...
Dumped state at timestep = 68040...
Rank 0/1: Batch complete results sent via cudaMemcpyDeviceToHost.

			!!!!!	  TIMESTEP PERFORMANCE  	 !!!!! 
 Total Time (s) | Batch Steps 	| Time/step (s) | Comp./step (s) | IO Time (s)
---------------------------------------------------------------------------------------------------------
    56.7587 	|     9720 	|    0.0058 	|    0.0058 	 |   0.239179 

********************************************************************************************************
Main Time: Advancing simulation timestep = 77760... and time = 2400.00024

_____________________#######_________  STATE-SUMMARY @ it = 77760 _________#######____________________ 

			!!!!!	  HYDRO_CORE 	 !!!!! 
Field 	|	 max	     --(i,j,k)		 |	  min	     --(i,j,k)		 |	 mean
---------------------------------------------------------------------------------------------------------
********-----
 Model Fields -
 ********-----
rho	Rank 0/1:       1.14079773 	 (11,124,3)	 |        0.84086531 	 (8,19,124)	 |       1.03106260 
-----
u	Rank 0/1:      13.04378796 	 (102,55,28)	 |        4.06851768 	 (55,124,3)	 |      11.35115051 
-----
v	Rank 0/1:       3.30854964 	 (35,17,31)	 |       -3.36395097 	 (73,17,22)	 |       0.05839635 
-----
w	Rank 0/1:       3.16662502 	 (22,53,34)	 |       -2.28733039 	 (86,26,31)	 |       0.00008469 
-----
theta	Rank 0/1:     317.40383911 	 (57,15,124)	 |      299.51147461 	 (5,28,53)	 |     307.57562256 
-----
press	Rank 0/1:      17.10937500 	 (31,55,52)	 |        5.96875000 	 (55,119,8)	 |      13.34852219 
-----
TKE_0	Rank 0/1:       1.80907476 	 (102,38,4)	 |        0.00000000 	 (43,69,7)	 |       0.04383546 
Dumping state at timestep = 77760...
Dumped state at timestep = 77760...
Rank 0/1: Batch complete results sent via cudaMemcpyDeviceToHost.

			!!!!!	  TIMESTEP PERFORMANCE  	 !!!!! 
 Total Time (s) | Batch Steps 	| Time/step (s) | Comp./step (s) | IO Time (s)
---------------------------------------------------------------------------------------------------------
    56.7647 	|     9720 	|    0.0058 	|    0.0058 	 |   0.249856 

********************************************************************************************************
Main Time: Advancing simulation timestep = 87480... and time = 2700.00024

_____________________#######_________  STATE-SUMMARY @ it = 87480 _________#######____________________ 

			!!!!!	  HYDRO_CORE 	 !!!!! 
Field 	|	 max	     --(i,j,k)		 |	  min	     --(i,j,k)		 |	 mean
---------------------------------------------------------------------------------------------------------
********-----
 Model Fields -
 ********-----
rho	Rank 0/1:       1.14072204 	 (94,66,3)	 |        0.84087819 	 (104,19,124)	 |       1.03104174 
-----
u	Rank 0/1:      12.72034073 	 (4,11,28)	 |        3.86799788 	 (59,101,3)	 |      11.27938747 
-----
v	Rank 0/1:       3.33754039 	 (41,91,14)	 |       -2.70504212 	 (121,46,24)	 |       0.07411304 
-----
w	Rank 0/1:       3.04561210 	 (27,4,33)	 |       -2.41604614 	 (64,94,20)	 |       0.00008156 
-----
theta	Rank 0/1:     317.40368652 	 (104,19,124)	 |      299.74276733 	 (78,90,54)	 |     307.56756592 
-----
press	Rank 0/1:      18.90625000 	 (102,49,53)	 |        5.50000000 	 (43,91,12)	 |      14.95159149 
-----
TKE_0	Rank 0/1:       1.97466648 	 (102,74,4)	 |        0.00000000 	 (98,75,7)	 |       0.04213275 
Dumping state at timestep = 87480...
Dumped state at timestep = 87480...
Rank 0/1: Batch complete results sent via cudaMemcpyDeviceToHost.

			!!!!!	  TIMESTEP PERFORMANCE  	 !!!!! 
 Total Time (s) | Batch Steps 	| Time/step (s) | Comp./step (s) | IO Time (s)
---------------------------------------------------------------------------------------------------------
    56.8880 	|     9720 	|    0.0059 	|    0.0058 	 |   0.236660 

********************************************************************************************************

_____________________#######_________  STATE-SUMMARY @ it = 97200 _________#######____________________ 

			!!!!!	  HYDRO_CORE 	 !!!!! 
Field 	|	 max	     --(i,j,k)		 |	  min	     --(i,j,k)		 |	 mean
---------------------------------------------------------------------------------------------------------
********-----
 Model Fields -
 ********-----
rho	Rank 0/1:       1.14052582 	 (62,17,3)	 |        0.84089118 	 (52,15,124)	 |       1.03103781 
-----
u	Rank 0/1:      12.86254501 	 (51,58,54)	 |        3.72244287 	 (87,56,3)	 |      11.21684170 
-----
v	Rank 0/1:       3.55300093 	 (80,23,28)	 |       -2.58431220 	 (11,54,52)	 |       0.09154046 
-----
w	Rank 0/1:       3.22732997 	 (91,54,25)	 |       -1.95388496 	 (32,67,20)	 |       0.00008560 
-----
theta	Rank 0/1:     317.40362549 	 (52,15,124)	 |      299.72726440 	 (49,55,54)	 |     307.56335449 
-----
press	Rank 0/1:      20.81250000 	 (24,91,53)	 |        7.86718750 	 (3,4,20)	 |      16.59308243 
-----
TKE_0	Rank 0/1:       1.69568229 	 (95,8,4)	 |        0.00000000 	 (76,18,8)	 |       0.04083329 

_____________________#######_________  TOWER-SUMMARY @ it = 97200 _________#######____________________ 
Dumping state at timestep = 97200...
Dumped state at timestep = 97200...

			!!!!!	  TIMESTEP PERFORMANCE  	 !!!!! 
 Total Time (s) | Batch Steps 	| Time/step (s) | Comp./step (s) | IO Time (s)
---------------------------------------------------------------------------------------------------------
     0.2433 	|        0 	|    0.0000 	|    0.0000 	 |   0.183188 

********************************************************************************************************
Your FastEddy simulation is complete!
Cleaning up...
Shutting down MPI...
 Goodbye!
