Obtaining parameters from ./accel.in
Successfully opened ./accel.in and read 129 lines.
Warning more than 10000 entries were requested for the parameters hash table.
Consider changing the requested table size in the PARAMETERS module.
WARNING: optional parameter ioLPDMmode defaulted to 0.
WARNING: optional parameter ioLPDMfullFrq defaulted to 0.
WARNING: optional parameter lpdmOnlineSelector defaulted to 0.
WARNING: optional parameter lpdmOnlineQueue defaulted to 4.
WARNING: optional parameter lpdmOnlinePause1 defaulted to 0.
WARNING: optional parameter lpdmOnlinePause2 defaulted to 0.
WARNING: optional parameter towerIOSelector defaulted to 0.
WARNING: optional parameter gridFile defaulted to NULL.
WARNING: optional parameter pgfSelector defaulted to 1.
WARNING: optional parameter buoyancySelector defaulted to 1.
WARNING: optional parameter ceilingAdvectionBC defaulted to 0.
WARNING: optional parameter surflayer_stab defaulted to 0.
WARNING: optional parameter surflayer_z0tdyn defaulted to 1.
WARNING: optional parameter surflayer_offshore_visc defaulted to 1.
WARNING: optional parameter canopySelector defaulted to 0.
WARNING: optional parameter cellpertSelector defaulted to 0.
WARNING: optional parameter filter_6thdiff_hori defaulted to 0.
WARNING: optional parameter filter_divdamp defaulted to 0.
WARNING: optional parameter NhydroAuxScalars defaulted to 0.
WARNING: optional parameter physics_oneRKonly defaulted to 1.
Rank 0/1:  [rankXid, rankYid] = [0,0]
mpi_rank_world--0/1 inFile = (null) !!
mpi_rank_world--0/1 Obtaining devices...
Obtaining properties for 1 devices...

mpi_rank_world--0/1 assigned accelerator device 0/1...
Device Number:          0
---------------------------------------------------------------------

__General__
   Name                               : NVIDIA GeForce RTX 5090
   Compute Capability                 : 12.0
   Clock Rate                         : 2512000
   Number of multiprocessors          : 170
   Max Threads/multiprocessor         : 1536
   Concurrent Copy/Execution          : Yes
   Concurrent Kernels                 : 1
   Compute Mode                       : 0
   Kernel Timeout Enabled             : No
   Integrated                         : No
   Host Memory Mapping                : Yes

__Configuration__
   Registers/Block                    : 65536
   Warp Size                          : 32
   Max Threads/Block                  : 1024
   Max Block-extent / Dimension       :         1024         1024           64
   Max Grid-extent / Dimension        :   2147483647        65535        65535

__Memory__
   Tot. Global Memory (GB) / (B)      :   31.35834 / 3605987328
   Shared Mem/Block   (GB) / (B)      :    0.00005 / 49152
   Constant Memory    (GB) / (B)      :    0.00006 / 65536
   Max 1-D Texture                    :       131072
   Max 2-D Texture                    :       131072        65536
   Max 3-D Texture                    :        16384        16384        16384
   Texture Alignment  (B)             : 512
   Max Memory pitch                   : 2147483647

mpi_rank_world--0/1 done!
mpi_rank_world--0/1 Assigning threadPerBlock.[xyz]
mpi_rank_world--0/1 done!
Nxp = 122, Nyp = 122, Nzp = 122
****Spatial loop-index Mins & Maxs ****  (i,j,k)-min = (3,3,3) & (i,j,k)-max = (125,125,125)
Entering hydro_coreInit:------
WARNING: parameter surflayer_qskin_input was not found but was requested for printing.
WARNING: parameter surflayer_offshore_opt was not found but was requested for printing.
WARNING: parameter filter_6thdiff_hori_coeff was not found but was requested for printing.
hydro_coreInit: allocating/registering arrays/fields with IO
hydro_coreInit:hydroFlds[0] = rho stored at 0x7c2261ff8080, has been registered with IO.
hydro_coreInit:hydroFlds[1] = u stored at 0x7c22627f8080, has been registered with IO.
hydro_coreInit:hydroFlds[2] = v stored at 0x7c2262ff8080, has been registered with IO.
hydro_coreInit:hydroFlds[3] = w stored at 0x7c22637f8080, has been registered with IO.
hydro_coreInit:hydroFlds[4] = theta stored at 0x7c2263ff8080, has been registered with IO.
hydro_coreInit:Field = pressure stored at 0x7c22617f7080, has been registered with IO.
hydro_coreInit:sgstkeScalars[0] = TKE_0 stored at 0x7c225e7f5080, has been registered with IO.
hydro_coreInit: allocating internal arrays
hydro_coreInit:Field = tskin stored at 0x588394cad300, has been registered with IO.
hydro_coreInit:Field = fricVel stored at 0x588394c8d180, has been registered with IO.
hydro_coreInit:Field = htFlux stored at 0x588394c9d200, has been registered with IO.
hydro_coreInit:Field = invOblen stored at 0x588394cbd380, has been registered with IO.
hydro_coreInit:Field = z0m stored at 0x588394ccd480, has been registered with IO.
hydro_coreInit:Field = z0t stored at 0x588394cdd500, has been registered with IO.
mpi_rank_world--0/1: in timeInit(), simTime_it = 0 and simTime =         0.000000 !
:Variable = time stored at 0x58838ec48f78, has been registered with IO.

## time_test
Description=seed seed_nbl-deep_a060: flat uniform neutral spin-up, z_i target 550 m, base angle 60 deg # ## A description of this input file.
## FEMPI parameters---
numProcsX=1        # ## Number of cores to be used for horizontal domain decomposition in X
numProcsY=1        # ## Number of cores to be used for horizontal domain decomposition in Y
## IO parameters---
ioOutputMode=0     # ## 0: N-to-1 gather and write to a netCDF file, 1:N-to-N writes of FastEddy binary files
inPath=            # ## Path where initial/restart file is read in from
inFile=            # ## name of the input file for coordinate system and initial or restart conditions
outPath=./output/  # ## Path where output files are to be written
outFileBase=FE_SEED_ACC # ## Base name of the output file series as in (outFileBase).element-in-series
frqOutput=9720     # ## frequency (in timesteps) at which to produce output; should be an even multiple of NtBatch
towerIOSelector=0  # (DEFAULTED) ## Virtual Tower IO-Selector: 0=off, 1=on 
## FECUDA parameters---
tBx=1              # ## Number of threads in x-dimension.
tBy=8              # ## Number of threads in y-dimension.
tBz=16             # ## Number of threads in z-dimension.
## GRID parameters---
gridFile=          # (DEFAULTED) ## A file containing a complete grid specification
topoFile=          # ## A file containing terrain(surface elevation in meters ASL)
Nx=122             # ## Number of discretised domain elements in the x (zonal) direction.
Ny=122             # ## Number of discretised domain elements in the y (meridional) direction.
Nz=122             # ## Number of discretised domain elements in the z (vertical) direction.
Nh=3               # ## Number of halo cells to be used (dependent on largest stencil extent).
d_xi=30            # ## Computational domain fixed resolution in the 'i' direction.
d_eta=30           # ## Computational domain fixed resolution in the 'j' direction.
d_zeta=24.6914     # ## Computational domain fixed resolution in the 'k' direction.
coordHorizHalos=1  # ## switch to setup coordinate halos as periodic=1 or gradient-following=0.
verticalDeformSwitch=1 # ## switch to use vertical coordinate deformation 0=off, 1=on
verticalDeformFactor=0.346601 # ## deformation factor (0.0=max compression,  1.0=no compression)
verticalDeformQuadCoeff=0 # ## deformation factor (0.0=max compression,  1.0=no compression)
## HYDRO_CORE parameters---
## ----------: HYDRO_CORE Submodule Selectors ---
## ----------: Boundary Conditions Set ---
hydroBCs=2         # ## Selector for hydro BC set. 1= LAD, Dirichlet lateral, ceiling and surface, 2 = periodic-horizontal & ABL-vertical
hydroForcingWrite=0 # ## Switch for writing output of hydroFldsFrhs for prognostic fields. 0 = off, 1=on
hydroSubGridWrite=0 # ## Switch for writing output of Tauij fields. 0 = off, 1=on
hydroForcingLog=0  # ## Switch for logging Frhs summary metrics. 0 = off, 1=on
## ----------: PRESSURE GRADIENT FORCE ---
pgfSelector=1      # (DEFAULTED) ## Pressure Gradient Force (pgf) selector: 0=off, 1=on
## ----------: BUOYANCY ---
buoyancySelector=1 # (DEFAULTED) ## Buoyancy force  selector: 0=off, 1=on
## ----------: CORIOLIS ---
coriolisSelector=1 # ## Corilis force selector: 0= none, 1= horiz. terms, 2= horiz. & vert. terms
coriolisLatitude=42.9572 # ## Characteristic latitude in degrees from equator of the LES domain
## ----------: TURBULENCE ---
turbulenceSelector=1 # ## turbulence scheme selector: 0= none, 1= Lilly/Smagorinsky 
TKESelector=1      # ## Prognostic TKE selector: 0= none, 1= Prognostic, 2= requires canopySelector=1
TKEAdvSelector=3   # ## advection scheme for SGSTKE equation
TKEAdvSelector_b_hyb=0 # ## hybrid advection scheme parameter
c_k=0.1            # ## Lilly model constant used for turbulenceSelector = 1 and TKESelector > 0
## ----------: ADVECTION ---
advectionSelector=3 # ## advection scheme selector: 0=1st-order upwind, 1=3rd-order QUICK, 2=hybrid 3rd-4th order, 3=hybrid 5th-6th order, 4=3rd-order WENO, 5=5th-order WENO, 6=2nd-order centered
ceilingAdvectionBC=0 # (DEFAULTED) ## selector to allow advection through the domain ceiling 1=on, 0=off (w-ceiling = 0)
b_hyb=0            # ## hybrid advection scheme parameter: 0.0= lower-order upwind, 1.0=higher-order centered, 0.0 < b_hyb < 1.0 = hybrid
## ----------: DIFFUSION ---
diffusionSelector=0 # ## diffusivity selector: 0= none, 1= const.
## ----------: SURFACE LAYER ---
surflayerSelector=1 # ## surfacelayer selector: 0=off, 1=surface kinematic heat flux (surflayer_wth), 2=skin temperature rate (surflayer_tr)
surflayer_z0=0.061489 # ## roughness length (momentum) when surflayerSelector > 0
surflayer_z0t=0.01 # ## roughness length (temperature) when surflayerSelector > 0
surflayer_wth=0.05 # ## kinematic sensible heat flux at the surface when surflayerSelector = 1
surflayer_idealsine=0 # ## selector for idealized sinusoidal surface heat flux or skin temperature forcing: 0= off, 1= on
surflayer_stab=0   # (DEFAULTED) ## exchange coeffcient stability correction selector: 0= on, 1= off
surflayer_z0tdyn=1 # (DEFAULTED) ## dynamic z0t calculation following Zilitinkevich (1995) approach: 0= off, 1= constant Zilitinkevich coeff, 2= variable Zilitinkevich coeff
## ----------: OFFSHORE ROUGHNESS ---
surflayer_offshore=0 # ## offshore selector: 0=off, 1=on
## ----------: CANOPY MODEL ---
canopySelector=0   # (DEFAULTED) ## canopy selector: 0= off, 1= on
## ----------: LARGE-SCALE FORCINGS MODEL ---
lsfSelector=1      # ## large-scale forcings selector: 0= off, 1= on
lsf_w_surf=0       # ## large-scale forcing to w at the first specified level
lsf_w_lev1=0       # ## large-scale forcing w at height 1
lsf_w_lev2=0       # ## large-scale forcing w at height 2
lsf_w_zlev1=550    # ## large-scale forcing w height 1
lsf_w_zlev2=1100   # ## large-scale forcing w height 2
lsf_th_surf=0      # ## large-scale forcing to theta at the first specified level
lsf_th_lev1=0      # ## large-scale forcing theta at height 1
lsf_th_lev2=0      # ## large-scale forcing theta at height 2
lsf_th_zlev1=500   # ## large-scale forcing theta height 1
lsf_th_zlev2=2000  # ## large-scale forcing theta height 2
lsf_qv_surf=-0.0432 # ## large-scale forcing to qv at the first specified level
lsf_qv_lev1=-0.0432 # ## large-scale forcing qv at height 1
lsf_qv_lev2=0      # ## large-scale forcing qv at height 2
lsf_qv_zlev1=300   # ## large-scale forcing qv height 1
lsf_qv_zlev2=500   # ## large-scale forcing qv height 2
lsf_horMnSubTerms=1 # ## large-scale subsidence terms Switch: 0= off, 1= on
lsf_freq=1         # ## large-scale forcing frequency (seconds)
## ----------: MOISTURE ---
moistureSelector=0 # ## moisture selector: 0= off, 1= on
## ----------: EXPLICIT FILTERS ---
filterSelector=1   # ## explicit filter selector: 0=off, 1=on
filter_6thdiff_vert=1 # ## vertical 6th-order filter on w selector: 0=off, 1=on
filter_6thdiff_vert_coeff=0.03 # ## vertical 6th-order filter factor: 0.0=off, 1.0=full
filter_6thdiff_hori=0 # (DEFAULTED) ## horizontal 6th-order filter on rho,theta,qv selector: 0=off, 1=on
filter_divdamp=0   # (DEFAULTED) ## divergence damping selector: 0=off, 1=on
## ----------: CELL PERTURBATION METHOD ---
cellpertSelector=0 # (DEFAULTED) ## CP method selector: 0= off, 1= on
## ----------: RAYLEIGH DAMPING LAYER ---
dampingLayerSelector=1 # ## Rayleigh damping layer selector: 0= off, 1= on.
dampingLayerDepth=500 # ## Rayleigh damping layer depth in meters
## ----------: AUXILIARY SCALARS ---
NhydroAuxScalars=0 # (DEFAULTED) ## Number of prognostic auxiliary scalar fields
## ----------: BASE-STATE ---
stabilityScheme=2  # ## Scheme used to set hydrostatic, stability-dependent Base-State EOS fields
temp_grnd=298.012  # ## Air Temperature (K) at the ground used to set hydrostatic Base-State EOS fields
pres_grnd=97700    # ## Pressure (Pa) at the ground used to set hydrostatic Base-State EOS fields
zStableBottom=550  # ## Height (m) of the first stable upper-layer when stabilityScheme = 2
stableGradient=0.08 # ## Vertical gradient (K/m) of the first stable upper-layer when stabilityScheme = 2
zStableBottom2=650 # ## Height (m) of the second stable upper-layer when stabilityScheme = 2
zStableBottom3=20000 # ## Height (m) of the third stable upper-layer when stabilityScheme = 2
stableGradient2=0.004 # ## Vertical gradient (K/m) of the second stable upper-layer when stabilityScheme = 2
stableGradient3=0.004 # ## Vertical gradient (K/m) of the third stable upper-layer when stabilityScheme = 2
U_g=6              # ## Zonal (West-East) component of the geostrophic wind (m/s).
V_g=10.3923        # ## Meridional (South-North) component of the geostrophic wind (m/s).
z_Ug=10000         # ## Height (m) above ground for linear geostrophic wind gradient (zonal component).
z_Vg=10000         # ## Height (m) above ground for linear geostrophic wind gradient (meridional component).
Ug_grad=0          # ## U_g gradient above z_Ug (ms-1/m).
Vg_grad=0          # ## V_g gradient above z_Vg (ms-1/m).
thetaPerturbationSwitch=1 # ## Switch to include initial theta perturbations: 0=off, 1=on
thetaHeight=300    # ## Height below which to include initial theta perturbations: (meters)
thetaAmplitude=0.25 # ## Maximum amplitude for theta perturbations: thetaAmplitude*[-1,+1] K
physics_oneRKonly=1 # (DEFAULTED) ## selector to apply physics RHS forcing only at the latest RK stage: 0= off, 1= on
## TIME_INTEGRATION parameters---
timeMethod=0       # ## Selector for time integration method. [0=RK3-WS2002 (default)]
Nt=97200           # ## Number of timesteps to perform.
dt=0.0308642       # ## timestep resolution in seconds.
NtBatch=9720       # ## Number of timesteps to compute in batch launch, must have NtBatch <= Nt.

moistureMPcallTscale = 1.0   # NOT VALIDATED
c_s = 0.18   # NOT VALIDATED
nu_0 = 0.0   # NOT VALIDATED
moistureCond = 3   # NOT VALIDATED
moistureAdvSelectorQi = 2   # NOT VALIDATED
moistureAdvSelectorQv = 2   # NOT VALIDATED
surflayer_qr = 0.0   # NOT VALIDATED
surflayer_tr = -0.0   # NOT VALIDATED
surflayer_wq = 0.0   # NOT VALIDATED
moistureNvars = 2   # NOT VALIDATED
moistureCondTscale = 1.0   # NOT VALIDATED
moistureAdvSelectorQv_b = 0.0   # NOT VALIDATED
surflayer_ideal_qamp = 2.0   # NOT VALIDATED
surflayer_ideal_amp = 4.0   # NOT VALIDATED
surflayer_ideal_qte = 10.0   # NOT VALIDATED
surflayer_ideal_qts = 1.75   # NOT VALIDATED
surflayer_ideal_te = 43200   # NOT VALIDATED
surflayer_ideal_ts = 0.0   # NOT VALIDATED
moistureCondBasePres = 1   # NOT VALIDATED
moistureSGSturb = 1   # NOT VALIDATED
Input parameters passed verification.
No input file has been specified, no gridFile has been specified.
 Using default grid and initial condition schemes.
**** Coordinate generation ****  (i,j,k)-extents = (122,122,122) & (i,j,k)-deltas = (30.000000,30.000000,24.691359)
mpi_rank_world--0/1 grid-Coord-gen(), else-coordHorizHalos = 1!
mpi_rank_world--0/1 coordHalos, Western-Eastern Boundaries!
mpi_rank_world--0/1 coordHalos, Southern-Northern Boundaries!
stabilityScheme == 2: Base State setup complete.
Rank 0/1: Profile preparations complete!
cuda_gridDeviceSetup:-- (i,j,k)Min, ()Max = (3,3,3), (125,125,125)
fecuda_SetBlocksPerGrid: tBlock = {1, 8, 16}
fecuda_SetBlocksPerGrid: grid = {128, 16, 8}
lsf_horMnSubTerms = 1, setting up for 5 phi-fields.cuda_hydroCoreDeviceSetup() complete.
cuda_towersDeviceSetup: NelemsTowers = 0, NelemsTowersSurf = 1101473064
0/1 cuda_hydroCoreDeviceSecondaryStageSetup(): BdyUpdateSteps = 0 
Initializations complete after  19.1624 (s).
Main Time: Advancing simulation timestep = 0... and time =    0.00000

_____________________#######_________  STATE-SUMMARY @ it = 0 _________#######____________________ 

			!!!!!	  HYDRO_CORE 	 !!!!! 
Field 	|	 max	     --(i,j,k)		 |	  min	     --(i,j,k)		 |	 mean
---------------------------------------------------------------------------------------------------------
********-----
 Model Fields -
 ********-----
rho	Rank 0/1:       1.14173782 	 (3,3,3)	 |        0.84077328 	 (3,3,124)	 |       1.03134072 
-----
u	Rank 0/1:       6.00000048 	 (3,3,15)	 |        5.99999952 	 (3,3,5)	 |       6.00000000 
-----
v	Rank 0/1:      10.39230633 	 (3,3,16)	 |       10.39230442 	 (3,3,48)	 |      10.20736217 
-----
w	Rank 0/1:       0.00000000 	 (3,3,3)	 |        0.00000000 	 (3,3,3)	 |       0.00000000 
-----
theta	Rank 0/1:     317.39883423 	 (3,3,124)	 |      299.74884033 	 (14,55,27)	 |     307.30587769 
-----
press	Rank 0/1:       0.00000000 	 (3,3,3)	 |        0.00000000 	 (3,3,3)	 |       0.00000000 
-----
TKE_0	Rank 0/1:       0.00000000 	 (3,3,3)	 |        0.00000000 	 (3,3,3)	 |       0.00000000 
Dumping state at timestep = 0...
Dumped state at timestep = 0...
Rank 0/1: Batch complete results sent via cudaMemcpyDeviceToHost.

			!!!!!	  TIMESTEP PERFORMANCE  	 !!!!! 
 Total Time (s) | Batch Steps 	| Time/step (s) | Comp./step (s) | IO Time (s)
---------------------------------------------------------------------------------------------------------
    56.5694 	|     9720 	|    0.0058 	|    0.0058 	 |   0.244067 

********************************************************************************************************
Main Time: Advancing simulation timestep = 9720... and time =  300.00003

_____________________#######_________  STATE-SUMMARY @ it = 9720 _________#######____________________ 

			!!!!!	  HYDRO_CORE 	 !!!!! 
Field 	|	 max	     --(i,j,k)		 |	  min	     --(i,j,k)		 |	 mean
---------------------------------------------------------------------------------------------------------
********-----
 Model Fields -
 ********-----
rho	Rank 0/1:       1.14031231 	 (108,8,3)	 |        0.84078062 	 (37,59,124)	 |       1.03127146 
-----
u	Rank 0/1:       6.19735861 	 (75,15,28)	 |        2.94188356 	 (123,108,3)	 |       5.92459106 
-----
v	Rank 0/1:      10.64906788 	 (26,117,26)	 |        5.25464582 	 (120,106,3)	 |      10.09114742 
-----
w	Rank 0/1:       0.30242100 	 (47,64,20)	 |       -0.29590729 	 (17,28,29)	 |       0.00006130 
-----
theta	Rank 0/1:     317.40039062 	 (95,13,124)	 |      299.90795898 	 (79,20,28)	 |     307.35064697 
-----
press	Rank 0/1:       4.23437500 	 (82,33,13)	 |       -0.33593750 	 (34,48,3)	 |       2.18980217 
-----
TKE_0	Rank 0/1:       0.98534071 	 (19,109,4)	 |        0.00000000 	 (115,47,13)	 |       0.03366958 
Dumping state at timestep = 9720...
Dumped state at timestep = 9720...
Rank 0/1: Batch complete results sent via cudaMemcpyDeviceToHost.

			!!!!!	  TIMESTEP PERFORMANCE  	 !!!!! 
 Total Time (s) | Batch Steps 	| Time/step (s) | Comp./step (s) | IO Time (s)
---------------------------------------------------------------------------------------------------------
    56.8211 	|     9720 	|    0.0058 	|    0.0058 	 |   0.247525 

********************************************************************************************************
Main Time: Advancing simulation timestep = 19440... and time =  600.00006

_____________________#######_________  STATE-SUMMARY @ it = 19440 _________#######____________________ 

			!!!!!	  HYDRO_CORE 	 !!!!! 
Field 	|	 max	     --(i,j,k)		 |	  min	     --(i,j,k)		 |	 mean
---------------------------------------------------------------------------------------------------------
********-----
 Model Fields -
 ********-----
rho	Rank 0/1:       1.13973200 	 (36,96,3)	 |        0.84079760 	 (97,42,124)	 |       1.03127003 
-----
u	Rank 0/1:       6.30248022 	 (46,29,14)	 |        2.12730622 	 (105,38,3)	 |       5.88021469 
-----
v	Rank 0/1:      10.75496006 	 (86,99,25)	 |        4.11220694 	 (40,58,3)	 |      10.02938175 
-----
w	Rank 0/1:       0.40330181 	 (107,46,24)	 |       -0.41972294 	 (111,44,22)	 |       0.00006856 
-----
theta	Rank 0/1:     317.40081787 	 (97,42,124)	 |      299.94012451 	 (117,114,24)	 |     307.38452148 
-----
press	Rank 0/1:       5.46093750 	 (3,68,17)	 |        2.64062500 	 (15,74,3)	 |       4.36961174 
-----
TKE_0	Rank 0/1:       0.97939688 	 (40,103,4)	 |        0.00000000 	 (52,48,12)	 |       0.03328525 
Dumping state at timestep = 19440...
Dumped state at timestep = 19440...
Rank 0/1: Batch complete results sent via cudaMemcpyDeviceToHost.

			!!!!!	  TIMESTEP PERFORMANCE  	 !!!!! 
 Total Time (s) | Batch Steps 	| Time/step (s) | Comp./step (s) | IO Time (s)
---------------------------------------------------------------------------------------------------------
    56.8747 	|     9720 	|    0.0059 	|    0.0058 	 |   0.244377 

********************************************************************************************************
Main Time: Advancing simulation timestep = 29160... and time =  900.00006

_____________________#######_________  STATE-SUMMARY @ it = 29160 _________#######____________________ 

			!!!!!	  HYDRO_CORE 	 !!!!! 
Field 	|	 max	     --(i,j,k)		 |	  min	     --(i,j,k)		 |	 mean
---------------------------------------------------------------------------------------------------------
********-----
 Model Fields -
 ********-----
rho	Rank 0/1:       1.14079475 	 (81,17,3)	 |        0.84081489 	 (93,10,124)	 |       1.03140056 
-----
u	Rank 0/1:       7.05337620 	 (96,16,7)	 |        1.47899199 	 (113,118,3)	 |       5.84457159 
-----
v	Rank 0/1:      11.08553314 	 (42,122,10)	 |        3.17800355 	 (117,71,3)	 |       9.99099064 
-----
w	Rank 0/1:       1.67368579 	 (95,31,16)	 |       -1.23189127 	 (102,15,12)	 |       0.00006001 
-----
theta	Rank 0/1:     317.40078735 	 (12,16,124)	 |      299.93893433 	 (115,75,10)	 |     307.42327881 
-----
press	Rank 0/1:       7.99218750 	 (99,15,25)	 |        3.54687500 	 (78,8,3)	 |       6.30012083 
-----
TKE_0	Rank 0/1:       1.56200945 	 (65,7,4)	 |        0.00000000 	 (36,124,7)	 |       0.03956808 
Dumping state at timestep = 29160...
Dumped state at timestep = 29160...
Rank 0/1: Batch complete results sent via cudaMemcpyDeviceToHost.

			!!!!!	  TIMESTEP PERFORMANCE  	 !!!!! 
 Total Time (s) | Batch Steps 	| Time/step (s) | Comp./step (s) | IO Time (s)
---------------------------------------------------------------------------------------------------------
    56.8677 	|     9720 	|    0.0059 	|    0.0058 	 |   0.245023 

********************************************************************************************************
Main Time: Advancing simulation timestep = 38880... and time = 1200.00012

_____________________#######_________  STATE-SUMMARY @ it = 38880 _________#######____________________ 

			!!!!!	  HYDRO_CORE 	 !!!!! 
Field 	|	 max	     --(i,j,k)		 |	  min	     --(i,j,k)		 |	 mean
---------------------------------------------------------------------------------------------------------
********-----
 Model Fields -
 ********-----
rho	Rank 0/1:       1.14133203 	 (57,22,3)	 |        0.84082675 	 (42,67,124)	 |       1.03140128 
-----
u	Rank 0/1:       8.14063931 	 (9,50,18)	 |        1.21292531 	 (17,67,3)	 |       5.80368662 
-----
v	Rank 0/1:      11.68548870 	 (14,99,7)	 |        3.30422521 	 (87,74,3)	 |       9.95817184 
-----
w	Rank 0/1:       3.73149228 	 (48,38,42)	 |       -2.40358829 	 (48,9,18)	 |       0.00007008 
-----
theta	Rank 0/1:     317.40106201 	 (42,67,124)	 |      299.86224365 	 (19,96,53)	 |     307.49612427 
-----
press	Rank 0/1:      12.28125000 	 (49,35,45)	 |        0.77343750 	 (7,54,18)	 |       7.60055161 
-----
TKE_0	Rank 0/1:       1.69903290 	 (81,109,4)	 |        0.00000000 	 (57,20,7)	 |       0.04732275 
Dumping state at timestep = 38880...
Dumped state at timestep = 38880...
Rank 0/1: Batch complete results sent via cudaMemcpyDeviceToHost.

			!!!!!	  TIMESTEP PERFORMANCE  	 !!!!! 
 Total Time (s) | Batch Steps 	| Time/step (s) | Comp./step (s) | IO Time (s)
---------------------------------------------------------------------------------------------------------
    56.8365 	|     9720 	|    0.0058 	|    0.0058 	 |   0.234281 

********************************************************************************************************
Main Time: Advancing simulation timestep = 48600... and time = 1500.00012

_____________________#######_________  STATE-SUMMARY @ it = 48600 _________#######____________________ 

			!!!!!	  HYDRO_CORE 	 !!!!! 
Field 	|	 max	     --(i,j,k)		 |	  min	     --(i,j,k)		 |	 mean
---------------------------------------------------------------------------------------------------------
********-----
 Model Fields -
 ********-----
rho	Rank 0/1:       1.14123309 	 (59,60,3)	 |        0.84083915 	 (3,10,124)	 |       1.03118992 
-----
u	Rank 0/1:       8.44749165 	 (23,70,52)	 |        1.32546604 	 (16,61,3)	 |       5.76073885 
-----
v	Rank 0/1:      12.66532135 	 (118,17,52)	 |        3.40155292 	 (4,122,3)	 |       9.92064095 
-----
w	Rank 0/1:       3.51623034 	 (59,12,36)	 |       -2.66504192 	 (36,112,18)	 |       0.00007372 
-----
theta	Rank 0/1:     317.40118408 	 (3,10,124)	 |      299.50717163 	 (110,15,53)	 |     307.52886963 
-----
press	Rank 0/1:      13.94531250 	 (115,43,53)	 |        2.47656250 	 (3,121,8)	 |       9.07994652 
-----
TKE_0	Rank 0/1:       1.86192346 	 (94,78,4)	 |        0.00000000 	 (91,67,7)	 |       0.04596924 
Dumping state at timestep = 48600...
Dumped state at timestep = 48600...
Rank 0/1: Batch complete results sent via cudaMemcpyDeviceToHost.

			!!!!!	  TIMESTEP PERFORMANCE  	 !!!!! 
 Total Time (s) | Batch Steps 	| Time/step (s) | Comp./step (s) | IO Time (s)
---------------------------------------------------------------------------------------------------------
    56.9710 	|     9720 	|    0.0059 	|    0.0058 	 |   0.235972 

********************************************************************************************************
Main Time: Advancing simulation timestep = 58320... and time = 1800.00012

_____________________#######_________  STATE-SUMMARY @ it = 58320 _________#######____________________ 

			!!!!!	  HYDRO_CORE 	 !!!!! 
Field 	|	 max	     --(i,j,k)		 |	  min	     --(i,j,k)		 |	 mean
---------------------------------------------------------------------------------------------------------
********-----
 Model Fields -
 ********-----
rho	Rank 0/1:       1.14119852 	 (102,63,3)	 |        0.84085178 	 (87,115,124)	 |       1.03108525 
-----
u	Rank 0/1:       8.20203209 	 (6,67,9)	 |        1.25438392 	 (42,110,3)	 |       5.71641731 
-----
v	Rank 0/1:      12.27880859 	 (61,104,52)	 |        3.27696419 	 (26,90,3)	 |       9.87055111 
-----
w	Rank 0/1:       3.15211272 	 (68,109,32)	 |       -2.32777238 	 (79,88,29)	 |       0.00007735 
-----
theta	Rank 0/1:     317.40093994 	 (87,115,124)	 |      299.62188721 	 (58,26,53)	 |     307.56781006 
-----
press	Rank 0/1:      14.41406250 	 (65,32,52)	 |        2.29687500 	 (16,110,8)	 |      10.60922241 
-----
TKE_0	Rank 0/1:       1.89652407 	 (81,14,4)	 |        0.00000000 	 (29,34,7)	 |       0.04552494 
Dumping state at timestep = 58320...
Dumped state at timestep = 58320...
Rank 0/1: Batch complete results sent via cudaMemcpyDeviceToHost.

			!!!!!	  TIMESTEP PERFORMANCE  	 !!!!! 
 Total Time (s) | Batch Steps 	| Time/step (s) | Comp./step (s) | IO Time (s)
---------------------------------------------------------------------------------------------------------
    56.9572 	|     9720 	|    0.0059 	|    0.0058 	 |   0.235958 

********************************************************************************************************
Main Time: Advancing simulation timestep = 68040... and time = 2100.00024

_____________________#######_________  STATE-SUMMARY @ it = 68040 _________#######____________________ 

			!!!!!	  HYDRO_CORE 	 !!!!! 
Field 	|	 max	     --(i,j,k)		 |	  min	     --(i,j,k)		 |	 mean
---------------------------------------------------------------------------------------------------------
********-----
 Model Fields -
 ********-----
rho	Rank 0/1:       1.14105260 	 (90,30,3)	 |        0.84086287 	 (24,98,124)	 |       1.03104973 
-----
u	Rank 0/1:       7.85252333 	 (94,19,8)	 |        0.97202843 	 (85,65,3)	 |       5.67516708 
-----
v	Rank 0/1:      12.26719379 	 (83,24,8)	 |        3.24616122 	 (48,122,3)	 |       9.81897736 
-----
w	Rank 0/1:       2.99912429 	 (121,5,26)	 |       -1.98815584 	 (9,91,11)	 |       0.00008241 
-----
theta	Rank 0/1:     317.40127563 	 (24,98,124)	 |      299.67520142 	 (86,49,53)	 |     307.57009888 
-----
press	Rank 0/1:      16.10937500 	 (64,31,52)	 |        5.06250000 	 (10,90,10)	 |      12.20888710 
-----
TKE_0	Rank 0/1:       1.97170472 	 (44,78,4)	 |        0.00000000 	 (90,33,7)	 |       0.04396380 
Dumping state at timestep = 68040...
Dumped state at timestep = 68040...
Rank 0/1: Batch complete results sent via cudaMemcpyDeviceToHost.

			!!!!!	  TIMESTEP PERFORMANCE  	 !!!!! 
 Total Time (s) | Batch Steps 	| Time/step (s) | Comp./step (s) | IO Time (s)
---------------------------------------------------------------------------------------------------------
    56.9737 	|     9720 	|    0.0059 	|    0.0058 	 |   0.232968 

********************************************************************************************************
Main Time: Advancing simulation timestep = 77760... and time = 2400.00024

_____________________#######_________  STATE-SUMMARY @ it = 77760 _________#######____________________ 

			!!!!!	  HYDRO_CORE 	 !!!!! 
Field 	|	 max	     --(i,j,k)		 |	  min	     --(i,j,k)		 |	 mean
---------------------------------------------------------------------------------------------------------
********-----
 Model Fields -
 ********-----
rho	Rank 0/1:       1.14089346 	 (3,94,3)	 |        0.84087634 	 (37,115,124)	 |       1.03106380 
-----
u	Rank 0/1:       8.05081940 	 (113,100,24)	 |        1.18425822 	 (62,51,3)	 |       5.62941408 
-----
v	Rank 0/1:      11.54737759 	 (85,87,10)	 |        3.15910387 	 (93,86,3)	 |       9.76718140 
-----
w	Rank 0/1:       2.88795948 	 (71,22,26)	 |       -2.03465509 	 (40,6,20)	 |       0.00009008 
-----
theta	Rank 0/1:     317.40097046 	 (37,115,124)	 |      299.77819824 	 (4,6,53)	 |     307.56655884 
-----
press	Rank 0/1:      17.46093750 	 (70,74,53)	 |        6.88281250 	 (50,58,12)	 |      13.86790371 
-----
TKE_0	Rank 0/1:       1.62698889 	 (93,87,6)	 |        0.00000000 	 (35,33,7)	 |       0.04175437 
Dumping state at timestep = 77760...
Dumped state at timestep = 77760...
Rank 0/1: Batch complete results sent via cudaMemcpyDeviceToHost.

			!!!!!	  TIMESTEP PERFORMANCE  	 !!!!! 
 Total Time (s) | Batch Steps 	| Time/step (s) | Comp./step (s) | IO Time (s)
---------------------------------------------------------------------------------------------------------
    56.9782 	|     9720 	|    0.0059 	|    0.0058 	 |   0.238191 

********************************************************************************************************
Main Time: Advancing simulation timestep = 87480... and time = 2700.00024

_____________________#######_________  STATE-SUMMARY @ it = 87480 _________#######____________________ 

			!!!!!	  HYDRO_CORE 	 !!!!! 
Field 	|	 max	     --(i,j,k)		 |	  min	     --(i,j,k)		 |	 mean
---------------------------------------------------------------------------------------------------------
********-----
 Model Fields -
 ********-----
rho	Rank 0/1:       1.14078629 	 (37,69,3)	 |        0.84088832 	 (24,60,124)	 |       1.03101730 
-----
u	Rank 0/1:       7.40403938 	 (19,30,10)	 |        0.98997778 	 (56,83,3)	 |       5.58493519 
-----
v	Rank 0/1:      11.56917477 	 (80,109,21)	 |        2.88516665 	 (75,19,3)	 |       9.72044754 
-----
w	Rank 0/1:       2.93711519 	 (102,24,26)	 |       -1.96095085 	 (112,30,11)	 |       0.00009144 
-----
theta	Rank 0/1:     317.40151978 	 (24,60,124)	 |      299.71997070 	 (116,71,53)	 |     307.56280518 
-----
press	Rank 0/1:      19.53125000 	 (32,80,52)	 |        6.27343750 	 (113,29,10)	 |      15.50029087 
-----
TKE_0	Rank 0/1:       1.59101820 	 (37,120,4)	 |        0.00000000 	 (31,8,7)	 |       0.04026533 
Dumping state at timestep = 87480...
Dumped state at timestep = 87480...
Rank 0/1: Batch complete results sent via cudaMemcpyDeviceToHost.

			!!!!!	  TIMESTEP PERFORMANCE  	 !!!!! 
 Total Time (s) | Batch Steps 	| Time/step (s) | Comp./step (s) | IO Time (s)
---------------------------------------------------------------------------------------------------------
    56.9635 	|     9720 	|    0.0059 	|    0.0058 	 |   0.237069 

********************************************************************************************************

_____________________#######_________  STATE-SUMMARY @ it = 97200 _________#######____________________ 

			!!!!!	  HYDRO_CORE 	 !!!!! 
Field 	|	 max	     --(i,j,k)		 |	  min	     --(i,j,k)		 |	 mean
---------------------------------------------------------------------------------------------------------
********-----
 Model Fields -
 ********-----
rho	Rank 0/1:       1.14054561 	 (84,36,3)	 |        0.84090149 	 (33,41,124)	 |       1.03104627 
-----
u	Rank 0/1:       7.48818827 	 (25,88,52)	 |        1.06041014 	 (79,76,3)	 |       5.54026461 
-----
v	Rank 0/1:      11.61206627 	 (18,96,53)	 |        2.99129248 	 (92,93,3)	 |       9.67417336 
-----
w	Rank 0/1:       3.34667301 	 (37,46,36)	 |       -2.00761771 	 (55,90,26)	 |       0.00009109 
-----
theta	Rank 0/1:     317.40124512 	 (84,42,124)	 |      299.46298218 	 (22,95,54)	 |     307.56472778 
-----
press	Rank 0/1:      22.04687500 	 (23,118,53)	 |        8.78125000 	 (79,74,6)	 |      17.15425491 
-----
TKE_0	Rank 0/1:       1.57741201 	 (89,92,4)	 |        0.00000000 	 (85,38,7)	 |       0.03941296 

_____________________#######_________  TOWER-SUMMARY @ it = 97200 _________#######____________________ 
Dumping state at timestep = 97200...
Dumped state at timestep = 97200...

			!!!!!	  TIMESTEP PERFORMANCE  	 !!!!! 
 Total Time (s) | Batch Steps 	| Time/step (s) | Comp./step (s) | IO Time (s)
---------------------------------------------------------------------------------------------------------
     0.2344 	|        0 	|    0.0000 	|    0.0000 	 |   0.174881 

********************************************************************************************************
Your FastEddy simulation is complete!
Cleaning up...
Shutting down MPI...
 Goodbye!
