Obtaining parameters from ./run.in
Successfully opened ./run.in and read 129 lines.
Warning more than 10000 entries were requested for the parameters hash table.
Consider changing the requested table size in the PARAMETERS module.
WARNING: optional parameter ioLPDMmode defaulted to 0.
WARNING: optional parameter ioLPDMfullFrq defaulted to 0.
WARNING: optional parameter lpdmOnlineSelector defaulted to 0.
WARNING: optional parameter lpdmOnlineQueue defaulted to 4.
WARNING: optional parameter lpdmOnlinePause1 defaulted to 0.
WARNING: optional parameter lpdmOnlinePause2 defaulted to 0.
WARNING: optional parameter towerIOSelector defaulted to 0.
WARNING: optional parameter gridFile defaulted to NULL.
WARNING: optional parameter pgfSelector defaulted to 1.
WARNING: optional parameter buoyancySelector defaulted to 1.
WARNING: optional parameter ceilingAdvectionBC defaulted to 0.
WARNING: optional parameter surflayer_stab defaulted to 0.
WARNING: optional parameter surflayer_z0tdyn defaulted to 1.
WARNING: optional parameter surflayer_offshore_visc defaulted to 1.
WARNING: optional parameter canopySelector defaulted to 0.
WARNING: optional parameter cellpertSelector defaulted to 0.
WARNING: optional parameter filter_6thdiff_hori defaulted to 0.
WARNING: optional parameter filter_divdamp defaulted to 0.
WARNING: optional parameter NhydroAuxScalars defaulted to 0.
WARNING: optional parameter physics_oneRKonly defaulted to 1.
Rank 0/1:  [rankXid, rankYid] = [0,0]
mpi_rank_world--0/1 inFile = FE_ACC.0 !!
mpi_rank_world--0/1 Obtaining devices...
Obtaining properties for 1 devices...

mpi_rank_world--0/1 assigned accelerator device 0/1...
Device Number:          0
---------------------------------------------------------------------

__General__
   Name                               : NVIDIA GeForce RTX 5090
   Compute Capability                 : 12.0
   Clock Rate                         : 2512000
   Number of multiprocessors          : 170
   Max Threads/multiprocessor         : 1536
   Concurrent Copy/Execution          : Yes
   Concurrent Kernels                 : 1
   Compute Mode                       : 0
   Kernel Timeout Enabled             : No
   Integrated                         : No
   Host Memory Mapping                : Yes

__Configuration__
   Registers/Block                    : 65536
   Warp Size                          : 32
   Max Threads/Block                  : 1024
   Max Block-extent / Dimension       :         1024         1024           64
   Max Grid-extent / Dimension        :   2147483647        65535        65535

__Memory__
   Tot. Global Memory (GB) / (B)      :   31.35834 / 3605987328
   Shared Mem/Block   (GB) / (B)      :    0.00005 / 49152
   Constant Memory    (GB) / (B)      :    0.00006 / 65536
   Max 1-D Texture                    :       131072
   Max 2-D Texture                    :       131072        65536
   Max 3-D Texture                    :        16384        16384        16384
   Texture Alignment  (B)             : 512
   Max Memory pitch                   : 2147483647

mpi_rank_world--0/1 done!
mpi_rank_world--0/1 Assigning threadPerBlock.[xyz]
mpi_rank_world--0/1 done!
Nxp = 122, Nyp = 122, Nzp = 122
****Spatial loop-index Mins & Maxs ****  (i,j,k)-min = (3,3,3) & (i,j,k)-max = (125,125,125)
Entering hydro_coreInit:------
WARNING: parameter surflayer_qskin_input was not found but was requested for printing.
WARNING: parameter surflayer_offshore_opt was not found but was requested for printing.
WARNING: parameter filter_6thdiff_hori_coeff was not found but was requested for printing.
hydro_coreInit: allocating/registering arrays/fields with IO
hydro_coreInit:hydroFlds[0] = rho stored at 0x77f1d67f9080, has been registered with IO.
hydro_coreInit:hydroFlds[1] = u stored at 0x77f1d6ff9080, has been registered with IO.
hydro_coreInit:hydroFlds[2] = v stored at 0x77f1d77f9080, has been registered with IO.
hydro_coreInit:hydroFlds[3] = w stored at 0x77f1d7ff9080, has been registered with IO.
hydro_coreInit:hydroFlds[4] = theta stored at 0x77f1d87f9080, has been registered with IO.
hydro_coreInit:Field = pressure stored at 0x77f1d5ff8080, has been registered with IO.
hydro_coreInit:sgstkeScalars[0] = TKE_0 stored at 0x77f1d2ff6080, has been registered with IO.
hydro_coreInit: allocating internal arrays
hydro_coreInit:Field = tskin stored at 0x61c612f9b380, has been registered with IO.
hydro_coreInit:Field = fricVel stored at 0x61c612f7b200, has been registered with IO.
hydro_coreInit:Field = htFlux stored at 0x61c612f8b280, has been registered with IO.
hydro_coreInit:Field = invOblen stored at 0x61c612fab400, has been registered with IO.
hydro_coreInit:Field = z0m stored at 0x61c612fbb500, has been registered with IO.
hydro_coreInit:Field = z0t stored at 0x61c612fcb580, has been registered with IO.
mpi_rank_world--0/1: in timeInit(), simTime_it = 0 and simTime =         0.000000 !
:Variable = time stored at 0x61c5ee35ff78, has been registered with IO.

## time_test
Description=seed seed_nbl-shallow_a000: flat uniform neutral spin-up, z_i target 300 m, base angle 0 deg # ## A description of this input file.
## FEMPI parameters---
numProcsX=1        # ## Number of cores to be used for horizontal domain decomposition in X
numProcsY=1        # ## Number of cores to be used for horizontal domain decomposition in Y
## IO parameters---
ioOutputMode=0     # ## 0: N-to-1 gather and write to a netCDF file, 1:N-to-N writes of FastEddy binary files
inPath=./          # ## Path where initial/restart file is read in from
inFile=FE_ACC.0    # ## name of the input file for coordinate system and initial or restart conditions
outPath=./output/  # ## Path where output files are to be written
outFileBase=FE_SEED # ## Base name of the output file series as in (outFileBase).element-in-series
frqOutput=9720     # ## frequency (in timesteps) at which to produce output; should be an even multiple of NtBatch
towerIOSelector=0  # (DEFAULTED) ## Virtual Tower IO-Selector: 0=off, 1=on 
## FECUDA parameters---
tBx=1              # ## Number of threads in x-dimension.
tBy=8              # ## Number of threads in y-dimension.
tBz=16             # ## Number of threads in z-dimension.
## GRID parameters---
gridFile=          # (DEFAULTED) ## A file containing a complete grid specification
topoFile=          # ## A file containing terrain(surface elevation in meters ASL)
Nx=122             # ## Number of discretised domain elements in the x (zonal) direction.
Ny=122             # ## Number of discretised domain elements in the y (meridional) direction.
Nz=122             # ## Number of discretised domain elements in the z (vertical) direction.
Nh=3               # ## Number of halo cells to be used (dependent on largest stencil extent).
d_xi=30            # ## Computational domain fixed resolution in the 'i' direction.
d_eta=30           # ## Computational domain fixed resolution in the 'j' direction.
d_zeta=24.6914     # ## Computational domain fixed resolution in the 'k' direction.
coordHorizHalos=1  # ## switch to setup coordinate halos as periodic=1 or gradient-following=0.
verticalDeformSwitch=1 # ## switch to use vertical coordinate deformation 0=off, 1=on
verticalDeformFactor=0.346601 # ## deformation factor (0.0=max compression,  1.0=no compression)
verticalDeformQuadCoeff=0 # ## deformation factor (0.0=max compression,  1.0=no compression)
## HYDRO_CORE parameters---
## ----------: HYDRO_CORE Submodule Selectors ---
## ----------: Boundary Conditions Set ---
hydroBCs=2         # ## Selector for hydro BC set. 1= LAD, Dirichlet lateral, ceiling and surface, 2 = periodic-horizontal & ABL-vertical
hydroForcingWrite=0 # ## Switch for writing output of hydroFldsFrhs for prognostic fields. 0 = off, 1=on
hydroSubGridWrite=0 # ## Switch for writing output of Tauij fields. 0 = off, 1=on
hydroForcingLog=0  # ## Switch for logging Frhs summary metrics. 0 = off, 1=on
## ----------: PRESSURE GRADIENT FORCE ---
pgfSelector=1      # (DEFAULTED) ## Pressure Gradient Force (pgf) selector: 0=off, 1=on
## ----------: BUOYANCY ---
buoyancySelector=1 # (DEFAULTED) ## Buoyancy force  selector: 0=off, 1=on
## ----------: CORIOLIS ---
coriolisSelector=1 # ## Corilis force selector: 0= none, 1= horiz. terms, 2= horiz. & vert. terms
coriolisLatitude=42.9572 # ## Characteristic latitude in degrees from equator of the LES domain
## ----------: TURBULENCE ---
turbulenceSelector=1 # ## turbulence scheme selector: 0= none, 1= Lilly/Smagorinsky 
TKESelector=1      # ## Prognostic TKE selector: 0= none, 1= Prognostic, 2= requires canopySelector=1
TKEAdvSelector=3   # ## advection scheme for SGSTKE equation
TKEAdvSelector_b_hyb=0 # ## hybrid advection scheme parameter
c_k=0.1            # ## Lilly model constant used for turbulenceSelector = 1 and TKESelector > 0
## ----------: ADVECTION ---
advectionSelector=3 # ## advection scheme selector: 0=1st-order upwind, 1=3rd-order QUICK, 2=hybrid 3rd-4th order, 3=hybrid 5th-6th order, 4=3rd-order WENO, 5=5th-order WENO, 6=2nd-order centered
ceilingAdvectionBC=0 # (DEFAULTED) ## selector to allow advection through the domain ceiling 1=on, 0=off (w-ceiling = 0)
b_hyb=0            # ## hybrid advection scheme parameter: 0.0= lower-order upwind, 1.0=higher-order centered, 0.0 < b_hyb < 1.0 = hybrid
## ----------: DIFFUSION ---
diffusionSelector=0 # ## diffusivity selector: 0= none, 1= const.
## ----------: SURFACE LAYER ---
surflayerSelector=1 # ## surfacelayer selector: 0=off, 1=surface kinematic heat flux (surflayer_wth), 2=skin temperature rate (surflayer_tr)
surflayer_z0=0.061489 # ## roughness length (momentum) when surflayerSelector > 0
surflayer_z0t=0.01 # ## roughness length (temperature) when surflayerSelector > 0
surflayer_wth=0    # ## kinematic sensible heat flux at the surface when surflayerSelector = 1
surflayer_idealsine=0 # ## selector for idealized sinusoidal surface heat flux or skin temperature forcing: 0= off, 1= on
surflayer_stab=0   # (DEFAULTED) ## exchange coeffcient stability correction selector: 0= on, 1= off
surflayer_z0tdyn=1 # (DEFAULTED) ## dynamic z0t calculation following Zilitinkevich (1995) approach: 0= off, 1= constant Zilitinkevich coeff, 2= variable Zilitinkevich coeff
## ----------: OFFSHORE ROUGHNESS ---
surflayer_offshore=0 # ## offshore selector: 0=off, 1=on
## ----------: CANOPY MODEL ---
canopySelector=0   # (DEFAULTED) ## canopy selector: 0= off, 1= on
## ----------: LARGE-SCALE FORCINGS MODEL ---
lsfSelector=1      # ## large-scale forcings selector: 0= off, 1= on
lsf_w_surf=0       # ## large-scale forcing to w at the first specified level
lsf_w_lev1=0       # ## large-scale forcing w at height 1
lsf_w_lev2=0       # ## large-scale forcing w at height 2
lsf_w_zlev1=300    # ## large-scale forcing w height 1
lsf_w_zlev2=1000   # ## large-scale forcing w height 2
lsf_th_surf=0      # ## large-scale forcing to theta at the first specified level
lsf_th_lev1=0      # ## large-scale forcing theta at height 1
lsf_th_lev2=0      # ## large-scale forcing theta at height 2
lsf_th_zlev1=500   # ## large-scale forcing theta height 1
lsf_th_zlev2=2000  # ## large-scale forcing theta height 2
lsf_qv_surf=-0.0432 # ## large-scale forcing to qv at the first specified level
lsf_qv_lev1=-0.0432 # ## large-scale forcing qv at height 1
lsf_qv_lev2=0      # ## large-scale forcing qv at height 2
lsf_qv_zlev1=300   # ## large-scale forcing qv height 1
lsf_qv_zlev2=500   # ## large-scale forcing qv height 2
lsf_horMnSubTerms=1 # ## large-scale subsidence terms Switch: 0= off, 1= on
lsf_freq=1         # ## large-scale forcing frequency (seconds)
## ----------: MOISTURE ---
moistureSelector=0 # ## moisture selector: 0= off, 1= on
## ----------: EXPLICIT FILTERS ---
filterSelector=1   # ## explicit filter selector: 0=off, 1=on
filter_6thdiff_vert=1 # ## vertical 6th-order filter on w selector: 0=off, 1=on
filter_6thdiff_vert_coeff=0.03 # ## vertical 6th-order filter factor: 0.0=off, 1.0=full
filter_6thdiff_hori=0 # (DEFAULTED) ## horizontal 6th-order filter on rho,theta,qv selector: 0=off, 1=on
filter_divdamp=0   # (DEFAULTED) ## divergence damping selector: 0=off, 1=on
## ----------: CELL PERTURBATION METHOD ---
cellpertSelector=0 # (DEFAULTED) ## CP method selector: 0= off, 1= on
## ----------: RAYLEIGH DAMPING LAYER ---
dampingLayerSelector=1 # ## Rayleigh damping layer selector: 0= off, 1= on.
dampingLayerDepth=500 # ## Rayleigh damping layer depth in meters
## ----------: AUXILIARY SCALARS ---
NhydroAuxScalars=0 # (DEFAULTED) ## Number of prognostic auxiliary scalar fields
## ----------: BASE-STATE ---
stabilityScheme=2  # ## Scheme used to set hydrostatic, stability-dependent Base-State EOS fields
temp_grnd=298.012  # ## Air Temperature (K) at the ground used to set hydrostatic Base-State EOS fields
pres_grnd=97700    # ## Pressure (Pa) at the ground used to set hydrostatic Base-State EOS fields
zStableBottom=300  # ## Height (m) of the first stable upper-layer when stabilityScheme = 2
stableGradient=0.08 # ## Vertical gradient (K/m) of the first stable upper-layer when stabilityScheme = 2
zStableBottom2=400 # ## Height (m) of the second stable upper-layer when stabilityScheme = 2
zStableBottom3=20000 # ## Height (m) of the third stable upper-layer when stabilityScheme = 2
stableGradient2=0.004 # ## Vertical gradient (K/m) of the second stable upper-layer when stabilityScheme = 2
stableGradient3=0.004 # ## Vertical gradient (K/m) of the third stable upper-layer when stabilityScheme = 2
U_g=8              # ## Zonal (West-East) component of the geostrophic wind (m/s).
V_g=0              # ## Meridional (South-North) component of the geostrophic wind (m/s).
z_Ug=10000         # ## Height (m) above ground for linear geostrophic wind gradient (zonal component).
z_Vg=10000         # ## Height (m) above ground for linear geostrophic wind gradient (meridional component).
Ug_grad=0          # ## U_g gradient above z_Ug (ms-1/m).
Vg_grad=0          # ## V_g gradient above z_Vg (ms-1/m).
thetaPerturbationSwitch=1 # ## Switch to include initial theta perturbations: 0=off, 1=on
thetaHeight=240    # ## Height below which to include initial theta perturbations: (meters)
thetaAmplitude=0.25 # ## Maximum amplitude for theta perturbations: thetaAmplitude*[-1,+1] K
physics_oneRKonly=1 # (DEFAULTED) ## selector to apply physics RHS forcing only at the latest RK stage: 0= off, 1= on
## TIME_INTEGRATION parameters---
timeMethod=0       # ## Selector for time integration method. [0=RK3-WS2002 (default)]
Nt=233280          # ## Number of timesteps to perform.
dt=0.0308642       # ## timestep resolution in seconds.
NtBatch=9720       # ## Number of timesteps to compute in batch launch, must have NtBatch <= Nt.

moistureMPcallTscale = 1.0   # NOT VALIDATED
c_s = 0.18   # NOT VALIDATED
nu_0 = 0.0   # NOT VALIDATED
moistureCond = 3   # NOT VALIDATED
moistureAdvSelectorQi = 2   # NOT VALIDATED
moistureAdvSelectorQv = 2   # NOT VALIDATED
surflayer_qr = 0.0   # NOT VALIDATED
surflayer_tr = -0.0   # NOT VALIDATED
surflayer_wq = 0.0   # NOT VALIDATED
moistureNvars = 2   # NOT VALIDATED
moistureCondTscale = 1.0   # NOT VALIDATED
moistureAdvSelectorQv_b = 0.0   # NOT VALIDATED
surflayer_ideal_qamp = 2.0   # NOT VALIDATED
surflayer_ideal_amp = 4.0   # NOT VALIDATED
surflayer_ideal_qte = 10.0   # NOT VALIDATED
surflayer_ideal_qts = 1.75   # NOT VALIDATED
surflayer_ideal_te = 43200   # NOT VALIDATED
surflayer_ideal_ts = 0.0   # NOT VALIDATED
moistureCondBasePres = 1   # NOT VALIDATED
moistureSGSturb = 1   # NOT VALIDATED
Input parameters passed verification.
Reading coordinates and input conditions from FE_ACC.0
Attempting to open inFileName = ./FE_ACC.0
inFileName = ./FE_ACC.0 as 4 dimensions
Opened inFileName = ./FE_ACC.0 with ncid = 65536
Established dimension ids of xIndex,yIndex,zIndex = 3, 2, 1
Reading IO-registered variable fields from inFileName = ./FE_ACC.0
Checking for xPos...
Next registered var in list to get is ptr->name = xPos, from ptr->ncvarid = 3
nc_get_vara() for  ptr->name = xPos, from ptr-ncvarid = 3,
 into ioBuffField = 0x0x77f20810f010, for transpose into field = 0x0x77f2097ff080 
Variable field = xPos has nDims = 4
Variable field = xPos has dimid(0) = 0: start, count => 0, 1
Variable field = xPos has dimid(1) = 1: start, count => 0, 122
Variable field = xPos has dimid(2) = 2: start, count => 0, 122
Variable field = xPos has dimid(3) = 3: start, count => 0, 122
Attempting for field = xPos with start = 0,0,0,0 and count = 1,122,122,122
Checking for yPos...
Next registered var in list to get is ptr->name = yPos, from ptr->ncvarid = 4
nc_get_vara() for  ptr->name = yPos, from ptr-ncvarid = 4,
 into ioBuffField = 0x0x77f20810f010, for transpose into field = 0x0x77f208ffe080 
Variable field = yPos has nDims = 4
Variable field = yPos has dimid(0) = 0: start, count => 0, 1
Variable field = yPos has dimid(1) = 1: start, count => 0, 122
Variable field = yPos has dimid(2) = 2: start, count => 0, 122
Variable field = yPos has dimid(3) = 3: start, count => 0, 122
Attempting for field = yPos with start = 0,0,0,0 and count = 1,122,122,122
Checking for zPos...
Next registered var in list to get is ptr->name = zPos, from ptr->ncvarid = 5
nc_get_vara() for  ptr->name = zPos, from ptr-ncvarid = 5,
 into ioBuffField = 0x0x77f20810f010, for transpose into field = 0x0x77f2087fd080 
Variable field = zPos has nDims = 4
Variable field = zPos has dimid(0) = 0: start, count => 0, 1
Variable field = zPos has dimid(1) = 1: start, count => 0, 122
Variable field = zPos has dimid(2) = 2: start, count => 0, 122
Variable field = zPos has dimid(3) = 3: start, count => 0, 122
Attempting for field = zPos with start = 0,0,0,0 and count = 1,122,122,122
Checking for topoPos...
Next registered var in list to get is ptr->name = topoPos, from ptr->ncvarid = 6
nc_get_vara() for  ptr->name = topoPos, from ptr-ncvarid = 6,
 into ioBuffField = 0x0x77f20810f010, for transpose into field = 0x0x61c612efec00 
Variable field = topoPos has nDims = 3
Variable field = topoPos has dimid(0) = 0: start, count => 0, 1
Variable field = topoPos has dimid(1) = 2: start, count => 0, 122
Variable field = topoPos has dimid(2) = 3: start, count => 0, 0
Attempting for field = topoPos with start = 0,0,0,0 and count = 1,122,122,0
Checking for lat...
Next registered var in list to get is ptr->name = lat, from ptr->ncvarid = 7
nc_get_vara() for  ptr->name = lat, from ptr-ncvarid = 7,
 into ioBuffField = 0x0x77f20810f010, for transpose into field = 0x0x61c612f21880 
Variable field = lat has nDims = 3
Variable field = lat has dimid(0) = 0: start, count => 0, 1
Variable field = lat has dimid(1) = 2: start, count => 0, 122
Variable field = lat has dimid(2) = 3: start, count => 0, 0
Attempting for field = lat with start = 0,0,0,0 and count = 1,122,122,0
Checking for lon...
Next registered var in list to get is ptr->name = lon, from ptr->ncvarid = 8
nc_get_vara() for  ptr->name = lon, from ptr-ncvarid = 8,
 into ioBuffField = 0x0x77f20810f010, for transpose into field = 0x0x61c612f31900 
Variable field = lon has nDims = 3
Variable field = lon has dimid(0) = 0: start, count => 0, 1
Variable field = lon has dimid(1) = 2: start, count => 0, 122
Variable field = lon has dimid(2) = 3: start, count => 0, 0
Attempting for field = lon with start = 0,0,0,0 and count = 1,122,122,0
Checking for rho...
Next registered var in list to get is ptr->name = rho, from ptr->ncvarid = 9
nc_get_vara() for  ptr->name = rho, from ptr-ncvarid = 9,
 into ioBuffField = 0x0x77f20810f010, for transpose into field = 0x0x77f1d67f9080 
Variable field = rho has nDims = 4
Variable field = rho has dimid(0) = 0: start, count => 0, 1
Variable field = rho has dimid(1) = 1: start, count => 0, 122
Variable field = rho has dimid(2) = 2: start, count => 0, 122
Variable field = rho has dimid(3) = 3: start, count => 0, 122
Attempting for field = rho with start = 0,0,0,0 and count = 1,122,122,122
Checking for u...
Next registered var in list to get is ptr->name = u, from ptr->ncvarid = 10
nc_get_vara() for  ptr->name = u, from ptr-ncvarid = 10,
 into ioBuffField = 0x0x77f20810f010, for transpose into field = 0x0x77f1d6ff9080 
Variable field = u has nDims = 4
Variable field = u has dimid(0) = 0: start, count => 0, 1
Variable field = u has dimid(1) = 1: start, count => 0, 122
Variable field = u has dimid(2) = 2: start, count => 0, 122
Variable field = u has dimid(3) = 3: start, count => 0, 122
Attempting for field = u with start = 0,0,0,0 and count = 1,122,122,122
Checking for v...
Next registered var in list to get is ptr->name = v, from ptr->ncvarid = 11
nc_get_vara() for  ptr->name = v, from ptr-ncvarid = 11,
 into ioBuffField = 0x0x77f20810f010, for transpose into field = 0x0x77f1d77f9080 
Variable field = v has nDims = 4
Variable field = v has dimid(0) = 0: start, count => 0, 1
Variable field = v has dimid(1) = 1: start, count => 0, 122
Variable field = v has dimid(2) = 2: start, count => 0, 122
Variable field = v has dimid(3) = 3: start, count => 0, 122
Attempting for field = v with start = 0,0,0,0 and count = 1,122,122,122
Checking for w...
Next registered var in list to get is ptr->name = w, from ptr->ncvarid = 12
nc_get_vara() for  ptr->name = w, from ptr-ncvarid = 12,
 into ioBuffField = 0x0x77f20810f010, for transpose into field = 0x0x77f1d7ff9080 
Variable field = w has nDims = 4
Variable field = w has dimid(0) = 0: start, count => 0, 1
Variable field = w has dimid(1) = 1: start, count => 0, 122
Variable field = w has dimid(2) = 2: start, count => 0, 122
Variable field = w has dimid(3) = 3: start, count => 0, 122
Attempting for field = w with start = 0,0,0,0 and count = 1,122,122,122
Checking for theta...
Next registered var in list to get is ptr->name = theta, from ptr->ncvarid = 13
nc_get_vara() for  ptr->name = theta, from ptr-ncvarid = 13,
 into ioBuffField = 0x0x77f20810f010, for transpose into field = 0x0x77f1d87f9080 
Variable field = theta has nDims = 4
Variable field = theta has dimid(0) = 0: start, count => 0, 1
Variable field = theta has dimid(1) = 1: start, count => 0, 122
Variable field = theta has dimid(2) = 2: start, count => 0, 122
Variable field = theta has dimid(3) = 3: start, count => 0, 122
Attempting for field = theta with start = 0,0,0,0 and count = 1,122,122,122
Checking for pressure...
Next registered var in list to get is ptr->name = pressure, from ptr->ncvarid = 14
nc_get_vara() for  ptr->name = pressure, from ptr-ncvarid = 14,
 into ioBuffField = 0x0x77f20810f010, for transpose into field = 0x0x77f1d5ff8080 
Variable field = pressure has nDims = 4
Variable field = pressure has dimid(0) = 0: start, count => 0, 1
Variable field = pressure has dimid(1) = 1: start, count => 0, 122
Variable field = pressure has dimid(2) = 2: start, count => 0, 122
Variable field = pressure has dimid(3) = 3: start, count => 0, 122
Attempting for field = pressure with start = 0,0,0,0 and count = 1,122,122,122
Checking for TKE_0...
Next registered var in list to get is ptr->name = TKE_0, from ptr->ncvarid = 15
nc_get_vara() for  ptr->name = TKE_0, from ptr-ncvarid = 15,
 into ioBuffField = 0x0x77f20810f010, for transpose into field = 0x0x77f1d2ff6080 
Variable field = TKE_0 has nDims = 4
Variable field = TKE_0 has dimid(0) = 0: start, count => 0, 1
Variable field = TKE_0 has dimid(1) = 1: start, count => 0, 122
Variable field = TKE_0 has dimid(2) = 2: start, count => 0, 122
Variable field = TKE_0 has dimid(3) = 3: start, count => 0, 122
Attempting for field = TKE_0 with start = 0,0,0,0 and count = 1,122,122,122
Checking for tskin...
Next registered var in list to get is ptr->name = tskin, from ptr->ncvarid = 16
nc_get_vara() for  ptr->name = tskin, from ptr-ncvarid = 16,
 into ioBuffField = 0x0x77f20810f010, for transpose into field = 0x0x61c612f9b380 
Variable field = tskin has nDims = 3
Variable field = tskin has dimid(0) = 0: start, count => 0, 1
Variable field = tskin has dimid(1) = 2: start, count => 0, 122
Variable field = tskin has dimid(2) = 3: start, count => 0, 0
Attempting for field = tskin with start = 0,0,0,0 and count = 1,122,122,0
Checking for fricVel...
Next registered var in list to get is ptr->name = fricVel, from ptr->ncvarid = 17
nc_get_vara() for  ptr->name = fricVel, from ptr-ncvarid = 17,
 into ioBuffField = 0x0x77f20810f010, for transpose into field = 0x0x61c612f7b200 
Variable field = fricVel has nDims = 3
Variable field = fricVel has dimid(0) = 0: start, count => 0, 1
Variable field = fricVel has dimid(1) = 2: start, count => 0, 122
Variable field = fricVel has dimid(2) = 3: start, count => 0, 0
Attempting for field = fricVel with start = 0,0,0,0 and count = 1,122,122,0
Checking for htFlux...
Next registered var in list to get is ptr->name = htFlux, from ptr->ncvarid = 18
nc_get_vara() for  ptr->name = htFlux, from ptr-ncvarid = 18,
 into ioBuffField = 0x0x77f20810f010, for transpose into field = 0x0x61c612f8b280 
Variable field = htFlux has nDims = 3
Variable field = htFlux has dimid(0) = 0: start, count => 0, 1
Variable field = htFlux has dimid(1) = 2: start, count => 0, 122
Variable field = htFlux has dimid(2) = 3: start, count => 0, 0
Attempting for field = htFlux with start = 0,0,0,0 and count = 1,122,122,0
Checking for invOblen...
Next registered var in list to get is ptr->name = invOblen, from ptr->ncvarid = 19
nc_get_vara() for  ptr->name = invOblen, from ptr-ncvarid = 19,
 into ioBuffField = 0x0x77f20810f010, for transpose into field = 0x0x61c612fab400 
Variable field = invOblen has nDims = 3
Variable field = invOblen has dimid(0) = 0: start, count => 0, 1
Variable field = invOblen has dimid(1) = 2: start, count => 0, 122
Variable field = invOblen has dimid(2) = 3: start, count => 0, 0
Attempting for field = invOblen with start = 0,0,0,0 and count = 1,122,122,0
Checking for z0m...
Next registered var in list to get is ptr->name = z0m, from ptr->ncvarid = 20
nc_get_vara() for  ptr->name = z0m, from ptr-ncvarid = 20,
 into ioBuffField = 0x0x77f20810f010, for transpose into field = 0x0x61c612fbb500 
Variable field = z0m has nDims = 3
Variable field = z0m has dimid(0) = 0: start, count => 0, 1
Variable field = z0m has dimid(1) = 2: start, count => 0, 122
Variable field = z0m has dimid(2) = 3: start, count => 0, 0
Attempting for field = z0m with start = 0,0,0,0 and count = 1,122,122,0
Checking for z0t...
Next registered var in list to get is ptr->name = z0t, from ptr->ncvarid = 21
nc_get_vara() for  ptr->name = z0t, from ptr-ncvarid = 21,
 into ioBuffField = 0x0x77f20810f010, for transpose into field = 0x0x61c612fcb580 
Variable field = z0t has nDims = 3
Variable field = z0t has dimid(0) = 0: start, count => 0, 1
Variable field = z0t has dimid(1) = 2: start, count => 0, 122
Variable field = z0t has dimid(2) = 3: start, count => 0, 0
Attempting for field = z0t with start = 0,0,0,0 and count = 1,122,122,0
Checking for time...
Next registered var in list to get is ptr->name = time, from ptr->ncvarid = 22
nc_get_vara() for  ptr->name = time, from ptr-ncvarid = 22,
 into ioBuffField = 0x0x77f20810f010, for transpose into field = 0x0x61c5ee35ff78 
Variable field = time has nDims = 1
Variable field = time has dimid(0) = 0: start, count => 0, 1
Attempting for field = time with start = 0,0,0,0 and count = 1,122,122,0
Done Reading IO-registered variable fields from inFileName = ./FE_ACC.0
Success in reading from inFileName = ./FE_ACC.0
mpi_rank_world--0/1 grid-Coord-gen(), else-coordHorizHalos = 1!
mpi_rank_world--0/1 coordHalos, Western-Eastern Boundaries!
mpi_rank_world--0/1 coordHalos, Southern-Northern Boundaries!
stabilityScheme == 2: Base State setup complete.
Rank 0/1: Profile preparations complete!
cuda_gridDeviceSetup:-- (i,j,k)Min, ()Max = (3,3,3), (125,125,125)
fecuda_SetBlocksPerGrid: tBlock = {1, 8, 16}
fecuda_SetBlocksPerGrid: grid = {128, 16, 8}
lsf_horMnSubTerms = 1, setting up for 5 phi-fields.cuda_hydroCoreDeviceSetup() complete.
cuda_towersDeviceSetup: NelemsTowers = 0, NelemsTowersSurf = 472035512
0/1 cuda_hydroCoreDeviceSecondaryStageSetup(): BdyUpdateSteps = 0 
Initializations complete after   2.1029 (s).
Main Time: Advancing simulation timestep = 0... and time =    0.00000

_____________________#######_________  STATE-SUMMARY @ it = 0 _________#######____________________ 

			!!!!!	  HYDRO_CORE 	 !!!!! 
Field 	|	 max	     --(i,j,k)		 |	  min	     --(i,j,k)		 |	 mean
---------------------------------------------------------------------------------------------------------
********-----
 Model Fields -
 ********-----
rho	Rank 0/1:       1.13991213 	 (11,67,3)	 |        0.83931673 	 (79,3,124)	 |       1.02554250 
-----
u	Rank 0/1:       8.62927437 	 (92,41,38)	 |        2.73332906 	 (63,30,3)	 |       7.54392624 
-----
v	Rank 0/1:       2.28354812 	 (101,116,31)	 |       -1.79914534 	 (96,52,8)	 |       0.05462894 
-----
w	Rank 0/1:       2.51889849 	 (23,76,28)	 |       -1.56159294 	 (18,74,28)	 |       0.00009484 
-----
theta	Rank 0/1:     318.40386963 	 (79,3,124)	 |      300.02044678 	 (42,80,36)	 |     310.35620117 
-----
press	Rank 0/1:      20.98437500 	 (88,94,35)	 |       11.65625000 	 (64,94,3)	 |      16.89234734 
-----
TKE_0	Rank 0/1:       0.67730987 	 (82,5,4)	 |        0.00000000 	 (15,67,7)	 |       0.01730332 
Dumping state at timestep = 0...
Dumped state at timestep = 0...
Rank 0/1: Batch complete results sent via cudaMemcpyDeviceToHost.

			!!!!!	  TIMESTEP PERFORMANCE  	 !!!!! 
 Total Time (s) | Batch Steps 	| Time/step (s) | Comp./step (s) | IO Time (s)
---------------------------------------------------------------------------------------------------------
    56.4224 	|     9720 	|    0.0058 	|    0.0058 	 |   0.245565 

********************************************************************************************************
Main Time: Advancing simulation timestep = 9720... and time =  300.00003

_____________________#######_________  STATE-SUMMARY @ it = 9720 _________#######____________________ 

			!!!!!	  HYDRO_CORE 	 !!!!! 
Field 	|	 max	     --(i,j,k)		 |	  min	     --(i,j,k)		 |	 mean
---------------------------------------------------------------------------------------------------------
********-----
 Model Fields -
 ********-----
rho	Rank 0/1:       1.14040482 	 (121,70,3)	 |        0.83931059 	 (62,23,124)	 |       1.02553809 
-----
u	Rank 0/1:       8.63615799 	 (33,90,39)	 |        2.68639660 	 (77,80,3)	 |       7.51149035 
-----
v	Rank 0/1:       2.49780011 	 (32,113,22)	 |       -1.75092602 	 (93,77,35)	 |       0.06478357 
-----
w	Rank 0/1:       2.30544996 	 (18,112,25)	 |       -1.42788780 	 (21,17,12)	 |       0.00003603 
-----
theta	Rank 0/1:     318.40469360 	 (62,23,124)	 |      299.84454346 	 (23,11,37)	 |     310.34774780 
-----
press	Rank 0/1:      20.61718750 	 (76,76,35)	 |       11.70312500 	 (112,50,3)	 |      16.41452980 
-----
TKE_0	Rank 0/1:       0.67028248 	 (54,29,4)	 |        0.00000000 	 (95,47,7)	 |       0.01494560 
Dumping state at timestep = 9720...
Dumped state at timestep = 9720...
Rank 0/1: Batch complete results sent via cudaMemcpyDeviceToHost.

			!!!!!	  TIMESTEP PERFORMANCE  	 !!!!! 
 Total Time (s) | Batch Steps 	| Time/step (s) | Comp./step (s) | IO Time (s)
---------------------------------------------------------------------------------------------------------
    56.3823 	|     9720 	|    0.0058 	|    0.0058 	 |   0.237283 

********************************************************************************************************
Main Time: Advancing simulation timestep = 19440... and time =  600.00006

_____________________#######_________  STATE-SUMMARY @ it = 19440 _________#######____________________ 

			!!!!!	  HYDRO_CORE 	 !!!!! 
Field 	|	 max	     --(i,j,k)		 |	  min	     --(i,j,k)		 |	 mean
---------------------------------------------------------------------------------------------------------
********-----
 Model Fields -
 ********-----
rho	Rank 0/1:       1.14030159 	 (113,16,3)	 |        0.83930808 	 (19,23,124)	 |       1.02551973 
-----
u	Rank 0/1:       8.55139351 	 (50,80,38)	 |        2.53837633 	 (121,82,3)	 |       7.47955513 
-----
v	Rank 0/1:       2.04489279 	 (114,116,31)	 |       -1.45621169 	 (112,25,20)	 |       0.07573917 
-----
w	Rank 0/1:       1.52899206 	 (9,61,19)	 |       -1.30601084 	 (58,25,18)	 |       0.00002379 
-----
theta	Rank 0/1:     318.40493774 	 (19,23,124)	 |      300.03002930 	 (54,19,35)	 |     310.34002686 
-----
press	Rank 0/1:      19.47656250 	 (5,97,35)	 |       11.85156250 	 (89,119,3)	 |      16.07666969 
-----
TKE_0	Rank 0/1:       0.55274057 	 (20,71,4)	 |        0.00000000 	 (83,45,7)	 |       0.01308288 
Dumping state at timestep = 19440...
Dumped state at timestep = 19440...
Rank 0/1: Batch complete results sent via cudaMemcpyDeviceToHost.

			!!!!!	  TIMESTEP PERFORMANCE  	 !!!!! 
 Total Time (s) | Batch Steps 	| Time/step (s) | Comp./step (s) | IO Time (s)
---------------------------------------------------------------------------------------------------------
    56.3770 	|     9720 	|    0.0058 	|    0.0058 	 |   0.237014 

********************************************************************************************************
Main Time: Advancing simulation timestep = 29160... and time =  900.00006

_____________________#######_________  STATE-SUMMARY @ it = 29160 _________#######____________________ 

			!!!!!	  HYDRO_CORE 	 !!!!! 
Field 	|	 max	     --(i,j,k)		 |	  min	     --(i,j,k)		 |	 mean
---------------------------------------------------------------------------------------------------------
********-----
 Model Fields -
 ********-----
rho	Rank 0/1:       1.14020216 	 (55,31,3)	 |        0.83930689 	 (57,109,124)	 |       1.02554440 
-----
u	Rank 0/1:       8.46708679 	 (85,12,39)	 |        2.22903681 	 (34,87,3)	 |       7.45051241 
-----
v	Rank 0/1:       1.86378419 	 (33,86,8)	 |       -1.04191685 	 (67,58,34)	 |       0.08771707 
-----
w	Rank 0/1:       1.09096348 	 (109,119,21)	 |       -1.02596378 	 (23,8,23)	 |       0.00001369 
-----
theta	Rank 0/1:     318.40457153 	 (49,16,124)	 |      300.00653076 	 (15,121,36)	 |     310.33938599 
-----
press	Rank 0/1:      19.03125000 	 (33,74,35)	 |       11.80468750 	 (38,53,3)	 |      15.83847427 
-----
TKE_0	Rank 0/1:       0.52475566 	 (107,11,4)	 |        0.00000000 	 (67,80,10)	 |       0.01158961 
Dumping state at timestep = 29160...
Dumped state at timestep = 29160...
Rank 0/1: Batch complete results sent via cudaMemcpyDeviceToHost.

			!!!!!	  TIMESTEP PERFORMANCE  	 !!!!! 
 Total Time (s) | Batch Steps 	| Time/step (s) | Comp./step (s) | IO Time (s)
---------------------------------------------------------------------------------------------------------
    56.3776 	|     9720 	|    0.0058 	|    0.0058 	 |   0.238018 

********************************************************************************************************
Main Time: Advancing simulation timestep = 38880... and time = 1200.00012

_____________________#######_________  STATE-SUMMARY @ it = 38880 _________#######____________________ 

			!!!!!	  HYDRO_CORE 	 !!!!! 
Field 	|	 max	     --(i,j,k)		 |	  min	     --(i,j,k)		 |	 mean
---------------------------------------------------------------------------------------------------------
********-----
 Model Fields -
 ********-----
rho	Rank 0/1:       1.14013302 	 (49,92,3)	 |        0.83930427 	 (15,109,124)	 |       1.02552867 
-----
u	Rank 0/1:       8.41523933 	 (86,7,38)	 |        2.25806618 	 (95,38,3)	 |       7.42832708 
-----
v	Rank 0/1:       1.40010166 	 (119,18,11)	 |       -0.92203778 	 (21,102,10)	 |       0.10008993 
-----
w	Rank 0/1:       0.81943381 	 (123,18,23)	 |       -0.76978302 	 (29,52,16)	 |       0.00000621 
-----
theta	Rank 0/1:     318.40515137 	 (87,57,124)	 |      300.34381104 	 (109,24,35)	 |     310.34179688 
-----
press	Rank 0/1:      18.96875000 	 (19,41,37)	 |       11.77343750 	 (78,89,3)	 |      15.64556503 
-----
TKE_0	Rank 0/1:       0.51360345 	 (85,89,4)	 |        0.00000000 	 (44,4,8)	 |       0.01045201 
Dumping state at timestep = 38880...
Dumped state at timestep = 38880...
Rank 0/1: Batch complete results sent via cudaMemcpyDeviceToHost.

			!!!!!	  TIMESTEP PERFORMANCE  	 !!!!! 
 Total Time (s) | Batch Steps 	| Time/step (s) | Comp./step (s) | IO Time (s)
---------------------------------------------------------------------------------------------------------
    56.3750 	|     9720 	|    0.0058 	|    0.0058 	 |   0.236539 

********************************************************************************************************
Main Time: Advancing simulation timestep = 48600... and time = 1500.00012

_____________________#######_________  STATE-SUMMARY @ it = 48600 _________#######____________________ 

			!!!!!	  HYDRO_CORE 	 !!!!! 
Field 	|	 max	     --(i,j,k)		 |	  min	     --(i,j,k)		 |	 mean
---------------------------------------------------------------------------------------------------------
********-----
 Model Fields -
 ********-----
rho	Rank 0/1:       1.14008462 	 (89,96,3)	 |        0.83930278 	 (45,57,124)	 |       1.02555597 
-----
u	Rank 0/1:       8.40887165 	 (46,81,39)	 |        2.07714343 	 (54,120,3)	 |       7.40701628 
-----
v	Rank 0/1:       1.62101269 	 (110,114,14)	 |       -0.78177863 	 (83,105,17)	 |       0.11289930 
-----
w	Rank 0/1:       0.69175595 	 (98,58,19)	 |       -0.91497564 	 (87,105,13)	 |      -0.00000024 
-----
theta	Rank 0/1:     318.40509033 	 (45,57,124)	 |      300.37557983 	 (34,56,35)	 |     310.32855225 
-----
press	Rank 0/1:      18.70312500 	 (105,65,35)	 |       11.57031250 	 (73,105,3)	 |      15.49644470 
-----
TKE_0	Rank 0/1:       0.46757510 	 (98,40,4)	 |        0.00000000 	 (39,33,7)	 |       0.00966229 
Dumping state at timestep = 48600...
Dumped state at timestep = 48600...
Rank 0/1: Batch complete results sent via cudaMemcpyDeviceToHost.

			!!!!!	  TIMESTEP PERFORMANCE  	 !!!!! 
 Total Time (s) | Batch Steps 	| Time/step (s) | Comp./step (s) | IO Time (s)
---------------------------------------------------------------------------------------------------------
    56.3581 	|     9720 	|    0.0058 	|    0.0058 	 |   0.236349 

********************************************************************************************************
Main Time: Advancing simulation timestep = 58320... and time = 1800.00012

_____________________#######_________  STATE-SUMMARY @ it = 58320 _________#######____________________ 

			!!!!!	  HYDRO_CORE 	 !!!!! 
Field 	|	 max	     --(i,j,k)		 |	  min	     --(i,j,k)		 |	 mean
---------------------------------------------------------------------------------------------------------
********-----
 Model Fields -
 ********-----
rho	Rank 0/1:       1.14006245 	 (20,93,3)	 |        0.83930308 	 (56,7,124)	 |       1.02556908 
-----
u	Rank 0/1:       8.33779049 	 (20,103,39)	 |        2.03466582 	 (103,3,3)	 |       7.39199972 
-----
v	Rank 0/1:       1.52161598 	 (27,68,17)	 |       -0.66295910 	 (13,43,14)	 |       0.12617445 
-----
w	Rank 0/1:       0.87146652 	 (37,63,23)	 |       -0.69956315 	 (40,11,11)	 |      -0.00000478 
-----
theta	Rank 0/1:     318.40460205 	 (56,7,124)	 |      300.43231201 	 (85,79,35)	 |     310.33361816 
-----
press	Rank 0/1:      18.52343750 	 (100,8,35)	 |       11.60156250 	 (65,42,3)	 |      15.37069416 
-----
TKE_0	Rank 0/1:       0.45070517 	 (21,46,4)	 |        0.00000000 	 (21,44,9)	 |       0.00928841 
Dumping state at timestep = 58320...
Dumped state at timestep = 58320...
Rank 0/1: Batch complete results sent via cudaMemcpyDeviceToHost.

			!!!!!	  TIMESTEP PERFORMANCE  	 !!!!! 
 Total Time (s) | Batch Steps 	| Time/step (s) | Comp./step (s) | IO Time (s)
---------------------------------------------------------------------------------------------------------
    56.3680 	|     9720 	|    0.0058 	|    0.0058 	 |   0.237383 

********************************************************************************************************
Main Time: Advancing simulation timestep = 68040... and time = 2100.00024

_____________________#######_________  STATE-SUMMARY @ it = 68040 _________#######____________________ 

			!!!!!	  HYDRO_CORE 	 !!!!! 
Field 	|	 max	     --(i,j,k)		 |	  min	     --(i,j,k)		 |	 mean
---------------------------------------------------------------------------------------------------------
********-----
 Model Fields -
 ********-----
rho	Rank 0/1:       1.14004350 	 (75,98,3)	 |        0.83930105 	 (14,7,124)	 |       1.02555883 
-----
u	Rank 0/1:       8.28344727 	 (121,39,39)	 |        1.93474925 	 (83,78,3)	 |       7.37663174 
-----
v	Rank 0/1:       1.46271574 	 (89,74,13)	 |       -0.51903474 	 (67,51,11)	 |       0.13978118 
-----
w	Rank 0/1:       0.80531913 	 (101,64,22)	 |       -0.80410385 	 (69,51,15)	 |      -0.00000708 
-----
theta	Rank 0/1:     318.40515137 	 (14,7,124)	 |      300.46752930 	 (12,80,35)	 |     310.32989502 
-----
press	Rank 0/1:      18.48437500 	 (109,84,35)	 |       11.52343750 	 (6,48,3)	 |      15.24156666 
-----
TKE_0	Rank 0/1:       0.43718150 	 (10,101,4)	 |        0.00000000 	 (95,7,10)	 |       0.00897494 
Dumping state at timestep = 68040...
Dumped state at timestep = 68040...
Rank 0/1: Batch complete results sent via cudaMemcpyDeviceToHost.

			!!!!!	  TIMESTEP PERFORMANCE  	 !!!!! 
 Total Time (s) | Batch Steps 	| Time/step (s) | Comp./step (s) | IO Time (s)
---------------------------------------------------------------------------------------------------------
    56.3277 	|     9720 	|    0.0058 	|    0.0058 	 |   0.211749 

********************************************************************************************************
Main Time: Advancing simulation timestep = 77760... and time = 2400.00024

_____________________#######_________  STATE-SUMMARY @ it = 77760 _________#######____________________ 

			!!!!!	  HYDRO_CORE 	 !!!!! 
Field 	|	 max	     --(i,j,k)		 |	  min	     --(i,j,k)		 |	 mean
---------------------------------------------------------------------------------------------------------
********-----
 Model Fields -
 ********-----
rho	Rank 0/1:       1.14001834 	 (5,103,3)	 |        0.83929974 	 (118,62,124)	 |       1.02555287 
-----
u	Rank 0/1:       8.31651688 	 (66,80,40)	 |        1.86122859 	 (100,13,3)	 |       7.36449766 
-----
v	Rank 0/1:       1.72637796 	 (25,20,19)	 |       -0.54871428 	 (90,29,39)	 |       0.15350488 
-----
w	Rank 0/1:       0.77861375 	 (47,19,25)	 |       -0.72766465 	 (109,121,9)	 |      -0.00000791 
-----
theta	Rank 0/1:     318.40496826 	 (118,62,124)	 |      300.43957520 	 (80,37,35)	 |     310.32888794 
-----
press	Rank 0/1:      18.37500000 	 (45,88,35)	 |       11.34375000 	 (120,58,3)	 |      15.11244011 
-----
TKE_0	Rank 0/1:       0.45495269 	 (58,106,4)	 |        0.00000000 	 (47,34,9)	 |       0.00880658 
Dumping state at timestep = 77760...
Dumped state at timestep = 77760...
Rank 0/1: Batch complete results sent via cudaMemcpyDeviceToHost.

			!!!!!	  TIMESTEP PERFORMANCE  	 !!!!! 
 Total Time (s) | Batch Steps 	| Time/step (s) | Comp./step (s) | IO Time (s)
---------------------------------------------------------------------------------------------------------
    56.3553 	|     9720 	|    0.0058 	|    0.0058 	 |   0.226368 

********************************************************************************************************
Main Time: Advancing simulation timestep = 87480... and time = 2700.00024

_____________________#######_________  STATE-SUMMARY @ it = 87480 _________#######____________________ 

			!!!!!	  HYDRO_CORE 	 !!!!! 
Field 	|	 max	     --(i,j,k)		 |	  min	     --(i,j,k)		 |	 mean
---------------------------------------------------------------------------------------------------------
********-----
 Model Fields -
 ********-----
rho	Rank 0/1:       1.13999939 	 (49,108,3)	 |        0.83929706 	 (76,62,124)	 |       1.02556479 
-----
u	Rank 0/1:       8.36089420 	 (4,81,39)	 |        1.85590291 	 (76,95,3)	 |       7.35347033 
-----
v	Rank 0/1:       1.57407403 	 (81,26,19)	 |       -0.54396105 	 (58,16,23)	 |       0.16741641 
-----
w	Rank 0/1:       1.00688255 	 (53,19,21)	 |       -0.74417794 	 (55,8,13)	 |      -0.00000724 
-----
theta	Rank 0/1:     318.40582275 	 (76,62,124)	 |      300.45867920 	 (33,39,35)	 |     310.32543945 
-----
press	Rank 0/1:      18.09375000 	 (106,92,35)	 |       11.29687500 	 (51,22,3)	 |      14.99506569 
-----
TKE_0	Rank 0/1:       0.40559801 	 (52,77,4)	 |        0.00000000 	 (62,121,10)	 |       0.00875202 
Dumping state at timestep = 87480...
Dumped state at timestep = 87480...
Rank 0/1: Batch complete results sent via cudaMemcpyDeviceToHost.

			!!!!!	  TIMESTEP PERFORMANCE  	 !!!!! 
 Total Time (s) | Batch Steps 	| Time/step (s) | Comp./step (s) | IO Time (s)
---------------------------------------------------------------------------------------------------------
    56.3386 	|     9720 	|    0.0058 	|    0.0058 	 |   0.211292 

********************************************************************************************************
Main Time: Advancing simulation timestep = 97200... and time = 3000.00024

_____________________#######_________  STATE-SUMMARY @ it = 97200 _________#######____________________ 

			!!!!!	  HYDRO_CORE 	 !!!!! 
Field 	|	 max	     --(i,j,k)		 |	  min	     --(i,j,k)		 |	 mean
---------------------------------------------------------------------------------------------------------
********-----
 Model Fields -
 ********-----
rho	Rank 0/1:       1.13998556 	 (67,109,3)	 |        0.83929455 	 (34,62,124)	 |       1.02554870 
-----
u	Rank 0/1:       8.35894966 	 (61,85,39)	 |        1.77789414 	 (91,98,3)	 |       7.34291506 
-----
v	Rank 0/1:       1.63888180 	 (102,30,17)	 |       -0.41512626 	 (87,26,29)	 |       0.18147486 
-----
w	Rank 0/1:       0.86912918 	 (119,28,27)	 |       -0.72855020 	 (57,102,14)	 |      -0.00000743 
-----
theta	Rank 0/1:     318.40649414 	 (34,62,124)	 |      300.41494751 	 (121,26,34)	 |     310.32376099 
-----
press	Rank 0/1:      17.87500000 	 (43,108,35)	 |       11.03125000 	 (106,31,3)	 |      14.88264847 
-----
TKE_0	Rank 0/1:       0.42073855 	 (16,117,4)	 |        0.00000000 	 (101,16,9)	 |       0.00868581 
Dumping state at timestep = 97200...
Dumped state at timestep = 97200...
Rank 0/1: Batch complete results sent via cudaMemcpyDeviceToHost.

			!!!!!	  TIMESTEP PERFORMANCE  	 !!!!! 
 Total Time (s) | Batch Steps 	| Time/step (s) | Comp./step (s) | IO Time (s)
---------------------------------------------------------------------------------------------------------
    56.3665 	|     9720 	|    0.0058 	|    0.0058 	 |   0.240912 

********************************************************************************************************
Main Time: Advancing simulation timestep = 106920... and time = 3300.00024

_____________________#######_________  STATE-SUMMARY @ it = 106920 _________#######____________________ 

			!!!!!	  HYDRO_CORE 	 !!!!! 
Field 	|	 max	     --(i,j,k)		 |	  min	     --(i,j,k)		 |	 mean
---------------------------------------------------------------------------------------------------------
********-----
 Model Fields -
 ********-----
rho	Rank 0/1:       1.13997686 	 (111,118,3)	 |        0.83929431 	 (17,5,124)	 |       1.02556396 
-----
u	Rank 0/1:       8.24962521 	 (30,8,40)	 |        1.83568859 	 (45,42,3)	 |       7.33399487 
-----
v	Rank 0/1:       1.81581306 	 (11,98,6)	 |       -0.38433349 	 (106,97,38)	 |       0.19570008 
-----
w	Rank 0/1:       0.82902908 	 (6,106,23)	 |       -0.77634341 	 (27,31,26)	 |      -0.00000779 
-----
theta	Rank 0/1:     318.40609741 	 (17,5,124)	 |      300.45614624 	 (58,34,34)	 |     310.32339478 
-----
press	Rank 0/1:      17.81250000 	 (97,109,35)	 |       10.59375000 	 (10,98,3)	 |      14.75685501 
-----
TKE_0	Rank 0/1:       0.38854045 	 (117,107,4)	 |        0.00000000 	 (93,43,10)	 |       0.00863755 
Dumping state at timestep = 106920...
Dumped state at timestep = 106920...
Rank 0/1: Batch complete results sent via cudaMemcpyDeviceToHost.

			!!!!!	  TIMESTEP PERFORMANCE  	 !!!!! 
 Total Time (s) | Batch Steps 	| Time/step (s) | Comp./step (s) | IO Time (s)
---------------------------------------------------------------------------------------------------------
    56.3344 	|     9720 	|    0.0058 	|    0.0058 	 |   0.230604 

********************************************************************************************************
Main Time: Advancing simulation timestep = 116640... and time = 3600.00024

_____________________#######_________  STATE-SUMMARY @ it = 116640 _________#######____________________ 

			!!!!!	  HYDRO_CORE 	 !!!!! 
Field 	|	 max	     --(i,j,k)		 |	  min	     --(i,j,k)		 |	 mean
---------------------------------------------------------------------------------------------------------
********-----
 Model Fields -
 ********-----
rho	Rank 0/1:       1.13996589 	 (59,120,3)	 |        0.83929306 	 (96,5,124)	 |       1.02557027 
-----
u	Rank 0/1:       8.28020000 	 (56,108,39)	 |        1.71956301 	 (66,120,3)	 |       7.32417822 
-----
v	Rank 0/1:       1.86318946 	 (50,44,24)	 |       -0.49006188 	 (32,31,38)	 |       0.21002159 
-----
w	Rank 0/1:       0.85147458 	 (24,70,19)	 |       -0.85669231 	 (30,115,11)	 |      -0.00000825 
-----
theta	Rank 0/1:     318.40615845 	 (96,5,124)	 |      300.41921997 	 (95,29,34)	 |     310.32324219 
-----
press	Rank 0/1:      17.55468750 	 (12,115,35)	 |       10.73437500 	 (64,116,3)	 |      14.61412621 
-----
TKE_0	Rank 0/1:       0.48288423 	 (65,39,4)	 |        0.00000000 	 (105,9,9)	 |       0.00864831 
Dumping state at timestep = 116640...
Dumped state at timestep = 116640...
Rank 0/1: Batch complete results sent via cudaMemcpyDeviceToHost.

			!!!!!	  TIMESTEP PERFORMANCE  	 !!!!! 
 Total Time (s) | Batch Steps 	| Time/step (s) | Comp./step (s) | IO Time (s)
---------------------------------------------------------------------------------------------------------
    56.3084 	|     9720 	|    0.0058 	|    0.0058 	 |   0.205414 

********************************************************************************************************
Main Time: Advancing simulation timestep = 126360... and time = 3900.00024

_____________________#######_________  STATE-SUMMARY @ it = 126360 _________#######____________________ 

			!!!!!	  HYDRO_CORE 	 !!!!! 
Field 	|	 max	     --(i,j,k)		 |	  min	     --(i,j,k)		 |	 mean
---------------------------------------------------------------------------------------------------------
********-----
 Model Fields -
 ********-----
rho	Rank 0/1:       1.13995910 	 (105,5,3)	 |        0.83929271 	 (30,35,124)	 |       1.02556503 
-----
u	Rank 0/1:       8.32822227 	 (64,29,39)	 |        1.72660053 	 (71,47,3)	 |       7.31729269 
-----
v	Rank 0/1:       2.06389618 	 (77,49,13)	 |       -0.37466660 	 (65,41,39)	 |       0.22433157 
-----
w	Rank 0/1:       1.07228589 	 (104,48,27)	 |       -0.84219199 	 (42,55,16)	 |      -0.00000800 
-----
theta	Rank 0/1:     318.40612793 	 (30,35,124)	 |      300.44601440 	 (68,53,35)	 |     310.32531738 
-----
press	Rank 0/1:      17.59375000 	 (82,60,35)	 |       10.52343750 	 (119,122,3)	 |      14.45266438 
-----
TKE_0	Rank 0/1:       0.39630157 	 (106,47,4)	 |        0.00000000 	 (102,18,9)	 |       0.00876303 
Dumping state at timestep = 126360...
Dumped state at timestep = 126360...
Rank 0/1: Batch complete results sent via cudaMemcpyDeviceToHost.

			!!!!!	  TIMESTEP PERFORMANCE  	 !!!!! 
 Total Time (s) | Batch Steps 	| Time/step (s) | Comp./step (s) | IO Time (s)
---------------------------------------------------------------------------------------------------------
    56.3100 	|     9720 	|    0.0058 	|    0.0058 	 |   0.205475 

********************************************************************************************************
Main Time: Advancing simulation timestep = 136080... and time = 4200.00049

_____________________#######_________  STATE-SUMMARY @ it = 136080 _________#######____________________ 

			!!!!!	  HYDRO_CORE 	 !!!!! 
Field 	|	 max	     --(i,j,k)		 |	  min	     --(i,j,k)		 |	 mean
---------------------------------------------------------------------------------------------------------
********-----
 Model Fields -
 ********-----
rho	Rank 0/1:       1.13995409 	 (39,17,3)	 |        0.83929145 	 (10,5,124)	 |       1.02557445 
-----
u	Rank 0/1:       8.30724239 	 (89,27,39)	 |        1.74916101 	 (120,8,3)	 |       7.30912685 
-----
v	Rank 0/1:       2.33217049 	 (58,6,34)	 |       -0.38142684 	 (59,10,40)	 |       0.23869754 
-----
w	Rank 0/1:       1.13864958 	 (59,4,31)	 |       -0.88069969 	 (96,65,16)	 |      -0.00000794 
-----
theta	Rank 0/1:     318.40600586 	 (10,5,124)	 |      300.34313965 	 (46,56,36)	 |     310.32354736 
-----
press	Rank 0/1:      17.35156250 	 (36,59,35)	 |       10.34375000 	 (89,11,3)	 |      14.28335476 
-----
TKE_0	Rank 0/1:       0.44450879 	 (53,26,4)	 |        0.00000000 	 (51,27,9)	 |       0.00890117 
Dumping state at timestep = 136080...
Dumped state at timestep = 136080...
Rank 0/1: Batch complete results sent via cudaMemcpyDeviceToHost.

			!!!!!	  TIMESTEP PERFORMANCE  	 !!!!! 
 Total Time (s) | Batch Steps 	| Time/step (s) | Comp./step (s) | IO Time (s)
---------------------------------------------------------------------------------------------------------
    56.3110 	|     9720 	|    0.0058 	|    0.0058 	 |   0.205635 

********************************************************************************************************
Main Time: Advancing simulation timestep = 145800... and time = 4500.00049

_____________________#######_________  STATE-SUMMARY @ it = 145800 _________#######____________________ 

			!!!!!	  HYDRO_CORE 	 !!!!! 
Field 	|	 max	     --(i,j,k)		 |	  min	     --(i,j,k)		 |	 mean
---------------------------------------------------------------------------------------------------------
********-----
 Model Fields -
 ********-----
rho	Rank 0/1:       1.13993990 	 (77,25,3)	 |        0.83928949 	 (100,50,124)	 |       1.02556467 
-----
u	Rank 0/1:       8.31704044 	 (103,71,39)	 |        1.62843859 	 (111,34,3)	 |       7.30195045 
-----
v	Rank 0/1:       2.31285620 	 (58,21,31)	 |       -0.43707004 	 (8,4,40)	 |       0.25307968 
-----
w	Rank 0/1:       0.99947089 	 (109,18,22)	 |       -0.93140936 	 (27,75,14)	 |      -0.00000849 
-----
theta	Rank 0/1:     318.40625000 	 (100,50,124)	 |      300.35494995 	 (40,75,35)	 |     310.32751465 
-----
press	Rank 0/1:      17.17187500 	 (115,97,35)	 |       10.07812500 	 (107,31,3)	 |      14.10603523 
-----
TKE_0	Rank 0/1:       0.38556942 	 (59,81,4)	 |        0.00000000 	 (114,100,9)	 |       0.00893846 
Dumping state at timestep = 145800...
Dumped state at timestep = 145800...
Rank 0/1: Batch complete results sent via cudaMemcpyDeviceToHost.

			!!!!!	  TIMESTEP PERFORMANCE  	 !!!!! 
 Total Time (s) | Batch Steps 	| Time/step (s) | Comp./step (s) | IO Time (s)
---------------------------------------------------------------------------------------------------------
    56.3096 	|     9720 	|    0.0058 	|    0.0058 	 |   0.204864 

********************************************************************************************************
Main Time: Advancing simulation timestep = 155520... and time = 4800.00049

_____________________#######_________  STATE-SUMMARY @ it = 155520 _________#######____________________ 

			!!!!!	  HYDRO_CORE 	 !!!!! 
Field 	|	 max	     --(i,j,k)		 |	  min	     --(i,j,k)		 |	 mean
---------------------------------------------------------------------------------------------------------
********-----
 Model Fields -
 ********-----
rho	Rank 0/1:       1.13993657 	 (14,37,3)	 |        0.83928847 	 (57,50,124)	 |       1.02557158 
-----
u	Rank 0/1:       8.33623695 	 (39,82,39)	 |        1.78532910 	 (59,21,3)	 |       7.29519749 
-----
v	Rank 0/1:       2.12889910 	 (34,54,14)	 |       -0.39877114 	 (6,34,40)	 |       0.26738256 
-----
w	Rank 0/1:       1.18654954 	 (38,48,19)	 |       -0.87312657 	 (33,40,12)	 |      -0.00000738 
-----
theta	Rank 0/1:     318.40628052 	 (57,50,124)	 |      300.42739868 	 (45,79,36)	 |     310.32846069 
-----
press	Rank 0/1:      16.86718750 	 (16,30,35)	 |       10.05468750 	 (33,19,3)	 |      13.92508316 
-----
TKE_0	Rank 0/1:       0.36698201 	 (102,91,4)	 |        0.00000000 	 (26,62,10)	 |       0.00882249 
Dumping state at timestep = 155520...
Dumped state at timestep = 155520...
Rank 0/1: Batch complete results sent via cudaMemcpyDeviceToHost.

			!!!!!	  TIMESTEP PERFORMANCE  	 !!!!! 
 Total Time (s) | Batch Steps 	| Time/step (s) | Comp./step (s) | IO Time (s)
---------------------------------------------------------------------------------------------------------
    56.3143 	|     9720 	|    0.0058 	|    0.0058 	 |   0.205852 

********************************************************************************************************
Main Time: Advancing simulation timestep = 165240... and time = 5100.00049

_____________________#######_________  STATE-SUMMARY @ it = 165240 _________#######____________________ 

			!!!!!	  HYDRO_CORE 	 !!!!! 
Field 	|	 max	     --(i,j,k)		 |	  min	     --(i,j,k)		 |	 mean
---------------------------------------------------------------------------------------------------------
********-----
 Model Fields -
 ********-----
rho	Rank 0/1:       1.13992858 	 (59,44,3)	 |        0.83928680 	 (16,50,124)	 |       1.02554607 
-----
u	Rank 0/1:       8.32919216 	 (79,36,39)	 |        1.72534525 	 (94,29,3)	 |       7.28839302 
-----
v	Rank 0/1:       2.40610218 	 (96,58,24)	 |       -0.41034186 	 (39,118,39)	 |       0.28168628 
-----
w	Rank 0/1:       0.95302588 	 (76,53,16)	 |       -0.89781255 	 (85,78,18)	 |      -0.00000684 
-----
theta	Rank 0/1:     318.40634155 	 (16,50,124)	 |      300.36544800 	 (79,38,35)	 |     310.31750488 
-----
press	Rank 0/1:      16.86718750 	 (76,92,35)	 |        9.86718750 	 (93,65,3)	 |      13.74217319 
-----
TKE_0	Rank 0/1:       0.38787222 	 (95,51,4)	 |        0.00000000 	 (62,39,8)	 |       0.00877251 
Dumping state at timestep = 165240...
Dumped state at timestep = 165240...
Rank 0/1: Batch complete results sent via cudaMemcpyDeviceToHost.

			!!!!!	  TIMESTEP PERFORMANCE  	 !!!!! 
 Total Time (s) | Batch Steps 	| Time/step (s) | Comp./step (s) | IO Time (s)
---------------------------------------------------------------------------------------------------------
    56.3129 	|     9720 	|    0.0058 	|    0.0058 	 |   0.205248 

********************************************************************************************************
Main Time: Advancing simulation timestep = 174960... and time = 5400.00049

_____________________#######_________  STATE-SUMMARY @ it = 174960 _________#######____________________ 

			!!!!!	  HYDRO_CORE 	 !!!!! 
Field 	|	 max	     --(i,j,k)		 |	  min	     --(i,j,k)		 |	 mean
---------------------------------------------------------------------------------------------------------
********-----
 Model Fields -
 ********-----
rho	Rank 0/1:       1.13992012 	 (5,65,3)	 |        0.83928549 	 (96,50,124)	 |       1.02555144 
-----
u	Rank 0/1:       8.32201099 	 (20,39,39)	 |        1.80772901 	 (59,104,3)	 |       7.28260231 
-----
v	Rank 0/1:       2.18627429 	 (21,68,11)	 |       -0.37796706 	 (112,57,39)	 |       0.29610696 
-----
w	Rank 0/1:       1.50707817 	 (9,66,26)	 |       -0.78968436 	 (22,37,18)	 |      -0.00000588 
-----
theta	Rank 0/1:     318.40646362 	 (96,50,124)	 |      300.41479492 	 (65,101,35)	 |     310.32043457 
-----
press	Rank 0/1:      16.67187500 	 (27,108,35)	 |        9.67968750 	 (45,45,3)	 |      13.59192371 
-----
TKE_0	Rank 0/1:       0.37880582 	 (27,90,4)	 |        0.00000000 	 (13,7,9)	 |       0.00883329 
Dumping state at timestep = 174960...
Dumped state at timestep = 174960...
Rank 0/1: Batch complete results sent via cudaMemcpyDeviceToHost.

			!!!!!	  TIMESTEP PERFORMANCE  	 !!!!! 
 Total Time (s) | Batch Steps 	| Time/step (s) | Comp./step (s) | IO Time (s)
---------------------------------------------------------------------------------------------------------
    56.3171 	|     9720 	|    0.0058 	|    0.0058 	 |   0.205144 

********************************************************************************************************
Main Time: Advancing simulation timestep = 184680... and time = 5700.00049

_____________________#######_________  STATE-SUMMARY @ it = 184680 _________#######____________________ 

			!!!!!	  HYDRO_CORE 	 !!!!! 
Field 	|	 max	     --(i,j,k)		 |	  min	     --(i,j,k)		 |	 mean
---------------------------------------------------------------------------------------------------------
********-----
 Model Fields -
 ********-----
rho	Rank 0/1:       1.13991213 	 (90,75,3)	 |        0.83928311 	 (53,50,124)	 |       1.02555573 
-----
u	Rank 0/1:       8.30119228 	 (96,79,40)	 |        1.79656243 	 (83,103,3)	 |       7.27628326 
-----
v	Rank 0/1:       2.29506326 	 (86,39,10)	 |       -0.41456196 	 (76,74,38)	 |       0.31060520 
-----
w	Rank 0/1:       0.97686923 	 (55,46,22)	 |       -0.92166817 	 (80,49,24)	 |      -0.00000642 
-----
theta	Rank 0/1:     318.40679932 	 (53,50,124)	 |      300.25000000 	 (74,76,35)	 |     310.32708740 
-----
press	Rank 0/1:      16.53125000 	 (22,31,35)	 |        9.47656250 	 (93,33,3)	 |      13.45605946 
-----
TKE_0	Rank 0/1:       0.38809630 	 (95,32,4)	 |        0.00000000 	 (119,75,9)	 |       0.00876751 
Dumping state at timestep = 184680...
Dumped state at timestep = 184680...
Rank 0/1: Batch complete results sent via cudaMemcpyDeviceToHost.

			!!!!!	  TIMESTEP PERFORMANCE  	 !!!!! 
 Total Time (s) | Batch Steps 	| Time/step (s) | Comp./step (s) | IO Time (s)
---------------------------------------------------------------------------------------------------------
    56.3172 	|     9720 	|    0.0058 	|    0.0058 	 |   0.204889 

********************************************************************************************************
Main Time: Advancing simulation timestep = 194400... and time = 6000.00049

_____________________#######_________  STATE-SUMMARY @ it = 194400 _________#######____________________ 

			!!!!!	  HYDRO_CORE 	 !!!!! 
Field 	|	 max	     --(i,j,k)		 |	  min	     --(i,j,k)		 |	 mean
---------------------------------------------------------------------------------------------------------
********-----
 Model Fields -
 ********-----
rho	Rank 0/1:       1.13990629 	 (3,85,3)	 |        0.83928102 	 (12,50,124)	 |       1.02554929 
-----
u	Rank 0/1:       8.33098793 	 (123,8,40)	 |        1.74227393 	 (113,112,3)	 |       7.27152538 
-----
v	Rank 0/1:       2.24765730 	 (10,49,11)	 |       -0.32623965 	 (47,57,39)	 |       0.32496312 
-----
w	Rank 0/1:       1.16061223 	 (114,20,27)	 |       -0.77029604 	 (9,26,13)	 |      -0.00000749 
-----
theta	Rank 0/1:     318.40728760 	 (12,50,124)	 |      300.36053467 	 (14,12,35)	 |     310.31854248 
-----
press	Rank 0/1:      16.42968750 	 (14,104,35)	 |        9.40625000 	 (55,65,3)	 |      13.31386566 
-----
TKE_0	Rank 0/1:       0.43879044 	 (13,25,4)	 |        0.00000000 	 (121,74,9)	 |       0.00874061 
Dumping state at timestep = 194400...
Dumped state at timestep = 194400...
Rank 0/1: Batch complete results sent via cudaMemcpyDeviceToHost.

			!!!!!	  TIMESTEP PERFORMANCE  	 !!!!! 
 Total Time (s) | Batch Steps 	| Time/step (s) | Comp./step (s) | IO Time (s)
---------------------------------------------------------------------------------------------------------
    56.3198 	|     9720 	|    0.0058 	|    0.0058 	 |   0.205733 

********************************************************************************************************
Main Time: Advancing simulation timestep = 204120... and time = 6300.00049

_____________________#######_________  STATE-SUMMARY @ it = 204120 _________#######____________________ 

			!!!!!	  HYDRO_CORE 	 !!!!! 
Field 	|	 max	     --(i,j,k)		 |	  min	     --(i,j,k)		 |	 mean
---------------------------------------------------------------------------------------------------------
********-----
 Model Fields -
 ********-----
rho	Rank 0/1:       1.13990009 	 (108,114,3)	 |        0.83927959 	 (61,35,124)	 |       1.02556062 
-----
u	Rank 0/1:       8.35108280 	 (35,47,40)	 |        1.77179503 	 (55,42,3)	 |       7.26698065 
-----
v	Rank 0/1:       2.41078949 	 (18,93,19)	 |       -0.30087623 	 (97,53,39)	 |       0.33940279 
-----
w	Rank 0/1:       0.90300500 	 (77,40,29)	 |       -0.68211943 	 (67,3,13)	 |      -0.00000729 
-----
theta	Rank 0/1:     318.40731812 	 (61,35,124)	 |      300.27832031 	 (75,41,35)	 |     310.32641602 
-----
press	Rank 0/1:      16.17968750 	 (120,99,35)	 |        9.14843750 	 (58,123,3)	 |      13.17621040 
-----
TKE_0	Rank 0/1:       0.44558850 	 (92,110,4)	 |        0.00000000 	 (94,98,9)	 |       0.00882034 
Dumping state at timestep = 204120...
Dumped state at timestep = 204120...
Rank 0/1: Batch complete results sent via cudaMemcpyDeviceToHost.

			!!!!!	  TIMESTEP PERFORMANCE  	 !!!!! 
 Total Time (s) | Batch Steps 	| Time/step (s) | Comp./step (s) | IO Time (s)
---------------------------------------------------------------------------------------------------------
    56.3150 	|     9720 	|    0.0058 	|    0.0058 	 |   0.201403 

********************************************************************************************************
Main Time: Advancing simulation timestep = 213840... and time = 6600.00049

_____________________#######_________  STATE-SUMMARY @ it = 213840 _________#######____________________ 

			!!!!!	  HYDRO_CORE 	 !!!!! 
Field 	|	 max	     --(i,j,k)		 |	  min	     --(i,j,k)		 |	 mean
---------------------------------------------------------------------------------------------------------
********-----
 Model Fields -
 ********-----
rho	Rank 0/1:       1.13989258 	 (36,4,3)	 |        0.83927840 	 (56,120,124)	 |       1.02556109 
-----
u	Rank 0/1:       8.32605171 	 (100,39,39)	 |        1.74860287 	 (18,25,3)	 |       7.26187181 
-----
v	Rank 0/1:       2.36720991 	 (105,53,19)	 |       -0.31269798 	 (44,95,40)	 |       0.35370240 
-----
w	Rank 0/1:       1.09454823 	 (95,46,27)	 |       -0.86134112 	 (111,17,14)	 |      -0.00000653 
-----
theta	Rank 0/1:     318.40744019 	 (56,120,124)	 |      300.41186523 	 (12,55,35)	 |     310.31759644 
-----
press	Rank 0/1:      16.10156250 	 (60,115,35)	 |        8.94531250 	 (64,46,3)	 |      13.04354000 
-----
TKE_0	Rank 0/1:       0.45239201 	 (18,124,4)	 |        0.00000000 	 (52,63,9)	 |       0.00880275 
Dumping state at timestep = 213840...
Dumped state at timestep = 213840...
Rank 0/1: Batch complete results sent via cudaMemcpyDeviceToHost.

			!!!!!	  TIMESTEP PERFORMANCE  	 !!!!! 
 Total Time (s) | Batch Steps 	| Time/step (s) | Comp./step (s) | IO Time (s)
---------------------------------------------------------------------------------------------------------
    56.3128 	|     9720 	|    0.0058 	|    0.0058 	 |   0.201253 

********************************************************************************************************
Main Time: Advancing simulation timestep = 223560... and time = 6900.00049

_____________________#######_________  STATE-SUMMARY @ it = 223560 _________#######____________________ 

			!!!!!	  HYDRO_CORE 	 !!!!! 
Field 	|	 max	     --(i,j,k)		 |	  min	     --(i,j,k)		 |	 mean
---------------------------------------------------------------------------------------------------------
********-----
 Model Fields -
 ********-----
rho	Rank 0/1:       1.13988543 	 (97,21,3)	 |        0.83927900 	 (15,120,124)	 |       1.02554691 
-----
u	Rank 0/1:       8.31189632 	 (99,104,39)	 |        1.70512366 	 (36,34,3)	 |       7.25847149 
-----
v	Rank 0/1:       2.65175009 	 (30,64,32)	 |       -0.29083022 	 (35,27,39)	 |       0.36809751 
-----
w	Rank 0/1:       0.85826558 	 (87,64,21)	 |       -0.70820022 	 (93,63,14)	 |      -0.00000642 
-----
theta	Rank 0/1:     318.40695190 	 (15,120,124)	 |      300.37423706 	 (34,58,36)	 |     310.32360840 
-----
press	Rank 0/1:      15.95312500 	 (72,24,35)	 |        8.78125000 	 (109,60,3)	 |      12.90322971 
-----
TKE_0	Rank 0/1:       0.48582140 	 (95,3,4)	 |        0.00000000 	 (86,18,9)	 |       0.00872023 
Dumping state at timestep = 223560...
Dumped state at timestep = 223560...
Rank 0/1: Batch complete results sent via cudaMemcpyDeviceToHost.

			!!!!!	  TIMESTEP PERFORMANCE  	 !!!!! 
 Total Time (s) | Batch Steps 	| Time/step (s) | Comp./step (s) | IO Time (s)
---------------------------------------------------------------------------------------------------------
    56.3104 	|     9720 	|    0.0058 	|    0.0058 	 |   0.200960 

********************************************************************************************************

_____________________#######_________  STATE-SUMMARY @ it = 233280 _________#######____________________ 

			!!!!!	  HYDRO_CORE 	 !!!!! 
Field 	|	 max	     --(i,j,k)		 |	  min	     --(i,j,k)		 |	 mean
---------------------------------------------------------------------------------------------------------
********-----
 Model Fields -
 ********-----
rho	Rank 0/1:       1.13987887 	 (30,34,3)	 |        0.83927655 	 (56,35,124)	 |       1.02554345 
-----
u	Rank 0/1:       8.34817600 	 (42,101,40)	 |        1.56467736 	 (123,48,3)	 |       7.25416994 
-----
v	Rank 0/1:       2.46768808 	 (46,81,8)	 |       -0.36738852 	 (94,40,39)	 |       0.38238373 
-----
w	Rank 0/1:       0.77991766 	 (39,97,20)	 |       -0.83827424 	 (72,32,9)	 |      -0.00000623 
-----
theta	Rank 0/1:     318.40725708 	 (56,35,124)	 |      300.40853882 	 (48,19,35)	 |     310.31951904 
-----
press	Rank 0/1:      15.71093750 	 (114,111,35)	 |        8.71093750 	 (30,18,3)	 |      12.75944614 
-----
TKE_0	Rank 0/1:       0.39066005 	 (75,32,4)	 |        0.00000000 	 (25,35,9)	 |       0.00871037 

_____________________#######_________  TOWER-SUMMARY @ it = 233280 _________#######____________________ 
Dumping state at timestep = 233280...
Dumped state at timestep = 233280...

			!!!!!	  TIMESTEP PERFORMANCE  	 !!!!! 
 Total Time (s) | Batch Steps 	| Time/step (s) | Comp./step (s) | IO Time (s)
---------------------------------------------------------------------------------------------------------
     0.2014 	|        0 	|    0.0000 	|    0.0000 	 |   0.141753 

********************************************************************************************************
Your FastEddy simulation is complete!
Cleaning up...
Shutting down MPI...
 Goodbye!
